# banned [59] -> wheel [[2, 9], [3, 6], [5, 4], [11, 1], [19, 1], [29, 1], [31, 1], [37, 1], [67, 1], [83, 1], [101, 1], [103, 1], [137, 1], [139, 1], [199, 1], [211, 1]]
k=395 t=0   0.35%  idx=5.697489e+13/1.651015e+16 surv=1 checked=5.6975e+13 rate=1.899e+11/s elapsed=0.08h block_eta=24.07h
k=395 t=0   0.70%  idx=1.148023e+14/1.651015e+16 surv=1 checked=1.1480e+14 rate=1.913e+11/s elapsed=0.17h block_eta=23.80h
k=395 t=0   1.03%  idx=1.704329e+14/1.651015e+16 surv=1 checked=1.7043e+14 rate=1.894e+11/s elapsed=0.25h block_eta=23.97h
k=395 t=0   1.43%  idx=2.353749e+14/1.651015e+16 surv=1 checked=2.3537e+14 rate=1.961e+11/s elapsed=0.33h block_eta=23.05h
k=395 t=0   1.79%  idx=2.955088e+14/1.651015e+16 surv=1 checked=2.9551e+14 rate=1.970e+11/s elapsed=0.42h block_eta=22.86h
k=395 t=0   2.18%  idx=3.592966e+14/1.651015e+16 surv=1 checked=3.5930e+14 rate=1.996e+11/s elapsed=0.50h block_eta=22.48h
k=395 t=0   2.55%  idx=4.215822e+14/1.651015e+16 surv=1 checked=4.2158e+14 rate=2.008e+11/s elapsed=0.58h block_eta=22.26h
k=395 t=0   2.90%  idx=4.788888e+14/1.651015e+16 surv=1 checked=4.7889e+14 rate=1.995e+11/s elapsed=0.67h block_eta=22.32h
k=395 t=0   3.28%  idx=5.408384e+14/1.651015e+16 surv=1 checked=5.4084e+14 rate=2.003e+11/s elapsed=0.75h block_eta=22.15h
k=395 t=0   3.63%  idx=5.986776e+14/1.651015e+16 surv=1 checked=5.9868e+14 rate=1.996e+11/s elapsed=0.83h block_eta=22.15h
k=395 t=0   3.98%  idx=6.571901e+14/1.651015e+16 surv=1 checked=6.5719e+14 rate=1.991e+11/s elapsed=0.92h block_eta=22.11h
k=395 t=0   4.32%  idx=7.136238e+14/1.651015e+16 surv=1 checked=7.1362e+14 rate=1.982e+11/s elapsed=1.00h block_eta=22.14h
k=395 t=0   4.68%  idx=7.734570e+14/1.651015e+16 surv=1 checked=7.7346e+14 rate=1.983e+11/s elapsed=1.08h block_eta=22.04h
k=395 t=0   5.04%  idx=8.317601e+14/1.651015e+16 surv=1 checked=8.3176e+14 rate=1.980e+11/s elapsed=1.17h block_eta=21.99h
k=395 t=0   5.39%  idx=8.897025e+14/1.651015e+16 surv=1 checked=8.8970e+14 rate=1.977e+11/s elapsed=1.25h block_eta=21.95h
k=395 t=0   5.74%  idx=9.484136e+14/1.651015e+16 surv=1 checked=9.4841e+14 rate=1.976e+11/s elapsed=1.33h block_eta=21.88h
k=395 t=0   6.11%  idx=1.008143e+15/1.651015e+16 surv=1 checked=1.0081e+15 rate=1.977e+11/s elapsed=1.42h block_eta=21.78h
k=395 t=0   6.45%  idx=1.065352e+15/1.651015e+16 surv=1 checked=1.0654e+15 rate=1.973e+11/s elapsed=1.50h block_eta=21.75h
k=395 t=0   6.84%  idx=1.129194e+15/1.651015e+16 surv=1 checked=1.1292e+15 rate=1.981e+11/s elapsed=1.58h block_eta=21.57h
k=395 t=0   7.19%  idx=1.186924e+15/1.651015e+16 surv=2 checked=1.1869e+15 rate=1.978e+11/s elapsed=1.67h block_eta=21.52h
k=395 t=0   7.55%  idx=1.245737e+15/1.651015e+16 surv=2 checked=1.2457e+15 rate=1.977e+11/s elapsed=1.75h block_eta=21.44h
k=395 t=0   7.91%  idx=1.306065e+15/1.651015e+16 surv=2 checked=1.3061e+15 rate=1.979e+11/s elapsed=1.83h block_eta=21.34h
k=395 t=0   8.28%  idx=1.366654e+15/1.651015e+16 surv=2 checked=1.3667e+15 rate=1.981e+11/s elapsed=1.92h block_eta=21.24h
k=395 t=0   8.61%  idx=1.422012e+15/1.651015e+16 surv=2 checked=1.4220e+15 rate=1.975e+11/s elapsed=2.00h block_eta=21.22h
k=395 t=0   8.99%  idx=1.483629e+15/1.651015e+16 surv=2 checked=1.4836e+15 rate=1.978e+11/s elapsed=2.08h block_eta=21.10h
k=395 t=0   9.33%  idx=1.541164e+15/1.651015e+16 surv=2 checked=1.5412e+15 rate=1.976e+11/s elapsed=2.17h block_eta=21.04h
k=395 t=0   9.73%  idx=1.606767e+15/1.651015e+16 surv=2 checked=1.6068e+15 rate=1.984e+11/s elapsed=2.25h block_eta=20.87h
k=395 t=0  10.06%  idx=1.661532e+15/1.651015e+16 surv=2 checked=1.6615e+15 rate=1.978e+11/s elapsed=2.33h block_eta=20.85h
k=395 t=0  10.41%  idx=1.719497e+15/1.651015e+16 surv=2 checked=1.7195e+15 rate=1.976e+11/s elapsed=2.42h block_eta=20.79h
k=395 t=0  10.77%  idx=1.778699e+15/1.651015e+16 surv=2 checked=1.7787e+15 rate=1.976e+11/s elapsed=2.50h block_eta=20.71h
k=395 t=0  11.12%  idx=1.835605e+15/1.651015e+16 surv=2 checked=1.8356e+15 rate=1.974e+11/s elapsed=2.58h block_eta=20.65h
k=395 t=0  11.51%  idx=1.900217e+15/1.651015e+16 surv=2 checked=1.9002e+15 rate=1.979e+11/s elapsed=2.67h block_eta=20.50h
k=395 t=0  11.87%  idx=1.959957e+15/1.651015e+16 surv=2 checked=1.9600e+15 rate=1.980e+11/s elapsed=2.75h block_eta=20.42h
k=395 t=0  12.23%  idx=2.018627e+15/1.651015e+16 surv=2 checked=2.0186e+15 rate=1.979e+11/s elapsed=2.83h block_eta=20.34h
k=395 t=0  12.58%  idx=2.077275e+15/1.651015e+16 surv=2 checked=2.0773e+15 rate=1.978e+11/s elapsed=2.92h block_eta=20.27h
k=395 t=0  12.94%  idx=2.136239e+15/1.651015e+16 surv=2 checked=2.1362e+15 rate=1.978e+11/s elapsed=3.00h block_eta=20.19h
k=395 t=0  13.29%  idx=2.194207e+15/1.651015e+16 surv=2 checked=2.1942e+15 rate=1.977e+11/s elapsed=3.08h block_eta=20.12h
k=395 t=0  13.67%  idx=2.256559e+15/1.651015e+16 surv=2 checked=2.2566e+15 rate=1.979e+11/s elapsed=3.17h block_eta=20.00h
k=395 t=0  14.02%  idx=2.314119e+15/1.651015e+16 surv=2 checked=2.3141e+15 rate=1.978e+11/s elapsed=3.25h block_eta=19.94h
k=395 t=0  14.37%  idx=2.371970e+15/1.651015e+16 surv=2 checked=2.3720e+15 rate=1.977e+11/s elapsed=3.33h block_eta=19.87h
k=395 t=0  14.75%  idx=2.435484e+15/1.651015e+16 surv=2 checked=2.4355e+15 rate=1.980e+11/s elapsed=3.42h block_eta=19.75h
k=395 t=0  15.12%  idx=2.497124e+15/1.651015e+16 surv=2 checked=2.4971e+15 rate=1.982e+11/s elapsed=3.50h block_eta=19.64h
k=395 t=0  15.50%  idx=2.559433e+15/1.651015e+16 surv=2 checked=2.5594e+15 rate=1.984e+11/s elapsed=3.58h block_eta=19.53h
k=395 t=0  15.88%  idx=2.621871e+15/1.651015e+16 surv=2 checked=2.6219e+15 rate=1.986e+11/s elapsed=3.67h block_eta=19.42h
k=395 t=0  16.26%  idx=2.684739e+15/1.651015e+16 surv=2 checked=2.6847e+15 rate=1.989e+11/s elapsed=3.75h block_eta=19.31h
k=395 t=0  16.61%  idx=2.742614e+15/1.651015e+16 surv=2 checked=2.7426e+15 rate=1.987e+11/s elapsed=3.83h block_eta=19.24h
k=395 t=0  16.96%  idx=2.800320e+15/1.651015e+16 surv=2 checked=2.8003e+15 rate=1.986e+11/s elapsed=3.92h block_eta=19.18h
k=395 t=0  17.34%  idx=2.863048e+15/1.651015e+16 surv=2 checked=2.8630e+15 rate=1.988e+11/s elapsed=4.00h block_eta=19.07h
k=395 t=0  17.73%  idx=2.927081e+15/1.651015e+16 surv=2 checked=2.9271e+15 rate=1.991e+11/s elapsed=4.08h block_eta=18.95h
k=395 t=0  18.11%  idx=2.989559e+15/1.651015e+16 surv=2 checked=2.9896e+15 rate=1.993e+11/s elapsed=4.17h block_eta=18.84h
k=395 t=0  18.46%  idx=3.047945e+15/1.651015e+16 surv=2 checked=3.0479e+15 rate=1.992e+11/s elapsed=4.25h block_eta=18.77h
k=395 t=0  18.83%  idx=3.108290e+15/1.651015e+16 surv=2 checked=3.1083e+15 rate=1.992e+11/s elapsed=4.33h block_eta=18.68h
k=395 t=0  19.19%  idx=3.168921e+15/1.651015e+16 surv=2 checked=3.1689e+15 rate=1.993e+11/s elapsed=4.42h block_eta=18.59h
k=395 t=0  19.53%  idx=3.224965e+15/1.651015e+16 surv=2 checked=3.2250e+15 rate=1.991e+11/s elapsed=4.50h block_eta=18.54h
k=395 t=0  19.91%  idx=3.287062e+15/1.651015e+16 surv=2 checked=3.2871e+15 rate=1.992e+11/s elapsed=4.58h block_eta=18.44h
k=395 t=0  20.30%  idx=3.351804e+15/1.651015e+16 surv=2 checked=3.3518e+15 rate=1.995e+11/s elapsed=4.67h block_eta=18.32h
k=395 t=0  20.70%  idx=3.417141e+15/1.651015e+16 surv=2 checked=3.4171e+15 rate=1.998e+11/s elapsed=4.75h block_eta=18.20h
k=395 t=0  21.03%  idx=3.472657e+15/1.651015e+16 surv=2 checked=3.4727e+15 rate=1.996e+11/s elapsed=4.83h block_eta=18.15h
k=395 t=0  21.38%  idx=3.529379e+15/1.651015e+16 surv=2 checked=3.5294e+15 rate=1.994e+11/s elapsed=4.92h block_eta=18.08h
k=395 t=0  21.76%  idx=3.592232e+15/1.651015e+16 surv=2 checked=3.5922e+15 rate=1.996e+11/s elapsed=5.00h block_eta=17.98h
k=395 t=0  22.13%  idx=3.654186e+15/1.651015e+16 surv=2 checked=3.6542e+15 rate=1.997e+11/s elapsed=5.08h block_eta=17.88h
k=395 t=0  22.48%  idx=3.711991e+15/1.651015e+16 surv=2 checked=3.7120e+15 rate=1.996e+11/s elapsed=5.17h block_eta=17.81h
k=395 t=0  22.88%  idx=3.776869e+15/1.651015e+16 surv=2 checked=3.7769e+15 rate=1.998e+11/s elapsed=5.25h block_eta=17.70h
k=395 t=0  23.21%  idx=3.832606e+15/1.651015e+16 surv=2 checked=3.8326e+15 rate=1.996e+11/s elapsed=5.33h block_eta=17.64h
k=395 t=0  23.57%  idx=3.892148e+15/1.651015e+16 surv=2 checked=3.8921e+15 rate=1.996e+11/s elapsed=5.42h block_eta=17.56h
k=395 t=0  23.93%  idx=3.950788e+15/1.651015e+16 surv=2 checked=3.9508e+15 rate=1.995e+11/s elapsed=5.50h block_eta=17.48h
k=395 t=0  24.28%  idx=4.008117e+15/1.651015e+16 surv=2 checked=4.0081e+15 rate=1.994e+11/s elapsed=5.58h block_eta=17.42h
k=395 t=0  24.65%  idx=4.069542e+15/1.651015e+16 surv=2 checked=4.0695e+15 rate=1.995e+11/s elapsed=5.67h block_eta=17.32h
k=395 t=0  25.00%  idx=4.128262e+15/1.651015e+16 surv=2 checked=4.1283e+15 rate=1.994e+11/s elapsed=5.75h block_eta=17.25h
k=395 t=0  25.36%  idx=4.187342e+15/1.651015e+16 surv=2 checked=4.1873e+15 rate=1.994e+11/s elapsed=5.83h block_eta=17.17h
k=395 t=0  25.71%  idx=4.244831e+15/1.651015e+16 surv=2 checked=4.2448e+15 rate=1.993e+11/s elapsed=5.92h block_eta=17.10h
k=395 t=0  26.10%  idx=4.308418e+15/1.651015e+16 surv=2 checked=4.3084e+15 rate=1.995e+11/s elapsed=6.00h block_eta=16.99h
k=395 t=0  26.47%  idx=4.370554e+15/1.651015e+16 surv=2 checked=4.3706e+15 rate=1.996e+11/s elapsed=6.08h block_eta=16.90h
k=395 t=0  26.82%  idx=4.428635e+15/1.651015e+16 surv=2 checked=4.4286e+15 rate=1.995e+11/s elapsed=6.17h block_eta=16.82h
k=395 t=0  27.19%  idx=4.489872e+15/1.651015e+16 surv=2 checked=4.4899e+15 rate=1.995e+11/s elapsed=6.25h block_eta=16.73h
k=395 t=0  27.55%  idx=4.548022e+15/1.651015e+16 surv=2 checked=4.5480e+15 rate=1.995e+11/s elapsed=6.33h block_eta=16.66h
k=395 t=0  27.89%  idx=4.605253e+15/1.651015e+16 surv=2 checked=4.6053e+15 rate=1.994e+11/s elapsed=6.42h block_eta=16.59h
k=395 t=0  28.25%  idx=4.664786e+15/1.651015e+16 surv=2 checked=4.6648e+15 rate=1.993e+11/s elapsed=6.50h block_eta=16.51h
k=395 t=0  28.60%  idx=4.722700e+15/1.651015e+16 surv=2 checked=4.7227e+15 rate=1.993e+11/s elapsed=6.58h block_eta=16.43h
k=395 t=0  28.96%  idx=4.780564e+15/1.651015e+16 surv=2 checked=4.7806e+15 rate=1.992e+11/s elapsed=6.67h block_eta=16.36h
k=395 t=0  29.32%  idx=4.840512e+15/1.651015e+16 surv=2 checked=4.8405e+15 rate=1.992e+11/s elapsed=6.75h block_eta=16.27h
k=395 t=0  29.66%  idx=4.897041e+15/1.651015e+16 surv=2 checked=4.8970e+15 rate=1.991e+11/s elapsed=6.83h block_eta=16.21h
k=395 t=0  30.00%  idx=4.952858e+15/1.651015e+16 surv=2 checked=4.9529e+15 rate=1.989e+11/s elapsed=6.92h block_eta=16.14h
k=395 t=0  30.36%  idx=5.013107e+15/1.651015e+16 surv=2 checked=5.0131e+15 rate=1.989e+11/s elapsed=7.00h block_eta=16.05h
k=395 t=0  30.73%  idx=5.073987e+15/1.651015e+16 surv=2 checked=5.0740e+15 rate=1.990e+11/s elapsed=7.08h block_eta=15.97h
k=395 t=0  31.12%  idx=5.138170e+15/1.651015e+16 surv=2 checked=5.1382e+15 rate=1.992e+11/s elapsed=7.17h block_eta=15.86h
k=395 t=0  31.48%  idx=5.197105e+15/1.651015e+16 surv=2 checked=5.1971e+15 rate=1.991e+11/s elapsed=7.25h block_eta=15.78h
k=395 t=0  31.85%  idx=5.258169e+15/1.651015e+16 surv=2 checked=5.2582e+15 rate=1.992e+11/s elapsed=7.33h block_eta=15.69h
k=395 t=0  32.23%  idx=5.322010e+15/1.651015e+16 surv=2 checked=5.3220e+15 rate=1.993e+11/s elapsed=7.42h block_eta=15.59h
k=395 t=0  32.61%  idx=5.383509e+15/1.651015e+16 surv=2 checked=5.3835e+15 rate=1.994e+11/s elapsed=7.50h block_eta=15.50h
k=395 t=0  32.96%  idx=5.441345e+15/1.651015e+16 surv=2 checked=5.4413e+15 rate=1.993e+11/s elapsed=7.58h block_eta=15.43h
k=395 t=0  33.32%  idx=5.501119e+15/1.651015e+16 surv=2 checked=5.5011e+15 rate=1.993e+11/s elapsed=7.67h block_eta=15.34h
k=395 t=0  33.71%  idx=5.564928e+15/1.651015e+16 surv=2 checked=5.5649e+15 rate=1.995e+11/s elapsed=7.75h block_eta=15.24h
k=395 t=0  34.06%  idx=5.623023e+15/1.651015e+16 surv=2 checked=5.6230e+15 rate=1.994e+11/s elapsed=7.83h block_eta=15.17h
k=395 t=0  34.44%  idx=5.685326e+15/1.651015e+16 surv=2 checked=5.6853e+15 rate=1.995e+11/s elapsed=7.92h block_eta=15.07h
k=395 t=0  34.77%  idx=5.740064e+15/1.651015e+16 surv=2 checked=5.7401e+15 rate=1.993e+11/s elapsed=8.00h block_eta=15.01h
k=395 t=0  35.13%  idx=5.799920e+15/1.651015e+16 surv=2 checked=5.7999e+15 rate=1.993e+11/s elapsed=8.08h block_eta=14.93h
k=395 t=0  35.51%  idx=5.863572e+15/1.651015e+16 surv=2 checked=5.8636e+15 rate=1.994e+11/s elapsed=8.17h block_eta=14.83h
k=395 t=0  35.89%  idx=5.924670e+15/1.651015e+16 surv=2 checked=5.9247e+15 rate=1.995e+11/s elapsed=8.25h block_eta=14.74h
k=395 t=0  36.24%  idx=5.983310e+15/1.651015e+16 surv=2 checked=5.9833e+15 rate=1.994e+11/s elapsed=8.33h block_eta=14.66h
k=395 t=0  36.62%  idx=6.045251e+15/1.651015e+16 surv=2 checked=6.0453e+15 rate=1.995e+11/s elapsed=8.42h block_eta=14.57h
k=395 t=0  36.91%  idx=6.093946e+15/1.651015e+16 surv=2 checked=6.0939e+15 rate=1.991e+11/s elapsed=8.50h block_eta=14.53h
k=395 t=0  37.20%  idx=6.142523e+15/1.651015e+16 surv=2 checked=6.1425e+15 rate=1.988e+11/s elapsed=8.58h block_eta=14.49h
k=395 t=0  37.50%  idx=6.191114e+15/1.651015e+16 surv=2 checked=6.1911e+15 rate=1.984e+11/s elapsed=8.67h block_eta=14.45h
k=395 t=0  37.85%  idx=6.248982e+15/1.651015e+16 surv=2 checked=6.2490e+15 rate=1.984e+11/s elapsed=8.75h block_eta=14.37h
k=395 t=0  38.14%  idx=6.297554e+15/1.651015e+16 surv=2 checked=6.2976e+15 rate=1.980e+11/s elapsed=8.83h block_eta=14.32h
k=395 t=0  38.44%  idx=6.347167e+15/1.651015e+16 surv=2 checked=6.3472e+15 rate=1.977e+11/s elapsed=8.92h block_eta=14.28h
k=395 t=0  38.80%  idx=6.405687e+15/1.651015e+16 surv=2 checked=6.4057e+15 rate=1.977e+11/s elapsed=9.00h block_eta=14.20h
k=395 t=0  39.17%  idx=6.466373e+15/1.651015e+16 surv=2 checked=6.4664e+15 rate=1.977e+11/s elapsed=9.08h block_eta=14.11h
k=395 t=0  39.54%  idx=6.527524e+15/1.651015e+16 surv=2 checked=6.5275e+15 rate=1.978e+11/s elapsed=9.17h block_eta=14.02h
k=395 t=0  39.89%  idx=6.586047e+15/1.651015e+16 surv=2 checked=6.5860e+15 rate=1.978e+11/s elapsed=9.25h block_eta=13.94h
k=395 t=0  40.27%  idx=6.648528e+15/1.651015e+16 surv=2 checked=6.6485e+15 rate=1.979e+11/s elapsed=9.33h block_eta=13.84h
k=395 t=0  40.63%  idx=6.708104e+15/1.651015e+16 surv=2 checked=6.7081e+15 rate=1.979e+11/s elapsed=9.42h block_eta=13.76h
k=395 t=0  40.99%  idx=6.768086e+15/1.651015e+16 surv=2 checked=6.7681e+15 rate=1.979e+11/s elapsed=9.50h block_eta=13.67h
k=395 t=0  41.36%  idx=6.828636e+15/1.651015e+16 surv=2 checked=6.8286e+15 rate=1.979e+11/s elapsed=9.58h block_eta=13.59h
k=395 t=0  41.71%  idx=6.885575e+15/1.651015e+16 surv=2 checked=6.8856e+15 rate=1.979e+11/s elapsed=9.67h block_eta=13.51h
k=395 t=0  42.10%  idx=6.951321e+15/1.651015e+16 surv=2 checked=6.9513e+15 rate=1.980e+11/s elapsed=9.75h block_eta=13.41h
k=395 t=0  42.44%  idx=7.007406e+15/1.651015e+16 surv=2 checked=7.0074e+15 rate=1.979e+11/s elapsed=9.83h block_eta=13.34h
k=395 t=0  42.79%  idx=7.064642e+15/1.651015e+16 surv=2 checked=7.0646e+15 rate=1.979e+11/s elapsed=9.92h block_eta=13.26h
k=395 t=0  43.14%  idx=7.122063e+15/1.651015e+16 surv=2 checked=7.1221e+15 rate=1.978e+11/s elapsed=10.00h block_eta=13.18h
k=395 t=0  43.50%  idx=7.181887e+15/1.651015e+16 surv=2 checked=7.1819e+15 rate=1.978e+11/s elapsed=10.08h block_eta=13.10h
k=395 t=0  43.86%  idx=7.241128e+15/1.651015e+16 surv=2 checked=7.2411e+15 rate=1.978e+11/s elapsed=10.17h block_eta=13.01h
k=395 t=0  44.21%  idx=7.299691e+15/1.651015e+16 surv=2 checked=7.2997e+15 rate=1.978e+11/s elapsed=10.25h block_eta=12.93h
k=395 t=0  44.58%  idx=7.360679e+15/1.651015e+16 surv=2 checked=7.3607e+15 rate=1.979e+11/s elapsed=10.33h block_eta=12.84h
k=395 t=0  44.96%  idx=7.422542e+15/1.651015e+16 surv=2 checked=7.4225e+15 rate=1.979e+11/s elapsed=10.42h block_eta=12.75h
k=395 t=0  45.30%  idx=7.478918e+15/1.651015e+16 surv=2 checked=7.4789e+15 rate=1.979e+11/s elapsed=10.50h block_eta=12.68h
k=395 t=0  45.65%  idx=7.537484e+15/1.651015e+16 surv=2 checked=7.5375e+15 rate=1.978e+11/s elapsed=10.58h block_eta=12.60h
k=395 t=0  46.01%  idx=7.597130e+15/1.651015e+16 surv=2 checked=7.5971e+15 rate=1.978e+11/s elapsed=10.67h block_eta=12.51h
k=395 t=0  46.39%  idx=7.658659e+15/1.651015e+16 surv=2 checked=7.6587e+15 rate=1.979e+11/s elapsed=10.75h block_eta=12.42h
k=395 t=0  46.73%  idx=7.715410e+15/1.651015e+16 surv=2 checked=7.7154e+15 rate=1.978e+11/s elapsed=10.83h block_eta=12.35h
k=395 t=0  47.09%  idx=7.774102e+15/1.651015e+16 surv=2 checked=7.7741e+15 rate=1.978e+11/s elapsed=10.92h block_eta=12.27h
k=395 t=0  47.47%  idx=7.836715e+15/1.651015e+16 surv=2 checked=7.8367e+15 rate=1.979e+11/s elapsed=11.00h block_eta=12.17h
k=395 t=0  47.84%  idx=7.897863e+15/1.651015e+16 surv=2 checked=7.8979e+15 rate=1.979e+11/s elapsed=11.08h block_eta=12.09h
k=395 t=0  48.18%  idx=7.954261e+15/1.651015e+16 surv=2 checked=7.9543e+15 rate=1.979e+11/s elapsed=11.17h block_eta=12.01h
k=395 t=0  48.53%  idx=8.012347e+15/1.651015e+16 surv=2 checked=8.0123e+15 rate=1.978e+11/s elapsed=11.25h block_eta=11.93h
k=395 t=0  48.90%  idx=8.073964e+15/1.651015e+16 surv=2 checked=8.0740e+15 rate=1.979e+11/s elapsed=11.33h block_eta=11.84h
k=395 t=0  49.26%  idx=8.132596e+15/1.651015e+16 surv=2 checked=8.1326e+15 rate=1.979e+11/s elapsed=11.42h block_eta=11.76h
k=395 t=0  49.60%  idx=8.189170e+15/1.651015e+16 surv=2 checked=8.1892e+15 rate=1.978e+11/s elapsed=11.50h block_eta=11.69h
k=395 t=0  49.97%  idx=8.250801e+15/1.651015e+16 surv=2 checked=8.2508e+15 rate=1.979e+11/s elapsed=11.58h block_eta=11.60h
k=395 t=0  50.34%  idx=8.310520e+15/1.651015e+16 surv=2 checked=8.3105e+15 rate=1.979e+11/s elapsed=11.67h block_eta=11.51h
k=395 t=0  50.72%  idx=8.373368e+15/1.651015e+16 surv=2 checked=8.3734e+15 rate=1.980e+11/s elapsed=11.75h block_eta=11.42h
k=395 t=0  51.07%  idx=8.431335e+15/1.651015e+16 surv=2 checked=8.4313e+15 rate=1.979e+11/s elapsed=11.83h block_eta=11.34h
k=395 t=0  51.42%  idx=8.489813e+15/1.651015e+16 surv=2 checked=8.4898e+15 rate=1.979e+11/s elapsed=11.92h block_eta=11.26h
{"k": 395, "status": "TIMEOUT", "block": 0, "idx_done": 8549589625606800, "block_audit": [], "surv_hash_recipe": "sha256 of the UTF-8 bytes of '\\n'.join(decimal(n) for n in sorted(survivors)), no trailing newline; the empty list hashes to sha256(b'')", "unit_done": 170991792512136, "units_total": 330203010170880, "R": 16510150508544000, "residues_checked": 8549589625606800, "wall": 43198.4205365181, "wall_leg": 43198.4207406044, "restarts": 0, "checkpoint": "overnight/2026-09-03/checkpoints/k395_confirm.json", "plan": {"k": 395, "wheel": [[5, 4], [211, 1], [139, 1], [83, 1], [103, 1], [2, 9], [137, 1], [37, 1], [29, 1], [101, 1], [3, 6], [31, 1], [67, 1], [19, 1], [199, 1], [11, 1]], "wheel_primes": [5, 211, 139, 83, 103, 2, 137, 37, 29, 101, 3, 31, 67, 19, 199, 11], "split_primes": [[211, 1, 2], [139, 1, 2], [83, 1, 2], [103, 1, 2], [137, 1, 2], [37, 1, 2], [29, 1, 2], [101, 1, 2], [31, 1, 2], [67, 1, 2], [19, 1, 3], [199, 1, 2], [11, 1, 3]], "N_bits": 106, "M_bits": 106, "M": "75018366142804227750011444160000", "N": "75018366142804227750011444160000", "n_filters": 74, "residues_per_block": 16510150508544000, "density_wheel": 2.2008144615033924e-16, "density_rest": 6.719044882839128e-17, "expected_g": 6.762527227800476e+31, "E_g": 6.762527227800476e+31, "expected_blocks": 0.9014495483582506, "N_over_E": 1.1093244228933639, "expected_residue_checks": 1.4883067719253732e+16, "expected_checks_true": 2.46339886362369e+16}, "engine_module": "gpu_sieve_v8", "engine_file": "sieve/gpu_sieve_v8.py", "engine_commit": "0be7e21", "tag": "confirm", "banned": "59"}
# banned [59] -> wheel [[2, 9], [3, 6], [5, 4], [11, 1], [19, 1], [29, 1], [31, 1], [37, 1], [67, 1], [83, 1], [101, 1], [103, 1], [137, 1], [139, 1], [199, 1], [211, 1]]
# RESUME k=395 engine=gpu_sieve_v8 block t=0 residues_done=8549589625606800/16510150508544000 (51.78%) survivors=2 restarts=1
k=395 t=0  52.15%  idx=8.610841e+15/1.651015e+16 surv=2 checked=8.6108e+15 rate=2.042e+11/s elapsed=0.08h block_eta=10.75h
k=395 t=0  52.53%  idx=8.672002e+15/1.651015e+16 surv=2 checked=8.6720e+15 rate=2.040e+11/s elapsed=0.17h block_eta=10.67h
k=395 t=0  52.89%  idx=8.732592e+15/1.651015e+16 surv=2 checked=8.7326e+15 rate=2.033e+11/s elapsed=0.25h block_eta=10.63h
k=395 t=0  53.23%  idx=8.788382e+15/1.651015e+16 surv=2 checked=8.7884e+15 rate=1.990e+11/s elapsed=0.33h block_eta=10.78h
k=395 t=0  53.57%  idx=8.845240e+15/1.651015e+16 surv=2 checked=8.8452e+15 rate=1.971e+11/s elapsed=0.42h block_eta=10.80h
k=395 t=0  53.95%  idx=8.907545e+15/1.651015e+16 surv=2 checked=8.9075e+15 rate=1.989e+11/s elapsed=0.50h block_eta=10.62h
k=395 t=0  54.31%  idx=8.966221e+15/1.651015e+16 surv=2 checked=8.9662e+15 rate=1.984e+11/s elapsed=0.58h block_eta=10.56h
k=395 t=0  54.67%  idx=9.025615e+15/1.651015e+16 surv=2 checked=9.0256e+15 rate=1.983e+11/s elapsed=0.67h block_eta=10.48h
k=395 t=0  55.02%  idx=9.084037e+15/1.651015e+16 surv=2 checked=9.0840e+15 rate=1.979e+11/s elapsed=0.75h block_eta=10.42h
k=395 t=0  55.41%  idx=9.148691e+15/1.651015e+16 surv=2 checked=9.1487e+15 rate=1.997e+11/s elapsed=0.83h block_eta=10.24h
k=395 t=0  55.78%  idx=9.209541e+15/1.651015e+16 surv=2 checked=9.2095e+15 rate=2.000e+11/s elapsed=0.92h block_eta=10.14h
k=395 t=0  56.15%  idx=9.270456e+15/1.651015e+16 surv=2 checked=9.2705e+15 rate=2.002e+11/s elapsed=1.00h block_eta=10.04h
k=395 t=0  56.51%  idx=9.329077e+15/1.651015e+16 surv=2 checked=9.3291e+15 rate=1.999e+11/s elapsed=1.08h block_eta=9.98h
k=395 t=0  56.87%  idx=9.388644e+15/1.651015e+16 surv=2 checked=9.3886e+15 rate=1.998e+11/s elapsed=1.17h block_eta=9.90h
k=395 t=0  57.21%  idx=9.445649e+15/1.651015e+16 surv=2 checked=9.4456e+15 rate=1.991e+11/s elapsed=1.25h block_eta=9.86h
k=395 t=0  57.56%  idx=9.503500e+15/1.651015e+16 surv=2 checked=9.5035e+15 rate=1.987e+11/s elapsed=1.33h block_eta=9.79h
k=395 t=0  57.92%  idx=9.562230e+15/1.651015e+16 surv=2 checked=9.5622e+15 rate=1.986e+11/s elapsed=1.42h block_eta=9.72h
k=395 t=0  58.28%  idx=9.621907e+15/1.651015e+16 surv=2 checked=9.6219e+15 rate=1.986e+11/s elapsed=1.50h block_eta=9.64h
k=395 t=0  58.61%  idx=9.677412e+15/1.651015e+16 surv=2 checked=9.6774e+15 rate=1.979e+11/s elapsed=1.58h block_eta=9.59h
k=395 t=0  58.99%  idx=9.739551e+15/1.651015e+16 surv=2 checked=9.7396e+15 rate=1.983e+11/s elapsed=1.67h block_eta=9.48h
k=395 t=0  59.35%  idx=9.798110e+15/1.651015e+16 surv=2 checked=9.7981e+15 rate=1.982e+11/s elapsed=1.75h block_eta=9.41h
k=395 t=0  59.69%  idx=9.854632e+15/1.651015e+16 surv=2 checked=9.8546e+15 rate=1.977e+11/s elapsed=1.83h block_eta=9.35h
k=395 t=0  60.04%  idx=9.912959e+15/1.651015e+16 surv=2 checked=9.9130e+15 rate=1.976e+11/s elapsed=1.92h block_eta=9.27h
k=395 t=0  60.39%  idx=9.970714e+15/1.651015e+16 surv=2 checked=9.9707e+15 rate=1.974e+11/s elapsed=2.00h block_eta=9.20h
k=395 t=0  60.72%  idx=1.002563e+16/1.651015e+16 surv=2 checked=1.0026e+16 rate=1.968e+11/s elapsed=2.08h block_eta=9.15h
k=395 t=0  61.11%  idx=1.008907e+16/1.651015e+16 surv=2 checked=1.0089e+16 rate=1.974e+11/s elapsed=2.17h block_eta=9.04h
k=395 t=0  61.46%  idx=1.014736e+16/1.651015e+16 surv=2 checked=1.0147e+16 rate=1.973e+11/s elapsed=2.25h block_eta=8.96h
k=395 t=0  61.79%  idx=1.020132e+16/1.651015e+16 surv=2 checked=1.0201e+16 rate=1.966e+11/s elapsed=2.33h block_eta=8.91h
k=395 t=0  62.13%  idx=1.025756e+16/1.651015e+16 surv=2 checked=1.0258e+16 rate=1.963e+11/s elapsed=2.42h block_eta=8.85h
k=395 t=0  62.50%  idx=1.031945e+16/1.651015e+16 surv=2 checked=1.0319e+16 rate=1.966e+11/s elapsed=2.50h block_eta=8.74h
k=395 t=0  62.85%  idx=1.037683e+16/1.651015e+16 surv=2 checked=1.0377e+16 rate=1.965e+11/s elapsed=2.58h block_eta=8.67h
k=395 t=0  63.21%  idx=1.043660e+16/1.651015e+16 surv=2 checked=1.0437e+16 rate=1.966e+11/s elapsed=2.67h block_eta=8.58h
k=395 t=0  63.57%  idx=1.049606e+16/1.651015e+16 surv=2 checked=1.0496e+16 rate=1.966e+11/s elapsed=2.75h block_eta=8.50h
k=395 t=0  63.95%  idx=1.055763e+16/1.651015e+16 surv=2 checked=1.0558e+16 rate=1.969e+11/s elapsed=2.83h block_eta=8.40h
k=395 t=0  64.31%  idx=1.061726e+16/1.651015e+16 surv=2 checked=1.0617e+16 rate=1.969e+11/s elapsed=2.92h block_eta=8.31h
k=395 t=0  64.68%  idx=1.067837e+16/1.651015e+16 surv=2 checked=1.0678e+16 rate=1.971e+11/s elapsed=3.00h block_eta=8.22h
k=395 t=0  65.03%  idx=1.073696e+16/1.651015e+16 surv=2 checked=1.0737e+16 rate=1.971e+11/s elapsed=3.08h block_eta=8.14h
k=395 t=0  65.41%  idx=1.079898e+16/1.651015e+16 surv=2 checked=1.0799e+16 rate=1.973e+11/s elapsed=3.17h block_eta=8.04h
k=395 t=0  65.76%  idx=1.085787e+16/1.651015e+16 surv=2 checked=1.0858e+16 rate=1.973e+11/s elapsed=3.25h block_eta=7.96h
k=395 t=0  66.11%  idx=1.091407e+16/1.651015e+16 surv=2 checked=1.0914e+16 rate=1.970e+11/s elapsed=3.33h block_eta=7.89h
k=395 t=0  66.47%  idx=1.097350e+16/1.651015e+16 surv=2 checked=1.0974e+16 rate=1.971e+11/s elapsed=3.42h block_eta=7.80h
k=395 t=0  66.81%  idx=1.103093e+16/1.651015e+16 surv=2 checked=1.1031e+16 rate=1.969e+11/s elapsed=3.50h block_eta=7.73h
k=395 t=0  67.17%  idx=1.109004e+16/1.651015e+16 surv=2 checked=1.1090e+16 rate=1.969e+11/s elapsed=3.58h block_eta=7.65h
k=395 t=0  67.54%  idx=1.115163e+16/1.651015e+16 surv=2 checked=1.1152e+16 rate=1.971e+11/s elapsed=3.67h block_eta=7.55h
k=395 t=0  67.88%  idx=1.120782e+16/1.651015e+16 surv=2 checked=1.1208e+16 rate=1.969e+11/s elapsed=3.75h block_eta=7.48h
k=395 t=0  68.27%  idx=1.127189e+16/1.651015e+16 surv=2 checked=1.1272e+16 rate=1.973e+11/s elapsed=3.83h block_eta=7.38h
k=395 t=0  68.60%  idx=1.132573e+16/1.651015e+16 surv=2 checked=1.1326e+16 rate=1.969e+11/s elapsed=3.92h block_eta=7.31h
k=395 t=0  68.95%  idx=1.138315e+16/1.651015e+16 surv=2 checked=1.1383e+16 rate=1.968e+11/s elapsed=4.00h block_eta=7.24h
k=395 t=0  69.34%  idx=1.144874e+16/1.651015e+16 surv=2 checked=1.1449e+16 rate=1.972e+11/s elapsed=4.08h block_eta=7.13h
k=395 t=0  69.68%  idx=1.150475e+16/1.651015e+16 surv=2 checked=1.1505e+16 rate=1.970e+11/s elapsed=4.17h block_eta=7.06h
k=395 t=0  70.05%  idx=1.156563e+16/1.651015e+16 surv=2 checked=1.1566e+16 rate=1.971e+11/s elapsed=4.25h block_eta=6.97h
k=395 t=0  70.40%  idx=1.162345e+16/1.651015e+16 surv=2 checked=1.1623e+16 rate=1.970e+11/s elapsed=4.33h block_eta=6.89h
k=395 t=0  70.74%  idx=1.167909e+16/1.651015e+16 surv=2 checked=1.1679e+16 rate=1.968e+11/s elapsed=4.42h block_eta=6.82h
k=395 t=0  71.09%  idx=1.173716e+16/1.651015e+16 surv=2 checked=1.1737e+16 rate=1.968e+11/s elapsed=4.50h block_eta=6.74h
k=395 t=0  71.42%  idx=1.179127e+16/1.651015e+16 surv=2 checked=1.1791e+16 rate=1.965e+11/s elapsed=4.58h block_eta=6.67h
k=395 t=0  71.80%  idx=1.185474e+16/1.651015e+16 surv=2 checked=1.1855e+16 rate=1.967e+11/s elapsed=4.67h block_eta=6.57h
k=395 t=0  72.15%  idx=1.191127e+16/1.651015e+16 surv=2 checked=1.1911e+16 rate=1.966e+11/s elapsed=4.75h block_eta=6.50h
k=395 t=0  72.51%  idx=1.197124e+16/1.651015e+16 surv=2 checked=1.1971e+16 rate=1.966e+11/s elapsed=4.83h block_eta=6.41h
k=395 t=0  72.87%  idx=1.203090e+16/1.651015e+16 surv=2 checked=1.2031e+16 rate=1.967e+11/s elapsed=4.92h block_eta=6.33h
k=395 t=0  73.22%  idx=1.208921e+16/1.651015e+16 surv=2 checked=1.2089e+16 rate=1.966e+11/s elapsed=5.00h block_eta=6.25h
k=395 t=0  73.56%  idx=1.214564e+16/1.651015e+16 surv=2 checked=1.2146e+16 rate=1.965e+11/s elapsed=5.08h block_eta=6.17h
k=395 t=0  73.91%  idx=1.220274e+16/1.651015e+16 surv=2 checked=1.2203e+16 rate=1.964e+11/s elapsed=5.17h block_eta=6.09h
k=395 t=0  74.25%  idx=1.225858e+16/1.651015e+16 surv=2 checked=1.2259e+16 rate=1.962e+11/s elapsed=5.25h block_eta=6.02h
k=395 t=0  74.60%  idx=1.231693e+16/1.651015e+16 surv=2 checked=1.2317e+16 rate=1.962e+11/s elapsed=5.33h block_eta=5.94h
k=395 t=0  74.95%  idx=1.237457e+16/1.651015e+16 surv=2 checked=1.2375e+16 rate=1.962e+11/s elapsed=5.42h block_eta=5.86h
k=395 t=0  75.32%  idx=1.243466e+16/1.651015e+16 surv=2 checked=1.2435e+16 rate=1.962e+11/s elapsed=5.50h block_eta=5.77h
k=395 t=0  75.65%  idx=1.248950e+16/1.651015e+16 surv=2 checked=1.2490e+16 rate=1.960e+11/s elapsed=5.58h block_eta=5.70h
k=395 t=0  76.02%  idx=1.255045e+16/1.651015e+16 surv=2 checked=1.2550e+16 rate=1.961e+11/s elapsed=5.67h block_eta=5.61h
k=395 t=0  76.37%  idx=1.260843e+16/1.651015e+16 surv=2 checked=1.2608e+16 rate=1.961e+11/s elapsed=5.75h block_eta=5.53h
k=395 t=0  76.71%  idx=1.266443e+16/1.651015e+16 surv=2 checked=1.2664e+16 rate=1.959e+11/s elapsed=5.83h block_eta=5.45h
k=395 t=0  77.06%  idx=1.272260e+16/1.651015e+16 surv=2 checked=1.2723e+16 rate=1.959e+11/s elapsed=5.92h block_eta=5.37h
k=395 t=0  77.45%  idx=1.278667e+16/1.651015e+16 surv=2 checked=1.2787e+16 rate=1.962e+11/s elapsed=6.00h block_eta=5.27h
k=395 t=0  77.80%  idx=1.284423e+16/1.651015e+16 surv=2 checked=1.2844e+16 rate=1.961e+11/s elapsed=6.08h block_eta=5.19h
k=395 t=0  78.16%  idx=1.290444e+16/1.651015e+16 surv=2 checked=1.2904e+16 rate=1.962e+11/s elapsed=6.17h block_eta=5.11h
k=395 t=0  78.53%  idx=1.296556e+16/1.651015e+16 surv=2 checked=1.2966e+16 rate=1.963e+11/s elapsed=6.25h block_eta=5.02h
k=395 t=0  78.89%  idx=1.302417e+16/1.651015e+16 surv=2 checked=1.3024e+16 rate=1.963e+11/s elapsed=6.33h block_eta=4.93h
k=395 t=0  79.23%  idx=1.308063e+16/1.651015e+16 surv=2 checked=1.3081e+16 rate=1.961e+11/s elapsed=6.42h block_eta=4.86h
k=395 t=0  79.60%  idx=1.314238e+16/1.651015e+16 surv=2 checked=1.3142e+16 rate=1.963e+11/s elapsed=6.50h block_eta=4.77h
k=395 t=0  79.98%  idx=1.320556e+16/1.651015e+16 surv=2 checked=1.3206e+16 rate=1.965e+11/s elapsed=6.58h block_eta=4.67h
k=395 t=0  80.35%  idx=1.326604e+16/1.651015e+16 surv=2 checked=1.3266e+16 rate=1.965e+11/s elapsed=6.67h block_eta=4.59h
k=395 t=0  80.72%  idx=1.332649e+16/1.651015e+16 surv=2 checked=1.3326e+16 rate=1.966e+11/s elapsed=6.75h block_eta=4.50h
k=395 t=0  81.07%  idx=1.338472e+16/1.651015e+16 surv=2 checked=1.3385e+16 rate=1.965e+11/s elapsed=6.83h block_eta=4.42h
k=395 t=0  81.42%  idx=1.344274e+16/1.651015e+16 surv=2 checked=1.3443e+16 rate=1.965e+11/s elapsed=6.92h block_eta=4.34h
k=395 t=0  81.77%  idx=1.350056e+16/1.651015e+16 surv=2 checked=1.3501e+16 rate=1.965e+11/s elapsed=7.00h block_eta=4.26h
k=395 t=0  82.12%  idx=1.355798e+16/1.651015e+16 surv=2 checked=1.3558e+16 rate=1.964e+11/s elapsed=7.08h block_eta=4.18h
k=395 t=0  82.45%  idx=1.361254e+16/1.651015e+16 surv=2 checked=1.3613e+16 rate=1.962e+11/s elapsed=7.17h block_eta=4.10h
k=395 t=0  82.79%  idx=1.366922e+16/1.651015e+16 surv=2 checked=1.3669e+16 rate=1.962e+11/s elapsed=7.25h block_eta=4.02h
k=395 t=0  83.16%  idx=1.372953e+16/1.651015e+16 surv=2 checked=1.3730e+16 rate=1.962e+11/s elapsed=7.33h block_eta=3.94h
k=395 t=0  83.54%  idx=1.379287e+16/1.651015e+16 surv=2 checked=1.3793e+16 rate=1.964e+11/s elapsed=7.42h block_eta=3.84h
k=395 t=0  83.89%  idx=1.385104e+16/1.651015e+16 surv=2 checked=1.3851e+16 rate=1.963e+11/s elapsed=7.50h block_eta=3.76h
k=395 t=0  84.26%  idx=1.391086e+16/1.651015e+16 surv=2 checked=1.3911e+16 rate=1.964e+11/s elapsed=7.58h block_eta=3.68h
k=395 t=0  84.61%  idx=1.396934e+16/1.651015e+16 surv=2 checked=1.3969e+16 rate=1.964e+11/s elapsed=7.67h block_eta=3.59h
k=395 t=0  84.94%  idx=1.402425e+16/1.651015e+16 surv=2 checked=1.4024e+16 rate=1.962e+11/s elapsed=7.75h block_eta=3.52h
k=395 t=0  85.33%  idx=1.408744e+16/1.651015e+16 surv=2 checked=1.4087e+16 rate=1.964e+11/s elapsed=7.83h block_eta=3.43h
k=395 t=0  85.66%  idx=1.414271e+16/1.651015e+16 surv=2 checked=1.4143e+16 rate=1.962e+11/s elapsed=7.92h block_eta=3.35h
k=395 t=0  86.04%  idx=1.420566e+16/1.651015e+16 surv=2 checked=1.4206e+16 rate=1.964e+11/s elapsed=8.00h block_eta=3.26h
k=395 t=0  86.42%  idx=1.426733e+16/1.651015e+16 surv=2 checked=1.4267e+16 rate=1.965e+11/s elapsed=8.08h block_eta=3.17h
k=395 t=0  86.77%  idx=1.432594e+16/1.651015e+16 surv=2 checked=1.4326e+16 rate=1.965e+11/s elapsed=8.17h block_eta=3.09h
k=395 t=0  87.13%  idx=1.438517e+16/1.651015e+16 surv=2 checked=1.4385e+16 rate=1.965e+11/s elapsed=8.25h block_eta=3.00h
k=395 t=0  87.49%  idx=1.444498e+16/1.651015e+16 surv=2 checked=1.4445e+16 rate=1.965e+11/s elapsed=8.33h block_eta=2.92h
k=395 t=0  87.84%  idx=1.450302e+16/1.651015e+16 surv=2 checked=1.4503e+16 rate=1.965e+11/s elapsed=8.42h block_eta=2.84h
k=395 t=0  88.19%  idx=1.456091e+16/1.651015e+16 surv=2 checked=1.4561e+16 rate=1.964e+11/s elapsed=8.50h block_eta=2.76h
k=395 t=0  88.53%  idx=1.461636e+16/1.651015e+16 surv=2 checked=1.4616e+16 rate=1.963e+11/s elapsed=8.58h block_eta=2.68h
k=395 t=0  88.87%  idx=1.467319e+16/1.651015e+16 surv=2 checked=1.4673e+16 rate=1.963e+11/s elapsed=8.67h block_eta=2.60h
k=395 t=0  89.23%  idx=1.473266e+16/1.651015e+16 surv=2 checked=1.4733e+16 rate=1.963e+11/s elapsed=8.75h block_eta=2.52h
k=395 t=0  89.60%  idx=1.479362e+16/1.651015e+16 surv=2 checked=1.4794e+16 rate=1.964e+11/s elapsed=8.83h block_eta=2.43h
k=395 t=0  89.96%  idx=1.485308e+16/1.651015e+16 surv=2 checked=1.4853e+16 rate=1.964e+11/s elapsed=8.92h block_eta=2.34h
k=395 t=0  90.32%  idx=1.491206e+16/1.651015e+16 surv=2 checked=1.4912e+16 rate=1.964e+11/s elapsed=9.00h block_eta=2.26h
k=395 t=0  90.69%  idx=1.497252e+16/1.651015e+16 surv=2 checked=1.4973e+16 rate=1.964e+11/s elapsed=9.08h block_eta=2.17h
k=395 t=0  91.04%  idx=1.503105e+16/1.651015e+16 surv=2 checked=1.5031e+16 rate=1.964e+11/s elapsed=9.17h block_eta=2.09h
k=395 t=0  91.41%  idx=1.509253e+16/1.651015e+16 surv=2 checked=1.5093e+16 rate=1.965e+11/s elapsed=9.25h block_eta=2.00h
k=395 t=0  91.76%  idx=1.514895e+16/1.651015e+16 surv=2 checked=1.5149e+16 rate=1.964e+11/s elapsed=9.33h block_eta=1.93h
k=395 t=0  92.13%  idx=1.521042e+16/1.651015e+16 surv=2 checked=1.5210e+16 rate=1.965e+11/s elapsed=9.42h block_eta=1.84h
k=395 t=0  92.48%  idx=1.526777e+16/1.651015e+16 surv=2 checked=1.5268e+16 rate=1.964e+11/s elapsed=9.50h block_eta=1.76h
k=395 t=0  92.86%  idx=1.533106e+16/1.651015e+16 surv=2 checked=1.5331e+16 rate=1.966e+11/s elapsed=9.58h block_eta=1.67h
k=395 t=0  93.20%  idx=1.538712e+16/1.651015e+16 surv=2 checked=1.5387e+16 rate=1.965e+11/s elapsed=9.67h block_eta=1.59h
k=395 t=0  93.58%  idx=1.545058e+16/1.651015e+16 surv=2 checked=1.5451e+16 rate=1.966e+11/s elapsed=9.75h block_eta=1.50h
k=395 t=0  93.95%  idx=1.551160e+16/1.651015e+16 surv=2 checked=1.5512e+16 rate=1.967e+11/s elapsed=9.83h block_eta=1.41h
k=395 t=0  94.35%  idx=1.557771e+16/1.651015e+16 surv=2 checked=1.5578e+16 rate=1.969e+11/s elapsed=9.92h block_eta=1.32h
k=395 t=0  94.71%  idx=1.563703e+16/1.651015e+16 surv=2 checked=1.5637e+16 rate=1.969e+11/s elapsed=10.00h block_eta=1.23h
k=395 t=0  95.11%  idx=1.570357e+16/1.651015e+16 surv=2 checked=1.5704e+16 rate=1.971e+11/s elapsed=10.08h block_eta=1.14h
k=395 t=0  95.50%  idx=1.576780e+16/1.651015e+16 surv=2 checked=1.5768e+16 rate=1.972e+11/s elapsed=10.17h block_eta=1.05h
k=395 t=0  95.87%  idx=1.582866e+16/1.651015e+16 surv=2 checked=1.5829e+16 rate=1.973e+11/s elapsed=10.25h block_eta=0.96h
k=395 t=0  96.23%  idx=1.588790e+16/1.651015e+16 surv=2 checked=1.5888e+16 rate=1.973e+11/s elapsed=10.33h block_eta=0.88h
k=395 t=0  96.58%  idx=1.594595e+16/1.651015e+16 surv=2 checked=1.5946e+16 rate=1.972e+11/s elapsed=10.42h block_eta=0.79h
k=395 t=0  96.95%  idx=1.600639e+16/1.651015e+16 surv=2 checked=1.6006e+16 rate=1.973e+11/s elapsed=10.50h block_eta=0.71h
k=395 t=0  97.30%  idx=1.606359e+16/1.651015e+16 surv=2 checked=1.6064e+16 rate=1.972e+11/s elapsed=10.58h block_eta=0.63h
k=395 t=0  97.68%  idx=1.612771e+16/1.651015e+16 surv=2 checked=1.6128e+16 rate=1.973e+11/s elapsed=10.67h block_eta=0.54h
k=395 t=0  98.03%  idx=1.618496e+16/1.651015e+16 surv=2 checked=1.6185e+16 rate=1.973e+11/s elapsed=10.75h block_eta=0.46h
k=395 t=0  98.38%  idx=1.624216e+16/1.651015e+16 surv=2 checked=1.6242e+16 rate=1.972e+11/s elapsed=10.83h block_eta=0.38h
k=395 t=0  98.75%  idx=1.630430e+16/1.651015e+16 surv=2 checked=1.6304e+16 rate=1.973e+11/s elapsed=10.92h block_eta=0.29h
k=395 t=0  99.12%  idx=1.636424e+16/1.651015e+16 surv=2 checked=1.6364e+16 rate=1.973e+11/s elapsed=11.00h block_eta=0.21h
k=395 t=0  99.48%  idx=1.642442e+16/1.651015e+16 surv=2 checked=1.6424e+16 rate=1.974e+11/s elapsed=11.08h block_eta=0.12h
k=395 t=0  99.83%  idx=1.648213e+16/1.651015e+16 surv=2 checked=1.6482e+16 rate=1.973e+11/s elapsed=11.17h block_eta=0.04h
{"k": 395, "status": "FOUND", "g": "70422314661266035686410669061023", "block": 0, "engine": "gpu_sieve_v8", "block_audit": [{"t": 0, "residues_enumerated": 16510150508544000, "kernel_survivors": 2, "after_n_gt_k_plus_1": 1, "passed_ref_is_good": 1, "survivors_n": ["395", "70422314661266035686410669061023"], "sha256_survivors": "3ffd8ccd5f5ebe82ce4f7817bdc3c93170f0f8bafd016982b310d8fd6cb97ed2"}], "surv_hash_recipe": "sha256 of the UTF-8 bytes of '\\n'.join(decimal(n) for n in sorted(survivors)), no trailing newline; the empty list hashes to sha256(b'')", "blocks_scanned": 1, "survivors_in_block": 2, "all_good_in_block": ["70422314661266035686410669061023"], "residues_checked": 16510150508544000, "wall": 83528.61698746681, "wall_leg": 40330.19661974907, "restarts": 1, "plan": {"k": 395, "wheel": [[5, 4], [211, 1], [139, 1], [83, 1], [103, 1], [2, 9], [137, 1], [37, 1], [29, 1], [101, 1], [3, 6], [31, 1], [67, 1], [19, 1], [199, 1], [11, 1]], "wheel_primes": [5, 211, 139, 83, 103, 2, 137, 37, 29, 101, 3, 31, 67, 19, 199, 11], "split_primes": [[211, 1, 2], [139, 1, 2], [83, 1, 2], [103, 1, 2], [137, 1, 2], [37, 1, 2], [29, 1, 2], [101, 1, 2], [31, 1, 2], [67, 1, 2], [19, 1, 3], [199, 1, 2], [11, 1, 3]], "N_bits": 106, "M_bits": 106, "M": "75018366142804227750011444160000", "N": "75018366142804227750011444160000", "n_filters": 74, "residues_per_block": 16510150508544000, "density_wheel": 2.2008144615033924e-16, "density_rest": 6.719044882839128e-17, "expected_g": 6.762527227800476e+31, "E_g": 6.762527227800476e+31, "expected_blocks": 0.9014495483582506, "N_over_E": 1.1093244228933639, "expected_residue_checks": 1.4883067719253732e+16, "expected_checks_true": 2.46339886362369e+16}, "engine_module": "gpu_sieve_v8", "engine_file": "sieve/gpu_sieve_v8.py", "engine_commit": "0be7e21", "tag": "confirm", "banned": "59"}
