k=392 t=0   0.28%  idx=9.900436e+13/3.494796e+16 surv=1 checked=9.9004e+13 rate=3.300e+11/s elapsed=0.08h block_eta=29.33h
k=392 t=0   0.56%  idx=1.974053e+14/3.494796e+16 surv=1 checked=1.9741e+14 rate=3.290e+11/s elapsed=0.17h block_eta=29.34h
k=392 t=0   0.85%  idx=2.957890e+14/3.494796e+16 surv=1 checked=2.9579e+14 rate=3.287e+11/s elapsed=0.25h block_eta=29.29h
k=392 t=0   1.13%  idx=3.941663e+14/3.494796e+16 surv=1 checked=3.9417e+14 rate=3.285e+11/s elapsed=0.33h block_eta=29.22h
k=392 t=0   1.41%  idx=4.925468e+14/3.494796e+16 surv=1 checked=4.9255e+14 rate=3.284e+11/s elapsed=0.42h block_eta=29.15h
k=392 t=0   1.69%  idx=5.909123e+14/3.494796e+16 surv=1 checked=5.9091e+14 rate=3.283e+11/s elapsed=0.50h block_eta=29.07h
k=392 t=0   1.97%  idx=6.892800e+14/3.494796e+16 surv=1 checked=6.8928e+14 rate=3.282e+11/s elapsed=0.58h block_eta=28.99h
k=392 t=0   2.25%  idx=7.876294e+14/3.494796e+16 surv=1 checked=7.8763e+14 rate=3.282e+11/s elapsed=0.67h block_eta=28.91h
k=392 t=0   2.54%  idx=8.859798e+14/3.494796e+16 surv=1 checked=8.8598e+14 rate=3.281e+11/s elapsed=0.75h block_eta=28.83h
k=392 t=0   2.82%  idx=9.843142e+14/3.494796e+16 surv=1 checked=9.8431e+14 rate=3.281e+11/s elapsed=0.83h block_eta=28.75h
k=392 t=0   3.10%  idx=1.082669e+15/3.494796e+16 surv=1 checked=1.0827e+15 rate=3.281e+11/s elapsed=0.92h block_eta=28.67h
k=392 t=0   3.38%  idx=1.181102e+15/3.494796e+16 surv=1 checked=1.1811e+15 rate=3.281e+11/s elapsed=1.00h block_eta=28.59h
k=392 t=0   3.66%  idx=1.279557e+15/3.494796e+16 surv=1 checked=1.2796e+15 rate=3.281e+11/s elapsed=1.08h block_eta=28.51h
k=392 t=0   3.94%  idx=1.377994e+15/3.494796e+16 surv=1 checked=1.3780e+15 rate=3.281e+11/s elapsed=1.17h block_eta=28.42h
k=392 t=0   4.22%  idx=1.476427e+15/3.494796e+16 surv=1 checked=1.4764e+15 rate=3.281e+11/s elapsed=1.25h block_eta=28.34h
k=392 t=0   4.51%  idx=1.574917e+15/3.494796e+16 surv=1 checked=1.5749e+15 rate=3.281e+11/s elapsed=1.33h block_eta=28.25h
k=392 t=0   4.79%  idx=1.673364e+15/3.494796e+16 surv=1 checked=1.6734e+15 rate=3.281e+11/s elapsed=1.42h block_eta=28.17h
k=392 t=0   5.07%  idx=1.771810e+15/3.494796e+16 surv=1 checked=1.7718e+15 rate=3.281e+11/s elapsed=1.50h block_eta=28.09h
k=392 t=0   5.35%  idx=1.870217e+15/3.494796e+16 surv=1 checked=1.8702e+15 rate=3.281e+11/s elapsed=1.58h block_eta=28.00h
k=392 t=0   5.63%  idx=1.968643e+15/3.494796e+16 surv=1 checked=1.9686e+15 rate=3.281e+11/s elapsed=1.67h block_eta=27.92h
k=392 t=0   5.91%  idx=2.067027e+15/3.494796e+16 surv=1 checked=2.0670e+15 rate=3.281e+11/s elapsed=1.75h block_eta=27.84h
k=392 t=0   6.20%  idx=2.165441e+15/3.494796e+16 surv=1 checked=2.1654e+15 rate=3.281e+11/s elapsed=1.83h block_eta=27.75h
k=392 t=0   6.48%  idx=2.263847e+15/3.494796e+16 surv=1 checked=2.2638e+15 rate=3.281e+11/s elapsed=1.92h block_eta=27.67h
k=392 t=0   6.76%  idx=2.362292e+15/3.494796e+16 surv=1 checked=2.3623e+15 rate=3.281e+11/s elapsed=2.00h block_eta=27.59h
k=392 t=0   7.04%  idx=2.460724e+15/3.494796e+16 surv=1 checked=2.4607e+15 rate=3.281e+11/s elapsed=2.08h block_eta=27.50h
k=392 t=0   7.32%  idx=2.559146e+15/3.494796e+16 surv=1 checked=2.5591e+15 rate=3.281e+11/s elapsed=2.17h block_eta=27.42h
k=392 t=0   7.60%  idx=2.657595e+15/3.494796e+16 surv=1 checked=2.6576e+15 rate=3.281e+11/s elapsed=2.25h block_eta=27.34h
k=392 t=0   7.89%  idx=2.756013e+15/3.494796e+16 surv=1 checked=2.7560e+15 rate=3.281e+11/s elapsed=2.33h block_eta=27.25h
k=392 t=0   8.17%  idx=2.854459e+15/3.494796e+16 surv=1 checked=2.8545e+15 rate=3.281e+11/s elapsed=2.42h block_eta=27.17h
k=392 t=0   8.45%  idx=2.952810e+15/3.494796e+16 surv=1 checked=2.9528e+15 rate=3.281e+11/s elapsed=2.50h block_eta=27.09h
k=392 t=0   8.73%  idx=3.051195e+15/3.494796e+16 surv=1 checked=3.0512e+15 rate=3.281e+11/s elapsed=2.58h block_eta=27.01h
k=392 t=0   9.01%  idx=3.149589e+15/3.494796e+16 surv=1 checked=3.1496e+15 rate=3.281e+11/s elapsed=2.67h block_eta=26.92h
k=392 t=0   9.29%  idx=3.247922e+15/3.494796e+16 surv=1 checked=3.2479e+15 rate=3.281e+11/s elapsed=2.75h block_eta=26.84h
k=392 t=0   9.58%  idx=3.346294e+15/3.494796e+16 surv=1 checked=3.3463e+15 rate=3.281e+11/s elapsed=2.83h block_eta=26.76h
k=392 t=0   9.86%  idx=3.444642e+15/3.494796e+16 surv=1 checked=3.4446e+15 rate=3.281e+11/s elapsed=2.92h block_eta=26.67h
k=392 t=0  10.14%  idx=3.542996e+15/3.494796e+16 surv=1 checked=3.5430e+15 rate=3.281e+11/s elapsed=3.00h block_eta=26.59h
k=392 t=0  10.42%  idx=3.641350e+15/3.494796e+16 surv=1 checked=3.6413e+15 rate=3.280e+11/s elapsed=3.08h block_eta=26.51h
k=392 t=0  10.70%  idx=3.739676e+15/3.494796e+16 surv=1 checked=3.7397e+15 rate=3.280e+11/s elapsed=3.17h block_eta=26.43h
k=392 t=0  10.98%  idx=3.838078e+15/3.494796e+16 surv=1 checked=3.8381e+15 rate=3.280e+11/s elapsed=3.25h block_eta=26.34h
k=392 t=0  11.26%  idx=3.936436e+15/3.494796e+16 surv=1 checked=3.9364e+15 rate=3.280e+11/s elapsed=3.33h block_eta=26.26h
k=392 t=0  11.55%  idx=4.034772e+15/3.494796e+16 surv=1 checked=4.0348e+15 rate=3.280e+11/s elapsed=3.42h block_eta=26.18h
k=392 t=0  11.83%  idx=4.133110e+15/3.494796e+16 surv=1 checked=4.1331e+15 rate=3.280e+11/s elapsed=3.50h block_eta=26.09h
k=392 t=0  12.11%  idx=4.231467e+15/3.494796e+16 surv=1 checked=4.2315e+15 rate=3.280e+11/s elapsed=3.58h block_eta=26.01h
k=392 t=0  12.39%  idx=4.329872e+15/3.494796e+16 surv=1 checked=4.3299e+15 rate=3.280e+11/s elapsed=3.67h block_eta=25.93h
k=392 t=0  12.67%  idx=4.428236e+15/3.494796e+16 surv=1 checked=4.4282e+15 rate=3.280e+11/s elapsed=3.75h block_eta=25.85h
k=392 t=0  12.95%  idx=4.526636e+15/3.494796e+16 surv=1 checked=4.5266e+15 rate=3.280e+11/s elapsed=3.83h block_eta=25.76h
k=392 t=0  13.23%  idx=4.625076e+15/3.494796e+16 surv=1 checked=4.6251e+15 rate=3.280e+11/s elapsed=3.92h block_eta=25.68h
k=392 t=0  13.52%  idx=4.723492e+15/3.494796e+16 surv=1 checked=4.7235e+15 rate=3.280e+11/s elapsed=4.00h block_eta=25.60h
k=392 t=0  13.80%  idx=4.821979e+15/3.494796e+16 surv=1 checked=4.8220e+15 rate=3.280e+11/s elapsed=4.08h block_eta=25.51h
k=392 t=0  14.08%  idx=4.920412e+15/3.494796e+16 surv=1 checked=4.9204e+15 rate=3.280e+11/s elapsed=4.17h block_eta=25.43h
k=392 t=0  14.36%  idx=5.018832e+15/3.494796e+16 surv=1 checked=5.0188e+15 rate=3.280e+11/s elapsed=4.25h block_eta=25.34h
k=392 t=0  14.64%  idx=5.117287e+15/3.494796e+16 surv=1 checked=5.1173e+15 rate=3.280e+11/s elapsed=4.33h block_eta=25.26h
k=392 t=0  14.92%  idx=5.215764e+15/3.494796e+16 surv=1 checked=5.2158e+15 rate=3.280e+11/s elapsed=4.42h block_eta=25.18h
k=392 t=0  15.21%  idx=5.314290e+15/3.494796e+16 surv=1 checked=5.3143e+15 rate=3.280e+11/s elapsed=4.50h block_eta=25.09h
k=392 t=0  15.49%  idx=5.412806e+15/3.494796e+16 surv=1 checked=5.4128e+15 rate=3.280e+11/s elapsed=4.58h block_eta=25.01h
k=392 t=0  15.77%  idx=5.511311e+15/3.494796e+16 surv=1 checked=5.5113e+15 rate=3.281e+11/s elapsed=4.67h block_eta=24.93h
k=392 t=0  16.05%  idx=5.609796e+15/3.494796e+16 surv=1 checked=5.6098e+15 rate=3.281e+11/s elapsed=4.75h block_eta=24.84h
k=392 t=0  16.33%  idx=5.708316e+15/3.494796e+16 surv=1 checked=5.7083e+15 rate=3.281e+11/s elapsed=4.83h block_eta=24.76h
k=392 t=0  16.62%  idx=5.806832e+15/3.494796e+16 surv=1 checked=5.8068e+15 rate=3.281e+11/s elapsed=4.92h block_eta=24.67h
k=392 t=0  16.90%  idx=5.905336e+15/3.494796e+16 surv=1 checked=5.9053e+15 rate=3.281e+11/s elapsed=5.00h block_eta=24.59h
k=392 t=0  17.18%  idx=6.003839e+15/3.494796e+16 surv=1 checked=6.0038e+15 rate=3.281e+11/s elapsed=5.08h block_eta=24.51h
k=392 t=0  17.46%  idx=6.102328e+15/3.494796e+16 surv=1 checked=6.1023e+15 rate=3.281e+11/s elapsed=5.17h block_eta=24.42h
k=392 t=0  17.74%  idx=6.200811e+15/3.494796e+16 surv=1 checked=6.2008e+15 rate=3.281e+11/s elapsed=5.25h block_eta=24.34h
k=392 t=0  18.02%  idx=6.299295e+15/3.494796e+16 surv=1 checked=6.2993e+15 rate=3.281e+11/s elapsed=5.33h block_eta=24.26h
k=392 t=0  18.31%  idx=6.397731e+15/3.494796e+16 surv=1 checked=6.3977e+15 rate=3.281e+11/s elapsed=5.42h block_eta=24.17h
k=392 t=0  18.59%  idx=6.496151e+15/3.494796e+16 surv=1 checked=6.4962e+15 rate=3.281e+11/s elapsed=5.50h block_eta=24.09h
k=392 t=0  18.87%  idx=6.594499e+15/3.494796e+16 surv=1 checked=6.5945e+15 rate=3.281e+11/s elapsed=5.58h block_eta=24.01h
k=392 t=0  19.15%  idx=6.692855e+15/3.494796e+16 surv=1 checked=6.6929e+15 rate=3.281e+11/s elapsed=5.67h block_eta=23.92h
k=392 t=0  19.43%  idx=6.791245e+15/3.494796e+16 surv=1 checked=6.7912e+15 rate=3.281e+11/s elapsed=5.75h block_eta=23.84h
k=392 t=0  19.71%  idx=6.889558e+15/3.494796e+16 surv=1 checked=6.8896e+15 rate=3.281e+11/s elapsed=5.83h block_eta=23.76h
k=392 t=0  20.00%  idx=6.987903e+15/3.494796e+16 surv=1 checked=6.9879e+15 rate=3.281e+11/s elapsed=5.92h block_eta=23.67h
k=392 t=0  20.28%  idx=7.086240e+15/3.494796e+16 surv=1 checked=7.0862e+15 rate=3.281e+11/s elapsed=6.00h block_eta=23.59h
k=392 t=0  20.56%  idx=7.184569e+15/3.494796e+16 surv=1 checked=7.1846e+15 rate=3.281e+11/s elapsed=6.08h block_eta=23.51h
k=392 t=0  20.84%  idx=7.282908e+15/3.494796e+16 surv=1 checked=7.2829e+15 rate=3.281e+11/s elapsed=6.17h block_eta=23.42h
k=392 t=0  21.12%  idx=7.381310e+15/3.494796e+16 surv=1 checked=7.3813e+15 rate=3.281e+11/s elapsed=6.25h block_eta=23.34h
k=392 t=0  21.40%  idx=7.479700e+15/3.494796e+16 surv=1 checked=7.4797e+15 rate=3.281e+11/s elapsed=6.33h block_eta=23.26h
k=392 t=0  21.68%  idx=7.578093e+15/3.494796e+16 surv=1 checked=7.5781e+15 rate=3.281e+11/s elapsed=6.42h block_eta=23.18h
k=392 t=0  21.97%  idx=7.676462e+15/3.494796e+16 surv=1 checked=7.6765e+15 rate=3.281e+11/s elapsed=6.50h block_eta=23.09h
k=392 t=0  22.25%  idx=7.774865e+15/3.494796e+16 surv=1 checked=7.7749e+15 rate=3.281e+11/s elapsed=6.58h block_eta=23.01h
k=392 t=0  22.53%  idx=7.873190e+15/3.494796e+16 surv=1 checked=7.8732e+15 rate=3.280e+11/s elapsed=6.67h block_eta=22.93h
k=392 t=0  22.81%  idx=7.971509e+15/3.494796e+16 surv=1 checked=7.9715e+15 rate=3.280e+11/s elapsed=6.75h block_eta=22.84h
k=392 t=0  23.09%  idx=8.069896e+15/3.494796e+16 surv=1 checked=8.0699e+15 rate=3.280e+11/s elapsed=6.83h block_eta=22.76h
k=392 t=0  23.37%  idx=8.168235e+15/3.494796e+16 surv=1 checked=8.1682e+15 rate=3.280e+11/s elapsed=6.92h block_eta=22.68h
k=392 t=0  23.65%  idx=8.266602e+15/3.494796e+16 surv=1 checked=8.2666e+15 rate=3.280e+11/s elapsed=7.00h block_eta=22.59h
k=392 t=0  23.94%  idx=8.364930e+15/3.494796e+16 surv=1 checked=8.3649e+15 rate=3.280e+11/s elapsed=7.08h block_eta=22.51h
k=392 t=0  24.22%  idx=8.463264e+15/3.494796e+16 surv=1 checked=8.4633e+15 rate=3.280e+11/s elapsed=7.17h block_eta=22.43h
k=392 t=0  24.50%  idx=8.561581e+15/3.494796e+16 surv=1 checked=8.5616e+15 rate=3.280e+11/s elapsed=7.25h block_eta=22.34h
k=392 t=0  24.78%  idx=8.659910e+15/3.494796e+16 surv=1 checked=8.6599e+15 rate=3.280e+11/s elapsed=7.33h block_eta=22.26h
k=392 t=0  25.06%  idx=8.758180e+15/3.494796e+16 surv=1 checked=8.7582e+15 rate=3.280e+11/s elapsed=7.42h block_eta=22.18h
k=392 t=0  25.34%  idx=8.856432e+15/3.494796e+16 surv=1 checked=8.8564e+15 rate=3.280e+11/s elapsed=7.50h block_eta=22.10h
k=392 t=0  25.62%  idx=8.954699e+15/3.494796e+16 surv=1 checked=8.9547e+15 rate=3.280e+11/s elapsed=7.58h block_eta=22.01h
k=392 t=0  25.90%  idx=9.052969e+15/3.494796e+16 surv=1 checked=9.0530e+15 rate=3.280e+11/s elapsed=7.67h block_eta=21.93h
k=392 t=0  26.19%  idx=9.151293e+15/3.494796e+16 surv=1 checked=9.1513e+15 rate=3.280e+11/s elapsed=7.75h block_eta=21.85h
k=392 t=0  26.47%  idx=9.249619e+15/3.494796e+16 surv=1 checked=9.2496e+15 rate=3.280e+11/s elapsed=7.83h block_eta=21.76h
k=392 t=0  26.75%  idx=9.347959e+15/3.494796e+16 surv=1 checked=9.3480e+15 rate=3.280e+11/s elapsed=7.92h block_eta=21.68h
k=392 t=0  27.03%  idx=9.446275e+15/3.494796e+16 surv=1 checked=9.4463e+15 rate=3.280e+11/s elapsed=8.00h block_eta=21.60h
k=392 t=0  27.31%  idx=9.544617e+15/3.494796e+16 surv=1 checked=9.5446e+15 rate=3.280e+11/s elapsed=8.08h block_eta=21.51h
k=392 t=0  27.59%  idx=9.642959e+15/3.494796e+16 surv=1 checked=9.6430e+15 rate=3.280e+11/s elapsed=8.17h block_eta=21.43h
k=392 t=0  27.87%  idx=9.741305e+15/3.494796e+16 surv=1 checked=9.7413e+15 rate=3.280e+11/s elapsed=8.25h block_eta=21.35h
k=392 t=0  28.15%  idx=9.839580e+15/3.494796e+16 surv=1 checked=9.8396e+15 rate=3.280e+11/s elapsed=8.33h block_eta=21.26h
k=392 t=0  28.44%  idx=9.937866e+15/3.494796e+16 surv=1 checked=9.9379e+15 rate=3.280e+11/s elapsed=8.42h block_eta=21.18h
k=392 t=0  28.72%  idx=1.003617e+16/3.494796e+16 surv=1 checked=1.0036e+16 rate=3.280e+11/s elapsed=8.50h block_eta=21.10h
k=392 t=0  29.00%  idx=1.013453e+16/3.494796e+16 surv=1 checked=1.0135e+16 rate=3.280e+11/s elapsed=8.58h block_eta=21.02h
k=392 t=0  29.28%  idx=1.023286e+16/3.494796e+16 surv=1 checked=1.0233e+16 rate=3.280e+11/s elapsed=8.67h block_eta=20.93h
k=392 t=0  29.56%  idx=1.033124e+16/3.494796e+16 surv=1 checked=1.0331e+16 rate=3.280e+11/s elapsed=8.75h block_eta=20.85h
k=392 t=0  29.84%  idx=1.042959e+16/3.494796e+16 surv=1 checked=1.0430e+16 rate=3.280e+11/s elapsed=8.83h block_eta=20.77h
k=392 t=0  30.12%  idx=1.052789e+16/3.494796e+16 surv=1 checked=1.0528e+16 rate=3.280e+11/s elapsed=8.92h block_eta=20.68h
k=392 t=0  30.41%  idx=1.062619e+16/3.494796e+16 surv=1 checked=1.0626e+16 rate=3.280e+11/s elapsed=9.00h block_eta=20.60h
k=392 t=0  30.69%  idx=1.072449e+16/3.494796e+16 surv=1 checked=1.0724e+16 rate=3.280e+11/s elapsed=9.08h block_eta=20.52h
k=392 t=0  30.97%  idx=1.082280e+16/3.494796e+16 surv=1 checked=1.0823e+16 rate=3.280e+11/s elapsed=9.17h block_eta=20.43h
k=392 t=0  31.25%  idx=1.092113e+16/3.494796e+16 surv=1 checked=1.0921e+16 rate=3.280e+11/s elapsed=9.25h block_eta=20.35h
k=392 t=0  31.53%  idx=1.101945e+16/3.494796e+16 surv=1 checked=1.1019e+16 rate=3.280e+11/s elapsed=9.33h block_eta=20.27h
k=392 t=0  31.81%  idx=1.111778e+16/3.494796e+16 surv=1 checked=1.1118e+16 rate=3.280e+11/s elapsed=9.42h block_eta=20.18h
k=392 t=0  32.09%  idx=1.121608e+16/3.494796e+16 surv=1 checked=1.1216e+16 rate=3.280e+11/s elapsed=9.50h block_eta=20.10h
k=392 t=0  32.37%  idx=1.131439e+16/3.494796e+16 surv=1 checked=1.1314e+16 rate=3.280e+11/s elapsed=9.58h block_eta=20.02h
k=392 t=0  32.66%  idx=1.141270e+16/3.494796e+16 surv=1 checked=1.1413e+16 rate=3.279e+11/s elapsed=9.67h block_eta=19.93h
k=392 t=0  32.94%  idx=1.151097e+16/3.494796e+16 surv=1 checked=1.1511e+16 rate=3.279e+11/s elapsed=9.75h block_eta=19.85h
k=392 t=0  33.22%  idx=1.160924e+16/3.494796e+16 surv=1 checked=1.1609e+16 rate=3.279e+11/s elapsed=9.83h block_eta=19.77h
k=392 t=0  33.50%  idx=1.170750e+16/3.494796e+16 surv=1 checked=1.1707e+16 rate=3.279e+11/s elapsed=9.92h block_eta=19.69h
k=392 t=0  33.78%  idx=1.180574e+16/3.494796e+16 surv=1 checked=1.1806e+16 rate=3.279e+11/s elapsed=10.00h block_eta=19.60h
k=392 t=0  34.06%  idx=1.190399e+16/3.494796e+16 surv=1 checked=1.1904e+16 rate=3.279e+11/s elapsed=10.08h block_eta=19.52h
k=392 t=0  34.34%  idx=1.200224e+16/3.494796e+16 surv=1 checked=1.2002e+16 rate=3.279e+11/s elapsed=10.17h block_eta=19.44h
k=392 t=0  34.62%  idx=1.210049e+16/3.494796e+16 surv=1 checked=1.2100e+16 rate=3.279e+11/s elapsed=10.25h block_eta=19.35h
k=392 t=0  34.91%  idx=1.219875e+16/3.494796e+16 surv=1 checked=1.2199e+16 rate=3.279e+11/s elapsed=10.33h block_eta=19.27h
k=392 t=0  35.19%  idx=1.229700e+16/3.494796e+16 surv=1 checked=1.2297e+16 rate=3.279e+11/s elapsed=10.42h block_eta=19.19h
k=392 t=0  35.47%  idx=1.239525e+16/3.494796e+16 surv=1 checked=1.2395e+16 rate=3.279e+11/s elapsed=10.50h block_eta=19.10h
k=392 t=0  35.75%  idx=1.249352e+16/3.494796e+16 surv=1 checked=1.2494e+16 rate=3.279e+11/s elapsed=10.58h block_eta=19.02h
k=392 t=0  36.03%  idx=1.259178e+16/3.494796e+16 surv=1 checked=1.2592e+16 rate=3.279e+11/s elapsed=10.67h block_eta=18.94h
k=392 t=0  36.31%  idx=1.269000e+16/3.494796e+16 surv=1 checked=1.2690e+16 rate=3.279e+11/s elapsed=10.75h block_eta=18.86h
k=392 t=0  36.59%  idx=1.278824e+16/3.494796e+16 surv=1 checked=1.2788e+16 rate=3.279e+11/s elapsed=10.83h block_eta=18.77h
k=392 t=0  36.87%  idx=1.288648e+16/3.494796e+16 surv=1 checked=1.2886e+16 rate=3.279e+11/s elapsed=10.92h block_eta=18.69h
k=392 t=0  37.15%  idx=1.298473e+16/3.494796e+16 surv=1 checked=1.2985e+16 rate=3.279e+11/s elapsed=11.00h block_eta=18.61h
k=392 t=0  37.44%  idx=1.308300e+16/3.494796e+16 surv=1 checked=1.3083e+16 rate=3.279e+11/s elapsed=11.08h block_eta=18.52h
k=392 t=0  37.72%  idx=1.318124e+16/3.494796e+16 surv=1 checked=1.3181e+16 rate=3.279e+11/s elapsed=11.17h block_eta=18.44h
k=392 t=0  38.00%  idx=1.327950e+16/3.494796e+16 surv=1 checked=1.3280e+16 rate=3.279e+11/s elapsed=11.25h block_eta=18.36h
k=392 t=0  38.28%  idx=1.337778e+16/3.494796e+16 surv=1 checked=1.3378e+16 rate=3.279e+11/s elapsed=11.33h block_eta=18.27h
k=392 t=0  38.56%  idx=1.347603e+16/3.494796e+16 surv=1 checked=1.3476e+16 rate=3.279e+11/s elapsed=11.42h block_eta=18.19h
k=392 t=0  38.84%  idx=1.357428e+16/3.494796e+16 surv=1 checked=1.3574e+16 rate=3.279e+11/s elapsed=11.50h block_eta=18.11h
k=392 t=0  39.12%  idx=1.367252e+16/3.494796e+16 surv=1 checked=1.3673e+16 rate=3.279e+11/s elapsed=11.58h block_eta=18.02h
k=392 t=0  39.40%  idx=1.377077e+16/3.494796e+16 surv=1 checked=1.3771e+16 rate=3.279e+11/s elapsed=11.67h block_eta=17.94h
k=392 t=0  39.68%  idx=1.386905e+16/3.494796e+16 surv=1 checked=1.3869e+16 rate=3.279e+11/s elapsed=11.75h block_eta=17.86h
k=392 t=0  39.97%  idx=1.396729e+16/3.494796e+16 surv=1 checked=1.3967e+16 rate=3.279e+11/s elapsed=11.83h block_eta=17.78h
k=392 t=0  40.25%  idx=1.406557e+16/3.494796e+16 surv=1 checked=1.4066e+16 rate=3.279e+11/s elapsed=11.92h block_eta=17.69h
{"k": 392, "status": "TIMEOUT", "block": 0, "idx_done": 14163254880239616, "block_audit": [], "surv_hash_recipe": "sha256 of the UTF-8 bytes of '\\n'.join(decimal(n) for n in sorted(survivors)), no trailing newline; the empty list hashes to sha256(b'')", "unit_done": 221300857503744, "units_total": 546061824000000, "R": 34947956736000000, "residues_checked": 14163254880239616, "wall": 43198.44392871857, "checkpoint": "overnight/2026-08-29/checkpoints/k392_confirm.json", "plan": {"k": 392, "wheel": [[2, 9], [211, 1], [139, 1], [103, 1], [137, 1], [3, 6], [37, 1], [101, 1], [31, 1], [67, 1], [19, 1], [5, 2], [199, 1], [11, 1], [79, 1], [197, 1], [131, 1]], "wheel_primes": [2, 211, 139, 103, 137, 3, 37, 101, 31, 67, 19, 5, 199, 11, 79, 197, 131], "split_primes": [[211, 1, 2], [139, 1, 2], [103, 1, 2], [137, 1, 2], [37, 1, 2], [101, 1, 2], [31, 1, 2], [67, 1, 2], [19, 1, 3], [5, 2, 4], [199, 1, 2], [11, 1, 3], [79, 1, 2], [197, 1, 2], [131, 1, 2]], "N_bits": 111, "M_bits": 111, "M": "2541652164997765645833304226265600", "N": "2541652164997765645833304226265600", "n_filters": 75, "residues_per_block": 34947956736000000, "density_wheel": 1.3750094217172602e-17, "density_rest": 1.0557266195794888e-16, "expected_g": 6.888788540814795e+32, "E_g": 6.888788540814795e+32, "expected_blocks": 0.2710358496604452, "N_over_E": 3.689548822610751, "expected_residue_checks": 9472149147838240.0, "expected_checks_true": 3.584344320503621e+16}, "engine_module": "gpu_sieve_v11", "engine_file": "sieve/gpu_sieve_v11.py", "engine_commit": "887c938", "tag": "confirm"}
# RESUME k=392 engine=gpu_sieve_v11 block t=0 residues_done=14163254880239616/34947956736000000 (40.53%) survivors=1 restarts=1
k=392 t=0  40.81%  idx=1.426197e+16/3.494796e+16 surv=1 checked=1.4262e+16 rate=3.291e+11/s elapsed=0.08h block_eta=17.46h
k=392 t=0  41.09%  idx=1.435955e+16/3.494796e+16 surv=1 checked=1.4360e+16 rate=3.272e+11/s elapsed=0.17h block_eta=17.48h
k=392 t=0  41.37%  idx=1.445716e+16/3.494796e+16 surv=1 checked=1.4457e+16 rate=3.266e+11/s elapsed=0.25h block_eta=17.43h
k=392 t=0  41.65%  idx=1.455473e+16/3.494796e+16 surv=1 checked=1.4555e+16 rate=3.262e+11/s elapsed=0.33h block_eta=17.36h
k=392 t=0  41.93%  idx=1.465231e+16/3.494796e+16 surv=1 checked=1.4652e+16 rate=3.260e+11/s elapsed=0.42h block_eta=17.29h
k=392 t=0  42.21%  idx=1.474991e+16/3.494796e+16 surv=1 checked=1.4750e+16 rate=3.259e+11/s elapsed=0.50h block_eta=17.21h
k=392 t=0  42.48%  idx=1.484751e+16/3.494796e+16 surv=1 checked=1.4848e+16 rate=3.258e+11/s elapsed=0.58h block_eta=17.14h
k=392 t=0  42.76%  idx=1.494517e+16/3.494796e+16 surv=1 checked=1.4945e+16 rate=3.258e+11/s elapsed=0.67h block_eta=17.05h
k=392 t=0  43.04%  idx=1.504284e+16/3.494796e+16 surv=1 checked=1.5043e+16 rate=3.258e+11/s elapsed=0.75h block_eta=16.97h
k=392 t=0  43.32%  idx=1.514046e+16/3.494796e+16 surv=1 checked=1.5140e+16 rate=3.257e+11/s elapsed=0.83h block_eta=16.89h
k=392 t=0  43.60%  idx=1.523807e+16/3.494796e+16 surv=1 checked=1.5238e+16 rate=3.257e+11/s elapsed=0.92h block_eta=16.81h
k=392 t=0  43.88%  idx=1.533575e+16/3.494796e+16 surv=1 checked=1.5336e+16 rate=3.257e+11/s elapsed=1.00h block_eta=16.73h
k=392 t=0  44.16%  idx=1.543338e+16/3.494796e+16 surv=1 checked=1.5433e+16 rate=3.257e+11/s elapsed=1.08h block_eta=16.64h
k=392 t=0  44.44%  idx=1.553101e+16/3.494796e+16 surv=1 checked=1.5531e+16 rate=3.257e+11/s elapsed=1.17h block_eta=16.56h
k=392 t=0  44.72%  idx=1.562940e+16/3.494796e+16 surv=1 checked=1.5629e+16 rate=3.258e+11/s elapsed=1.25h block_eta=16.47h
k=392 t=0  45.00%  idx=1.572776e+16/3.494796e+16 surv=1 checked=1.5728e+16 rate=3.259e+11/s elapsed=1.33h block_eta=16.38h
k=392 t=0  45.29%  idx=1.582618e+16/3.494796e+16 surv=1 checked=1.5826e+16 rate=3.261e+11/s elapsed=1.42h block_eta=16.29h
k=392 t=0  45.57%  idx=1.592465e+16/3.494796e+16 surv=1 checked=1.5925e+16 rate=3.262e+11/s elapsed=1.50h block_eta=16.20h
k=392 t=0  45.85%  idx=1.602314e+16/3.494796e+16 surv=1 checked=1.6023e+16 rate=3.263e+11/s elapsed=1.58h block_eta=16.11h
k=392 t=0  46.13%  idx=1.612156e+16/3.494796e+16 surv=1 checked=1.6122e+16 rate=3.264e+11/s elapsed=1.67h block_eta=16.02h
k=392 t=0  46.41%  idx=1.621998e+16/3.494796e+16 surv=1 checked=1.6220e+16 rate=3.265e+11/s elapsed=1.75h block_eta=15.94h
k=392 t=0  46.69%  idx=1.631836e+16/3.494796e+16 surv=1 checked=1.6318e+16 rate=3.265e+11/s elapsed=1.83h block_eta=15.85h
k=392 t=0  46.97%  idx=1.641676e+16/3.494796e+16 surv=1 checked=1.6417e+16 rate=3.266e+11/s elapsed=1.92h block_eta=15.76h
k=392 t=0  47.26%  idx=1.651518e+16/3.494796e+16 surv=1 checked=1.6515e+16 rate=3.267e+11/s elapsed=2.00h block_eta=15.67h
k=392 t=0  47.54%  idx=1.661356e+16/3.494796e+16 surv=1 checked=1.6614e+16 rate=3.267e+11/s elapsed=2.08h block_eta=15.59h
k=392 t=0  47.82%  idx=1.671189e+16/3.494796e+16 surv=1 checked=1.6712e+16 rate=3.267e+11/s elapsed=2.17h block_eta=15.50h
k=392 t=0  48.10%  idx=1.681030e+16/3.494796e+16 surv=1 checked=1.6810e+16 rate=3.268e+11/s elapsed=2.25h block_eta=15.42h
k=392 t=0  48.38%  idx=1.690875e+16/3.494796e+16 surv=1 checked=1.6909e+16 rate=3.268e+11/s elapsed=2.33h block_eta=15.33h
k=392 t=0  48.66%  idx=1.700721e+16/3.494796e+16 surv=1 checked=1.7007e+16 rate=3.269e+11/s elapsed=2.42h block_eta=15.25h
k=392 t=0  48.95%  idx=1.710564e+16/3.494796e+16 surv=1 checked=1.7106e+16 rate=3.269e+11/s elapsed=2.50h block_eta=15.16h
k=392 t=0  49.23%  idx=1.720402e+16/3.494796e+16 surv=1 checked=1.7204e+16 rate=3.270e+11/s elapsed=2.58h block_eta=15.07h
k=392 t=0  49.51%  idx=1.730233e+16/3.494796e+16 surv=1 checked=1.7302e+16 rate=3.270e+11/s elapsed=2.67h block_eta=14.99h
k=392 t=0  49.79%  idx=1.740066e+16/3.494796e+16 surv=1 checked=1.7401e+16 rate=3.270e+11/s elapsed=2.75h block_eta=14.91h
k=392 t=0  50.07%  idx=1.749904e+16/3.494796e+16 surv=1 checked=1.7499e+16 rate=3.270e+11/s elapsed=2.83h block_eta=14.82h
k=392 t=0  50.35%  idx=1.759741e+16/3.494796e+16 surv=1 checked=1.7597e+16 rate=3.271e+11/s elapsed=2.92h block_eta=14.74h
k=392 t=0  50.63%  idx=1.769575e+16/3.494796e+16 surv=1 checked=1.7696e+16 rate=3.271e+11/s elapsed=3.00h block_eta=14.65h
k=392 t=0  50.92%  idx=1.779407e+16/3.494796e+16 surv=1 checked=1.7794e+16 rate=3.271e+11/s elapsed=3.08h block_eta=14.57h
k=392 t=0  51.20%  idx=1.789240e+16/3.494796e+16 surv=2 checked=1.7892e+16 rate=3.271e+11/s elapsed=3.17h block_eta=14.48h
k=392 t=0  51.48%  idx=1.799072e+16/3.494796e+16 surv=2 checked=1.7991e+16 rate=3.271e+11/s elapsed=3.25h block_eta=14.40h
k=392 t=0  51.76%  idx=1.808908e+16/3.494796e+16 surv=2 checked=1.8089e+16 rate=3.272e+11/s elapsed=3.33h block_eta=14.31h
k=392 t=0  52.04%  idx=1.818748e+16/3.494796e+16 surv=2 checked=1.8187e+16 rate=3.272e+11/s elapsed=3.42h block_eta=14.23h
k=392 t=0  52.32%  idx=1.828591e+16/3.494796e+16 surv=2 checked=1.8286e+16 rate=3.272e+11/s elapsed=3.50h block_eta=14.15h
k=392 t=0  52.60%  idx=1.838428e+16/3.494796e+16 surv=2 checked=1.8384e+16 rate=3.272e+11/s elapsed=3.58h block_eta=14.06h
k=392 t=0  52.89%  idx=1.848266e+16/3.494796e+16 surv=2 checked=1.8483e+16 rate=3.272e+11/s elapsed=3.67h block_eta=13.98h
k=392 t=0  53.17%  idx=1.858106e+16/3.494796e+16 surv=2 checked=1.8581e+16 rate=3.272e+11/s elapsed=3.75h block_eta=13.89h
k=392 t=0  53.45%  idx=1.867948e+16/3.494796e+16 surv=2 checked=1.8679e+16 rate=3.273e+11/s elapsed=3.83h block_eta=13.81h
k=392 t=0  53.73%  idx=1.877789e+16/3.494796e+16 surv=2 checked=1.8778e+16 rate=3.273e+11/s elapsed=3.92h block_eta=13.72h
k=392 t=0  54.01%  idx=1.887627e+16/3.494796e+16 surv=2 checked=1.8876e+16 rate=3.273e+11/s elapsed=4.00h block_eta=13.64h
k=392 t=0  54.29%  idx=1.897469e+16/3.494796e+16 surv=2 checked=1.8975e+16 rate=3.273e+11/s elapsed=4.08h block_eta=13.56h
k=392 t=0  54.58%  idx=1.907313e+16/3.494796e+16 surv=2 checked=1.9073e+16 rate=3.273e+11/s elapsed=4.17h block_eta=13.47h
k=392 t=0  54.86%  idx=1.917157e+16/3.494796e+16 surv=2 checked=1.9172e+16 rate=3.273e+11/s elapsed=4.25h block_eta=13.39h
k=392 t=0  55.14%  idx=1.927006e+16/3.494796e+16 surv=2 checked=1.9270e+16 rate=3.274e+11/s elapsed=4.33h block_eta=13.30h
k=392 t=0  55.42%  idx=1.936854e+16/3.494796e+16 surv=2 checked=1.9369e+16 rate=3.274e+11/s elapsed=4.42h block_eta=13.22h
k=392 t=0  55.70%  idx=1.946696e+16/3.494796e+16 surv=2 checked=1.9467e+16 rate=3.274e+11/s elapsed=4.50h block_eta=13.14h
k=392 t=0  55.98%  idx=1.956539e+16/3.494796e+16 surv=2 checked=1.9565e+16 rate=3.274e+11/s elapsed=4.58h block_eta=13.05h
k=392 t=0  56.27%  idx=1.966383e+16/3.494796e+16 surv=3 checked=1.9664e+16 rate=3.274e+11/s elapsed=4.67h block_eta=12.97h
k=392 t=0  56.55%  idx=1.976231e+16/3.494796e+16 surv=3 checked=1.9762e+16 rate=3.274e+11/s elapsed=4.75h block_eta=12.88h
k=392 t=0  56.83%  idx=1.986080e+16/3.494796e+16 surv=3 checked=1.9861e+16 rate=3.274e+11/s elapsed=4.83h block_eta=12.80h
k=392 t=0  57.11%  idx=1.995926e+16/3.494796e+16 surv=3 checked=1.9959e+16 rate=3.275e+11/s elapsed=4.92h block_eta=12.71h
k=392 t=0  57.39%  idx=2.005769e+16/3.494796e+16 surv=3 checked=2.0058e+16 rate=3.275e+11/s elapsed=5.00h block_eta=12.63h
k=392 t=0  57.67%  idx=2.015605e+16/3.494796e+16 surv=3 checked=2.0156e+16 rate=3.275e+11/s elapsed=5.08h block_eta=12.55h
k=392 t=0  57.96%  idx=2.025445e+16/3.494796e+16 surv=3 checked=2.0254e+16 rate=3.275e+11/s elapsed=5.17h block_eta=12.46h
k=392 t=0  58.24%  idx=2.035293e+16/3.494796e+16 surv=3 checked=2.0353e+16 rate=3.275e+11/s elapsed=5.25h block_eta=12.38h
k=392 t=0  58.52%  idx=2.045138e+16/3.494796e+16 surv=3 checked=2.0451e+16 rate=3.275e+11/s elapsed=5.33h block_eta=12.30h
k=392 t=0  58.80%  idx=2.054984e+16/3.494796e+16 surv=3 checked=2.0550e+16 rate=3.275e+11/s elapsed=5.42h block_eta=12.21h
k=392 t=0  59.08%  idx=2.064831e+16/3.494796e+16 surv=3 checked=2.0648e+16 rate=3.275e+11/s elapsed=5.50h block_eta=12.13h
k=392 t=0  59.36%  idx=2.074676e+16/3.494796e+16 surv=3 checked=2.0747e+16 rate=3.275e+11/s elapsed=5.58h block_eta=12.04h
k=392 t=0  59.65%  idx=2.084520e+16/3.494796e+16 surv=3 checked=2.0845e+16 rate=3.275e+11/s elapsed=5.67h block_eta=11.96h
k=392 t=0  59.93%  idx=2.094358e+16/3.494796e+16 surv=3 checked=2.0944e+16 rate=3.276e+11/s elapsed=5.75h block_eta=11.88h
k=392 t=0  60.21%  idx=2.104195e+16/3.494796e+16 surv=3 checked=2.1042e+16 rate=3.276e+11/s elapsed=5.83h block_eta=11.79h
k=392 t=0  60.49%  idx=2.114036e+16/3.494796e+16 surv=3 checked=2.1140e+16 rate=3.276e+11/s elapsed=5.92h block_eta=11.71h
k=392 t=0  60.77%  idx=2.123882e+16/3.494796e+16 surv=3 checked=2.1239e+16 rate=3.276e+11/s elapsed=6.00h block_eta=11.63h
k=392 t=0  61.05%  idx=2.133730e+16/3.494796e+16 surv=3 checked=2.1337e+16 rate=3.276e+11/s elapsed=6.08h block_eta=11.54h
k=392 t=0  61.34%  idx=2.143578e+16/3.494796e+16 surv=3 checked=2.1436e+16 rate=3.276e+11/s elapsed=6.17h block_eta=11.46h
k=392 t=0  61.62%  idx=2.153424e+16/3.494796e+16 surv=3 checked=2.1534e+16 rate=3.276e+11/s elapsed=6.25h block_eta=11.37h
k=392 t=0  61.90%  idx=2.163273e+16/3.494796e+16 surv=3 checked=2.1633e+16 rate=3.276e+11/s elapsed=6.33h block_eta=11.29h
k=392 t=0  62.18%  idx=2.173125e+16/3.494796e+16 surv=3 checked=2.1731e+16 rate=3.276e+11/s elapsed=6.42h block_eta=11.21h
k=392 t=0  62.46%  idx=2.182975e+16/3.494796e+16 surv=3 checked=2.1830e+16 rate=3.276e+11/s elapsed=6.50h block_eta=11.12h
k=392 t=0  62.75%  idx=2.192823e+16/3.494796e+16 surv=3 checked=2.1928e+16 rate=3.276e+11/s elapsed=6.58h block_eta=11.04h
k=392 t=0  63.03%  idx=2.202668e+16/3.494796e+16 surv=3 checked=2.2027e+16 rate=3.276e+11/s elapsed=6.67h block_eta=10.95h
k=392 t=0  63.31%  idx=2.212516e+16/3.494796e+16 surv=3 checked=2.2125e+16 rate=3.276e+11/s elapsed=6.75h block_eta=10.87h
k=392 t=0  63.59%  idx=2.222360e+16/3.494796e+16 surv=3 checked=2.2224e+16 rate=3.277e+11/s elapsed=6.83h block_eta=10.79h
k=392 t=0  63.87%  idx=2.232206e+16/3.494796e+16 surv=3 checked=2.2322e+16 rate=3.277e+11/s elapsed=6.92h block_eta=10.70h
k=392 t=0  64.15%  idx=2.242054e+16/3.494796e+16 surv=3 checked=2.2421e+16 rate=3.277e+11/s elapsed=7.00h block_eta=10.62h
k=392 t=0  64.44%  idx=2.251902e+16/3.494796e+16 surv=3 checked=2.2519e+16 rate=3.277e+11/s elapsed=7.08h block_eta=10.54h
k=392 t=0  64.72%  idx=2.261755e+16/3.494796e+16 surv=3 checked=2.2618e+16 rate=3.277e+11/s elapsed=7.17h block_eta=10.45h
k=392 t=0  65.00%  idx=2.271609e+16/3.494796e+16 surv=3 checked=2.2716e+16 rate=3.277e+11/s elapsed=7.25h block_eta=10.37h
k=392 t=0  65.28%  idx=2.281461e+16/3.494796e+16 surv=3 checked=2.2815e+16 rate=3.277e+11/s elapsed=7.33h block_eta=10.28h
k=392 t=0  65.56%  idx=2.291313e+16/3.494796e+16 surv=3 checked=2.2913e+16 rate=3.277e+11/s elapsed=7.42h block_eta=10.20h
k=392 t=0  65.85%  idx=2.301163e+16/3.494796e+16 surv=3 checked=2.3012e+16 rate=3.277e+11/s elapsed=7.50h block_eta=10.12h
k=392 t=0  66.13%  idx=2.311012e+16/3.494796e+16 surv=3 checked=2.3110e+16 rate=3.277e+11/s elapsed=7.58h block_eta=10.03h
k=392 t=0  66.41%  idx=2.320858e+16/3.494796e+16 surv=3 checked=2.3209e+16 rate=3.277e+11/s elapsed=7.67h block_eta=9.95h
k=392 t=0  66.69%  idx=2.330704e+16/3.494796e+16 surv=3 checked=2.3307e+16 rate=3.277e+11/s elapsed=7.75h block_eta=9.87h
k=392 t=0  66.97%  idx=2.340552e+16/3.494796e+16 surv=3 checked=2.3406e+16 rate=3.277e+11/s elapsed=7.83h block_eta=9.78h
k=392 t=0  67.25%  idx=2.350401e+16/3.494796e+16 surv=3 checked=2.3504e+16 rate=3.277e+11/s elapsed=7.92h block_eta=9.70h
k=392 t=0  67.54%  idx=2.360248e+16/3.494796e+16 surv=3 checked=2.3602e+16 rate=3.277e+11/s elapsed=8.00h block_eta=9.62h
k=392 t=0  67.82%  idx=2.370100e+16/3.494796e+16 surv=3 checked=2.3701e+16 rate=3.278e+11/s elapsed=8.08h block_eta=9.53h
k=392 t=0  68.10%  idx=2.379955e+16/3.494796e+16 surv=3 checked=2.3800e+16 rate=3.278e+11/s elapsed=8.17h block_eta=9.45h
k=392 t=0  68.38%  idx=2.389808e+16/3.494796e+16 surv=3 checked=2.3898e+16 rate=3.278e+11/s elapsed=8.25h block_eta=9.36h
k=392 t=0  68.66%  idx=2.399661e+16/3.494796e+16 surv=3 checked=2.3997e+16 rate=3.278e+11/s elapsed=8.33h block_eta=9.28h
k=392 t=0  68.95%  idx=2.409511e+16/3.494796e+16 surv=3 checked=2.4095e+16 rate=3.278e+11/s elapsed=8.42h block_eta=9.20h
k=392 t=0  69.23%  idx=2.419364e+16/3.494796e+16 surv=3 checked=2.4194e+16 rate=3.278e+11/s elapsed=8.50h block_eta=9.11h
k=392 t=0  69.51%  idx=2.429223e+16/3.494796e+16 surv=3 checked=2.4292e+16 rate=3.278e+11/s elapsed=8.58h block_eta=9.03h
k=392 t=0  69.79%  idx=2.439083e+16/3.494796e+16 surv=3 checked=2.4391e+16 rate=3.278e+11/s elapsed=8.67h block_eta=8.95h
k=392 t=0  70.07%  idx=2.448941e+16/3.494796e+16 surv=3 checked=2.4489e+16 rate=3.278e+11/s elapsed=8.75h block_eta=8.86h
k=392 t=0  70.36%  idx=2.458801e+16/3.494796e+16 surv=3 checked=2.4588e+16 rate=3.278e+11/s elapsed=8.83h block_eta=8.78h
k=392 t=0  70.64%  idx=2.468658e+16/3.494796e+16 surv=3 checked=2.4687e+16 rate=3.278e+11/s elapsed=8.92h block_eta=8.69h
k=392 t=0  70.92%  idx=2.478516e+16/3.494796e+16 surv=3 checked=2.4785e+16 rate=3.278e+11/s elapsed=9.00h block_eta=8.61h
k=392 t=0  71.20%  idx=2.488376e+16/3.494796e+16 surv=3 checked=2.4884e+16 rate=3.278e+11/s elapsed=9.08h block_eta=8.53h
k=392 t=0  71.48%  idx=2.498236e+16/3.494796e+16 surv=3 checked=2.4982e+16 rate=3.278e+11/s elapsed=9.17h block_eta=8.44h
k=392 t=0  71.77%  idx=2.508092e+16/3.494796e+16 surv=3 checked=2.5081e+16 rate=3.279e+11/s elapsed=9.25h block_eta=8.36h
k=392 t=0  72.05%  idx=2.517952e+16/3.494796e+16 surv=3 checked=2.5180e+16 rate=3.279e+11/s elapsed=9.33h block_eta=8.28h
k=392 t=0  72.33%  idx=2.527812e+16/3.494796e+16 surv=3 checked=2.5278e+16 rate=3.279e+11/s elapsed=9.42h block_eta=8.19h
k=392 t=0  72.61%  idx=2.537669e+16/3.494796e+16 surv=3 checked=2.5377e+16 rate=3.279e+11/s elapsed=9.50h block_eta=8.11h
k=392 t=0  72.89%  idx=2.547529e+16/3.494796e+16 surv=3 checked=2.5475e+16 rate=3.279e+11/s elapsed=9.58h block_eta=8.03h
k=392 t=0  73.18%  idx=2.557391e+16/3.494796e+16 surv=3 checked=2.5574e+16 rate=3.279e+11/s elapsed=9.67h block_eta=7.94h
k=392 t=0  73.46%  idx=2.567253e+16/3.494796e+16 surv=3 checked=2.5673e+16 rate=3.279e+11/s elapsed=9.75h block_eta=7.86h
k=392 t=0  73.74%  idx=2.577113e+16/3.494796e+16 surv=3 checked=2.5771e+16 rate=3.279e+11/s elapsed=9.83h block_eta=7.77h
k=392 t=0  74.02%  idx=2.586973e+16/3.494796e+16 surv=3 checked=2.5870e+16 rate=3.279e+11/s elapsed=9.92h block_eta=7.69h
k=392 t=0  74.31%  idx=2.596832e+16/3.494796e+16 surv=3 checked=2.5968e+16 rate=3.279e+11/s elapsed=10.00h block_eta=7.61h
k=392 t=0  74.59%  idx=2.606689e+16/3.494796e+16 surv=3 checked=2.6067e+16 rate=3.279e+11/s elapsed=10.08h block_eta=7.52h
k=392 t=0  74.87%  idx=2.616545e+16/3.494796e+16 surv=3 checked=2.6165e+16 rate=3.279e+11/s elapsed=10.17h block_eta=7.44h
k=392 t=0  75.15%  idx=2.626402e+16/3.494796e+16 surv=3 checked=2.6264e+16 rate=3.279e+11/s elapsed=10.25h block_eta=7.36h
k=392 t=0  75.43%  idx=2.636255e+16/3.494796e+16 surv=3 checked=2.6363e+16 rate=3.279e+11/s elapsed=10.33h block_eta=7.27h
k=392 t=0  75.72%  idx=2.646111e+16/3.494796e+16 surv=3 checked=2.6461e+16 rate=3.279e+11/s elapsed=10.42h block_eta=7.19h
k=392 t=0  76.00%  idx=2.655969e+16/3.494796e+16 surv=3 checked=2.6560e+16 rate=3.279e+11/s elapsed=10.50h block_eta=7.11h
k=392 t=0  76.28%  idx=2.665826e+16/3.494796e+16 surv=3 checked=2.6658e+16 rate=3.280e+11/s elapsed=10.58h block_eta=7.02h
k=392 t=0  76.56%  idx=2.675684e+16/3.494796e+16 surv=3 checked=2.6757e+16 rate=3.280e+11/s elapsed=10.67h block_eta=6.94h
k=392 t=0  76.84%  idx=2.685542e+16/3.494796e+16 surv=3 checked=2.6855e+16 rate=3.280e+11/s elapsed=10.75h block_eta=6.85h
k=392 t=0  77.13%  idx=2.695399e+16/3.494796e+16 surv=3 checked=2.6954e+16 rate=3.280e+11/s elapsed=10.83h block_eta=6.77h
k=392 t=0  77.41%  idx=2.705257e+16/3.494796e+16 surv=3 checked=2.7053e+16 rate=3.280e+11/s elapsed=10.92h block_eta=6.69h
k=392 t=0  77.69%  idx=2.715118e+16/3.494796e+16 surv=3 checked=2.7151e+16 rate=3.280e+11/s elapsed=11.00h block_eta=6.60h
k=392 t=0  77.97%  idx=2.724978e+16/3.494796e+16 surv=3 checked=2.7250e+16 rate=3.280e+11/s elapsed=11.08h block_eta=6.52h
k=392 t=0  78.25%  idx=2.734839e+16/3.494796e+16 surv=3 checked=2.7348e+16 rate=3.280e+11/s elapsed=11.17h block_eta=6.44h
k=392 t=0  78.54%  idx=2.744700e+16/3.494796e+16 surv=3 checked=2.7447e+16 rate=3.280e+11/s elapsed=11.25h block_eta=6.35h
k=392 t=0  78.82%  idx=2.754558e+16/3.494796e+16 surv=3 checked=2.7546e+16 rate=3.280e+11/s elapsed=11.33h block_eta=6.27h
k=392 t=0  79.10%  idx=2.764418e+16/3.494796e+16 surv=3 checked=2.7644e+16 rate=3.280e+11/s elapsed=11.42h block_eta=6.19h
k=392 t=0  79.38%  idx=2.774279e+16/3.494796e+16 surv=3 checked=2.7743e+16 rate=3.280e+11/s elapsed=11.50h block_eta=6.10h
k=392 t=0  79.67%  idx=2.784139e+16/3.494796e+16 surv=3 checked=2.7841e+16 rate=3.280e+11/s elapsed=11.58h block_eta=6.02h
k=392 t=0  79.95%  idx=2.793998e+16/3.494796e+16 surv=3 checked=2.7940e+16 rate=3.280e+11/s elapsed=11.67h block_eta=5.93h
k=392 t=0  80.23%  idx=2.803857e+16/3.494796e+16 surv=3 checked=2.8039e+16 rate=3.280e+11/s elapsed=11.75h block_eta=5.85h
k=392 t=0  80.51%  idx=2.813718e+16/3.494796e+16 surv=3 checked=2.8137e+16 rate=3.280e+11/s elapsed=11.83h block_eta=5.77h
k=392 t=0  80.79%  idx=2.823580e+16/3.494796e+16 surv=3 checked=2.8236e+16 rate=3.280e+11/s elapsed=11.92h block_eta=5.68h
{"k": 392, "status": "TIMEOUT", "block": 0, "idx_done": 28333908915388416, "block_audit": [], "surv_hash_recipe": "sha256 of the UTF-8 bytes of '\\n'.join(decimal(n) for n in sorted(survivors)), no trailing newline; the empty list hashes to sha256(b'')", "unit_done": 442717326802944, "units_total": 546061824000000, "R": 34947956736000000, "residues_checked": 28333908915388416, "wall": 43198.66895031929, "checkpoint": "overnight/2026-08-29/checkpoints/k392_confirm.json", "plan": {"k": 392, "wheel": [[2, 9], [211, 1], [139, 1], [103, 1], [137, 1], [3, 6], [37, 1], [101, 1], [31, 1], [67, 1], [19, 1], [5, 2], [199, 1], [11, 1], [79, 1], [197, 1], [131, 1]], "wheel_primes": [2, 211, 139, 103, 137, 3, 37, 101, 31, 67, 19, 5, 199, 11, 79, 197, 131], "split_primes": [[211, 1, 2], [139, 1, 2], [103, 1, 2], [137, 1, 2], [37, 1, 2], [101, 1, 2], [31, 1, 2], [67, 1, 2], [19, 1, 3], [5, 2, 4], [199, 1, 2], [11, 1, 3], [79, 1, 2], [197, 1, 2], [131, 1, 2]], "N_bits": 111, "M_bits": 111, "M": "2541652164997765645833304226265600", "N": "2541652164997765645833304226265600", "n_filters": 75, "residues_per_block": 34947956736000000, "density_wheel": 1.3750094217172602e-17, "density_rest": 1.0557266195794888e-16, "expected_g": 6.888788540814795e+32, "E_g": 6.888788540814795e+32, "expected_blocks": 0.2710358496604452, "N_over_E": 3.689548822610751, "expected_residue_checks": 9472149147838240.0, "expected_checks_true": 3.584344320503621e+16}, "engine_module": "gpu_sieve_v11", "engine_file": "sieve/gpu_sieve_v11.py", "engine_commit": "887c938", "tag": "confirm"}
# RESUME k=392 engine=gpu_sieve_v11 block t=0 residues_done=28333908915388416/34947956736000000 (81.07%) survivors=3 restarts=2
k=392 t=0  81.36%  idx=2.843311e+16/3.494796e+16 surv=3 checked=2.8433e+16 rate=3.307e+11/s elapsed=0.08h block_eta=5.47h
k=392 t=0  81.64%  idx=2.853179e+16/3.494796e+16 surv=3 checked=2.8532e+16 rate=3.298e+11/s elapsed=0.17h block_eta=5.40h
k=392 t=0  81.92%  idx=2.863048e+16/3.494796e+16 surv=3 checked=2.8630e+16 rate=3.295e+11/s elapsed=0.25h block_eta=5.33h
k=392 t=0  82.21%  idx=2.872914e+16/3.494796e+16 surv=3 checked=2.8729e+16 rate=3.294e+11/s elapsed=0.33h block_eta=5.24h
k=392 t=0  82.49%  idx=2.882785e+16/3.494796e+16 surv=3 checked=2.8828e+16 rate=3.293e+11/s elapsed=0.42h block_eta=5.16h
k=392 t=0  82.77%  idx=2.892654e+16/3.494796e+16 surv=3 checked=2.8927e+16 rate=3.292e+11/s elapsed=0.50h block_eta=5.08h
k=392 t=0  83.05%  idx=2.902526e+16/3.494796e+16 surv=3 checked=2.9025e+16 rate=3.292e+11/s elapsed=0.58h block_eta=5.00h
k=392 t=0  83.34%  idx=2.912403e+16/3.494796e+16 surv=3 checked=2.9124e+16 rate=3.292e+11/s elapsed=0.67h block_eta=4.91h
k=392 t=0  83.62%  idx=2.922274e+16/3.494796e+16 surv=3 checked=2.9223e+16 rate=3.292e+11/s elapsed=0.75h block_eta=4.83h
k=392 t=0  83.90%  idx=2.932147e+16/3.494796e+16 surv=3 checked=2.9321e+16 rate=3.292e+11/s elapsed=0.83h block_eta=4.75h
k=392 t=0  84.18%  idx=2.942019e+16/3.494796e+16 surv=3 checked=2.9420e+16 rate=3.292e+11/s elapsed=0.92h block_eta=4.66h
k=392 t=0  84.47%  idx=2.951887e+16/3.494796e+16 surv=3 checked=2.9519e+16 rate=3.292e+11/s elapsed=1.00h block_eta=4.58h
k=392 t=0  84.75%  idx=2.961757e+16/3.494796e+16 surv=3 checked=2.9618e+16 rate=3.291e+11/s elapsed=1.08h block_eta=4.50h
k=392 t=0  85.03%  idx=2.971627e+16/3.494796e+16 surv=3 checked=2.9716e+16 rate=3.291e+11/s elapsed=1.17h block_eta=4.42h
k=392 t=0  85.31%  idx=2.981498e+16/3.494796e+16 surv=3 checked=2.9815e+16 rate=3.291e+11/s elapsed=1.25h block_eta=4.33h
k=392 t=0  85.60%  idx=2.991371e+16/3.494796e+16 surv=3 checked=2.9914e+16 rate=3.291e+11/s elapsed=1.33h block_eta=4.25h
k=392 t=0  85.88%  idx=3.001237e+16/3.494796e+16 surv=3 checked=3.0012e+16 rate=3.291e+11/s elapsed=1.42h block_eta=4.17h
k=392 t=0  86.16%  idx=3.011106e+16/3.494796e+16 surv=3 checked=3.0111e+16 rate=3.291e+11/s elapsed=1.50h block_eta=4.08h
k=392 t=0  86.44%  idx=3.020973e+16/3.494796e+16 surv=3 checked=3.0210e+16 rate=3.291e+11/s elapsed=1.58h block_eta=4.00h
k=392 t=0  86.72%  idx=3.030844e+16/3.494796e+16 surv=3 checked=3.0308e+16 rate=3.291e+11/s elapsed=1.67h block_eta=3.92h
k=392 t=0  87.01%  idx=3.040714e+16/3.494796e+16 surv=3 checked=3.0407e+16 rate=3.291e+11/s elapsed=1.75h block_eta=3.83h
k=392 t=0  87.29%  idx=3.050586e+16/3.494796e+16 surv=3 checked=3.0506e+16 rate=3.291e+11/s elapsed=1.83h block_eta=3.75h
k=392 t=0  87.57%  idx=3.060458e+16/3.494796e+16 surv=3 checked=3.0605e+16 rate=3.291e+11/s elapsed=1.92h block_eta=3.67h
k=392 t=0  87.85%  idx=3.070331e+16/3.494796e+16 surv=3 checked=3.0703e+16 rate=3.291e+11/s elapsed=2.00h block_eta=3.58h
k=392 t=0  88.14%  idx=3.080202e+16/3.494796e+16 surv=3 checked=3.0802e+16 rate=3.291e+11/s elapsed=2.08h block_eta=3.50h
k=392 t=0  88.42%  idx=3.090069e+16/3.494796e+16 surv=3 checked=3.0901e+16 rate=3.291e+11/s elapsed=2.17h block_eta=3.42h
k=392 t=0  88.70%  idx=3.099936e+16/3.494796e+16 surv=3 checked=3.0999e+16 rate=3.291e+11/s elapsed=2.25h block_eta=3.33h
k=392 t=0  88.98%  idx=3.109805e+16/3.494796e+16 surv=3 checked=3.1098e+16 rate=3.291e+11/s elapsed=2.33h block_eta=3.25h
k=392 t=0  89.27%  idx=3.119676e+16/3.494796e+16 surv=3 checked=3.1197e+16 rate=3.291e+11/s elapsed=2.42h block_eta=3.17h
k=392 t=0  89.55%  idx=3.129543e+16/3.494796e+16 surv=3 checked=3.1295e+16 rate=3.291e+11/s elapsed=2.50h block_eta=3.08h
k=392 t=0  89.83%  idx=3.139411e+16/3.494796e+16 surv=3 checked=3.1394e+16 rate=3.291e+11/s elapsed=2.58h block_eta=3.00h
k=392 t=0  90.11%  idx=3.149286e+16/3.494796e+16 surv=3 checked=3.1493e+16 rate=3.291e+11/s elapsed=2.67h block_eta=2.92h
k=392 t=0  90.40%  idx=3.159166e+16/3.494796e+16 surv=3 checked=3.1592e+16 rate=3.291e+11/s elapsed=2.75h block_eta=2.83h
k=392 t=0  90.68%  idx=3.169041e+16/3.494796e+16 surv=3 checked=3.1690e+16 rate=3.291e+11/s elapsed=2.83h block_eta=2.75h
k=392 t=0  90.96%  idx=3.178914e+16/3.494796e+16 surv=3 checked=3.1789e+16 rate=3.291e+11/s elapsed=2.92h block_eta=2.67h
k=392 t=0  91.24%  idx=3.188785e+16/3.494796e+16 surv=3 checked=3.1888e+16 rate=3.291e+11/s elapsed=3.00h block_eta=2.58h
k=392 t=0  91.53%  idx=3.198653e+16/3.494796e+16 surv=3 checked=3.1987e+16 rate=3.291e+11/s elapsed=3.08h block_eta=2.50h
k=392 t=0  91.81%  idx=3.208522e+16/3.494796e+16 surv=3 checked=3.2085e+16 rate=3.291e+11/s elapsed=3.17h block_eta=2.42h
k=392 t=0  92.09%  idx=3.218391e+16/3.494796e+16 surv=3 checked=3.2184e+16 rate=3.291e+11/s elapsed=3.25h block_eta=2.33h
k=392 t=0  92.37%  idx=3.228264e+16/3.494796e+16 surv=3 checked=3.2283e+16 rate=3.291e+11/s elapsed=3.33h block_eta=2.25h
k=392 t=0  92.66%  idx=3.238135e+16/3.494796e+16 surv=3 checked=3.2381e+16 rate=3.291e+11/s elapsed=3.42h block_eta=2.17h
k=392 t=0  92.94%  idx=3.248005e+16/3.494796e+16 surv=3 checked=3.2480e+16 rate=3.291e+11/s elapsed=3.50h block_eta=2.08h
k=392 t=0  93.22%  idx=3.257876e+16/3.494796e+16 surv=3 checked=3.2579e+16 rate=3.291e+11/s elapsed=3.58h block_eta=2.00h
k=392 t=0  93.50%  idx=3.267747e+16/3.494796e+16 surv=3 checked=3.2677e+16 rate=3.291e+11/s elapsed=3.67h block_eta=1.92h
k=392 t=0  93.79%  idx=3.277619e+16/3.494796e+16 surv=3 checked=3.2776e+16 rate=3.291e+11/s elapsed=3.75h block_eta=1.83h
k=392 t=0  94.07%  idx=3.287493e+16/3.494796e+16 surv=3 checked=3.2875e+16 rate=3.291e+11/s elapsed=3.83h block_eta=1.75h
k=392 t=0  94.35%  idx=3.297367e+16/3.494796e+16 surv=3 checked=3.2974e+16 rate=3.291e+11/s elapsed=3.92h block_eta=1.67h
k=392 t=0  94.63%  idx=3.307243e+16/3.494796e+16 surv=3 checked=3.3072e+16 rate=3.291e+11/s elapsed=4.00h block_eta=1.58h
k=392 t=0  94.92%  idx=3.317119e+16/3.494796e+16 surv=3 checked=3.3171e+16 rate=3.291e+11/s elapsed=4.08h block_eta=1.50h
k=392 t=0  95.20%  idx=3.326997e+16/3.494796e+16 surv=3 checked=3.3270e+16 rate=3.291e+11/s elapsed=4.17h block_eta=1.42h
k=392 t=0  95.48%  idx=3.336874e+16/3.494796e+16 surv=3 checked=3.3369e+16 rate=3.291e+11/s elapsed=4.25h block_eta=1.33h
k=392 t=0  95.76%  idx=3.346755e+16/3.494796e+16 surv=3 checked=3.3468e+16 rate=3.291e+11/s elapsed=4.33h block_eta=1.25h
k=392 t=0  96.05%  idx=3.356636e+16/3.494796e+16 surv=3 checked=3.3566e+16 rate=3.291e+11/s elapsed=4.42h block_eta=1.17h
k=392 t=0  96.33%  idx=3.366519e+16/3.494796e+16 surv=3 checked=3.3665e+16 rate=3.291e+11/s elapsed=4.50h block_eta=1.08h
k=392 t=0  96.61%  idx=3.376403e+16/3.494796e+16 surv=3 checked=3.3764e+16 rate=3.291e+11/s elapsed=4.58h block_eta=1.00h
k=392 t=0  96.89%  idx=3.386280e+16/3.494796e+16 surv=3 checked=3.3863e+16 rate=3.291e+11/s elapsed=4.67h block_eta=0.92h
k=392 t=0  97.18%  idx=3.396152e+16/3.494796e+16 surv=3 checked=3.3962e+16 rate=3.291e+11/s elapsed=4.75h block_eta=0.83h
k=392 t=0  97.46%  idx=3.406021e+16/3.494796e+16 surv=3 checked=3.4060e+16 rate=3.291e+11/s elapsed=4.83h block_eta=0.75h
k=392 t=0  97.74%  idx=3.415890e+16/3.494796e+16 surv=3 checked=3.4159e+16 rate=3.291e+11/s elapsed=4.92h block_eta=0.67h
k=392 t=0  98.02%  idx=3.425762e+16/3.494796e+16 surv=3 checked=3.4258e+16 rate=3.291e+11/s elapsed=5.00h block_eta=0.58h
k=392 t=0  98.31%  idx=3.435634e+16/3.494796e+16 surv=3 checked=3.4356e+16 rate=3.291e+11/s elapsed=5.08h block_eta=0.50h
k=392 t=0  98.59%  idx=3.445510e+16/3.494796e+16 surv=3 checked=3.4455e+16 rate=3.291e+11/s elapsed=5.17h block_eta=0.42h
k=392 t=0  98.87%  idx=3.455385e+16/3.494796e+16 surv=3 checked=3.4554e+16 rate=3.291e+11/s elapsed=5.25h block_eta=0.33h
k=392 t=0  99.15%  idx=3.465257e+16/3.494796e+16 surv=3 checked=3.4653e+16 rate=3.291e+11/s elapsed=5.33h block_eta=0.25h
k=392 t=0  99.44%  idx=3.475129e+16/3.494796e+16 surv=3 checked=3.4751e+16 rate=3.291e+11/s elapsed=5.42h block_eta=0.17h
k=392 t=0  99.72%  idx=3.485000e+16/3.494796e+16 surv=3 checked=3.4850e+16 rate=3.291e+11/s elapsed=5.50h block_eta=0.08h
{"k": 392, "status": "FOUND", "g": "2149910863290282683111595748554173", "block": 0, "engine": "gpu_sieve_v11", "block_audit": [{"t": 0, "residues_enumerated": 34947956736000000, "kernel_survivors": 3, "after_n_gt_k_plus_1": 2, "passed_ref_is_good": 2, "survivors_n": ["392", "2149910863290282683111595748554173", "2250487814358833248009085000133548"], "sha256_survivors": "79d4782f2592f1b7f33f4000ee07a4a1d82ee43ca061e9877b750476c0509eb5"}], "surv_hash_recipe": "sha256 of the UTF-8 bytes of '\\n'.join(decimal(n) for n in sorted(survivors)), no trailing newline; the empty list hashes to sha256(b'')", "blocks_scanned": 1, "survivors_in_block": 3, "all_good_in_block": ["2149910863290282683111595748554173", "2250487814358833248009085000133548"], "residues_checked": 34947956736000000, "wall": 20097.694041967392, "restarts": 2, "plan": {"k": 392, "wheel": [[2, 9], [211, 1], [139, 1], [103, 1], [137, 1], [3, 6], [37, 1], [101, 1], [31, 1], [67, 1], [19, 1], [5, 2], [199, 1], [11, 1], [79, 1], [197, 1], [131, 1]], "wheel_primes": [2, 211, 139, 103, 137, 3, 37, 101, 31, 67, 19, 5, 199, 11, 79, 197, 131], "split_primes": [[211, 1, 2], [139, 1, 2], [103, 1, 2], [137, 1, 2], [37, 1, 2], [101, 1, 2], [31, 1, 2], [67, 1, 2], [19, 1, 3], [5, 2, 4], [199, 1, 2], [11, 1, 3], [79, 1, 2], [197, 1, 2], [131, 1, 2]], "N_bits": 111, "M_bits": 111, "M": "2541652164997765645833304226265600", "N": "2541652164997765645833304226265600", "n_filters": 75, "residues_per_block": 34947956736000000, "density_wheel": 1.3750094217172602e-17, "density_rest": 1.0557266195794888e-16, "expected_g": 6.888788540814795e+32, "E_g": 6.888788540814795e+32, "expected_blocks": 0.2710358496604452, "N_over_E": 3.689548822610751, "expected_residue_checks": 9472149147838240.0, "expected_checks_true": 3.584344320503621e+16}, "engine_module": "gpu_sieve_v11", "engine_file": "sieve/gpu_sieve_v11.py", "engine_commit": "887c938", "tag": "confirm"}
