k=396 t=0   0.18%  idx=5.808729e+13/3.243869e+16 surv=1 checked=5.8087e+13 rate=1.936e+11/s elapsed=0.08h block_eta=46.45h
k=396 t=0   0.34%  idx=1.107651e+14/3.243869e+16 surv=1 checked=1.1077e+14 rate=1.846e+11/s elapsed=0.17h block_eta=48.64h
k=396 t=0   0.51%  idx=1.669411e+14/3.243869e+16 surv=1 checked=1.6694e+14 rate=1.855e+11/s elapsed=0.25h block_eta=48.33h
k=396 t=0   0.68%  idx=2.216192e+14/3.243869e+16 surv=1 checked=2.2162e+14 rate=1.847e+11/s elapsed=0.33h block_eta=48.46h
k=396 t=0   0.85%  idx=2.760021e+14/3.243869e+16 surv=1 checked=2.7600e+14 rate=1.840e+11/s elapsed=0.42h block_eta=48.56h
k=396 t=0   1.01%  idx=3.281666e+14/3.243869e+16 surv=1 checked=3.2817e+14 rate=1.823e+11/s elapsed=0.50h block_eta=48.92h
k=396 t=0   1.19%  idx=3.866909e+14/3.243869e+16 surv=1 checked=3.8669e+14 rate=1.841e+11/s elapsed=0.58h block_eta=48.35h
k=396 t=0   1.36%  idx=4.409568e+14/3.243869e+16 surv=1 checked=4.4096e+14 rate=1.837e+11/s elapsed=0.67h block_eta=48.38h
k=396 t=0   1.52%  idx=4.938772e+14/3.243869e+16 surv=1 checked=4.9388e+14 rate=1.829e+11/s elapsed=0.75h block_eta=48.51h
k=396 t=0   1.69%  idx=5.493961e+14/3.243869e+16 surv=1 checked=5.4940e+14 rate=1.831e+11/s elapsed=0.83h block_eta=48.37h
k=396 t=0   1.86%  idx=6.022360e+14/3.243869e+16 surv=1 checked=6.0224e+14 rate=1.825e+11/s elapsed=0.92h block_eta=48.46h
k=396 t=0   2.03%  idx=6.590305e+14/3.243869e+16 surv=1 checked=6.5903e+14 rate=1.831e+11/s elapsed=1.00h block_eta=48.22h
k=396 t=0   2.19%  idx=7.116965e+14/3.243869e+16 surv=1 checked=7.1170e+14 rate=1.825e+11/s elapsed=1.08h block_eta=48.29h
k=396 t=0   2.37%  idx=7.697172e+14/3.243869e+16 surv=1 checked=7.6972e+14 rate=1.833e+11/s elapsed=1.17h block_eta=48.00h
k=396 t=0   2.54%  idx=8.237264e+14/3.243869e+16 surv=1 checked=8.2373e+14 rate=1.830e+11/s elapsed=1.25h block_eta=47.98h
k=396 t=0   2.70%  idx=8.755377e+14/3.243869e+16 surv=1 checked=8.7554e+14 rate=1.824e+11/s elapsed=1.33h block_eta=48.07h
k=396 t=0   2.87%  idx=9.296661e+14/3.243869e+16 surv=1 checked=9.2967e+14 rate=1.823e+11/s elapsed=1.42h block_eta=48.02h
k=396 t=0   3.03%  idx=9.835132e+14/3.243869e+16 surv=1 checked=9.8351e+14 rate=1.821e+11/s elapsed=1.50h block_eta=47.97h
k=396 t=0   3.19%  idx=1.036321e+15/3.243869e+16 surv=1 checked=1.0363e+15 rate=1.818e+11/s elapsed=1.58h block_eta=47.98h
k=396 t=0   3.36%  idx=1.089664e+15/3.243869e+16 surv=1 checked=1.0897e+15 rate=1.816e+11/s elapsed=1.67h block_eta=47.95h
k=396 t=0   3.53%  idx=1.143538e+15/3.243869e+16 surv=1 checked=1.1435e+15 rate=1.815e+11/s elapsed=1.75h block_eta=47.89h
k=396 t=0   3.70%  idx=1.201378e+15/3.243869e+16 surv=1 checked=1.2014e+15 rate=1.820e+11/s elapsed=1.83h block_eta=47.67h
k=396 t=0   3.88%  idx=1.257621e+15/3.243869e+16 surv=1 checked=1.2576e+15 rate=1.823e+11/s elapsed=1.92h block_eta=47.52h
k=396 t=0   4.05%  idx=1.315057e+15/3.243869e+16 surv=1 checked=1.3151e+15 rate=1.826e+11/s elapsed=2.00h block_eta=47.33h
k=396 t=0   4.22%  idx=1.369169e+15/3.243869e+16 surv=1 checked=1.3692e+15 rate=1.826e+11/s elapsed=2.08h block_eta=47.28h
k=396 t=0   4.40%  idx=1.426186e+15/3.243869e+16 surv=1 checked=1.4262e+15 rate=1.828e+11/s elapsed=2.17h block_eta=47.11h
k=396 t=0   4.56%  idx=1.480166e+15/3.243869e+16 surv=1 checked=1.4802e+15 rate=1.827e+11/s elapsed=2.25h block_eta=47.06h
k=396 t=0   4.73%  idx=1.534627e+15/3.243869e+16 surv=1 checked=1.5346e+15 rate=1.827e+11/s elapsed=2.33h block_eta=46.99h
k=396 t=0   4.91%  idx=1.591365e+15/3.243869e+16 surv=1 checked=1.5914e+15 rate=1.829e+11/s elapsed=2.42h block_eta=46.85h
k=396 t=0   5.08%  idx=1.646758e+15/3.243869e+16 surv=1 checked=1.6468e+15 rate=1.830e+11/s elapsed=2.50h block_eta=46.75h
k=396 t=0   5.25%  idx=1.704421e+15/3.243869e+16 surv=1 checked=1.7044e+15 rate=1.833e+11/s elapsed=2.58h block_eta=46.58h
k=396 t=0   5.42%  idx=1.757281e+15/3.243869e+16 surv=1 checked=1.7573e+15 rate=1.830e+11/s elapsed=2.67h block_eta=46.56h
k=396 t=0   5.59%  idx=1.814824e+15/3.243869e+16 surv=1 checked=1.8148e+15 rate=1.833e+11/s elapsed=2.75h block_eta=46.40h
k=396 t=0   5.76%  idx=1.868392e+15/3.243869e+16 surv=1 checked=1.8684e+15 rate=1.832e+11/s elapsed=2.83h block_eta=46.36h
k=396 t=0   5.93%  idx=1.922169e+15/3.243869e+16 surv=1 checked=1.9222e+15 rate=1.831e+11/s elapsed=2.92h block_eta=46.31h
k=396 t=0   6.09%  idx=1.976684e+15/3.243869e+16 surv=1 checked=1.9767e+15 rate=1.830e+11/s elapsed=3.00h block_eta=46.23h
k=396 t=0   6.27%  idx=2.034144e+15/3.243869e+16 surv=1 checked=2.0341e+15 rate=1.833e+11/s elapsed=3.08h block_eta=46.09h
k=396 t=0   6.44%  idx=2.090273e+15/3.243869e+16 surv=1 checked=2.0903e+15 rate=1.834e+11/s elapsed=3.17h block_eta=45.98h
k=396 t=0   6.62%  idx=2.147996e+15/3.243869e+16 surv=1 checked=2.1480e+15 rate=1.836e+11/s elapsed=3.25h block_eta=45.83h
k=396 t=0   6.79%  idx=2.202886e+15/3.243869e+16 surv=1 checked=2.2029e+15 rate=1.836e+11/s elapsed=3.33h block_eta=45.75h
k=396 t=0   6.96%  idx=2.256927e+15/3.243869e+16 surv=1 checked=2.2569e+15 rate=1.835e+11/s elapsed=3.42h block_eta=45.69h
k=396 t=0   7.13%  idx=2.311851e+15/3.243869e+16 surv=1 checked=2.3119e+15 rate=1.835e+11/s elapsed=3.50h block_eta=45.61h
k=396 t=0   7.29%  idx=2.366012e+15/3.243869e+16 surv=1 checked=2.3660e+15 rate=1.834e+11/s elapsed=3.58h block_eta=45.55h
k=396 t=0   7.46%  idx=2.418628e+15/3.243869e+16 surv=1 checked=2.4186e+15 rate=1.832e+11/s elapsed=3.67h block_eta=45.51h
k=396 t=0   7.64%  idx=2.477646e+15/3.243869e+16 surv=1 checked=2.4776e+15 rate=1.835e+11/s elapsed=3.75h block_eta=45.35h
k=396 t=0   7.80%  idx=2.531529e+15/3.243869e+16 surv=1 checked=2.5315e+15 rate=1.834e+11/s elapsed=3.83h block_eta=45.29h
k=396 t=0   7.99%  idx=2.590299e+15/3.243869e+16 surv=1 checked=2.5903e+15 rate=1.837e+11/s elapsed=3.92h block_eta=45.13h
k=396 t=0   8.15%  idx=2.642216e+15/3.243869e+16 surv=1 checked=2.6422e+15 rate=1.835e+11/s elapsed=4.00h block_eta=45.11h
k=396 t=0   8.33%  idx=2.702779e+15/3.243869e+16 surv=1 checked=2.7028e+15 rate=1.839e+11/s elapsed=4.08h block_eta=44.93h
k=396 t=0   8.51%  idx=2.759159e+15/3.243869e+16 surv=1 checked=2.7592e+15 rate=1.839e+11/s elapsed=4.17h block_eta=44.82h
k=396 t=0   8.67%  idx=2.813313e+15/3.243869e+16 surv=1 checked=2.8133e+15 rate=1.839e+11/s elapsed=4.25h block_eta=44.75h
k=396 t=0   8.84%  idx=2.867464e+15/3.243869e+16 surv=1 checked=2.8675e+15 rate=1.838e+11/s elapsed=4.33h block_eta=44.69h
k=396 t=0   9.01%  idx=2.923626e+15/3.243869e+16 surv=1 checked=2.9236e+15 rate=1.839e+11/s elapsed=4.42h block_eta=44.59h
k=396 t=0   9.19%  idx=2.980057e+15/3.243869e+16 surv=1 checked=2.9801e+15 rate=1.840e+11/s elapsed=4.50h block_eta=44.48h
k=396 t=0   9.35%  idx=3.031900e+15/3.243869e+16 surv=1 checked=3.0319e+15 rate=1.837e+11/s elapsed=4.58h block_eta=44.45h
k=396 t=0   9.51%  idx=3.085627e+15/3.243869e+16 surv=1 checked=3.0856e+15 rate=1.837e+11/s elapsed=4.67h block_eta=44.39h
k=396 t=0   9.69%  idx=3.142112e+15/3.243869e+16 surv=1 checked=3.1421e+15 rate=1.837e+11/s elapsed=4.75h block_eta=44.29h
k=396 t=0   9.85%  idx=3.196342e+15/3.243869e+16 surv=1 checked=3.1963e+15 rate=1.837e+11/s elapsed=4.83h block_eta=44.22h
k=396 t=0  10.03%  idx=3.252326e+15/3.243869e+16 surv=1 checked=3.2523e+15 rate=1.837e+11/s elapsed=4.92h block_eta=44.12h
k=396 t=0  10.20%  idx=3.310256e+15/3.243869e+16 surv=1 checked=3.3103e+15 rate=1.839e+11/s elapsed=5.00h block_eta=44.00h
k=396 t=0  10.37%  idx=3.362997e+15/3.243869e+16 surv=1 checked=3.3630e+15 rate=1.838e+11/s elapsed=5.08h block_eta=43.95h
k=396 t=0  10.54%  idx=3.418275e+15/3.243869e+16 surv=1 checked=3.4183e+15 rate=1.838e+11/s elapsed=5.17h block_eta=43.86h
k=396 t=0  10.71%  idx=3.474874e+15/3.243869e+16 surv=1 checked=3.4749e+15 rate=1.839e+11/s elapsed=5.25h block_eta=43.76h
k=396 t=0  10.89%  idx=3.531625e+15/3.243869e+16 surv=1 checked=3.5316e+15 rate=1.839e+11/s elapsed=5.33h block_eta=43.65h
k=396 t=0  11.05%  idx=3.585385e+15/3.243869e+16 surv=1 checked=3.5854e+15 rate=1.839e+11/s elapsed=5.42h block_eta=43.59h
k=396 t=0  11.22%  idx=3.638200e+15/3.243869e+16 surv=1 checked=3.6382e+15 rate=1.837e+11/s elapsed=5.50h block_eta=43.54h
k=396 t=0  11.38%  idx=3.691703e+15/3.243869e+16 surv=1 checked=3.6917e+15 rate=1.837e+11/s elapsed=5.58h block_eta=43.48h
k=396 t=0  11.55%  idx=3.747863e+15/3.243869e+16 surv=1 checked=3.7479e+15 rate=1.837e+11/s elapsed=5.67h block_eta=43.38h
k=396 t=0  11.72%  idx=3.801547e+15/3.243869e+16 surv=1 checked=3.8015e+15 rate=1.836e+11/s elapsed=5.75h block_eta=43.32h
k=396 t=0  11.90%  idx=3.859236e+15/3.243869e+16 surv=1 checked=3.8592e+15 rate=1.838e+11/s elapsed=5.83h block_eta=43.20h
k=396 t=0  12.07%  idx=3.914498e+15/3.243869e+16 surv=1 checked=3.9145e+15 rate=1.838e+11/s elapsed=5.92h block_eta=43.11h
k=396 t=0  12.24%  idx=3.970668e+15/3.243869e+16 surv=1 checked=3.9707e+15 rate=1.838e+11/s elapsed=6.00h block_eta=43.02h
k=396 t=0  12.41%  idx=4.025358e+15/3.243869e+16 surv=1 checked=4.0254e+15 rate=1.838e+11/s elapsed=6.08h block_eta=42.94h
k=396 t=0  12.58%  idx=4.082009e+15/3.243869e+16 surv=1 checked=4.0820e+15 rate=1.839e+11/s elapsed=6.17h block_eta=42.84h
k=396 t=0  12.76%  idx=4.139306e+15/3.243869e+16 surv=1 checked=4.1393e+15 rate=1.840e+11/s elapsed=6.25h block_eta=42.73h
k=396 t=0  12.93%  idx=4.194395e+15/3.243869e+16 surv=1 checked=4.1944e+15 rate=1.840e+11/s elapsed=6.33h block_eta=42.65h
k=396 t=0  13.11%  idx=4.251994e+15/3.243869e+16 surv=1 checked=4.2520e+15 rate=1.841e+11/s elapsed=6.42h block_eta=42.54h
k=396 t=0  13.28%  idx=4.306981e+15/3.243869e+16 surv=1 checked=4.3070e+15 rate=1.841e+11/s elapsed=6.50h block_eta=42.46h
k=396 t=0  13.46%  idx=4.367197e+15/3.243869e+16 surv=1 checked=4.3672e+15 rate=1.843e+11/s elapsed=6.58h block_eta=42.32h
k=396 t=0  13.63%  idx=4.422884e+15/3.243869e+16 surv=1 checked=4.4229e+15 rate=1.843e+11/s elapsed=6.67h block_eta=42.23h
k=396 t=0  13.81%  idx=4.478486e+15/3.243869e+16 surv=1 checked=4.4785e+15 rate=1.843e+11/s elapsed=6.75h block_eta=42.14h
k=396 t=0  13.99%  idx=4.537585e+15/3.243869e+16 surv=1 checked=4.5376e+15 rate=1.845e+11/s elapsed=6.83h block_eta=42.02h
k=396 t=0  14.17%  idx=4.596586e+15/3.243869e+16 surv=1 checked=4.5966e+15 rate=1.846e+11/s elapsed=6.92h block_eta=41.90h
k=396 t=0  14.34%  idx=4.651970e+15/3.243869e+16 surv=1 checked=4.6520e+15 rate=1.846e+11/s elapsed=7.00h block_eta=41.81h
k=396 t=0  14.51%  idx=4.706395e+15/3.243869e+16 surv=1 checked=4.7064e+15 rate=1.846e+11/s elapsed=7.08h block_eta=41.74h
k=396 t=0  14.68%  idx=4.761088e+15/3.243869e+16 surv=1 checked=4.7611e+15 rate=1.845e+11/s elapsed=7.17h block_eta=41.66h
k=396 t=0  14.86%  idx=4.818904e+15/3.243869e+16 surv=1 checked=4.8189e+15 rate=1.846e+11/s elapsed=7.25h block_eta=41.55h
k=396 t=0  15.03%  idx=4.874945e+15/3.243869e+16 surv=1 checked=4.8749e+15 rate=1.847e+11/s elapsed=7.33h block_eta=41.46h
k=396 t=0  15.20%  idx=4.929960e+15/3.243869e+16 surv=1 checked=4.9300e+15 rate=1.846e+11/s elapsed=7.42h block_eta=41.38h
k=396 t=0  15.38%  idx=4.989240e+15/3.243869e+16 surv=1 checked=4.9892e+15 rate=1.848e+11/s elapsed=7.50h block_eta=41.26h
k=396 t=0  15.55%  idx=5.043595e+15/3.243869e+16 surv=1 checked=5.0436e+15 rate=1.847e+11/s elapsed=7.58h block_eta=41.19h
k=396 t=0  15.72%  idx=5.099379e+15/3.243869e+16 surv=1 checked=5.0994e+15 rate=1.848e+11/s elapsed=7.67h block_eta=41.10h
k=396 t=0  15.89%  idx=5.154128e+15/3.243869e+16 surv=1 checked=5.1541e+15 rate=1.847e+11/s elapsed=7.75h block_eta=41.03h
k=396 t=0  16.05%  idx=5.207651e+15/3.243869e+16 surv=1 checked=5.2077e+15 rate=1.847e+11/s elapsed=7.83h block_eta=40.96h
k=396 t=0  16.22%  idx=5.262227e+15/3.243869e+16 surv=1 checked=5.2622e+15 rate=1.846e+11/s elapsed=7.92h block_eta=40.89h
k=396 t=0  16.39%  idx=5.316114e+15/3.243869e+16 surv=1 checked=5.3161e+15 rate=1.846e+11/s elapsed=8.00h block_eta=40.82h
k=396 t=0  16.57%  idx=5.374011e+15/3.243869e+16 surv=1 checked=5.3740e+15 rate=1.847e+11/s elapsed=8.08h block_eta=40.71h
k=396 t=0  16.74%  idx=5.431368e+15/3.243869e+16 surv=1 checked=5.4314e+15 rate=1.847e+11/s elapsed=8.17h block_eta=40.61h
k=396 t=0  16.91%  idx=5.486437e+15/3.243869e+16 surv=1 checked=5.4864e+15 rate=1.847e+11/s elapsed=8.25h block_eta=40.53h
k=396 t=0  17.08%  idx=5.542097e+15/3.243869e+16 surv=1 checked=5.5421e+15 rate=1.847e+11/s elapsed=8.33h block_eta=40.44h
k=396 t=0  17.26%  idx=5.597722e+15/3.243869e+16 surv=1 checked=5.5977e+15 rate=1.847e+11/s elapsed=8.42h block_eta=40.36h
k=396 t=0  17.43%  idx=5.652554e+15/3.243869e+16 surv=1 checked=5.6526e+15 rate=1.847e+11/s elapsed=8.50h block_eta=40.28h
k=396 t=0  17.60%  idx=5.708526e+15/3.243869e+16 surv=1 checked=5.7085e+15 rate=1.847e+11/s elapsed=8.58h block_eta=40.19h
k=396 t=0  17.77%  idx=5.764355e+15/3.243869e+16 surv=1 checked=5.7644e+15 rate=1.848e+11/s elapsed=8.67h block_eta=40.11h
k=396 t=0  17.94%  idx=5.818201e+15/3.243869e+16 surv=1 checked=5.8182e+15 rate=1.847e+11/s elapsed=8.75h block_eta=40.04h
k=396 t=0  18.11%  idx=5.875496e+15/3.243869e+16 surv=1 checked=5.8755e+15 rate=1.848e+11/s elapsed=8.83h block_eta=39.94h
k=396 t=0  18.28%  idx=5.928621e+15/3.243869e+16 surv=1 checked=5.9286e+15 rate=1.847e+11/s elapsed=8.92h block_eta=39.87h
k=396 t=0  18.45%  idx=5.985105e+15/3.243869e+16 surv=1 checked=5.9851e+15 rate=1.847e+11/s elapsed=9.00h block_eta=39.78h
k=396 t=0  18.62%  idx=6.041081e+15/3.243869e+16 surv=1 checked=6.0411e+15 rate=1.847e+11/s elapsed=9.08h block_eta=39.69h
k=396 t=0  18.80%  idx=6.097410e+15/3.243869e+16 surv=1 checked=6.0974e+15 rate=1.848e+11/s elapsed=9.17h block_eta=39.60h
k=396 t=0  18.97%  idx=6.154954e+15/3.243869e+16 surv=1 checked=6.1550e+15 rate=1.848e+11/s elapsed=9.25h block_eta=39.50h
k=396 t=0  19.14%  idx=6.208653e+15/3.243869e+16 surv=1 checked=6.2087e+15 rate=1.848e+11/s elapsed=9.33h block_eta=39.43h
k=396 t=0  19.32%  idx=6.266856e+15/3.243869e+16 surv=1 checked=6.2669e+15 rate=1.849e+11/s elapsed=9.42h block_eta=39.33h
k=396 t=0  19.48%  idx=6.319451e+15/3.243869e+16 surv=1 checked=6.3195e+15 rate=1.848e+11/s elapsed=9.50h block_eta=39.27h
k=396 t=0  19.65%  idx=6.373065e+15/3.243869e+16 surv=1 checked=6.3731e+15 rate=1.847e+11/s elapsed=9.58h block_eta=39.20h
k=396 t=0  19.82%  idx=6.430773e+15/3.243869e+16 surv=1 checked=6.4308e+15 rate=1.848e+11/s elapsed=9.67h block_eta=39.10h
k=396 t=0  19.99%  idx=6.484798e+15/3.243869e+16 surv=1 checked=6.4848e+15 rate=1.848e+11/s elapsed=9.75h block_eta=39.02h
k=396 t=0  20.16%  idx=6.539902e+15/3.243869e+16 surv=1 checked=6.5399e+15 rate=1.847e+11/s elapsed=9.83h block_eta=38.94h
k=396 t=0  20.33%  idx=6.593451e+15/3.243869e+16 surv=1 checked=6.5935e+15 rate=1.847e+11/s elapsed=9.92h block_eta=38.87h
k=396 t=0  20.49%  idx=6.646018e+15/3.243869e+16 surv=1 checked=6.6460e+15 rate=1.846e+11/s elapsed=10.00h block_eta=38.81h
k=396 t=0  20.65%  idx=6.699093e+15/3.243869e+16 surv=1 checked=6.6991e+15 rate=1.845e+11/s elapsed=10.08h block_eta=38.74h
k=396 t=0  20.83%  idx=6.755460e+15/3.243869e+16 surv=1 checked=6.7555e+15 rate=1.846e+11/s elapsed=10.17h block_eta=38.65h
k=396 t=0  20.99%  idx=6.808963e+15/3.243869e+16 surv=1 checked=6.8090e+15 rate=1.845e+11/s elapsed=10.25h block_eta=38.58h
k=396 t=0  21.15%  idx=6.862084e+15/3.243869e+16 surv=1 checked=6.8621e+15 rate=1.845e+11/s elapsed=10.33h block_eta=38.52h
k=396 t=0  21.34%  idx=6.922342e+15/3.243869e+16 surv=1 checked=6.9223e+15 rate=1.846e+11/s elapsed=10.42h block_eta=38.40h
k=396 t=0  21.51%  idx=6.978829e+15/3.243869e+16 surv=1 checked=6.9788e+15 rate=1.846e+11/s elapsed=10.50h block_eta=38.31h
k=396 t=0  21.67%  idx=7.030751e+15/3.243869e+16 surv=1 checked=7.0308e+15 rate=1.845e+11/s elapsed=10.58h block_eta=38.25h
k=396 t=0  21.85%  idx=7.087569e+15/3.243869e+16 surv=1 checked=7.0876e+15 rate=1.846e+11/s elapsed=10.67h block_eta=38.15h
k=396 t=0  22.02%  idx=7.143412e+15/3.243869e+16 surv=1 checked=7.1434e+15 rate=1.846e+11/s elapsed=10.75h block_eta=38.07h
k=396 t=0  22.19%  idx=7.196822e+15/3.243869e+16 surv=1 checked=7.1968e+15 rate=1.845e+11/s elapsed=10.83h block_eta=38.00h
k=396 t=0  22.33%  idx=7.242818e+15/3.243869e+16 surv=1 checked=7.2428e+15 rate=1.843e+11/s elapsed=10.92h block_eta=37.98h
k=396 t=0  22.47%  idx=7.288776e+15/3.243869e+16 surv=1 checked=7.2888e+15 rate=1.841e+11/s elapsed=11.00h block_eta=37.96h
k=396 t=0  22.63%  idx=7.340767e+15/3.243869e+16 surv=1 checked=7.3408e+15 rate=1.840e+11/s elapsed=11.08h block_eta=37.89h
k=396 t=0  22.77%  idx=7.386951e+15/3.243869e+16 surv=1 checked=7.3870e+15 rate=1.838e+11/s elapsed=11.17h block_eta=37.87h
k=396 t=0  22.91%  idx=7.433104e+15/3.243869e+16 surv=1 checked=7.4331e+15 rate=1.835e+11/s elapsed=11.25h block_eta=37.85h
k=396 t=0  23.07%  idx=7.483988e+15/3.243869e+16 surv=1 checked=7.4840e+15 rate=1.834e+11/s elapsed=11.33h block_eta=37.79h
k=396 t=0  23.25%  idx=7.540728e+15/3.243869e+16 surv=1 checked=7.5407e+15 rate=1.835e+11/s elapsed=11.42h block_eta=37.70h
k=396 t=0  23.41%  idx=7.595121e+15/3.243869e+16 surv=1 checked=7.5951e+15 rate=1.835e+11/s elapsed=11.50h block_eta=37.62h
k=396 t=0  23.59%  idx=7.651613e+15/3.243869e+16 surv=1 checked=7.6516e+15 rate=1.835e+11/s elapsed=11.58h block_eta=37.52h
k=396 t=0  23.76%  idx=7.706728e+15/3.243869e+16 surv=1 checked=7.7067e+15 rate=1.835e+11/s elapsed=11.67h block_eta=37.44h
k=396 t=0  23.92%  idx=7.760452e+15/3.243869e+16 surv=1 checked=7.7605e+15 rate=1.835e+11/s elapsed=11.75h block_eta=37.37h
k=396 t=0  24.08%  idx=7.812795e+15/3.243869e+16 surv=1 checked=7.8128e+15 rate=1.834e+11/s elapsed=11.83h block_eta=37.30h
k=396 t=0  24.26%  idx=7.868076e+15/3.243869e+16 surv=1 checked=7.8681e+15 rate=1.834e+11/s elapsed=11.92h block_eta=37.21h
{"k": 396, "status": "TIMEOUT", "block": 0, "idx_done": 7924404713422848, "block_audit": [], "surv_hash_recipe": "sha256 of the UTF-8 bytes of '\\n'.join(decimal(n) for n in sorted(survivors)), no trailing newline; the empty list hashes to sha256(b'')", "unit_done": 247637647294464, "units_total": 1013709170073600, "R": 32438693442355200, "residues_checked": 7924404713422848, "wall": 43199.12593173981, "wall_leg": 43199.12616109848, "restarts": 0, "checkpoint": "overnight/2026-09-04/checkpoints/k396_primary.json", "plan": {"k": 396, "wheel": [[2, 9], [211, 1], [139, 1], [83, 1], [59, 1], [103, 1], [137, 1], [37, 1], [29, 1], [3, 4], [101, 1], [31, 1], [67, 1], [5, 2], [7, 1], [19, 1], [199, 1]], "wheel_primes": [2, 211, 139, 83, 59, 103, 137, 37, 29, 3, 101, 31, 67, 5, 7, 19, 199], "split_primes": [[211, 1, 2], [139, 1, 2], [83, 1, 2], [59, 1, 2], [103, 1, 2], [137, 1, 2], [37, 1, 2], [29, 1, 2], [3, 4, 6], [101, 1, 2], [31, 1, 2], [67, 1, 2], [5, 2, 4], [7, 1, 4], [19, 1, 3], [199, 1, 2]], "N_bits": 104, "M_bits": 104, "M": "12518216249284099418486758156800", "N": "12518216249284099418486758156800", "n_filters": 76, "residues_per_block": 32438693442355200, "density_wheel": 2.591319146145149e-15, "density_rest": 2.30251187519471e-17, "expected_g": 1.676012361201633e+31, "E_g": 1.676012361201633e+31, "expected_blocks": 1.3388587701522427, "N_over_E": 0.7469047686682362, "expected_residue_checks": 4.3430829207577304e+16, "expected_checks_true": 6.1650700391698664e+16}, "engine_module": "gpu_sieve_v9", "engine_file": "sieve/gpu_sieve_v9.py", "engine_commit": "df0365a", "tag": "primary"}
# RESUME k=396 engine=gpu_sieve_v9 block t=0 residues_done=7924404713422848/32438693442355200 (24.43%) survivors=1 restarts=1
k=396 t=0  24.60%  idx=7.978594e+15/3.243869e+16 surv=1 checked=7.9786e+15 rate=1.806e+11/s elapsed=0.08h block_eta=37.62h
k=396 t=0  24.76%  idx=8.032817e+15/3.243869e+16 surv=1 checked=8.0328e+15 rate=1.807e+11/s elapsed=0.17h block_eta=37.52h
k=396 t=0  24.93%  idx=8.088525e+15/3.243869e+16 surv=1 checked=8.0885e+15 rate=1.824e+11/s elapsed=0.25h block_eta=37.09h
k=396 t=0  25.11%  idx=8.144766e+15/3.243869e+16 surv=1 checked=8.1448e+15 rate=1.836e+11/s elapsed=0.33h block_eta=36.75h
k=396 t=0  25.27%  idx=8.197261e+15/3.243869e+16 surv=1 checked=8.1973e+15 rate=1.819e+11/s elapsed=0.42h block_eta=37.02h
k=396 t=0  25.43%  idx=8.249276e+15/3.243869e+16 surv=1 checked=8.2493e+15 rate=1.805e+11/s elapsed=0.50h block_eta=37.23h
k=396 t=0  25.60%  idx=8.303081e+15/3.243869e+16 surv=1 checked=8.3031e+15 rate=1.803e+11/s elapsed=0.58h block_eta=37.18h
k=396 t=0  25.76%  idx=8.355302e+15/3.243869e+16 surv=1 checked=8.3553e+15 rate=1.795e+11/s elapsed=0.67h block_eta=37.26h
k=396 t=0  25.92%  idx=8.408870e+15/3.243869e+16 surv=1 checked=8.4089e+15 rate=1.794e+11/s elapsed=0.75h block_eta=37.20h
k=396 t=0  26.10%  idx=8.467406e+15/3.243869e+16 surv=1 checked=8.4674e+15 rate=1.810e+11/s elapsed=0.83h block_eta=36.79h
k=396 t=0  26.27%  idx=8.522853e+15/3.243869e+16 surv=1 checked=8.5229e+15 rate=1.813e+11/s elapsed=0.92h block_eta=36.63h
k=396 t=0  26.46%  idx=8.583066e+15/3.243869e+16 surv=1 checked=8.5831e+15 rate=1.830e+11/s elapsed=1.00h block_eta=36.22h
k=396 t=0  26.63%  idx=8.639612e+15/3.243869e+16 surv=1 checked=8.6396e+15 rate=1.834e+11/s elapsed=1.08h block_eta=36.05h
k=396 t=0  26.80%  idx=8.694858e+15/3.243869e+16 surv=1 checked=8.6949e+15 rate=1.834e+11/s elapsed=1.17h block_eta=35.95h
k=396 t=0  26.98%  idx=8.752278e+15/3.243869e+16 surv=1 checked=8.7523e+15 rate=1.840e+11/s elapsed=1.25h block_eta=35.76h
k=396 t=0  27.15%  idx=8.805997e+15/3.243869e+16 surv=1 checked=8.8060e+15 rate=1.837e+11/s elapsed=1.33h block_eta=35.74h
k=396 t=0  27.33%  idx=8.866612e+15/3.243869e+16 surv=1 checked=8.8666e+15 rate=1.847e+11/s elapsed=1.42h block_eta=35.44h
k=396 t=0  27.51%  idx=8.923608e+15/3.243869e+16 surv=1 checked=8.9236e+15 rate=1.850e+11/s elapsed=1.50h block_eta=35.30h
k=396 t=0  27.67%  idx=8.975694e+15/3.243869e+16 surv=1 checked=8.9757e+15 rate=1.844e+11/s elapsed=1.58h block_eta=35.34h
k=396 t=0  27.85%  idx=9.033424e+15/3.243869e+16 surv=1 checked=9.0334e+15 rate=1.848e+11/s elapsed=1.67h block_eta=35.17h
k=396 t=0  28.02%  idx=9.087930e+15/3.243869e+16 surv=1 checked=9.0879e+15 rate=1.847e+11/s elapsed=1.75h block_eta=35.12h
k=396 t=0  28.19%  idx=9.143040e+15/3.243869e+16 surv=1 checked=9.1430e+15 rate=1.846e+11/s elapsed=1.83h block_eta=35.05h
k=396 t=0  28.36%  idx=9.200752e+15/3.243869e+16 surv=1 checked=9.2008e+15 rate=1.850e+11/s elapsed=1.92h block_eta=34.90h
k=396 t=0  28.53%  idx=9.254554e+15/3.243869e+16 surv=1 checked=9.2546e+15 rate=1.847e+11/s elapsed=2.00h block_eta=34.86h
k=396 t=0  28.70%  idx=9.310341e+15/3.243869e+16 surv=1 checked=9.3103e+15 rate=1.848e+11/s elapsed=2.08h block_eta=34.77h
k=396 t=0  28.88%  idx=9.367341e+15/3.243869e+16 surv=1 checked=9.3673e+15 rate=1.850e+11/s elapsed=2.17h block_eta=34.64h
k=396 t=0  29.05%  idx=9.422312e+15/3.243869e+16 surv=1 checked=9.4223e+15 rate=1.849e+11/s elapsed=2.25h block_eta=34.57h
k=396 t=0  29.22%  idx=9.477274e+15/3.243869e+16 surv=1 checked=9.4773e+15 rate=1.849e+11/s elapsed=2.33h block_eta=34.50h
k=396 t=0  29.39%  idx=9.532194e+15/3.243869e+16 surv=1 checked=9.5322e+15 rate=1.848e+11/s elapsed=2.42h block_eta=34.43h
k=396 t=0  29.56%  idx=9.588721e+15/3.243869e+16 surv=1 checked=9.5887e+15 rate=1.849e+11/s elapsed=2.50h block_eta=34.32h
k=396 t=0  29.73%  idx=9.643605e+15/3.243869e+16 surv=1 checked=9.6436e+15 rate=1.849e+11/s elapsed=2.58h block_eta=34.25h
k=396 t=0  29.89%  idx=9.697516e+15/3.243869e+16 surv=1 checked=9.6975e+15 rate=1.847e+11/s elapsed=2.67h block_eta=34.20h
k=396 t=0  30.07%  idx=9.754120e+15/3.243869e+16 surv=1 checked=9.7541e+15 rate=1.848e+11/s elapsed=2.75h block_eta=34.09h
k=396 t=0  30.24%  idx=9.810348e+15/3.243869e+16 surv=1 checked=9.8103e+15 rate=1.849e+11/s elapsed=2.83h block_eta=34.00h
k=396 t=0  30.41%  idx=9.865984e+15/3.243869e+16 surv=1 checked=9.8660e+15 rate=1.849e+11/s elapsed=2.92h block_eta=33.91h
k=396 t=0  30.58%  idx=9.920078e+15/3.243869e+16 surv=1 checked=9.9201e+15 rate=1.848e+11/s elapsed=3.00h block_eta=33.85h
k=396 t=0  30.75%  idx=9.974383e+15/3.243869e+16 surv=1 checked=9.9744e+15 rate=1.847e+11/s elapsed=3.08h block_eta=33.79h
k=396 t=0  30.93%  idx=1.003404e+16/3.243869e+16 surv=1 checked=1.0034e+16 rate=1.851e+11/s elapsed=3.17h block_eta=33.63h
k=396 t=0  31.10%  idx=1.008840e+16/3.243869e+16 surv=1 checked=1.0088e+16 rate=1.850e+11/s elapsed=3.25h block_eta=33.57h
k=396 t=0  31.27%  idx=1.014454e+16/3.243869e+16 surv=1 checked=1.0145e+16 rate=1.850e+11/s elapsed=3.33h block_eta=33.47h
k=396 t=0  31.44%  idx=1.019945e+16/3.243869e+16 surv=1 checked=1.0199e+16 rate=1.850e+11/s elapsed=3.42h block_eta=33.40h
k=396 t=0  31.62%  idx=1.025612e+16/3.243869e+16 surv=1 checked=1.0256e+16 rate=1.851e+11/s elapsed=3.50h block_eta=33.30h
k=396 t=0  31.78%  idx=1.031051e+16/3.243869e+16 surv=1 checked=1.0311e+16 rate=1.850e+11/s elapsed=3.58h block_eta=33.23h
k=396 t=0  31.95%  idx=1.036379e+16/3.243869e+16 surv=1 checked=1.0364e+16 rate=1.848e+11/s elapsed=3.67h block_eta=33.18h
k=396 t=0  32.13%  idx=1.042098e+16/3.243869e+16 surv=1 checked=1.0421e+16 rate=1.849e+11/s elapsed=3.75h block_eta=33.07h
k=396 t=0  32.29%  idx=1.047318e+16/3.243869e+16 surv=1 checked=1.0473e+16 rate=1.847e+11/s elapsed=3.83h block_eta=33.04h
k=396 t=0  32.46%  idx=1.053119e+16/3.243869e+16 surv=1 checked=1.0531e+16 rate=1.849e+11/s elapsed=3.92h block_eta=32.92h
k=396 t=0  32.64%  idx=1.058717e+16/3.243869e+16 surv=1 checked=1.0587e+16 rate=1.849e+11/s elapsed=4.00h block_eta=32.83h
k=396 t=0  32.80%  idx=1.064090e+16/3.243869e+16 surv=1 checked=1.0641e+16 rate=1.848e+11/s elapsed=4.08h block_eta=32.77h
k=396 t=0  32.96%  idx=1.069168e+16/3.243869e+16 surv=1 checked=1.0692e+16 rate=1.845e+11/s elapsed=4.17h block_eta=32.74h
k=396 t=0  33.14%  idx=1.074893e+16/3.243869e+16 surv=1 checked=1.0749e+16 rate=1.846e+11/s elapsed=4.25h block_eta=32.64h
k=396 t=0  33.31%  idx=1.080606e+16/3.243869e+16 surv=1 checked=1.0806e+16 rate=1.847e+11/s elapsed=4.33h block_eta=32.53h
k=396 t=0  33.47%  idx=1.085853e+16/3.243869e+16 surv=1 checked=1.0859e+16 rate=1.845e+11/s elapsed=4.42h block_eta=32.48h
k=396 t=0  33.65%  idx=1.091493e+16/3.243869e+16 surv=1 checked=1.0915e+16 rate=1.846e+11/s elapsed=4.50h block_eta=32.39h
k=396 t=0  33.82%  idx=1.096982e+16/3.243869e+16 surv=1 checked=1.0970e+16 rate=1.846e+11/s elapsed=4.58h block_eta=32.31h
k=396 t=0  33.97%  idx=1.102099e+16/3.243869e+16 surv=1 checked=1.1021e+16 rate=1.843e+11/s elapsed=4.67h block_eta=32.28h
k=396 t=0  34.14%  idx=1.107445e+16/3.243869e+16 surv=1 checked=1.1074e+16 rate=1.842e+11/s elapsed=4.75h block_eta=32.22h
k=396 t=0  34.32%  idx=1.113345e+16/3.243869e+16 surv=1 checked=1.1133e+16 rate=1.844e+11/s elapsed=4.83h block_eta=32.09h
k=396 t=0  34.49%  idx=1.118942e+16/3.243869e+16 surv=1 checked=1.1189e+16 rate=1.845e+11/s elapsed=4.92h block_eta=32.00h
k=396 t=0  34.67%  idx=1.124709e+16/3.243869e+16 surv=1 checked=1.1247e+16 rate=1.846e+11/s elapsed=5.00h block_eta=31.89h
k=396 t=0  34.84%  idx=1.130267e+16/3.243869e+16 surv=1 checked=1.1303e+16 rate=1.846e+11/s elapsed=5.08h block_eta=31.80h
k=396 t=0  35.01%  idx=1.135743e+16/3.243869e+16 surv=1 checked=1.1357e+16 rate=1.846e+11/s elapsed=5.17h block_eta=31.73h
k=396 t=0  35.20%  idx=1.141777e+16/3.243869e+16 surv=1 checked=1.1418e+16 rate=1.848e+11/s elapsed=5.25h block_eta=31.59h
k=396 t=0  35.37%  idx=1.147325e+16/3.243869e+16 surv=1 checked=1.1473e+16 rate=1.848e+11/s elapsed=5.33h block_eta=31.51h
k=396 t=0  35.55%  idx=1.153055e+16/3.243869e+16 surv=1 checked=1.1531e+16 rate=1.849e+11/s elapsed=5.42h block_eta=31.41h
k=396 t=0  35.71%  idx=1.158421e+16/3.243869e+16 surv=1 checked=1.1584e+16 rate=1.848e+11/s elapsed=5.50h block_eta=31.34h
k=396 t=0  35.89%  idx=1.164219e+16/3.243869e+16 surv=1 checked=1.1642e+16 rate=1.850e+11/s elapsed=5.58h block_eta=31.23h
k=396 t=0  36.06%  idx=1.169816e+16/3.243869e+16 surv=1 checked=1.1698e+16 rate=1.850e+11/s elapsed=5.67h block_eta=31.14h
k=396 t=0  36.24%  idx=1.175495e+16/3.243869e+16 surv=1 checked=1.1755e+16 rate=1.850e+11/s elapsed=5.75h block_eta=31.05h
k=396 t=0  36.41%  idx=1.180955e+16/3.243869e+16 surv=1 checked=1.1810e+16 rate=1.850e+11/s elapsed=5.83h block_eta=30.97h
k=396 t=0  36.58%  idx=1.186579e+16/3.243869e+16 surv=1 checked=1.1866e+16 rate=1.850e+11/s elapsed=5.92h block_eta=30.88h
k=396 t=0  36.75%  idx=1.192012e+16/3.243869e+16 surv=1 checked=1.1920e+16 rate=1.850e+11/s elapsed=6.00h block_eta=30.81h
k=396 t=0  36.91%  idx=1.197160e+16/3.243869e+16 surv=1 checked=1.1972e+16 rate=1.848e+11/s elapsed=6.08h block_eta=30.76h
k=396 t=0  37.08%  idx=1.202914e+16/3.243869e+16 surv=1 checked=1.2029e+16 rate=1.849e+11/s elapsed=6.17h block_eta=30.66h
k=396 t=0  37.25%  idx=1.208185e+16/3.243869e+16 surv=1 checked=1.2082e+16 rate=1.848e+11/s elapsed=6.25h block_eta=30.60h
k=396 t=0  37.42%  idx=1.213812e+16/3.243869e+16 surv=1 checked=1.2138e+16 rate=1.848e+11/s elapsed=6.33h block_eta=30.51h
k=396 t=0  37.58%  idx=1.219008e+16/3.243869e+16 surv=1 checked=1.2190e+16 rate=1.847e+11/s elapsed=6.42h block_eta=30.46h
k=396 t=0  37.75%  idx=1.224589e+16/3.243869e+16 surv=1 checked=1.2246e+16 rate=1.847e+11/s elapsed=6.50h block_eta=30.37h
k=396 t=0  37.92%  idx=1.230093e+16/3.243869e+16 surv=1 checked=1.2301e+16 rate=1.847e+11/s elapsed=6.58h block_eta=30.29h
k=396 t=0  38.10%  idx=1.236012e+16/3.243869e+16 surv=1 checked=1.2360e+16 rate=1.848e+11/s elapsed=6.67h block_eta=30.18h
k=396 t=0  38.27%  idx=1.241490e+16/3.243869e+16 surv=1 checked=1.2415e+16 rate=1.848e+11/s elapsed=6.75h block_eta=30.10h
k=396 t=0  38.45%  idx=1.247185e+16/3.243869e+16 surv=1 checked=1.2472e+16 rate=1.849e+11/s elapsed=6.83h block_eta=30.00h
k=396 t=0  38.61%  idx=1.252464e+16/3.243869e+16 surv=1 checked=1.2525e+16 rate=1.847e+11/s elapsed=6.92h block_eta=29.94h
k=396 t=0  38.77%  idx=1.257642e+16/3.243869e+16 surv=1 checked=1.2576e+16 rate=1.846e+11/s elapsed=7.00h block_eta=29.89h
k=396 t=0  38.93%  idx=1.262833e+16/3.243869e+16 surv=1 checked=1.2628e+16 rate=1.845e+11/s elapsed=7.08h block_eta=29.83h
k=396 t=0  39.09%  idx=1.268183e+16/3.243869e+16 surv=1 checked=1.2682e+16 rate=1.844e+11/s elapsed=7.17h block_eta=29.76h
k=396 t=0  39.27%  idx=1.273752e+16/3.243869e+16 surv=1 checked=1.2738e+16 rate=1.844e+11/s elapsed=7.25h block_eta=29.68h
k=396 t=0  39.45%  idx=1.279637e+16/3.243869e+16 surv=1 checked=1.2796e+16 rate=1.845e+11/s elapsed=7.33h block_eta=29.57h
k=396 t=0  39.61%  idx=1.285026e+16/3.243869e+16 surv=1 checked=1.2850e+16 rate=1.845e+11/s elapsed=7.42h block_eta=29.49h
k=396 t=0  39.78%  idx=1.290416e+16/3.243869e+16 surv=1 checked=1.2904e+16 rate=1.844e+11/s elapsed=7.50h block_eta=29.42h
k=396 t=0  39.95%  idx=1.296013e+16/3.243869e+16 surv=1 checked=1.2960e+16 rate=1.845e+11/s elapsed=7.58h block_eta=29.33h
k=396 t=0  40.12%  idx=1.301361e+16/3.243869e+16 surv=1 checked=1.3014e+16 rate=1.844e+11/s elapsed=7.67h block_eta=29.26h
k=396 t=0  40.29%  idx=1.306900e+16/3.243869e+16 surv=1 checked=1.3069e+16 rate=1.844e+11/s elapsed=7.75h block_eta=29.18h
k=396 t=0  40.46%  idx=1.312438e+16/3.243869e+16 surv=1 checked=1.3124e+16 rate=1.844e+11/s elapsed=7.83h block_eta=29.10h
k=396 t=0  40.62%  idx=1.317755e+16/3.243869e+16 surv=1 checked=1.3178e+16 rate=1.843e+11/s elapsed=7.92h block_eta=29.03h
k=396 t=0  40.79%  idx=1.323250e+16/3.243869e+16 surv=1 checked=1.3233e+16 rate=1.843e+11/s elapsed=8.00h block_eta=28.95h
k=396 t=0  40.95%  idx=1.328503e+16/3.243869e+16 surv=1 checked=1.3285e+16 rate=1.842e+11/s elapsed=8.08h block_eta=28.88h
k=396 t=0  41.12%  idx=1.334034e+16/3.243869e+16 surv=1 checked=1.3340e+16 rate=1.842e+11/s elapsed=8.17h block_eta=28.80h
k=396 t=0  41.29%  idx=1.339503e+16/3.243869e+16 surv=1 checked=1.3395e+16 rate=1.842e+11/s elapsed=8.25h block_eta=28.72h
k=396 t=0  41.47%  idx=1.345143e+16/3.243869e+16 surv=1 checked=1.3451e+16 rate=1.842e+11/s elapsed=8.33h block_eta=28.63h
k=396 t=0  41.63%  idx=1.350533e+16/3.243869e+16 surv=1 checked=1.3505e+16 rate=1.842e+11/s elapsed=8.42h block_eta=28.55h
k=396 t=0  41.80%  idx=1.355951e+16/3.243869e+16 surv=1 checked=1.3560e+16 rate=1.842e+11/s elapsed=8.50h block_eta=28.48h
k=396 t=0  41.97%  idx=1.361358e+16/3.243869e+16 surv=1 checked=1.3614e+16 rate=1.841e+11/s elapsed=8.58h block_eta=28.40h
k=396 t=0  42.13%  idx=1.366519e+16/3.243869e+16 surv=1 checked=1.3665e+16 rate=1.840e+11/s elapsed=8.67h block_eta=28.34h
k=396 t=0  42.30%  idx=1.372059e+16/3.243869e+16 surv=1 checked=1.3721e+16 rate=1.840e+11/s elapsed=8.75h block_eta=28.26h
k=396 t=0  42.46%  idx=1.377496e+16/3.243869e+16 surv=1 checked=1.3775e+16 rate=1.840e+11/s elapsed=8.83h block_eta=28.18h
k=396 t=0  42.64%  idx=1.383049e+16/3.243869e+16 surv=1 checked=1.3830e+16 rate=1.840e+11/s elapsed=8.92h block_eta=28.09h
k=396 t=0  42.81%  idx=1.388689e+16/3.243869e+16 surv=1 checked=1.3887e+16 rate=1.840e+11/s elapsed=9.00h block_eta=28.00h
k=396 t=0  42.97%  idx=1.394043e+16/3.243869e+16 surv=1 checked=1.3940e+16 rate=1.840e+11/s elapsed=9.08h block_eta=27.93h
k=396 t=0  43.14%  idx=1.399549e+16/3.243869e+16 surv=1 checked=1.3995e+16 rate=1.840e+11/s elapsed=9.17h block_eta=27.85h
k=396 t=0  43.34%  idx=1.405858e+16/3.243869e+16 surv=1 checked=1.4059e+16 rate=1.842e+11/s elapsed=9.25h block_eta=27.72h
k=396 t=0  43.51%  idx=1.411249e+16/3.243869e+16 surv=1 checked=1.4112e+16 rate=1.842e+11/s elapsed=9.33h block_eta=27.64h
k=396 t=0  43.68%  idx=1.416914e+16/3.243869e+16 surv=1 checked=1.4169e+16 rate=1.842e+11/s elapsed=9.42h block_eta=27.55h
k=396 t=0  43.85%  idx=1.422445e+16/3.243869e+16 surv=1 checked=1.4224e+16 rate=1.842e+11/s elapsed=9.50h block_eta=27.47h
k=396 t=0  44.02%  idx=1.428052e+16/3.243869e+16 surv=1 checked=1.4281e+16 rate=1.842e+11/s elapsed=9.58h block_eta=27.38h
k=396 t=0  44.20%  idx=1.433649e+16/3.243869e+16 surv=1 checked=1.4336e+16 rate=1.843e+11/s elapsed=9.67h block_eta=27.29h
k=396 t=0  44.36%  idx=1.439011e+16/3.243869e+16 surv=1 checked=1.4390e+16 rate=1.842e+11/s elapsed=9.75h block_eta=27.22h
k=396 t=0  44.53%  idx=1.444492e+16/3.243869e+16 surv=1 checked=1.4445e+16 rate=1.842e+11/s elapsed=9.83h block_eta=27.14h
k=396 t=0  44.69%  idx=1.449818e+16/3.243869e+16 surv=1 checked=1.4498e+16 rate=1.841e+11/s elapsed=9.92h block_eta=27.06h
k=396 t=0  44.85%  idx=1.454927e+16/3.243869e+16 surv=1 checked=1.4549e+16 rate=1.840e+11/s elapsed=10.00h block_eta=27.00h
k=396 t=0  45.02%  idx=1.460505e+16/3.243869e+16 surv=1 checked=1.4605e+16 rate=1.840e+11/s elapsed=10.08h block_eta=26.92h
k=396 t=0  45.20%  idx=1.466156e+16/3.243869e+16 surv=1 checked=1.4662e+16 rate=1.841e+11/s elapsed=10.17h block_eta=26.83h
k=396 t=0  45.37%  idx=1.471598e+16/3.243869e+16 surv=1 checked=1.4716e+16 rate=1.841e+11/s elapsed=10.25h block_eta=26.75h
k=396 t=0  45.54%  idx=1.477112e+16/3.243869e+16 surv=1 checked=1.4771e+16 rate=1.840e+11/s elapsed=10.33h block_eta=26.66h
k=396 t=0  45.70%  idx=1.482423e+16/3.243869e+16 surv=1 checked=1.4824e+16 rate=1.840e+11/s elapsed=10.42h block_eta=26.59h
k=396 t=0  45.86%  idx=1.487673e+16/3.243869e+16 surv=1 checked=1.4877e+16 rate=1.839e+11/s elapsed=10.50h block_eta=26.52h
k=396 t=0  46.03%  idx=1.493032e+16/3.243869e+16 surv=1 checked=1.4930e+16 rate=1.839e+11/s elapsed=10.58h block_eta=26.45h
k=396 t=0  46.21%  idx=1.498888e+16/3.243869e+16 surv=1 checked=1.4989e+16 rate=1.840e+11/s elapsed=10.67h block_eta=26.35h
k=396 t=0  46.37%  idx=1.504340e+16/3.243869e+16 surv=1 checked=1.5043e+16 rate=1.840e+11/s elapsed=10.75h block_eta=26.27h
k=396 t=0  46.55%  idx=1.509919e+16/3.243869e+16 surv=1 checked=1.5099e+16 rate=1.840e+11/s elapsed=10.83h block_eta=26.18h
k=396 t=0  46.72%  idx=1.515651e+16/3.243869e+16 surv=1 checked=1.5157e+16 rate=1.840e+11/s elapsed=10.92h block_eta=26.09h
k=396 t=0  46.91%  idx=1.521553e+16/3.243869e+16 surv=1 checked=1.5216e+16 rate=1.841e+11/s elapsed=11.00h block_eta=25.98h
k=396 t=0  47.07%  idx=1.526813e+16/3.243869e+16 surv=1 checked=1.5268e+16 rate=1.841e+11/s elapsed=11.08h block_eta=25.91h
k=396 t=0  47.24%  idx=1.532409e+16/3.243869e+16 surv=1 checked=1.5324e+16 rate=1.841e+11/s elapsed=11.17h block_eta=25.83h
k=396 t=0  47.41%  idx=1.537944e+16/3.243869e+16 surv=1 checked=1.5379e+16 rate=1.841e+11/s elapsed=11.25h block_eta=25.74h
k=396 t=0  47.59%  idx=1.543723e+16/3.243869e+16 surv=1 checked=1.5437e+16 rate=1.841e+11/s elapsed=11.33h block_eta=25.65h
k=396 t=0  47.75%  idx=1.549035e+16/3.243869e+16 surv=1 checked=1.5490e+16 rate=1.841e+11/s elapsed=11.42h block_eta=25.57h
k=396 t=0  47.92%  idx=1.554462e+16/3.243869e+16 surv=1 checked=1.5545e+16 rate=1.841e+11/s elapsed=11.50h block_eta=25.50h
k=396 t=0  48.08%  idx=1.559779e+16/3.243869e+16 surv=1 checked=1.5598e+16 rate=1.840e+11/s elapsed=11.58h block_eta=25.42h
k=396 t=0  48.27%  idx=1.565663e+16/3.243869e+16 surv=1 checked=1.5657e+16 rate=1.841e+11/s elapsed=11.67h block_eta=25.32h
k=396 t=0  48.43%  idx=1.570919e+16/3.243869e+16 surv=1 checked=1.5709e+16 rate=1.840e+11/s elapsed=11.75h block_eta=25.25h
k=396 t=0  48.61%  idx=1.576805e+16/3.243869e+16 surv=1 checked=1.5768e+16 rate=1.841e+11/s elapsed=11.83h block_eta=25.15h
k=396 t=0  48.78%  idx=1.582392e+16/3.243869e+16 surv=1 checked=1.5824e+16 rate=1.841e+11/s elapsed=11.92h block_eta=25.06h
{"k": 396, "status": "TIMEOUT", "block": 0, "idx_done": 15880394616340480, "block_audit": [], "surv_hash_recipe": "sha256 of the UTF-8 bytes of '\\n'.join(decimal(n) for n in sorted(survivors)), no trailing newline; the empty list hashes to sha256(b'')", "unit_done": 496262331760640, "units_total": 1013709170073600, "R": 32438693442355200, "residues_checked": 15880394616340480, "wall": 86398.6961915493, "wall_leg": 43199.5704934597, "restarts": 1, "checkpoint": "overnight/2026-09-04/checkpoints/k396_primary.json", "plan": {"k": 396, "wheel": [[2, 9], [211, 1], [139, 1], [83, 1], [59, 1], [103, 1], [137, 1], [37, 1], [29, 1], [3, 4], [101, 1], [31, 1], [67, 1], [5, 2], [7, 1], [19, 1], [199, 1]], "wheel_primes": [2, 211, 139, 83, 59, 103, 137, 37, 29, 3, 101, 31, 67, 5, 7, 19, 199], "split_primes": [[211, 1, 2], [139, 1, 2], [83, 1, 2], [59, 1, 2], [103, 1, 2], [137, 1, 2], [37, 1, 2], [29, 1, 2], [3, 4, 6], [101, 1, 2], [31, 1, 2], [67, 1, 2], [5, 2, 4], [7, 1, 4], [19, 1, 3], [199, 1, 2]], "N_bits": 104, "M_bits": 104, "M": "12518216249284099418486758156800", "N": "12518216249284099418486758156800", "n_filters": 76, "residues_per_block": 32438693442355200, "density_wheel": 2.591319146145149e-15, "density_rest": 2.30251187519471e-17, "expected_g": 1.676012361201633e+31, "E_g": 1.676012361201633e+31, "expected_blocks": 1.3388587701522427, "N_over_E": 0.7469047686682362, "expected_residue_checks": 4.3430829207577304e+16, "expected_checks_true": 6.1650700391698664e+16}, "engine_module": "gpu_sieve_v9", "engine_file": "sieve/gpu_sieve_v9.py", "engine_commit": "df0365a", "tag": "primary"}
# RESUME k=396 engine=gpu_sieve_v9 block t=0 residues_done=15880394616340480/32438693442355200 (48.96%) survivors=1 restarts=2
k=396 t=0  49.12%  idx=1.593337e+16/3.243869e+16 surv=1 checked=1.5933e+16 rate=1.766e+11/s elapsed=0.08h block_eta=25.96h
k=396 t=0  49.30%  idx=1.599121e+16/3.243869e+16 surv=1 checked=1.5991e+16 rate=1.847e+11/s elapsed=0.17h block_eta=24.74h
k=396 t=0  49.47%  idx=1.604647e+16/3.243869e+16 surv=1 checked=1.6046e+16 rate=1.845e+11/s elapsed=0.25h block_eta=24.68h
k=396 t=0  49.64%  idx=1.610115e+16/3.243869e+16 surv=1 checked=1.6101e+16 rate=1.840e+11/s elapsed=0.33h block_eta=24.67h
k=396 t=0  49.80%  idx=1.615571e+16/3.243869e+16 surv=1 checked=1.6156e+16 rate=1.835e+11/s elapsed=0.42h block_eta=24.64h
k=396 t=0  49.97%  idx=1.620923e+16/3.243869e+16 surv=1 checked=1.6209e+16 rate=1.827e+11/s elapsed=0.50h block_eta=24.68h
k=396 t=0  50.14%  idx=1.626504e+16/3.243869e+16 surv=1 checked=1.6265e+16 rate=1.832e+11/s elapsed=0.58h block_eta=24.53h
k=396 t=0  50.31%  idx=1.631984e+16/3.243869e+16 surv=1 checked=1.6320e+16 rate=1.831e+11/s elapsed=0.67h block_eta=24.45h
k=396 t=0  50.49%  idx=1.637787e+16/3.243869e+16 surv=1 checked=1.6378e+16 rate=1.842e+11/s elapsed=0.75h block_eta=24.21h
k=396 t=0  50.66%  idx=1.643370e+16/3.243869e+16 surv=1 checked=1.6434e+16 rate=1.844e+11/s elapsed=0.83h block_eta=24.11h
k=396 t=0  50.83%  idx=1.648932e+16/3.243869e+16 surv=1 checked=1.6489e+16 rate=1.845e+11/s elapsed=0.92h block_eta=24.01h
k=396 t=0  51.00%  idx=1.654530e+16/3.243869e+16 surv=1 checked=1.6545e+16 rate=1.847e+11/s elapsed=1.00h block_eta=23.90h
k=396 t=0  51.18%  idx=1.660374e+16/3.243869e+16 surv=1 checked=1.6604e+16 rate=1.855e+11/s elapsed=1.08h block_eta=23.72h
k=396 t=0  51.35%  idx=1.665736e+16/3.243869e+16 surv=1 checked=1.6657e+16 rate=1.850e+11/s elapsed=1.17h block_eta=23.70h
k=396 t=0  51.52%  idx=1.671402e+16/3.243869e+16 surv=1 checked=1.6714e+16 rate=1.852e+11/s elapsed=1.25h block_eta=23.58h
k=396 t=0  51.70%  idx=1.676941e+16/3.243869e+16 surv=1 checked=1.6769e+16 rate=1.852e+11/s elapsed=1.33h block_eta=23.50h
k=396 t=0  51.86%  idx=1.682298e+16/3.243869e+16 surv=1 checked=1.6823e+16 rate=1.848e+11/s elapsed=1.42h block_eta=23.47h
k=396 t=0  52.03%  idx=1.687645e+16/3.243869e+16 surv=1 checked=1.6876e+16 rate=1.845e+11/s elapsed=1.50h block_eta=23.44h
k=396 t=0  52.19%  idx=1.693053e+16/3.243869e+16 surv=1 checked=1.6931e+16 rate=1.842e+11/s elapsed=1.58h block_eta=23.38h
k=396 t=0  52.36%  idx=1.698428e+16/3.243869e+16 surv=1 checked=1.6984e+16 rate=1.840e+11/s elapsed=1.67h block_eta=23.33h
k=396 t=0  52.54%  idx=1.704234e+16/3.243869e+16 surv=1 checked=1.7042e+16 rate=1.844e+11/s elapsed=1.75h block_eta=23.19h
k=396 t=0  52.74%  idx=1.710747e+16/3.243869e+16 surv=1 checked=1.7107e+16 rate=1.859e+11/s elapsed=1.83h block_eta=22.91h
k=396 t=0  52.91%  idx=1.716264e+16/3.243869e+16 surv=1 checked=1.7163e+16 rate=1.858e+11/s elapsed=1.92h block_eta=22.83h
k=396 t=0  53.08%  idx=1.721843e+16/3.243869e+16 surv=1 checked=1.7218e+16 rate=1.858e+11/s elapsed=2.00h block_eta=22.75h
k=396 t=0  53.26%  idx=1.727822e+16/3.243869e+16 surv=1 checked=1.7278e+16 rate=1.864e+11/s elapsed=2.08h block_eta=22.60h
k=396 t=0  53.44%  idx=1.733537e+16/3.243869e+16 surv=1 checked=1.7335e+16 rate=1.865e+11/s elapsed=2.17h block_eta=22.49h
k=396 t=0  53.62%  idx=1.739228e+16/3.243869e+16 surv=1 checked=1.7392e+16 rate=1.867e+11/s elapsed=2.25h block_eta=22.39h
k=396 t=0  53.78%  idx=1.744645e+16/3.243869e+16 surv=1 checked=1.7446e+16 rate=1.864e+11/s elapsed=2.33h block_eta=22.34h
k=396 t=0  53.95%  idx=1.750219e+16/3.243869e+16 surv=1 checked=1.7502e+16 rate=1.864e+11/s elapsed=2.42h block_eta=22.26h
k=396 t=0  54.13%  idx=1.755900e+16/3.243869e+16 surv=1 checked=1.7559e+16 rate=1.865e+11/s elapsed=2.50h block_eta=22.16h
k=396 t=0  54.30%  idx=1.761447e+16/3.243869e+16 surv=1 checked=1.7614e+16 rate=1.865e+11/s elapsed=2.58h block_eta=22.08h
k=396 t=0  54.46%  idx=1.766759e+16/3.243869e+16 surv=1 checked=1.7668e+16 rate=1.862e+11/s elapsed=2.67h block_eta=22.04h
k=396 t=0  54.64%  idx=1.772444e+16/3.243869e+16 surv=1 checked=1.7724e+16 rate=1.863e+11/s elapsed=2.75h block_eta=21.94h
k=396 t=0  54.81%  idx=1.777943e+16/3.243869e+16 surv=1 checked=1.7779e+16 rate=1.862e+11/s elapsed=2.83h block_eta=21.87h
k=396 t=0  54.98%  idx=1.783610e+16/3.243869e+16 surv=1 checked=1.7836e+16 rate=1.863e+11/s elapsed=2.92h block_eta=21.78h
k=396 t=0  55.15%  idx=1.789108e+16/3.243869e+16 surv=1 checked=1.7891e+16 rate=1.862e+11/s elapsed=3.00h block_eta=21.71h
k=396 t=0  55.32%  idx=1.794478e+16/3.243869e+16 surv=1 checked=1.7945e+16 rate=1.860e+11/s elapsed=3.08h block_eta=21.65h
k=396 t=0  55.50%  idx=1.800320e+16/3.243869e+16 surv=1 checked=1.8003e+16 rate=1.862e+11/s elapsed=3.17h block_eta=21.53h
k=396 t=0  55.69%  idx=1.806382e+16/3.243869e+16 surv=1 checked=1.8064e+16 rate=1.866e+11/s elapsed=3.25h block_eta=21.40h
k=396 t=0  55.85%  idx=1.811761e+16/3.243869e+16 surv=1 checked=1.8118e+16 rate=1.864e+11/s elapsed=3.33h block_eta=21.34h
k=396 t=0  56.02%  idx=1.817134e+16/3.243869e+16 surv=1 checked=1.8171e+16 rate=1.863e+11/s elapsed=3.42h block_eta=21.28h
k=396 t=0  56.19%  idx=1.822798e+16/3.243869e+16 surv=1 checked=1.8228e+16 rate=1.863e+11/s elapsed=3.50h block_eta=21.19h
k=396 t=0  56.36%  idx=1.828253e+16/3.243869e+16 surv=1 checked=1.8283e+16 rate=1.862e+11/s elapsed=3.58h block_eta=21.12h
k=396 t=0  56.54%  idx=1.834032e+16/3.243869e+16 surv=1 checked=1.8340e+16 rate=1.864e+11/s elapsed=3.67h block_eta=21.01h
k=396 t=0  56.71%  idx=1.839600e+16/3.243869e+16 surv=1 checked=1.8396e+16 rate=1.863e+11/s elapsed=3.75h block_eta=20.93h
k=396 t=0  56.87%  idx=1.844940e+16/3.243869e+16 surv=1 checked=1.8449e+16 rate=1.862e+11/s elapsed=3.83h block_eta=20.87h
k=396 t=0  57.05%  idx=1.850484e+16/3.243869e+16 surv=1 checked=1.8505e+16 rate=1.861e+11/s elapsed=3.92h block_eta=20.79h
k=396 t=0  57.24%  idx=1.856705e+16/3.243869e+16 surv=1 checked=1.8567e+16 rate=1.866e+11/s elapsed=4.00h block_eta=20.65h
k=396 t=0  57.41%  idx=1.862219e+16/3.243869e+16 surv=1 checked=1.8622e+16 rate=1.865e+11/s elapsed=4.08h block_eta=20.58h
k=396 t=0  57.58%  idx=1.867696e+16/3.243869e+16 surv=1 checked=1.8677e+16 rate=1.864e+11/s elapsed=4.17h block_eta=20.50h
k=396 t=0  57.76%  idx=1.873504e+16/3.243869e+16 surv=1 checked=1.8735e+16 rate=1.866e+11/s elapsed=4.25h block_eta=20.40h
k=396 t=0  57.93%  idx=1.879129e+16/3.243869e+16 surv=1 checked=1.8791e+16 rate=1.866e+11/s elapsed=4.33h block_eta=20.32h
k=396 t=0  58.10%  idx=1.884749e+16/3.243869e+16 surv=1 checked=1.8847e+16 rate=1.866e+11/s elapsed=4.42h block_eta=20.23h
k=396 t=0  58.29%  idx=1.890725e+16/3.243869e+16 surv=1 checked=1.8907e+16 rate=1.868e+11/s elapsed=4.50h block_eta=20.12h
k=396 t=0  58.47%  idx=1.896659e+16/3.243869e+16 surv=1 checked=1.8967e+16 rate=1.870e+11/s elapsed=4.58h block_eta=20.01h
k=396 t=0  58.63%  idx=1.901998e+16/3.243869e+16 surv=1 checked=1.9020e+16 rate=1.869e+11/s elapsed=4.67h block_eta=19.95h
k=396 t=0  58.80%  idx=1.907477e+16/3.243869e+16 surv=1 checked=1.9075e+16 rate=1.868e+11/s elapsed=4.75h block_eta=19.87h
k=396 t=0  58.98%  idx=1.913220e+16/3.243869e+16 surv=1 checked=1.9132e+16 rate=1.869e+11/s elapsed=4.83h block_eta=19.78h
k=396 t=0  59.15%  idx=1.918702e+16/3.243869e+16 surv=1 checked=1.9187e+16 rate=1.868e+11/s elapsed=4.92h block_eta=19.70h
k=396 t=0  59.33%  idx=1.924707e+16/3.243869e+16 surv=1 checked=1.9247e+16 rate=1.870e+11/s elapsed=5.00h block_eta=19.59h
k=396 t=0  59.51%  idx=1.930423e+16/3.243869e+16 surv=1 checked=1.9304e+16 rate=1.871e+11/s elapsed=5.08h block_eta=19.50h
k=396 t=0  59.68%  idx=1.935889e+16/3.243869e+16 surv=1 checked=1.9359e+16 rate=1.870e+11/s elapsed=5.17h block_eta=19.43h
k=396 t=0  59.85%  idx=1.941301e+16/3.243869e+16 surv=1 checked=1.9413e+16 rate=1.869e+11/s elapsed=5.25h block_eta=19.36h
k=396 t=0  60.01%  idx=1.946798e+16/3.243869e+16 surv=1 checked=1.9468e+16 rate=1.869e+11/s elapsed=5.33h block_eta=19.28h
k=396 t=0  60.19%  idx=1.952371e+16/3.243869e+16 surv=1 checked=1.9524e+16 rate=1.868e+11/s elapsed=5.42h block_eta=19.20h
k=396 t=0  60.37%  idx=1.958315e+16/3.243869e+16 surv=1 checked=1.9583e+16 rate=1.870e+11/s elapsed=5.50h block_eta=19.10h
k=396 t=0  60.54%  idx=1.963940e+16/3.243869e+16 surv=1 checked=1.9639e+16 rate=1.870e+11/s elapsed=5.58h block_eta=19.01h
k=396 t=0  60.72%  idx=1.969619e+16/3.243869e+16 surv=1 checked=1.9696e+16 rate=1.870e+11/s elapsed=5.67h block_eta=18.92h
k=396 t=0  60.88%  idx=1.974732e+16/3.243869e+16 surv=1 checked=1.9747e+16 rate=1.868e+11/s elapsed=5.75h block_eta=18.87h
k=396 t=0  61.05%  idx=1.980309e+16/3.243869e+16 surv=1 checked=1.9803e+16 rate=1.868e+11/s elapsed=5.83h block_eta=18.79h
k=396 t=0  61.21%  idx=1.985729e+16/3.243869e+16 surv=1 checked=1.9857e+16 rate=1.867e+11/s elapsed=5.92h block_eta=18.72h
k=396 t=0  61.38%  idx=1.991078e+16/3.243869e+16 surv=1 checked=1.9911e+16 rate=1.866e+11/s elapsed=6.00h block_eta=18.65h
k=396 t=0  61.54%  idx=1.996323e+16/3.243869e+16 surv=1 checked=1.9963e+16 rate=1.864e+11/s elapsed=6.08h block_eta=18.59h
k=396 t=0  61.72%  idx=2.002179e+16/3.243869e+16 surv=1 checked=2.0022e+16 rate=1.865e+11/s elapsed=6.17h block_eta=18.49h
k=396 t=0  61.89%  idx=2.007682e+16/3.243869e+16 surv=1 checked=2.0077e+16 rate=1.865e+11/s elapsed=6.25h block_eta=18.41h
k=396 t=0  62.07%  idx=2.013527e+16/3.243869e+16 surv=1 checked=2.0135e+16 rate=1.866e+11/s elapsed=6.33h block_eta=18.31h
k=396 t=0  62.24%  idx=2.019135e+16/3.243869e+16 surv=1 checked=2.0191e+16 rate=1.866e+11/s elapsed=6.42h block_eta=18.23h
k=396 t=0  62.40%  idx=2.024248e+16/3.243869e+16 surv=1 checked=2.0242e+16 rate=1.864e+11/s elapsed=6.50h block_eta=18.17h
k=396 t=0  62.58%  idx=2.029875e+16/3.243869e+16 surv=1 checked=2.0299e+16 rate=1.864e+11/s elapsed=6.58h block_eta=18.09h
k=396 t=0  62.74%  idx=2.035365e+16/3.243869e+16 surv=1 checked=2.0354e+16 rate=1.864e+11/s elapsed=6.67h block_eta=18.01h
k=396 t=0  62.91%  idx=2.040725e+16/3.243869e+16 surv=1 checked=2.0407e+16 rate=1.863e+11/s elapsed=6.75h block_eta=17.94h
k=396 t=0  63.07%  idx=2.046028e+16/3.243869e+16 surv=1 checked=2.0460e+16 rate=1.862e+11/s elapsed=6.83h block_eta=17.87h
k=396 t=0  63.25%  idx=2.051647e+16/3.243869e+16 surv=1 checked=2.0516e+16 rate=1.862e+11/s elapsed=6.92h block_eta=17.79h
k=396 t=0  63.42%  idx=2.057416e+16/3.243869e+16 surv=1 checked=2.0574e+16 rate=1.863e+11/s elapsed=7.00h block_eta=17.69h
k=396 t=0  63.58%  idx=2.062579e+16/3.243869e+16 surv=1 checked=2.0626e+16 rate=1.861e+11/s elapsed=7.08h block_eta=17.63h
k=396 t=0  63.78%  idx=2.068787e+16/3.243869e+16 surv=1 checked=2.0688e+16 rate=1.863e+11/s elapsed=7.17h block_eta=17.52h
k=396 t=0  63.96%  idx=2.074758e+16/3.243869e+16 surv=1 checked=2.0748e+16 rate=1.865e+11/s elapsed=7.25h block_eta=17.41h
k=396 t=0  64.14%  idx=2.080456e+16/3.243869e+16 surv=1 checked=2.0805e+16 rate=1.865e+11/s elapsed=7.33h block_eta=17.33h
k=396 t=0  64.31%  idx=2.086155e+16/3.243869e+16 surv=1 checked=2.0862e+16 rate=1.866e+11/s elapsed=7.42h block_eta=17.24h
k=396 t=0  64.48%  idx=2.091599e+16/3.243869e+16 surv=1 checked=2.0916e+16 rate=1.865e+11/s elapsed=7.50h block_eta=17.16h
k=396 t=0  64.65%  idx=2.097181e+16/3.243869e+16 surv=1 checked=2.0972e+16 rate=1.865e+11/s elapsed=7.58h block_eta=17.08h
k=396 t=0  64.82%  idx=2.102655e+16/3.243869e+16 surv=1 checked=2.1027e+16 rate=1.865e+11/s elapsed=7.67h block_eta=17.00h
k=396 t=0  64.99%  idx=2.108151e+16/3.243869e+16 surv=1 checked=2.1082e+16 rate=1.864e+11/s elapsed=7.75h block_eta=16.92h
k=396 t=0  65.17%  idx=2.114087e+16/3.243869e+16 surv=1 checked=2.1141e+16 rate=1.865e+11/s elapsed=7.83h block_eta=16.82h
k=396 t=0  65.34%  idx=2.119585e+16/3.243869e+16 surv=1 checked=2.1196e+16 rate=1.865e+11/s elapsed=7.92h block_eta=16.74h
k=396 t=0  65.51%  idx=2.125023e+16/3.243869e+16 surv=1 checked=2.1250e+16 rate=1.865e+11/s elapsed=8.00h block_eta=16.67h
k=396 t=0  65.68%  idx=2.130725e+16/3.243869e+16 surv=1 checked=2.1307e+16 rate=1.865e+11/s elapsed=8.08h block_eta=16.58h
k=396 t=0  65.85%  idx=2.136197e+16/3.243869e+16 surv=1 checked=2.1362e+16 rate=1.864e+11/s elapsed=8.17h block_eta=16.50h
k=396 t=0  66.03%  idx=2.142046e+16/3.243869e+16 surv=1 checked=2.1420e+16 rate=1.865e+11/s elapsed=8.25h block_eta=16.41h
k=396 t=0  66.19%  idx=2.147226e+16/3.243869e+16 surv=1 checked=2.1472e+16 rate=1.864e+11/s elapsed=8.33h block_eta=16.34h
k=396 t=0  66.37%  idx=2.152868e+16/3.243869e+16 surv=1 checked=2.1529e+16 rate=1.864e+11/s elapsed=8.42h block_eta=16.26h
k=396 t=0  66.55%  idx=2.158642e+16/3.243869e+16 surv=1 checked=2.1586e+16 rate=1.865e+11/s elapsed=8.50h block_eta=16.17h
k=396 t=0  66.71%  idx=2.164020e+16/3.243869e+16 surv=1 checked=2.1640e+16 rate=1.864e+11/s elapsed=8.58h block_eta=16.09h
k=396 t=0  66.89%  idx=2.169820e+16/3.243869e+16 surv=1 checked=2.1698e+16 rate=1.865e+11/s elapsed=8.67h block_eta=16.00h
k=396 t=0  67.05%  idx=2.175002e+16/3.243869e+16 surv=1 checked=2.1750e+16 rate=1.863e+11/s elapsed=8.75h block_eta=15.93h
k=396 t=0  67.23%  idx=2.180765e+16/3.243869e+16 surv=1 checked=2.1808e+16 rate=1.864e+11/s elapsed=8.83h block_eta=15.84h
k=396 t=0  67.40%  idx=2.186295e+16/3.243869e+16 surv=1 checked=2.1863e+16 rate=1.864e+11/s elapsed=8.92h block_eta=15.76h
k=396 t=0  67.58%  idx=2.192054e+16/3.243869e+16 surv=1 checked=2.1921e+16 rate=1.864e+11/s elapsed=9.00h block_eta=15.67h
k=396 t=0  67.74%  idx=2.197366e+16/3.243869e+16 surv=1 checked=2.1974e+16 rate=1.863e+11/s elapsed=9.08h block_eta=15.60h
k=396 t=0  67.91%  idx=2.202845e+16/3.243869e+16 surv=1 checked=2.2028e+16 rate=1.863e+11/s elapsed=9.17h block_eta=15.52h
k=396 t=0  68.09%  idx=2.208688e+16/3.243869e+16 surv=1 checked=2.2087e+16 rate=1.864e+11/s elapsed=9.25h block_eta=15.43h
k=396 t=0  68.26%  idx=2.214234e+16/3.243869e+16 surv=1 checked=2.2142e+16 rate=1.864e+11/s elapsed=9.33h block_eta=15.35h
k=396 t=0  68.43%  idx=2.219871e+16/3.243869e+16 surv=1 checked=2.2199e+16 rate=1.864e+11/s elapsed=9.42h block_eta=15.26h
k=396 t=0  68.60%  idx=2.225246e+16/3.243869e+16 surv=1 checked=2.2252e+16 rate=1.863e+11/s elapsed=9.50h block_eta=15.19h
k=396 t=0  68.76%  idx=2.230500e+16/3.243869e+16 surv=1 checked=2.2305e+16 rate=1.862e+11/s elapsed=9.58h block_eta=15.12h
k=396 t=0  68.94%  idx=2.236362e+16/3.243869e+16 surv=1 checked=2.2364e+16 rate=1.863e+11/s elapsed=9.67h block_eta=15.02h
k=396 t=0  69.08%  idx=2.240994e+16/3.243869e+16 surv=1 checked=2.2410e+16 rate=1.860e+11/s elapsed=9.75h block_eta=14.98h
k=396 t=0  69.23%  idx=2.245622e+16/3.243869e+16 surv=1 checked=2.2456e+16 rate=1.858e+11/s elapsed=9.83h block_eta=14.93h
k=396 t=0  69.37%  idx=2.250227e+16/3.243869e+16 surv=1 checked=2.2502e+16 rate=1.855e+11/s elapsed=9.92h block_eta=14.88h
k=396 t=0  69.53%  idx=2.255305e+16/3.243869e+16 surv=1 checked=2.2553e+16 rate=1.853e+11/s elapsed=10.00h block_eta=14.82h
k=396 t=0  69.67%  idx=2.260084e+16/3.243869e+16 surv=1 checked=2.2601e+16 rate=1.851e+11/s elapsed=10.08h block_eta=14.76h
k=396 t=0  69.84%  idx=2.265419e+16/3.243869e+16 surv=1 checked=2.2654e+16 rate=1.851e+11/s elapsed=10.17h block_eta=14.69h
k=396 t=0  70.01%  idx=2.271140e+16/3.243869e+16 surv=1 checked=2.2711e+16 rate=1.851e+11/s elapsed=10.25h block_eta=14.60h
k=396 t=0  70.20%  idx=2.277268e+16/3.243869e+16 surv=1 checked=2.2773e+16 rate=1.853e+11/s elapsed=10.33h block_eta=14.49h
k=396 t=0  70.38%  idx=2.282931e+16/3.243869e+16 surv=1 checked=2.2829e+16 rate=1.853e+11/s elapsed=10.42h block_eta=14.40h
k=396 t=0  70.56%  idx=2.288958e+16/3.243869e+16 surv=1 checked=2.2890e+16 rate=1.854e+11/s elapsed=10.50h block_eta=14.31h
k=396 t=0  70.74%  idx=2.294701e+16/3.243869e+16 surv=1 checked=2.2947e+16 rate=1.855e+11/s elapsed=10.58h block_eta=14.22h
k=396 t=0  70.90%  idx=2.299935e+16/3.243869e+16 surv=1 checked=2.2999e+16 rate=1.854e+11/s elapsed=10.67h block_eta=14.14h
k=396 t=0  71.07%  idx=2.305304e+16/3.243869e+16 surv=1 checked=2.3053e+16 rate=1.853e+11/s elapsed=10.75h block_eta=14.07h
k=396 t=0  71.24%  idx=2.310787e+16/3.243869e+16 surv=1 checked=2.3108e+16 rate=1.853e+11/s elapsed=10.83h block_eta=13.99h
k=396 t=0  71.39%  idx=2.315923e+16/3.243869e+16 surv=1 checked=2.3159e+16 rate=1.852e+11/s elapsed=10.92h block_eta=13.92h
k=396 t=0  71.57%  idx=2.321497e+16/3.243869e+16 surv=1 checked=2.3215e+16 rate=1.852e+11/s elapsed=11.00h block_eta=13.83h
k=396 t=0  71.73%  idx=2.326746e+16/3.243869e+16 surv=1 checked=2.3267e+16 rate=1.851e+11/s elapsed=11.08h block_eta=13.76h
k=396 t=0  71.91%  idx=2.332550e+16/3.243869e+16 surv=1 checked=2.3326e+16 rate=1.852e+11/s elapsed=11.17h block_eta=13.67h
k=396 t=0  72.08%  idx=2.338045e+16/3.243869e+16 surv=1 checked=2.3380e+16 rate=1.852e+11/s elapsed=11.25h block_eta=13.59h
k=396 t=0  72.26%  idx=2.343947e+16/3.243869e+16 surv=1 checked=2.3439e+16 rate=1.853e+11/s elapsed=11.33h block_eta=13.49h
k=396 t=0  72.42%  idx=2.349259e+16/3.243869e+16 surv=1 checked=2.3493e+16 rate=1.852e+11/s elapsed=11.42h block_eta=13.42h
k=396 t=0  72.60%  idx=2.355203e+16/3.243869e+16 surv=1 checked=2.3552e+16 rate=1.853e+11/s elapsed=11.50h block_eta=13.32h
k=396 t=0  72.77%  idx=2.360541e+16/3.243869e+16 surv=1 checked=2.3605e+16 rate=1.853e+11/s elapsed=11.58h block_eta=13.25h
k=396 t=0  72.94%  idx=2.366133e+16/3.243869e+16 surv=1 checked=2.3661e+16 rate=1.853e+11/s elapsed=11.67h block_eta=13.16h
k=396 t=0  73.11%  idx=2.371751e+16/3.243869e+16 surv=1 checked=2.3718e+16 rate=1.853e+11/s elapsed=11.75h block_eta=13.08h
k=396 t=0  73.29%  idx=2.377395e+16/3.243869e+16 surv=1 checked=2.3774e+16 rate=1.853e+11/s elapsed=11.83h block_eta=12.99h
k=396 t=0  73.45%  idx=2.382712e+16/3.243869e+16 surv=1 checked=2.3827e+16 rate=1.852e+11/s elapsed=11.92h block_eta=12.91h
{"k": 396, "status": "TIMEOUT", "block": 0, "idx_done": 23884904764801024, "block_audit": [], "surv_hash_recipe": "sha256 of the UTF-8 bytes of '\\n'.join(decimal(n) for n in sorted(survivors)), no trailing newline; the empty list hashes to sha256(b'')", "unit_done": 746403273900032, "units_total": 1013709170073600, "R": 32438693442355200, "residues_checked": 23884904764801024, "wall": 129598.27750468254, "wall_leg": 43199.58153939247, "restarts": 2, "checkpoint": "overnight/2026-09-04/checkpoints/k396_primary.json", "plan": {"k": 396, "wheel": [[2, 9], [211, 1], [139, 1], [83, 1], [59, 1], [103, 1], [137, 1], [37, 1], [29, 1], [3, 4], [101, 1], [31, 1], [67, 1], [5, 2], [7, 1], [19, 1], [199, 1]], "wheel_primes": [2, 211, 139, 83, 59, 103, 137, 37, 29, 3, 101, 31, 67, 5, 7, 19, 199], "split_primes": [[211, 1, 2], [139, 1, 2], [83, 1, 2], [59, 1, 2], [103, 1, 2], [137, 1, 2], [37, 1, 2], [29, 1, 2], [3, 4, 6], [101, 1, 2], [31, 1, 2], [67, 1, 2], [5, 2, 4], [7, 1, 4], [19, 1, 3], [199, 1, 2]], "N_bits": 104, "M_bits": 104, "M": "12518216249284099418486758156800", "N": "12518216249284099418486758156800", "n_filters": 76, "residues_per_block": 32438693442355200, "density_wheel": 2.591319146145149e-15, "density_rest": 2.30251187519471e-17, "expected_g": 1.676012361201633e+31, "E_g": 1.676012361201633e+31, "expected_blocks": 1.3388587701522427, "N_over_E": 0.7469047686682362, "expected_residue_checks": 4.3430829207577304e+16, "expected_checks_true": 6.1650700391698664e+16}, "engine_module": "gpu_sieve_v9", "engine_file": "sieve/gpu_sieve_v9.py", "engine_commit": "df0365a", "tag": "primary"}
# RESUME k=396 engine=gpu_sieve_v9 block t=0 residues_done=23884904764801024/32438693442355200 (73.63%) survivors=1 restarts=3
k=396 t=0  73.79%  idx=2.393722e+16/3.243869e+16 surv=1 checked=2.3937e+16 rate=1.744e+11/s elapsed=0.08h block_eta=13.54h
k=396 t=0  73.96%  idx=2.399266e+16/3.243869e+16 surv=2 checked=2.3993e+16 rate=1.796e+11/s elapsed=0.17h block_eta=13.06h
k=396 t=0  74.13%  idx=2.404795e+16/3.243869e+16 surv=2 checked=2.4048e+16 rate=1.812e+11/s elapsed=0.25h block_eta=12.87h
k=396 t=0  74.30%  idx=2.410256e+16/3.243869e+16 surv=2 checked=2.4103e+16 rate=1.814e+11/s elapsed=0.33h block_eta=12.77h
k=396 t=0  74.46%  idx=2.415320e+16/3.243869e+16 surv=2 checked=2.4153e+16 rate=1.789e+11/s elapsed=0.42h block_eta=12.87h
k=396 t=0  74.64%  idx=2.421086e+16/3.243869e+16 surv=2 checked=2.4211e+16 rate=1.811e+11/s elapsed=0.50h block_eta=12.62h
k=396 t=0  74.81%  idx=2.426633e+16/3.243869e+16 surv=2 checked=2.4266e+16 rate=1.816e+11/s elapsed=0.58h block_eta=12.50h
k=396 t=0  74.98%  idx=2.432163e+16/3.243869e+16 surv=2 checked=2.4322e+16 rate=1.820e+11/s elapsed=0.67h block_eta=12.39h
k=396 t=0  75.15%  idx=2.437640e+16/3.243869e+16 surv=2 checked=2.4376e+16 rate=1.820e+11/s elapsed=0.75h block_eta=12.30h
k=396 t=0  75.32%  idx=2.443280e+16/3.243869e+16 surv=2 checked=2.4433e+16 rate=1.826e+11/s elapsed=0.83h block_eta=12.18h
k=396 t=0  75.50%  idx=2.449076e+16/3.243869e+16 surv=2 checked=2.4491e+16 rate=1.836e+11/s elapsed=0.92h block_eta=12.03h
k=396 t=0  75.67%  idx=2.454729e+16/3.243869e+16 surv=2 checked=2.4547e+16 rate=1.840e+11/s elapsed=1.00h block_eta=11.91h
k=396 t=0  75.84%  idx=2.460311e+16/3.243869e+16 surv=2 checked=2.4603e+16 rate=1.842e+11/s elapsed=1.08h block_eta=11.82h
k=396 t=0  76.01%  idx=2.465731e+16/3.243869e+16 surv=2 checked=2.4657e+16 rate=1.839e+11/s elapsed=1.17h block_eta=11.75h
k=396 t=0  76.19%  idx=2.471503e+16/3.243869e+16 surv=2 checked=2.4715e+16 rate=1.845e+11/s elapsed=1.25h block_eta=11.63h
k=396 t=0  76.36%  idx=2.476898e+16/3.243869e+16 surv=2 checked=2.4769e+16 rate=1.842e+11/s elapsed=1.33h block_eta=11.57h
k=396 t=0  76.54%  idx=2.482777e+16/3.243869e+16 surv=2 checked=2.4828e+16 rate=1.849e+11/s elapsed=1.42h block_eta=11.44h
k=396 t=0  76.70%  idx=2.488052e+16/3.243869e+16 surv=2 checked=2.4881e+16 rate=1.844e+11/s elapsed=1.50h block_eta=11.39h
k=396 t=0  76.87%  idx=2.493658e+16/3.243869e+16 surv=2 checked=2.4937e+16 rate=1.845e+11/s elapsed=1.58h block_eta=11.29h
k=396 t=0  77.05%  idx=2.499253e+16/3.243869e+16 surv=2 checked=2.4993e+16 rate=1.846e+11/s elapsed=1.67h block_eta=11.20h
k=396 t=0  77.22%  idx=2.504888e+16/3.243869e+16 surv=2 checked=2.5049e+16 rate=1.848e+11/s elapsed=1.75h block_eta=11.11h
k=396 t=0  77.39%  idx=2.510281e+16/3.243869e+16 surv=2 checked=2.5103e+16 rate=1.845e+11/s elapsed=1.83h block_eta=11.04h
k=396 t=0  77.56%  idx=2.515969e+16/3.243869e+16 surv=2 checked=2.5160e+16 rate=1.847e+11/s elapsed=1.92h block_eta=10.94h
k=396 t=0  77.73%  idx=2.521493e+16/3.243869e+16 surv=3 checked=2.5215e+16 rate=1.847e+11/s elapsed=2.00h block_eta=10.86h
k=396 t=0  77.90%  idx=2.526835e+16/3.243869e+16 surv=3 checked=2.5268e+16 rate=1.845e+11/s elapsed=2.08h block_eta=10.80h
k=396 t=0  78.08%  idx=2.532651e+16/3.243869e+16 surv=3 checked=2.5327e+16 rate=1.848e+11/s elapsed=2.17h block_eta=10.69h
k=396 t=0  78.24%  idx=2.537935e+16/3.243869e+16 surv=3 checked=2.5379e+16 rate=1.845e+11/s elapsed=2.25h block_eta=10.63h
k=396 t=0  78.41%  idx=2.543446e+16/3.243869e+16 surv=3 checked=2.5434e+16 rate=1.845e+11/s elapsed=2.33h block_eta=10.55h
k=396 t=0  78.58%  idx=2.548926e+16/3.243869e+16 surv=3 checked=2.5489e+16 rate=1.844e+11/s elapsed=2.42h block_eta=10.47h
k=396 t=0  78.75%  idx=2.554467e+16/3.243869e+16 surv=3 checked=2.5545e+16 rate=1.844e+11/s elapsed=2.50h block_eta=10.38h
k=396 t=0  78.92%  idx=2.560046e+16/3.243869e+16 surv=3 checked=2.5600e+16 rate=1.845e+11/s elapsed=2.58h block_eta=10.30h
k=396 t=0  79.09%  idx=2.565615e+16/3.243869e+16 surv=3 checked=2.5656e+16 rate=1.845e+11/s elapsed=2.67h block_eta=10.21h
k=396 t=0  79.26%  idx=2.571145e+16/3.243869e+16 surv=3 checked=2.5711e+16 rate=1.845e+11/s elapsed=2.75h block_eta=10.13h
k=396 t=0  79.45%  idx=2.577234e+16/3.243869e+16 surv=3 checked=2.5772e+16 rate=1.850e+11/s elapsed=2.83h block_eta=10.01h
k=396 t=0  79.62%  idx=2.582692e+16/3.243869e+16 surv=3 checked=2.5827e+16 rate=1.850e+11/s elapsed=2.92h block_eta=9.93h
k=396 t=0  79.79%  idx=2.588345e+16/3.243869e+16 surv=3 checked=2.5883e+16 rate=1.850e+11/s elapsed=3.00h block_eta=9.84h
k=396 t=0  79.97%  idx=2.594182e+16/3.243869e+16 surv=3 checked=2.5942e+16 rate=1.853e+11/s elapsed=3.08h block_eta=9.74h
k=396 t=0  80.15%  idx=2.599947e+16/3.243869e+16 surv=3 checked=2.5999e+16 rate=1.855e+11/s elapsed=3.17h block_eta=9.64h
k=396 t=0  80.32%  idx=2.605340e+16/3.243869e+16 surv=3 checked=2.6053e+16 rate=1.853e+11/s elapsed=3.25h block_eta=9.57h
k=396 t=0  80.51%  idx=2.611626e+16/3.243869e+16 surv=3 checked=2.6116e+16 rate=1.859e+11/s elapsed=3.33h block_eta=9.44h
k=396 t=0  80.68%  idx=2.617046e+16/3.243869e+16 surv=3 checked=2.6170e+16 rate=1.858e+11/s elapsed=3.42h block_eta=9.37h
k=396 t=0  80.86%  idx=2.622894e+16/3.243869e+16 surv=3 checked=2.6229e+16 rate=1.860e+11/s elapsed=3.50h block_eta=9.27h
k=396 t=0  81.02%  idx=2.628242e+16/3.243869e+16 surv=3 checked=2.6282e+16 rate=1.859e+11/s elapsed=3.58h block_eta=9.20h
k=396 t=0  81.20%  idx=2.633882e+16/3.243869e+16 surv=3 checked=2.6339e+16 rate=1.859e+11/s elapsed=3.67h block_eta=9.11h
k=396 t=0  81.36%  idx=2.639228e+16/3.243869e+16 surv=3 checked=2.6392e+16 rate=1.857e+11/s elapsed=3.75h block_eta=9.04h
k=396 t=0  81.53%  idx=2.644600e+16/3.243869e+16 surv=3 checked=2.6446e+16 rate=1.856e+11/s elapsed=3.83h block_eta=8.97h
k=396 t=0  81.70%  idx=2.650345e+16/3.243869e+16 surv=3 checked=2.6503e+16 rate=1.857e+11/s elapsed=3.92h block_eta=8.88h
k=396 t=0  81.86%  idx=2.655508e+16/3.243869e+16 surv=3 checked=2.6555e+16 rate=1.854e+11/s elapsed=4.00h block_eta=8.81h
k=396 t=0  82.05%  idx=2.661661e+16/3.243869e+16 surv=3 checked=2.6617e+16 rate=1.858e+11/s elapsed=4.08h block_eta=8.70h
k=396 t=0  82.22%  idx=2.667086e+16/3.243869e+16 surv=3 checked=2.6671e+16 rate=1.857e+11/s elapsed=4.17h block_eta=8.63h
k=396 t=0  82.40%  idx=2.672818e+16/3.243869e+16 surv=3 checked=2.6728e+16 rate=1.858e+11/s elapsed=4.25h block_eta=8.54h
k=396 t=0  82.57%  idx=2.678426e+16/3.243869e+16 surv=3 checked=2.6784e+16 rate=1.859e+11/s elapsed=4.33h block_eta=8.45h
k=396 t=0  82.73%  idx=2.683786e+16/3.243869e+16 surv=3 checked=2.6838e+16 rate=1.857e+11/s elapsed=4.42h block_eta=8.38h
k=396 t=0  82.92%  idx=2.689806e+16/3.243869e+16 surv=3 checked=2.6898e+16 rate=1.860e+11/s elapsed=4.50h block_eta=8.27h
k=396 t=0  83.09%  idx=2.695228e+16/3.243869e+16 surv=3 checked=2.6952e+16 rate=1.859e+11/s elapsed=4.58h block_eta=8.20h
k=396 t=0  83.27%  idx=2.701218e+16/3.243869e+16 surv=3 checked=2.7012e+16 rate=1.861e+11/s elapsed=4.67h block_eta=8.10h
k=396 t=0  83.44%  idx=2.706722e+16/3.243869e+16 surv=3 checked=2.7067e+16 rate=1.861e+11/s elapsed=4.75h block_eta=8.02h
k=396 t=0  83.61%  idx=2.712062e+16/3.243869e+16 surv=3 checked=2.7121e+16 rate=1.860e+11/s elapsed=4.83h block_eta=7.94h
k=396 t=0  83.78%  idx=2.717771e+16/3.243869e+16 surv=3 checked=2.7178e+16 rate=1.860e+11/s elapsed=4.92h block_eta=7.86h
k=396 t=0  83.95%  idx=2.723138e+16/3.243869e+16 surv=3 checked=2.7231e+16 rate=1.859e+11/s elapsed=5.00h block_eta=7.78h
k=396 t=0  84.12%  idx=2.728817e+16/3.243869e+16 surv=3 checked=2.7288e+16 rate=1.860e+11/s elapsed=5.08h block_eta=7.69h
k=396 t=0  84.30%  idx=2.734452e+16/3.243869e+16 surv=3 checked=2.7345e+16 rate=1.860e+11/s elapsed=5.17h block_eta=7.61h
k=396 t=0  84.47%  idx=2.740089e+16/3.243869e+16 surv=3 checked=2.7401e+16 rate=1.860e+11/s elapsed=5.25h block_eta=7.52h
k=396 t=0  84.63%  idx=2.745423e+16/3.243869e+16 surv=3 checked=2.7454e+16 rate=1.859e+11/s elapsed=5.33h block_eta=7.45h
k=396 t=0  84.81%  idx=2.750980e+16/3.243869e+16 surv=3 checked=2.7510e+16 rate=1.859e+11/s elapsed=5.42h block_eta=7.37h
k=396 t=0  84.98%  idx=2.756689e+16/3.243869e+16 surv=3 checked=2.7567e+16 rate=1.860e+11/s elapsed=5.50h block_eta=7.28h
k=396 t=0  85.15%  idx=2.761994e+16/3.243869e+16 surv=3 checked=2.7620e+16 rate=1.858e+11/s elapsed=5.58h block_eta=7.20h
k=396 t=0  85.32%  idx=2.767553e+16/3.243869e+16 surv=3 checked=2.7676e+16 rate=1.858e+11/s elapsed=5.67h block_eta=7.12h
k=396 t=0  85.50%  idx=2.773385e+16/3.243869e+16 surv=3 checked=2.7734e+16 rate=1.859e+11/s elapsed=5.75h block_eta=7.03h
k=396 t=0  85.66%  idx=2.778735e+16/3.243869e+16 surv=3 checked=2.7787e+16 rate=1.858e+11/s elapsed=5.83h block_eta=6.95h
k=396 t=0  85.84%  idx=2.784376e+16/3.243869e+16 surv=3 checked=2.7844e+16 rate=1.859e+11/s elapsed=5.92h block_eta=6.87h
k=396 t=0  86.01%  idx=2.790012e+16/3.243869e+16 surv=3 checked=2.7900e+16 rate=1.859e+11/s elapsed=6.00h block_eta=6.78h
k=396 t=0  86.19%  idx=2.795932e+16/3.243869e+16 surv=3 checked=2.7959e+16 rate=1.860e+11/s elapsed=6.08h block_eta=6.69h
k=396 t=0  86.37%  idx=2.801588e+16/3.243869e+16 surv=3 checked=2.8016e+16 rate=1.861e+11/s elapsed=6.17h block_eta=6.60h
k=396 t=0  86.53%  idx=2.807071e+16/3.243869e+16 surv=3 checked=2.8071e+16 rate=1.860e+11/s elapsed=6.25h block_eta=6.52h
k=396 t=0  86.71%  idx=2.812832e+16/3.243869e+16 surv=3 checked=2.8128e+16 rate=1.861e+11/s elapsed=6.33h block_eta=6.43h
k=396 t=0  86.88%  idx=2.818236e+16/3.243869e+16 surv=3 checked=2.8182e+16 rate=1.860e+11/s elapsed=6.42h block_eta=6.36h
k=396 t=0  87.05%  idx=2.823720e+16/3.243869e+16 surv=3 checked=2.8237e+16 rate=1.860e+11/s elapsed=6.50h block_eta=6.27h
k=396 t=0  87.22%  idx=2.829195e+16/3.243869e+16 surv=3 checked=2.8292e+16 rate=1.859e+11/s elapsed=6.58h block_eta=6.19h
k=396 t=0  87.38%  idx=2.834513e+16/3.243869e+16 surv=3 checked=2.8345e+16 rate=1.858e+11/s elapsed=6.67h block_eta=6.12h
k=396 t=0  87.56%  idx=2.840189e+16/3.243869e+16 surv=3 checked=2.8402e+16 rate=1.859e+11/s elapsed=6.75h block_eta=6.03h
k=396 t=0  87.74%  idx=2.846110e+16/3.243869e+16 surv=3 checked=2.8461e+16 rate=1.860e+11/s elapsed=6.83h block_eta=5.94h
k=396 t=0  87.90%  idx=2.851523e+16/3.243869e+16 surv=3 checked=2.8515e+16 rate=1.860e+11/s elapsed=6.92h block_eta=5.86h
k=396 t=0  88.08%  idx=2.857259e+16/3.243869e+16 surv=3 checked=2.8573e+16 rate=1.860e+11/s elapsed=7.00h block_eta=5.77h
k=396 t=0  88.26%  idx=2.863046e+16/3.243869e+16 surv=3 checked=2.8630e+16 rate=1.861e+11/s elapsed=7.08h block_eta=5.68h
k=396 t=0  88.43%  idx=2.868648e+16/3.243869e+16 surv=3 checked=2.8686e+16 rate=1.861e+11/s elapsed=7.17h block_eta=5.60h
k=396 t=0  88.60%  idx=2.874009e+16/3.243869e+16 surv=3 checked=2.8740e+16 rate=1.860e+11/s elapsed=7.25h block_eta=5.52h
k=396 t=0  88.77%  idx=2.879659e+16/3.243869e+16 surv=3 checked=2.8797e+16 rate=1.860e+11/s elapsed=7.33h block_eta=5.44h
k=396 t=0  88.95%  idx=2.885417e+16/3.243869e+16 surv=3 checked=2.8854e+16 rate=1.861e+11/s elapsed=7.42h block_eta=5.35h
k=396 t=0  89.12%  idx=2.890803e+16/3.243869e+16 surv=3 checked=2.8908e+16 rate=1.860e+11/s elapsed=7.50h block_eta=5.27h
k=396 t=0  89.28%  idx=2.896206e+16/3.243869e+16 surv=3 checked=2.8962e+16 rate=1.860e+11/s elapsed=7.58h block_eta=5.19h
k=396 t=0  89.46%  idx=2.902068e+16/3.243869e+16 surv=3 checked=2.9021e+16 rate=1.861e+11/s elapsed=7.67h block_eta=5.10h
k=396 t=0  89.62%  idx=2.907262e+16/3.243869e+16 surv=3 checked=2.9073e+16 rate=1.859e+11/s elapsed=7.75h block_eta=5.03h
k=396 t=0  89.79%  idx=2.912661e+16/3.243869e+16 surv=3 checked=2.9127e+16 rate=1.859e+11/s elapsed=7.83h block_eta=4.95h
k=396 t=0  89.96%  idx=2.918214e+16/3.243869e+16 surv=3 checked=2.9182e+16 rate=1.859e+11/s elapsed=7.92h block_eta=4.87h
k=396 t=0  90.14%  idx=2.923995e+16/3.243869e+16 surv=3 checked=2.9240e+16 rate=1.859e+11/s elapsed=8.00h block_eta=4.78h
k=396 t=0  90.30%  idx=2.929343e+16/3.243869e+16 surv=3 checked=2.9293e+16 rate=1.859e+11/s elapsed=8.08h block_eta=4.70h
k=396 t=0  90.47%  idx=2.934833e+16/3.243869e+16 surv=3 checked=2.9348e+16 rate=1.858e+11/s elapsed=8.17h block_eta=4.62h
k=396 t=0  90.65%  idx=2.940566e+16/3.243869e+16 surv=3 checked=2.9406e+16 rate=1.859e+11/s elapsed=8.25h block_eta=4.53h
k=396 t=0  90.82%  idx=2.946177e+16/3.243869e+16 surv=3 checked=2.9462e+16 rate=1.859e+11/s elapsed=8.33h block_eta=4.45h
k=396 t=0  90.99%  idx=2.951503e+16/3.243869e+16 surv=3 checked=2.9515e+16 rate=1.858e+11/s elapsed=8.42h block_eta=4.37h
k=396 t=0  91.15%  idx=2.956872e+16/3.243869e+16 surv=3 checked=2.9569e+16 rate=1.857e+11/s elapsed=8.50h block_eta=4.29h
k=396 t=0  91.33%  idx=2.962584e+16/3.243869e+16 surv=3 checked=2.9626e+16 rate=1.858e+11/s elapsed=8.58h block_eta=4.21h
k=396 t=0  91.50%  idx=2.968300e+16/3.243869e+16 surv=3 checked=2.9683e+16 rate=1.858e+11/s elapsed=8.67h block_eta=4.12h
k=396 t=0  91.68%  idx=2.973947e+16/3.243869e+16 surv=3 checked=2.9739e+16 rate=1.859e+11/s elapsed=8.75h block_eta=4.03h
k=396 t=0  91.85%  idx=2.979504e+16/3.243869e+16 surv=3 checked=2.9795e+16 rate=1.859e+11/s elapsed=8.83h block_eta=3.95h
k=396 t=0  92.03%  idx=2.985432e+16/3.243869e+16 surv=3 checked=2.9854e+16 rate=1.860e+11/s elapsed=8.92h block_eta=3.86h
k=396 t=0  92.19%  idx=2.990627e+16/3.243869e+16 surv=3 checked=2.9906e+16 rate=1.858e+11/s elapsed=9.00h block_eta=3.79h
k=396 t=0  92.36%  idx=2.996087e+16/3.243869e+16 surv=3 checked=2.9961e+16 rate=1.858e+11/s elapsed=9.08h block_eta=3.70h
k=396 t=0  92.54%  idx=3.001885e+16/3.243869e+16 surv=3 checked=3.0019e+16 rate=1.859e+11/s elapsed=9.17h block_eta=3.62h
k=396 t=0  92.71%  idx=3.007269e+16/3.243869e+16 surv=3 checked=3.0073e+16 rate=1.858e+11/s elapsed=9.25h block_eta=3.54h
k=396 t=0  92.88%  idx=3.012971e+16/3.243869e+16 surv=3 checked=3.0130e+16 rate=1.859e+11/s elapsed=9.33h block_eta=3.45h
k=396 t=0  93.06%  idx=3.018716e+16/3.243869e+16 surv=3 checked=3.0187e+16 rate=1.859e+11/s elapsed=9.42h block_eta=3.36h
k=396 t=0  93.23%  idx=3.024346e+16/3.243869e+16 surv=3 checked=3.0243e+16 rate=1.859e+11/s elapsed=9.50h block_eta=3.28h
k=396 t=0  93.41%  idx=3.029997e+16/3.243869e+16 surv=3 checked=3.0300e+16 rate=1.859e+11/s elapsed=9.58h block_eta=3.20h
k=396 t=0  93.58%  idx=3.035493e+16/3.243869e+16 surv=3 checked=3.0355e+16 rate=1.859e+11/s elapsed=9.67h block_eta=3.11h
k=396 t=0  93.75%  idx=3.041033e+16/3.243869e+16 surv=3 checked=3.0410e+16 rate=1.859e+11/s elapsed=9.75h block_eta=3.03h
k=396 t=0  93.92%  idx=3.046591e+16/3.243869e+16 surv=3 checked=3.0466e+16 rate=1.859e+11/s elapsed=9.83h block_eta=2.95h
k=396 t=0  94.09%  idx=3.052084e+16/3.243869e+16 surv=3 checked=3.0521e+16 rate=1.859e+11/s elapsed=9.92h block_eta=2.87h
k=396 t=0  94.26%  idx=3.057606e+16/3.243869e+16 surv=3 checked=3.0576e+16 rate=1.859e+11/s elapsed=10.00h block_eta=2.78h
k=396 t=0  94.42%  idx=3.062952e+16/3.243869e+16 surv=3 checked=3.0630e+16 rate=1.858e+11/s elapsed=10.08h block_eta=2.70h
k=396 t=0  94.58%  idx=3.068044e+16/3.243869e+16 surv=3 checked=3.0680e+16 rate=1.857e+11/s elapsed=10.17h block_eta=2.63h
k=396 t=0  94.75%  idx=3.073462e+16/3.243869e+16 surv=3 checked=3.0735e+16 rate=1.856e+11/s elapsed=10.25h block_eta=2.55h
k=396 t=0  94.91%  idx=3.078820e+16/3.243869e+16 surv=3 checked=3.0788e+16 rate=1.856e+11/s elapsed=10.33h block_eta=2.47h
k=396 t=0  95.09%  idx=3.084490e+16/3.243869e+16 surv=3 checked=3.0845e+16 rate=1.856e+11/s elapsed=10.42h block_eta=2.39h
k=396 t=0  95.25%  idx=3.089936e+16/3.243869e+16 surv=3 checked=3.0899e+16 rate=1.856e+11/s elapsed=10.50h block_eta=2.30h
k=396 t=0  95.43%  idx=3.095600e+16/3.243869e+16 surv=3 checked=3.0956e+16 rate=1.856e+11/s elapsed=10.58h block_eta=2.22h
k=396 t=0  95.59%  idx=3.100949e+16/3.243869e+16 surv=3 checked=3.1009e+16 rate=1.855e+11/s elapsed=10.67h block_eta=2.14h
k=396 t=0  95.77%  idx=3.106693e+16/3.243869e+16 surv=3 checked=3.1067e+16 rate=1.856e+11/s elapsed=10.75h block_eta=2.05h
k=396 t=0  95.95%  idx=3.112581e+16/3.243869e+16 surv=3 checked=3.1126e+16 rate=1.857e+11/s elapsed=10.83h block_eta=1.96h
k=396 t=0  96.12%  idx=3.117952e+16/3.243869e+16 surv=3 checked=3.1180e+16 rate=1.856e+11/s elapsed=10.92h block_eta=1.88h
k=396 t=0  96.30%  idx=3.123710e+16/3.243869e+16 surv=3 checked=3.1237e+16 rate=1.857e+11/s elapsed=11.00h block_eta=1.80h
k=396 t=0  96.46%  idx=3.129100e+16/3.243869e+16 surv=3 checked=3.1291e+16 rate=1.856e+11/s elapsed=11.08h block_eta=1.72h
k=396 t=0  96.64%  idx=3.134947e+16/3.243869e+16 surv=3 checked=3.1349e+16 rate=1.857e+11/s elapsed=11.17h block_eta=1.63h
k=396 t=0  96.82%  idx=3.140815e+16/3.243869e+16 surv=3 checked=3.1408e+16 rate=1.858e+11/s elapsed=11.25h block_eta=1.54h
k=396 t=0  97.00%  idx=3.146399e+16/3.243869e+16 surv=3 checked=3.1464e+16 rate=1.858e+11/s elapsed=11.33h block_eta=1.46h
k=396 t=0  97.16%  idx=3.151891e+16/3.243869e+16 surv=3 checked=3.1519e+16 rate=1.857e+11/s elapsed=11.42h block_eta=1.38h
k=396 t=0  97.35%  idx=3.157761e+16/3.243869e+16 surv=3 checked=3.1578e+16 rate=1.858e+11/s elapsed=11.50h block_eta=1.29h
k=396 t=0  97.51%  idx=3.163051e+16/3.243869e+16 surv=3 checked=3.1631e+16 rate=1.857e+11/s elapsed=11.58h block_eta=1.21h
k=396 t=0  97.70%  idx=3.169189e+16/3.243869e+16 surv=3 checked=3.1692e+16 rate=1.859e+11/s elapsed=11.67h block_eta=1.12h
k=396 t=0  97.87%  idx=3.174859e+16/3.243869e+16 surv=3 checked=3.1749e+16 rate=1.859e+11/s elapsed=11.75h block_eta=1.03h
k=396 t=0  98.05%  idx=3.180640e+16/3.243869e+16 surv=3 checked=3.1806e+16 rate=1.859e+11/s elapsed=11.83h block_eta=0.94h
k=396 t=0  98.22%  idx=3.186224e+16/3.243869e+16 surv=3 checked=3.1862e+16 rate=1.859e+11/s elapsed=11.92h block_eta=0.86h
{"k": 396, "status": "TIMEOUT", "block": 0, "idx_done": 31915178274586624, "block_audit": [], "surv_hash_recipe": "sha256 of the UTF-8 bytes of '\\n'.join(decimal(n) for n in sorted(survivors)), no trailing newline; the empty list hashes to sha256(b'')", "unit_done": 997349321080832, "units_total": 1013709170073600, "R": 32438693442355200, "residues_checked": 31915178274586624, "wall": 172797.72709012032, "wall_leg": 43199.44979381561, "restarts": 3, "checkpoint": "overnight/2026-09-04/checkpoints/k396_primary.json", "plan": {"k": 396, "wheel": [[2, 9], [211, 1], [139, 1], [83, 1], [59, 1], [103, 1], [137, 1], [37, 1], [29, 1], [3, 4], [101, 1], [31, 1], [67, 1], [5, 2], [7, 1], [19, 1], [199, 1]], "wheel_primes": [2, 211, 139, 83, 59, 103, 137, 37, 29, 3, 101, 31, 67, 5, 7, 19, 199], "split_primes": [[211, 1, 2], [139, 1, 2], [83, 1, 2], [59, 1, 2], [103, 1, 2], [137, 1, 2], [37, 1, 2], [29, 1, 2], [3, 4, 6], [101, 1, 2], [31, 1, 2], [67, 1, 2], [5, 2, 4], [7, 1, 4], [19, 1, 3], [199, 1, 2]], "N_bits": 104, "M_bits": 104, "M": "12518216249284099418486758156800", "N": "12518216249284099418486758156800", "n_filters": 76, "residues_per_block": 32438693442355200, "density_wheel": 2.591319146145149e-15, "density_rest": 2.30251187519471e-17, "expected_g": 1.676012361201633e+31, "E_g": 1.676012361201633e+31, "expected_blocks": 1.3388587701522427, "N_over_E": 0.7469047686682362, "expected_residue_checks": 4.3430829207577304e+16, "expected_checks_true": 6.1650700391698664e+16}, "engine_module": "gpu_sieve_v9", "engine_file": "sieve/gpu_sieve_v9.py", "engine_commit": "df0365a", "tag": "primary"}
# RESUME k=396 engine=gpu_sieve_v9 block t=0 residues_done=31915178274586624/32438693442355200 (98.39%) survivors=3 restarts=4
k=396 t=0  98.56%  idx=3.197292e+16/3.243869e+16 surv=3 checked=3.1973e+16 rate=1.925e+11/s elapsed=0.08h block_eta=0.67h
k=396 t=0  98.73%  idx=3.202653e+16/3.243869e+16 surv=3 checked=3.2027e+16 rate=1.856e+11/s elapsed=0.17h block_eta=0.62h
k=396 t=0  98.89%  idx=3.207777e+16/3.243869e+16 surv=3 checked=3.2078e+16 rate=1.807e+11/s elapsed=0.25h block_eta=0.55h
k=396 t=0  99.05%  idx=3.213096e+16/3.243869e+16 surv=3 checked=3.2131e+16 rate=1.798e+11/s elapsed=0.33h block_eta=0.48h
k=396 t=0  99.21%  idx=3.218340e+16/3.243869e+16 surv=3 checked=3.2183e+16 rate=1.788e+11/s elapsed=0.42h block_eta=0.40h
k=396 t=0  99.40%  idx=3.224276e+16/3.243869e+16 surv=3 checked=3.2243e+16 rate=1.820e+11/s elapsed=0.50h block_eta=0.30h
k=396 t=0  99.56%  idx=3.229660e+16/3.243869e+16 surv=3 checked=3.2297e+16 rate=1.816e+11/s elapsed=0.58h block_eta=0.22h
k=396 t=0  99.74%  idx=3.235286e+16/3.243869e+16 surv=3 checked=3.2353e+16 rate=1.824e+11/s elapsed=0.67h block_eta=0.13h
k=396 t=0  99.90%  idx=3.240478e+16/3.243869e+16 surv=3 checked=3.2405e+16 rate=1.813e+11/s elapsed=0.75h block_eta=0.05h
{"k": 396, "status": "FOUND", "g": "7350984493848874781629926017999", "block": 0, "engine": "gpu_sieve_v9", "block_audit": [{"t": 0, "residues_enumerated": 32438693442355200, "kernel_survivors": 3, "after_n_gt_k_plus_1": 1, "passed_ref_is_good": 1, "survivors_n": ["396", "397", "7350984493848874781629926017999"], "sha256_survivors": "e1c1600f94e3ecfd7efbeeb7b24c95ca7c6e754b0f795360c56fc8cf6c242525"}], "surv_hash_recipe": "sha256 of the UTF-8 bytes of '\\n'.join(decimal(n) for n in sorted(survivors)), no trailing newline; the empty list hashes to sha256(b'')", "blocks_scanned": 1, "survivors_in_block": 3, "all_good_in_block": ["7350984493848874781629926017999"], "residues_checked": 32438693442355200, "wall": 175672.8814163208, "wall_leg": 2875.1545190811157, "restarts": 4, "plan": {"k": 396, "wheel": [[2, 9], [211, 1], [139, 1], [83, 1], [59, 1], [103, 1], [137, 1], [37, 1], [29, 1], [3, 4], [101, 1], [31, 1], [67, 1], [5, 2], [7, 1], [19, 1], [199, 1]], "wheel_primes": [2, 211, 139, 83, 59, 103, 137, 37, 29, 3, 101, 31, 67, 5, 7, 19, 199], "split_primes": [[211, 1, 2], [139, 1, 2], [83, 1, 2], [59, 1, 2], [103, 1, 2], [137, 1, 2], [37, 1, 2], [29, 1, 2], [3, 4, 6], [101, 1, 2], [31, 1, 2], [67, 1, 2], [5, 2, 4], [7, 1, 4], [19, 1, 3], [199, 1, 2]], "N_bits": 104, "M_bits": 104, "M": "12518216249284099418486758156800", "N": "12518216249284099418486758156800", "n_filters": 76, "residues_per_block": 32438693442355200, "density_wheel": 2.591319146145149e-15, "density_rest": 2.30251187519471e-17, "expected_g": 1.676012361201633e+31, "E_g": 1.676012361201633e+31, "expected_blocks": 1.3388587701522427, "N_over_E": 0.7469047686682362, "expected_residue_checks": 4.3430829207577304e+16, "expected_checks_true": 6.1650700391698664e+16}, "engine_module": "gpu_sieve_v9", "engine_file": "sieve/gpu_sieve_v9.py", "engine_commit": "df0365a", "tag": "primary"}
