# banned [19] -> wheel [[2, 9], [3, 6], [5, 2], [7, 2], [11, 1], [67, 1], [79, 1], [83, 1], [101, 1], [103, 1], [131, 1], [137, 1], [139, 1], [197, 1], [199, 1], [211, 1]]
k=391 t=0   2.32%  idx=9.286471e+13/3.997338e+15 surv=1 checked=9.2865e+13 rate=3.095e+11/s elapsed=0.08h block_eta=3.50h
k=391 t=0   4.63%  idx=1.851807e+14/3.997338e+15 surv=1 checked=1.8518e+14 rate=3.086e+11/s elapsed=0.17h block_eta=3.43h
k=391 t=0   6.94%  idx=2.774850e+14/3.997338e+15 surv=1 checked=2.7748e+14 rate=3.083e+11/s elapsed=0.25h block_eta=3.35h
k=391 t=0   9.25%  idx=3.697774e+14/3.997338e+15 surv=1 checked=3.6978e+14 rate=3.081e+11/s elapsed=0.33h block_eta=3.27h
k=391 t=0  11.56%  idx=4.620988e+14/3.997338e+15 surv=1 checked=4.6210e+14 rate=3.081e+11/s elapsed=0.42h block_eta=3.19h
k=391 t=0  13.87%  idx=5.544330e+14/3.997338e+15 surv=1 checked=5.5443e+14 rate=3.080e+11/s elapsed=0.50h block_eta=3.10h
k=391 t=0  16.18%  idx=6.467534e+14/3.997338e+15 surv=1 checked=6.4675e+14 rate=3.080e+11/s elapsed=0.58h block_eta=3.02h
k=391 t=0  18.49%  idx=7.390651e+14/3.997338e+15 surv=1 checked=7.3907e+14 rate=3.079e+11/s elapsed=0.67h block_eta=2.94h
k=391 t=0  20.80%  idx=8.313876e+14/3.997338e+15 surv=1 checked=8.3139e+14 rate=3.079e+11/s elapsed=0.75h block_eta=2.86h
k=391 t=0  23.11%  idx=9.236918e+14/3.997338e+15 surv=1 checked=9.2369e+14 rate=3.079e+11/s elapsed=0.83h block_eta=2.77h
k=391 t=0  25.42%  idx=1.015998e+15/3.997338e+15 surv=1 checked=1.0160e+15 rate=3.079e+11/s elapsed=0.92h block_eta=2.69h
k=391 t=0  27.73%  idx=1.108286e+15/3.997338e+15 surv=1 checked=1.1083e+15 rate=3.079e+11/s elapsed=1.00h block_eta=2.61h
k=391 t=0  30.03%  idx=1.200574e+15/3.997338e+15 surv=1 checked=1.2006e+15 rate=3.078e+11/s elapsed=1.08h block_eta=2.52h
k=391 t=0  32.34%  idx=1.292861e+15/3.997338e+15 surv=1 checked=1.2929e+15 rate=3.078e+11/s elapsed=1.17h block_eta=2.44h
k=391 t=0  34.65%  idx=1.385139e+15/3.997338e+15 surv=1 checked=1.3851e+15 rate=3.078e+11/s elapsed=1.25h block_eta=2.36h
k=391 t=0  36.96%  idx=1.477445e+15/3.997338e+15 surv=1 checked=1.4774e+15 rate=3.078e+11/s elapsed=1.33h block_eta=2.27h
k=391 t=0  39.27%  idx=1.569750e+15/3.997338e+15 surv=1 checked=1.5698e+15 rate=3.078e+11/s elapsed=1.42h block_eta=2.19h
k=391 t=0  41.58%  idx=1.662048e+15/3.997338e+15 surv=1 checked=1.6620e+15 rate=3.078e+11/s elapsed=1.50h block_eta=2.11h
k=391 t=0  43.89%  idx=1.754327e+15/3.997338e+15 surv=1 checked=1.7543e+15 rate=3.078e+11/s elapsed=1.58h block_eta=2.02h
k=391 t=0  46.20%  idx=1.846612e+15/3.997338e+15 surv=1 checked=1.8466e+15 rate=3.078e+11/s elapsed=1.67h block_eta=1.94h
k=391 t=0  48.50%  idx=1.938896e+15/3.997338e+15 surv=1 checked=1.9389e+15 rate=3.078e+11/s elapsed=1.75h block_eta=1.86h
k=391 t=0  50.81%  idx=2.031174e+15/3.997338e+15 surv=1 checked=2.0312e+15 rate=3.078e+11/s elapsed=1.83h block_eta=1.77h
k=391 t=0  53.12%  idx=2.123441e+15/3.997338e+15 surv=1 checked=2.1234e+15 rate=3.077e+11/s elapsed=1.92h block_eta=1.69h
k=391 t=0  55.43%  idx=2.215709e+15/3.997338e+15 surv=1 checked=2.2157e+15 rate=3.077e+11/s elapsed=2.00h block_eta=1.61h
k=391 t=0  57.74%  idx=2.307993e+15/3.997338e+15 surv=1 checked=2.3080e+15 rate=3.077e+11/s elapsed=2.08h block_eta=1.52h
k=391 t=0  60.05%  idx=2.400289e+15/3.997338e+15 surv=1 checked=2.4003e+15 rate=3.077e+11/s elapsed=2.17h block_eta=1.44h
k=391 t=0  62.36%  idx=2.492581e+15/3.997338e+15 surv=1 checked=2.4926e+15 rate=3.077e+11/s elapsed=2.25h block_eta=1.36h
k=391 t=0  64.66%  idx=2.584873e+15/3.997338e+15 surv=1 checked=2.5849e+15 rate=3.077e+11/s elapsed=2.33h block_eta=1.28h
k=391 t=0  66.97%  idx=2.677141e+15/3.997338e+15 surv=1 checked=2.6771e+15 rate=3.077e+11/s elapsed=2.42h block_eta=1.19h
k=391 t=0  69.28%  idx=2.769435e+15/3.997338e+15 surv=1 checked=2.7694e+15 rate=3.077e+11/s elapsed=2.50h block_eta=1.11h
k=391 t=0  71.59%  idx=2.861729e+15/3.997338e+15 surv=1 checked=2.8617e+15 rate=3.077e+11/s elapsed=2.58h block_eta=1.03h
k=391 t=0  73.90%  idx=2.954029e+15/3.997338e+15 surv=1 checked=2.9540e+15 rate=3.077e+11/s elapsed=2.67h block_eta=0.94h
k=391 t=0  76.21%  idx=3.046329e+15/3.997338e+15 surv=1 checked=3.0463e+15 rate=3.077e+11/s elapsed=2.75h block_eta=0.86h
k=391 t=0  78.52%  idx=3.138610e+15/3.997338e+15 surv=1 checked=3.1386e+15 rate=3.077e+11/s elapsed=2.83h block_eta=0.78h
k=391 t=0  80.83%  idx=3.230892e+15/3.997338e+15 surv=1 checked=3.2309e+15 rate=3.077e+11/s elapsed=2.92h block_eta=0.69h
k=391 t=0  83.14%  idx=3.323190e+15/3.997338e+15 surv=1 checked=3.3232e+15 rate=3.077e+11/s elapsed=3.00h block_eta=0.61h
k=391 t=0  85.44%  idx=3.415487e+15/3.997338e+15 surv=1 checked=3.4155e+15 rate=3.077e+11/s elapsed=3.08h block_eta=0.53h
k=391 t=0  87.75%  idx=3.507804e+15/3.997338e+15 surv=1 checked=3.5078e+15 rate=3.077e+11/s elapsed=3.17h block_eta=0.44h
k=391 t=0  90.06%  idx=3.600109e+15/3.997338e+15 surv=1 checked=3.6001e+15 rate=3.077e+11/s elapsed=3.25h block_eta=0.36h
k=391 t=0  92.37%  idx=3.692391e+15/3.997338e+15 surv=1 checked=3.6924e+15 rate=3.077e+11/s elapsed=3.33h block_eta=0.28h
k=391 t=0  94.68%  idx=3.784659e+15/3.997338e+15 surv=1 checked=3.7847e+15 rate=3.077e+11/s elapsed=3.42h block_eta=0.19h
k=391 t=0  96.99%  idx=3.876912e+15/3.997338e+15 surv=1 checked=3.8769e+15 rate=3.077e+11/s elapsed=3.50h block_eta=0.11h
k=391 t=0  99.29%  idx=3.969154e+15/3.997338e+15 surv=1 checked=3.9692e+15 rate=3.077e+11/s elapsed=3.58h block_eta=0.03h
k=391 block t=0 complete: no survivor passed the referee; advancing
k=391 t=1   1.60%  idx=6.408521e+13/3.997338e+15 surv=0 checked=4.0614e+15 rate=3.077e+11/s elapsed=3.67h block_eta=3.55h
k=391 t=1   3.91%  idx=1.563626e+14/3.997338e+15 surv=0 checked=4.1537e+15 rate=3.077e+11/s elapsed=3.75h block_eta=3.47h
k=391 t=1   6.22%  idx=2.486131e+14/3.997338e+15 surv=0 checked=4.2460e+15 rate=3.077e+11/s elapsed=3.83h block_eta=3.38h
k=391 t=1   8.53%  idx=3.408658e+14/3.997338e+15 surv=0 checked=4.3382e+15 rate=3.077e+11/s elapsed=3.92h block_eta=3.30h
k=391 t=1  10.83%  idx=4.330948e+14/3.997338e+15 surv=0 checked=4.4304e+15 rate=3.077e+11/s elapsed=4.00h block_eta=3.22h
k=391 t=1  13.14%  idx=5.253217e+14/3.997338e+15 surv=0 checked=4.5227e+15 rate=3.077e+11/s elapsed=4.08h block_eta=3.13h
k=391 t=1  15.45%  idx=6.175283e+14/3.997338e+15 surv=0 checked=4.6149e+15 rate=3.077e+11/s elapsed=4.17h block_eta=3.05h
k=391 t=1  17.76%  idx=7.097734e+14/3.997338e+15 surv=0 checked=4.7071e+15 rate=3.077e+11/s elapsed=4.25h block_eta=2.97h
k=391 t=1  20.06%  idx=8.020046e+14/3.997338e+15 surv=0 checked=4.7993e+15 rate=3.076e+11/s elapsed=4.33h block_eta=2.89h
k=391 t=1  22.37%  idx=8.942476e+14/3.997338e+15 surv=0 checked=4.8916e+15 rate=3.076e+11/s elapsed=4.42h block_eta=2.80h
k=391 t=1  24.68%  idx=9.864563e+14/3.997338e+15 surv=0 checked=4.9838e+15 rate=3.076e+11/s elapsed=4.50h block_eta=2.72h
k=391 t=1  26.98%  idx=1.078643e+15/3.997338e+15 surv=0 checked=5.0760e+15 rate=3.076e+11/s elapsed=4.58h block_eta=2.64h
k=391 t=1  29.29%  idx=1.170890e+15/3.997338e+15 surv=0 checked=5.1682e+15 rate=3.076e+11/s elapsed=4.67h block_eta=2.55h
k=391 t=1  31.60%  idx=1.263131e+15/3.997338e+15 surv=0 checked=5.2605e+15 rate=3.076e+11/s elapsed=4.75h block_eta=2.47h
k=391 t=1  33.91%  idx=1.355378e+15/3.997338e+15 surv=0 checked=5.3527e+15 rate=3.076e+11/s elapsed=4.83h block_eta=2.39h
k=391 t=1  36.21%  idx=1.447605e+15/3.997338e+15 surv=0 checked=5.4449e+15 rate=3.076e+11/s elapsed=4.92h block_eta=2.30h
k=391 t=1  38.52%  idx=1.539814e+15/3.997338e+15 surv=0 checked=5.5372e+15 rate=3.076e+11/s elapsed=5.00h block_eta=2.22h
k=391 t=1  40.83%  idx=1.632001e+15/3.997338e+15 surv=0 checked=5.6293e+15 rate=3.076e+11/s elapsed=5.08h block_eta=2.14h
k=391 t=1  43.13%  idx=1.724166e+15/3.997338e+15 surv=0 checked=5.7215e+15 rate=3.076e+11/s elapsed=5.17h block_eta=2.05h
k=391 t=1  45.44%  idx=1.816337e+15/3.997338e+15 surv=0 checked=5.8137e+15 rate=3.076e+11/s elapsed=5.25h block_eta=1.97h
k=391 t=1  47.74%  idx=1.908521e+15/3.997338e+15 surv=0 checked=5.9059e+15 rate=3.076e+11/s elapsed=5.33h block_eta=1.89h
k=391 t=1  50.05%  idx=2.000707e+15/3.997338e+15 surv=0 checked=5.9980e+15 rate=3.076e+11/s elapsed=5.42h block_eta=1.80h
k=391 t=1  52.36%  idx=2.092896e+15/3.997338e+15 surv=0 checked=6.0902e+15 rate=3.076e+11/s elapsed=5.50h block_eta=1.72h
k=391 t=1  54.66%  idx=2.185099e+15/3.997338e+15 surv=0 checked=6.1824e+15 rate=3.076e+11/s elapsed=5.58h block_eta=1.64h
k=391 t=1  56.97%  idx=2.277324e+15/3.997338e+15 surv=0 checked=6.2747e+15 rate=3.076e+11/s elapsed=5.67h block_eta=1.55h
k=391 t=1  59.28%  idx=2.369559e+15/3.997338e+15 surv=0 checked=6.3669e+15 rate=3.076e+11/s elapsed=5.75h block_eta=1.47h
k=391 t=1  61.59%  idx=2.461773e+15/3.997338e+15 surv=0 checked=6.4591e+15 rate=3.076e+11/s elapsed=5.83h block_eta=1.39h
k=391 t=1  63.89%  idx=2.553973e+15/3.997338e+15 surv=0 checked=6.5513e+15 rate=3.076e+11/s elapsed=5.92h block_eta=1.30h
k=391 t=1  66.20%  idx=2.646166e+15/3.997338e+15 surv=0 checked=6.6435e+15 rate=3.076e+11/s elapsed=6.00h block_eta=1.22h
k=391 t=1  68.50%  idx=2.738351e+15/3.997338e+15 surv=0 checked=6.7357e+15 rate=3.076e+11/s elapsed=6.08h block_eta=1.14h
k=391 t=1  70.81%  idx=2.830554e+15/3.997338e+15 surv=0 checked=6.8279e+15 rate=3.076e+11/s elapsed=6.17h block_eta=1.05h
k=391 t=1  73.12%  idx=2.922727e+15/3.997338e+15 surv=0 checked=6.9201e+15 rate=3.076e+11/s elapsed=6.25h block_eta=0.97h
k=391 t=1  75.42%  idx=3.014979e+15/3.997338e+15 surv=0 checked=7.0123e+15 rate=3.076e+11/s elapsed=6.33h block_eta=0.89h
k=391 t=1  77.73%  idx=3.107208e+15/3.997338e+15 surv=0 checked=7.1045e+15 rate=3.076e+11/s elapsed=6.42h block_eta=0.80h
k=391 t=1  80.04%  idx=3.199476e+15/3.997338e+15 surv=0 checked=7.1968e+15 rate=3.076e+11/s elapsed=6.50h block_eta=0.72h
k=391 t=1  82.35%  idx=3.291725e+15/3.997338e+15 surv=0 checked=7.2891e+15 rate=3.076e+11/s elapsed=6.58h block_eta=0.64h
k=391 t=1  84.65%  idx=3.383941e+15/3.997338e+15 surv=0 checked=7.3813e+15 rate=3.076e+11/s elapsed=6.67h block_eta=0.55h
k=391 t=1  86.96%  idx=3.476158e+15/3.997338e+15 surv=0 checked=7.4735e+15 rate=3.075e+11/s elapsed=6.75h block_eta=0.47h
k=391 t=1  89.27%  idx=3.568370e+15/3.997338e+15 surv=0 checked=7.5657e+15 rate=3.075e+11/s elapsed=6.83h block_eta=0.39h
k=391 t=1  91.57%  idx=3.660558e+15/3.997338e+15 surv=0 checked=7.6579e+15 rate=3.075e+11/s elapsed=6.92h block_eta=0.30h
k=391 t=1  93.88%  idx=3.752757e+15/3.997338e+15 surv=0 checked=7.7501e+15 rate=3.075e+11/s elapsed=7.00h block_eta=0.22h
k=391 t=1  96.19%  idx=3.844935e+15/3.997338e+15 surv=0 checked=7.8423e+15 rate=3.075e+11/s elapsed=7.08h block_eta=0.14h
k=391 t=1  98.49%  idx=3.937117e+15/3.997338e+15 surv=0 checked=7.9345e+15 rate=3.075e+11/s elapsed=7.17h block_eta=0.05h
k=391 block t=1 complete: no survivor passed the referee; advancing
k=391 t=2   0.80%  idx=3.201039e+13/3.997338e+15 surv=0 checked=8.0267e+15 rate=3.075e+11/s elapsed=7.25h block_eta=3.58h
k=391 t=2   3.11%  idx=1.242598e+14/3.997338e+15 surv=0 checked=8.1189e+15 rate=3.075e+11/s elapsed=7.33h block_eta=3.50h
k=391 t=2   5.42%  idx=2.164857e+14/3.997338e+15 surv=0 checked=8.2112e+15 rate=3.075e+11/s elapsed=7.42h block_eta=3.42h
k=391 t=2   7.72%  idx=3.087104e+14/3.997338e+15 surv=0 checked=8.3034e+15 rate=3.075e+11/s elapsed=7.50h block_eta=3.33h
k=391 t=2  10.03%  idx=4.009481e+14/3.997338e+15 surv=0 checked=8.3956e+15 rate=3.075e+11/s elapsed=7.58h block_eta=3.25h
k=391 t=2  12.34%  idx=4.931879e+14/3.997338e+15 surv=0 checked=8.4879e+15 rate=3.075e+11/s elapsed=7.67h block_eta=3.17h
k=391 t=2  14.65%  idx=5.854159e+14/3.997338e+15 surv=0 checked=8.5801e+15 rate=3.075e+11/s elapsed=7.75h block_eta=3.08h
k=391 t=2  16.95%  idx=6.776567e+14/3.997338e+15 surv=0 checked=8.6723e+15 rate=3.075e+11/s elapsed=7.83h block_eta=3.00h
k=391 t=2  19.26%  idx=7.698847e+14/3.997338e+15 surv=0 checked=8.7646e+15 rate=3.075e+11/s elapsed=7.92h block_eta=2.92h
k=391 t=2  21.57%  idx=8.620987e+14/3.997338e+15 surv=0 checked=8.8568e+15 rate=3.075e+11/s elapsed=8.00h block_eta=2.83h
k=391 t=2  23.87%  idx=9.543353e+14/3.997338e+15 surv=0 checked=8.9490e+15 rate=3.075e+11/s elapsed=8.08h block_eta=2.75h
k=391 t=2  26.18%  idx=1.046574e+15/3.997338e+15 surv=1 checked=9.0412e+15 rate=3.075e+11/s elapsed=8.17h block_eta=2.67h
k=391 t=2  28.49%  idx=1.138792e+15/3.997338e+15 surv=1 checked=9.1335e+15 rate=3.075e+11/s elapsed=8.25h block_eta=2.58h
k=391 t=2  30.80%  idx=1.231015e+15/3.997338e+15 surv=1 checked=9.2257e+15 rate=3.075e+11/s elapsed=8.33h block_eta=2.50h
k=391 t=2  33.10%  idx=1.323258e+15/3.997338e+15 surv=1 checked=9.3179e+15 rate=3.075e+11/s elapsed=8.42h block_eta=2.42h
k=391 t=2  35.41%  idx=1.415475e+15/3.997338e+15 surv=1 checked=9.4102e+15 rate=3.075e+11/s elapsed=8.50h block_eta=2.33h
k=391 t=2  37.72%  idx=1.507703e+15/3.997338e+15 surv=1 checked=9.5024e+15 rate=3.075e+11/s elapsed=8.58h block_eta=2.25h
k=391 t=2  40.02%  idx=1.599931e+15/3.997338e+15 surv=1 checked=9.5946e+15 rate=3.075e+11/s elapsed=8.67h block_eta=2.17h
k=391 t=2  42.33%  idx=1.692145e+15/3.997338e+15 surv=1 checked=9.6868e+15 rate=3.075e+11/s elapsed=8.75h block_eta=2.08h
k=391 t=2  44.64%  idx=1.784388e+15/3.997338e+15 surv=1 checked=9.7791e+15 rate=3.075e+11/s elapsed=8.83h block_eta=2.00h
k=391 t=2  46.95%  idx=1.876627e+15/3.997338e+15 surv=1 checked=9.8713e+15 rate=3.075e+11/s elapsed=8.92h block_eta=1.92h
k=391 t=2  49.25%  idx=1.968879e+15/3.997338e+15 surv=1 checked=9.9636e+15 rate=3.075e+11/s elapsed=9.00h block_eta=1.83h
k=391 t=2  51.56%  idx=2.061114e+15/3.997338e+15 surv=1 checked=1.0056e+16 rate=3.075e+11/s elapsed=9.08h block_eta=1.75h
k=391 t=2  53.87%  idx=2.153366e+15/3.997338e+15 surv=1 checked=1.0148e+16 rate=3.075e+11/s elapsed=9.17h block_eta=1.67h
k=391 t=2  56.18%  idx=2.245585e+15/3.997338e+15 surv=1 checked=1.0240e+16 rate=3.075e+11/s elapsed=9.25h block_eta=1.58h
k=391 t=2  58.48%  idx=2.337805e+15/3.997338e+15 surv=1 checked=1.0332e+16 rate=3.075e+11/s elapsed=9.33h block_eta=1.50h
k=391 t=2  60.79%  idx=2.430028e+15/3.997338e+15 surv=1 checked=1.0425e+16 rate=3.075e+11/s elapsed=9.42h block_eta=1.42h
k=391 t=2  63.10%  idx=2.522241e+15/3.997338e+15 surv=1 checked=1.0517e+16 rate=3.075e+11/s elapsed=9.50h block_eta=1.33h
k=391 t=2  65.40%  idx=2.614445e+15/3.997338e+15 surv=1 checked=1.0609e+16 rate=3.075e+11/s elapsed=9.58h block_eta=1.25h
k=391 t=2  67.71%  idx=2.706689e+15/3.997338e+15 surv=1 checked=1.0701e+16 rate=3.075e+11/s elapsed=9.67h block_eta=1.17h
k=391 t=2  70.02%  idx=2.798955e+15/3.997338e+15 surv=1 checked=1.0794e+16 rate=3.075e+11/s elapsed=9.75h block_eta=1.08h
k=391 t=2  72.33%  idx=2.891232e+15/3.997338e+15 surv=1 checked=1.0886e+16 rate=3.075e+11/s elapsed=9.83h block_eta=1.00h
k=391 t=2  74.64%  idx=2.983515e+15/3.997338e+15 surv=1 checked=1.0978e+16 rate=3.075e+11/s elapsed=9.92h block_eta=0.92h
k=391 t=2  76.95%  idx=3.075770e+15/3.997338e+15 surv=1 checked=1.1070e+16 rate=3.075e+11/s elapsed=10.00h block_eta=0.83h
k=391 t=2  79.25%  idx=3.168019e+15/3.997338e+15 surv=1 checked=1.1163e+16 rate=3.075e+11/s elapsed=10.08h block_eta=0.75h
k=391 t=2  81.56%  idx=3.260235e+15/3.997338e+15 surv=1 checked=1.1255e+16 rate=3.075e+11/s elapsed=10.17h block_eta=0.67h
k=391 t=2  83.87%  idx=3.352426e+15/3.997338e+15 surv=1 checked=1.1347e+16 rate=3.075e+11/s elapsed=10.25h block_eta=0.58h
k=391 t=2  86.17%  idx=3.444631e+15/3.997338e+15 surv=1 checked=1.1439e+16 rate=3.075e+11/s elapsed=10.33h block_eta=0.50h
k=391 t=2  88.48%  idx=3.536864e+15/3.997338e+15 surv=1 checked=1.1532e+16 rate=3.075e+11/s elapsed=10.42h block_eta=0.42h
k=391 t=2  90.79%  idx=3.629098e+15/3.997338e+15 surv=1 checked=1.1624e+16 rate=3.075e+11/s elapsed=10.50h block_eta=0.33h
k=391 t=2  93.10%  idx=3.721343e+15/3.997338e+15 surv=1 checked=1.1716e+16 rate=3.075e+11/s elapsed=10.58h block_eta=0.25h
k=391 t=2  95.40%  idx=3.813559e+15/3.997338e+15 surv=1 checked=1.1808e+16 rate=3.075e+11/s elapsed=10.67h block_eta=0.17h
k=391 t=2  97.71%  idx=3.905747e+15/3.997338e+15 surv=1 checked=1.1900e+16 rate=3.075e+11/s elapsed=10.75h block_eta=0.08h
{"k": 391, "status": "FOUND", "g": "1407678907549820296859900034849791", "block": 2, "engine": "gpu_sieve_v8", "block_audit": [{"t": 0, "residues_enumerated": 3997337754009600, "kernel_survivors": 1, "after_n_gt_k_plus_1": 0, "passed_ref_is_good": 0, "survivors_n": ["391"], "sha256_survivors": "a934c244755c66aebb0d6f9f5687038ffae8f00b00b28b4e17521016393f38b9"}, {"t": 1, "residues_enumerated": 3997337754009600, "kernel_survivors": 0, "after_n_gt_k_plus_1": 0, "passed_ref_is_good": 0, "survivors_n": [], "sha256_survivors": "e3b0c44298fc1c149afbf4c8996fb92427ae41e4649b934ca495991b7852b855"}, {"t": 2, "residues_enumerated": 3997337754009600, "kernel_survivors": 1, "after_n_gt_k_plus_1": 1, "passed_ref_is_good": 1, "survivors_n": ["1407678907549820296859900034849791"], "sha256_survivors": "19f2fbde785d07329a795aff6e89a90fff05b848fbae0d45614ef9e7edb7ec84"}], "surv_hash_recipe": "sha256 of the UTF-8 bytes of '\\n'.join(decimal(n) for n in sorted(survivors)), no trailing newline; the empty list hashes to sha256(b'')", "blocks_scanned": 3, "survivors_in_block": 1, "all_good_in_block": ["1407678907549820296859900034849791"], "residues_checked": 11992013262028800, "wall": 38998.36384367943, "restarts": 0, "plan": {"k": 391, "wheel": [[3, 6], [211, 1], [139, 1], [83, 1], [103, 1], [137, 1], [2, 9], [101, 1], [67, 1], [5, 2], [199, 1], [11, 1], [79, 1], [197, 1], [131, 1], [7, 2]], "wheel_primes": [3, 211, 139, 83, 103, 137, 2, 101, 67, 5, 199, 11, 79, 197, 131, 7], "split_primes": [[211, 1, 2], [139, 1, 2], [83, 1, 2], [103, 1, 2], [137, 1, 2], [101, 1, 2], [67, 1, 2], [5, 2, 4], [199, 1, 2], [11, 1, 3], [79, 1, 2], [197, 1, 2], [131, 1, 2], [7, 2, 4]], "N_bits": 109, "M_bits": 109, "M": "474322000415083415849311627046400", "N": "474322000415083415849311627046400", "n_filters": 75, "residues_per_block": 3997337754009600, "density_wheel": 8.427477010367418e-18, "density_rest": 7.932254290447115e-17, "expected_g": 1.4959111361917198e+33, "E_g": 1.4959111361917198e+33, "expected_blocks": 3.153788217461207, "N_over_E": 0.3170789954960888, "expected_residue_checks": 1.260675670980832e+16, "expected_checks_true": 1.4710871675971644e+16}, "engine_module": "gpu_sieve_v8", "engine_file": "sieve/gpu_sieve_v8.py", "engine_commit": "0be7e21", "tag": "confirm", "banned": "19"}
