# banned [3] -> wheel [[5, 1], [7, 2], [11, 1], [17, 1], [23, 2], [43, 1], [67, 1], [79, 1], [97, 1], [101, 1], [131, 1], [137, 1], [139, 1], [193, 1], [197, 1], [199, 1], [211, 1]]
k=384 t=0   1.80%  idx=5.001167e+13/2.781393e+15 surv=1 checked=5.0012e+13 rate=4.168e+11/s elapsed=0.03h block_eta=1.82h
k=384 t=0   3.58%  idx=9.951654e+13/2.781393e+15 surv=1 checked=9.9517e+13 rate=4.146e+11/s elapsed=0.07h block_eta=1.80h
k=384 t=0   5.36%  idx=1.489870e+14/2.781393e+15 surv=1 checked=1.4899e+14 rate=4.138e+11/s elapsed=0.10h block_eta=1.77h
k=384 t=0   7.13%  idx=1.984457e+14/2.781393e+15 surv=1 checked=1.9845e+14 rate=4.134e+11/s elapsed=0.13h block_eta=1.74h
k=384 t=0   8.91%  idx=2.479109e+14/2.781393e+15 surv=1 checked=2.4791e+14 rate=4.132e+11/s elapsed=0.17h block_eta=1.70h
k=384 t=0  10.69%  idx=2.973739e+14/2.781393e+15 surv=1 checked=2.9737e+14 rate=4.130e+11/s elapsed=0.20h block_eta=1.67h
k=384 t=0  12.47%  idx=3.468240e+14/2.781393e+15 surv=1 checked=3.4682e+14 rate=4.129e+11/s elapsed=0.23h block_eta=1.64h
k=384 t=0  14.25%  idx=3.962934e+14/2.781393e+15 surv=1 checked=3.9629e+14 rate=4.128e+11/s elapsed=0.27h block_eta=1.60h
k=384 t=0  16.03%  idx=4.457585e+14/2.781393e+15 surv=1 checked=4.4576e+14 rate=4.127e+11/s elapsed=0.30h block_eta=1.57h
k=384 t=0  17.81%  idx=4.952344e+14/2.781393e+15 surv=1 checked=4.9523e+14 rate=4.127e+11/s elapsed=0.33h block_eta=1.54h
k=384 t=0  19.58%  idx=5.447124e+14/2.781393e+15 surv=1 checked=5.4471e+14 rate=4.127e+11/s elapsed=0.37h block_eta=1.51h
k=384 t=0  21.36%  idx=5.941937e+14/2.781393e+15 surv=1 checked=5.9419e+14 rate=4.126e+11/s elapsed=0.40h block_eta=1.47h
k=384 t=0  23.14%  idx=6.436878e+14/2.781393e+15 surv=1 checked=6.4369e+14 rate=4.126e+11/s elapsed=0.43h block_eta=1.44h
k=384 t=0  24.92%  idx=6.931852e+14/2.781393e+15 surv=1 checked=6.9319e+14 rate=4.126e+11/s elapsed=0.47h block_eta=1.41h
k=384 t=0  26.70%  idx=7.426804e+14/2.781393e+15 surv=1 checked=7.4268e+14 rate=4.126e+11/s elapsed=0.50h block_eta=1.37h
k=384 t=0  28.48%  idx=7.921756e+14/2.781393e+15 surv=1 checked=7.9218e+14 rate=4.126e+11/s elapsed=0.53h block_eta=1.34h
k=384 t=0  30.26%  idx=8.416675e+14/2.781393e+15 surv=1 checked=8.4167e+14 rate=4.126e+11/s elapsed=0.57h block_eta=1.31h
k=384 t=0  32.04%  idx=8.911542e+14/2.781393e+15 surv=1 checked=8.9115e+14 rate=4.126e+11/s elapsed=0.60h block_eta=1.27h
k=384 t=0  33.82%  idx=9.406257e+14/2.781393e+15 surv=1 checked=9.4063e+14 rate=4.126e+11/s elapsed=0.63h block_eta=1.24h
k=384 t=0  35.60%  idx=9.900909e+14/2.781393e+15 surv=1 checked=9.9009e+14 rate=4.125e+11/s elapsed=0.67h block_eta=1.21h
k=384 t=0  37.38%  idx=1.039548e+15/2.781393e+15 surv=1 checked=1.0395e+15 rate=4.125e+11/s elapsed=0.70h block_eta=1.17h
k=384 t=0  39.15%  idx=1.089023e+15/2.781393e+15 surv=1 checked=1.0890e+15 rate=4.125e+11/s elapsed=0.73h block_eta=1.14h
k=384 t=0  40.93%  idx=1.138496e+15/2.781393e+15 surv=1 checked=1.1385e+15 rate=4.125e+11/s elapsed=0.77h block_eta=1.11h
k=384 t=0  42.71%  idx=1.187972e+15/2.781393e+15 surv=1 checked=1.1880e+15 rate=4.125e+11/s elapsed=0.80h block_eta=1.07h
k=384 t=0  44.49%  idx=1.237447e+15/2.781393e+15 surv=1 checked=1.2374e+15 rate=4.125e+11/s elapsed=0.83h block_eta=1.04h
k=384 t=0  46.27%  idx=1.286915e+15/2.781393e+15 surv=1 checked=1.2869e+15 rate=4.125e+11/s elapsed=0.87h block_eta=1.01h
k=384 t=0  48.05%  idx=1.336384e+15/2.781393e+15 surv=1 checked=1.3364e+15 rate=4.125e+11/s elapsed=0.90h block_eta=0.97h
k=384 t=0  49.83%  idx=1.385851e+15/2.781393e+15 surv=1 checked=1.3859e+15 rate=4.125e+11/s elapsed=0.93h block_eta=0.94h
k=384 t=0  51.60%  idx=1.435327e+15/2.781393e+15 surv=1 checked=1.4353e+15 rate=4.124e+11/s elapsed=0.97h block_eta=0.91h
k=384 t=0  53.38%  idx=1.484805e+15/2.781393e+15 surv=1 checked=1.4848e+15 rate=4.124e+11/s elapsed=1.00h block_eta=0.87h
k=384 t=0  55.16%  idx=1.534290e+15/2.781393e+15 surv=1 checked=1.5343e+15 rate=4.124e+11/s elapsed=1.03h block_eta=0.84h
k=384 t=0  56.94%  idx=1.583772e+15/2.781393e+15 surv=1 checked=1.5838e+15 rate=4.124e+11/s elapsed=1.07h block_eta=0.81h
k=384 t=0  58.72%  idx=1.633256e+15/2.781393e+15 surv=1 checked=1.6333e+15 rate=4.124e+11/s elapsed=1.10h block_eta=0.77h
k=384 t=0  60.50%  idx=1.682737e+15/2.781393e+15 surv=1 checked=1.6827e+15 rate=4.124e+11/s elapsed=1.13h block_eta=0.74h
k=384 t=0  62.28%  idx=1.732213e+15/2.781393e+15 surv=1 checked=1.7322e+15 rate=4.124e+11/s elapsed=1.17h block_eta=0.71h
k=384 t=0  64.06%  idx=1.781697e+15/2.781393e+15 surv=1 checked=1.7817e+15 rate=4.124e+11/s elapsed=1.20h block_eta=0.67h
k=384 t=0  65.84%  idx=1.831186e+15/2.781393e+15 surv=1 checked=1.8312e+15 rate=4.124e+11/s elapsed=1.23h block_eta=0.64h
k=384 t=0  67.62%  idx=1.880670e+15/2.781393e+15 surv=1 checked=1.8807e+15 rate=4.124e+11/s elapsed=1.27h block_eta=0.61h
k=384 t=0  69.40%  idx=1.930154e+15/2.781393e+15 surv=1 checked=1.9302e+15 rate=4.124e+11/s elapsed=1.30h block_eta=0.57h
k=384 t=0  71.17%  idx=1.979636e+15/2.781393e+15 surv=1 checked=1.9796e+15 rate=4.124e+11/s elapsed=1.33h block_eta=0.54h
k=384 t=0  72.95%  idx=2.029128e+15/2.781393e+15 surv=1 checked=2.0291e+15 rate=4.124e+11/s elapsed=1.37h block_eta=0.51h
k=384 t=0  74.73%  idx=2.078614e+15/2.781393e+15 surv=1 checked=2.0786e+15 rate=4.124e+11/s elapsed=1.40h block_eta=0.47h
k=384 t=0  76.51%  idx=2.128091e+15/2.781393e+15 surv=1 checked=2.1281e+15 rate=4.124e+11/s elapsed=1.43h block_eta=0.44h
k=384 t=0  78.29%  idx=2.177561e+15/2.781393e+15 surv=1 checked=2.1776e+15 rate=4.124e+11/s elapsed=1.47h block_eta=0.41h
k=384 t=0  80.07%  idx=2.227033e+15/2.781393e+15 surv=1 checked=2.2270e+15 rate=4.124e+11/s elapsed=1.50h block_eta=0.37h
k=384 t=0  81.85%  idx=2.276490e+15/2.781393e+15 surv=1 checked=2.2765e+15 rate=4.124e+11/s elapsed=1.53h block_eta=0.34h
k=384 t=0  83.63%  idx=2.325949e+15/2.781393e+15 surv=1 checked=2.3259e+15 rate=4.124e+11/s elapsed=1.57h block_eta=0.31h
k=384 t=0  85.40%  idx=2.375395e+15/2.781393e+15 surv=1 checked=2.3754e+15 rate=4.124e+11/s elapsed=1.60h block_eta=0.27h
k=384 t=0  87.18%  idx=2.424843e+15/2.781393e+15 surv=1 checked=2.4248e+15 rate=4.124e+11/s elapsed=1.63h block_eta=0.24h
k=384 t=0  88.96%  idx=2.474297e+15/2.781393e+15 surv=1 checked=2.4743e+15 rate=4.124e+11/s elapsed=1.67h block_eta=0.21h
k=384 t=0  90.74%  idx=2.523754e+15/2.781393e+15 surv=1 checked=2.5238e+15 rate=4.124e+11/s elapsed=1.70h block_eta=0.17h
k=384 t=0  92.52%  idx=2.573227e+15/2.781393e+15 surv=1 checked=2.5732e+15 rate=4.124e+11/s elapsed=1.73h block_eta=0.14h
k=384 t=0  94.29%  idx=2.622694e+15/2.781393e+15 surv=1 checked=2.6227e+15 rate=4.124e+11/s elapsed=1.77h block_eta=0.11h
k=384 t=0  96.07%  idx=2.672157e+15/2.781393e+15 surv=1 checked=2.6722e+15 rate=4.124e+11/s elapsed=1.80h block_eta=0.07h
k=384 t=0  97.85%  idx=2.721623e+15/2.781393e+15 surv=1 checked=2.7216e+15 rate=4.124e+11/s elapsed=1.83h block_eta=0.04h
k=384 t=0  99.63%  idx=2.771100e+15/2.781393e+15 surv=1 checked=2.7711e+15 rate=4.124e+11/s elapsed=1.87h block_eta=0.01h
k=384 block t=0 complete: no survivor passed the referee; advancing
k=384 t=1   1.41%  idx=3.918835e+13/2.781393e+15 surv=0 checked=2.8206e+15 rate=4.124e+11/s elapsed=1.90h block_eta=1.85h
k=384 t=1   3.19%  idx=8.867497e+13/2.781393e+15 surv=0 checked=2.8701e+15 rate=4.124e+11/s elapsed=1.93h block_eta=1.81h
k=384 t=1   4.97%  idx=1.381605e+14/2.781393e+15 surv=0 checked=2.9196e+15 rate=4.124e+11/s elapsed=1.97h block_eta=1.78h
k=384 t=1   6.75%  idx=1.876396e+14/2.781393e+15 surv=0 checked=2.9690e+15 rate=4.124e+11/s elapsed=2.00h block_eta=1.75h
k=384 t=1   8.52%  idx=2.371123e+14/2.781393e+15 surv=0 checked=3.0185e+15 rate=4.124e+11/s elapsed=2.03h block_eta=1.71h
k=384 t=1  10.30%  idx=2.865903e+14/2.781393e+15 surv=0 checked=3.0680e+15 rate=4.124e+11/s elapsed=2.07h block_eta=1.68h
k=384 t=1  12.08%  idx=3.360629e+14/2.781393e+15 surv=0 checked=3.1175e+15 rate=4.124e+11/s elapsed=2.10h block_eta=1.65h
k=384 t=1  13.86%  idx=3.855442e+14/2.781393e+15 surv=0 checked=3.1669e+15 rate=4.124e+11/s elapsed=2.13h block_eta=1.61h
k=384 t=1  15.64%  idx=4.350233e+14/2.781393e+15 surv=1 checked=3.2164e+15 rate=4.124e+11/s elapsed=2.17h block_eta=1.58h
k=384 t=1  17.42%  idx=4.844991e+14/2.781393e+15 surv=1 checked=3.2659e+15 rate=4.124e+11/s elapsed=2.20h block_eta=1.55h
k=384 t=1  19.20%  idx=5.339739e+14/2.781393e+15 surv=1 checked=3.3154e+15 rate=4.124e+11/s elapsed=2.23h block_eta=1.51h
k=384 t=1  20.98%  idx=5.834498e+14/2.781393e+15 surv=1 checked=3.3648e+15 rate=4.124e+11/s elapsed=2.27h block_eta=1.48h
k=384 t=1  22.76%  idx=6.329235e+14/2.781393e+15 surv=1 checked=3.4143e+15 rate=4.124e+11/s elapsed=2.30h block_eta=1.45h
k=384 t=1  24.53%  idx=6.823898e+14/2.781393e+15 surv=1 checked=3.4638e+15 rate=4.124e+11/s elapsed=2.33h block_eta=1.41h
k=384 t=1  26.31%  idx=7.318581e+14/2.781393e+15 surv=1 checked=3.5133e+15 rate=4.123e+11/s elapsed=2.37h block_eta=1.38h
k=384 t=1  28.09%  idx=7.813136e+14/2.781393e+15 surv=1 checked=3.5627e+15 rate=4.123e+11/s elapsed=2.40h block_eta=1.35h
k=384 t=1  29.87%  idx=8.307701e+14/2.781393e+15 surv=1 checked=3.6122e+15 rate=4.123e+11/s elapsed=2.43h block_eta=1.31h
k=384 t=1  31.65%  idx=8.802192e+14/2.781393e+15 surv=1 checked=3.6616e+15 rate=4.123e+11/s elapsed=2.47h block_eta=1.28h
k=384 t=1  33.42%  idx=9.296596e+14/2.781393e+15 surv=1 checked=3.7111e+15 rate=4.123e+11/s elapsed=2.50h block_eta=1.25h
k=384 t=1  35.20%  idx=9.791129e+14/2.781393e+15 surv=1 checked=3.7605e+15 rate=4.123e+11/s elapsed=2.53h block_eta=1.21h
k=384 t=1  36.98%  idx=1.028554e+15/2.781393e+15 surv=1 checked=3.8099e+15 rate=4.123e+11/s elapsed=2.57h block_eta=1.18h
k=384 t=1  38.76%  idx=1.078002e+15/2.781393e+15 surv=1 checked=3.8594e+15 rate=4.123e+11/s elapsed=2.60h block_eta=1.15h
k=384 t=1  40.54%  idx=1.127441e+15/2.781393e+15 surv=1 checked=3.9088e+15 rate=4.123e+11/s elapsed=2.63h block_eta=1.11h
k=384 t=1  42.31%  idx=1.176885e+15/2.781393e+15 surv=1 checked=3.9583e+15 rate=4.123e+11/s elapsed=2.67h block_eta=1.08h
k=384 t=1  44.09%  idx=1.226338e+15/2.781393e+15 surv=1 checked=4.0077e+15 rate=4.123e+11/s elapsed=2.70h block_eta=1.05h
k=384 t=1  45.87%  idx=1.275796e+15/2.781393e+15 surv=1 checked=4.0572e+15 rate=4.123e+11/s elapsed=2.73h block_eta=1.01h
k=384 t=1  47.65%  idx=1.325267e+15/2.781393e+15 surv=1 checked=4.1067e+15 rate=4.123e+11/s elapsed=2.77h block_eta=0.98h
k=384 t=1  49.43%  idx=1.374729e+15/2.781393e+15 surv=1 checked=4.1561e+15 rate=4.123e+11/s elapsed=2.80h block_eta=0.95h
k=384 t=1  51.20%  idx=1.424190e+15/2.781393e+15 surv=1 checked=4.2056e+15 rate=4.123e+11/s elapsed=2.83h block_eta=0.91h
k=384 t=1  52.98%  idx=1.473641e+15/2.781393e+15 surv=1 checked=4.2550e+15 rate=4.123e+11/s elapsed=2.87h block_eta=0.88h
k=384 t=1  54.76%  idx=1.523106e+15/2.781393e+15 surv=1 checked=4.3045e+15 rate=4.123e+11/s elapsed=2.90h block_eta=0.85h
k=384 t=1  56.54%  idx=1.572568e+15/2.781393e+15 surv=1 checked=4.3540e+15 rate=4.123e+11/s elapsed=2.93h block_eta=0.81h
k=384 t=1  58.32%  idx=1.622017e+15/2.781393e+15 surv=1 checked=4.4034e+15 rate=4.123e+11/s elapsed=2.97h block_eta=0.78h
k=384 t=1  60.09%  idx=1.671467e+15/2.781393e+15 surv=1 checked=4.4529e+15 rate=4.123e+11/s elapsed=3.00h block_eta=0.75h
k=384 t=1  61.87%  idx=1.720901e+15/2.781393e+15 surv=1 checked=4.5023e+15 rate=4.123e+11/s elapsed=3.03h block_eta=0.71h
k=384 t=1  63.65%  idx=1.770351e+15/2.781393e+15 surv=1 checked=4.5517e+15 rate=4.123e+11/s elapsed=3.07h block_eta=0.68h
k=384 t=1  65.43%  idx=1.819795e+15/2.781393e+15 surv=1 checked=4.6012e+15 rate=4.123e+11/s elapsed=3.10h block_eta=0.65h
k=384 t=1  67.20%  idx=1.869216e+15/2.781393e+15 surv=1 checked=4.6506e+15 rate=4.123e+11/s elapsed=3.13h block_eta=0.61h
k=384 t=1  68.98%  idx=1.918642e+15/2.781393e+15 surv=1 checked=4.7000e+15 rate=4.123e+11/s elapsed=3.17h block_eta=0.58h
k=384 t=1  70.76%  idx=1.968055e+15/2.781393e+15 surv=1 checked=4.7494e+15 rate=4.123e+11/s elapsed=3.20h block_eta=0.55h
k=384 t=1  72.53%  idx=2.017463e+15/2.781393e+15 surv=1 checked=4.7989e+15 rate=4.123e+11/s elapsed=3.23h block_eta=0.51h
k=384 t=1  74.31%  idx=2.066865e+15/2.781393e+15 surv=1 checked=4.8483e+15 rate=4.123e+11/s elapsed=3.27h block_eta=0.48h
k=384 t=1  76.09%  idx=2.116271e+15/2.781393e+15 surv=1 checked=4.8977e+15 rate=4.123e+11/s elapsed=3.30h block_eta=0.45h
k=384 t=1  77.86%  idx=2.165667e+15/2.781393e+15 surv=1 checked=4.9471e+15 rate=4.123e+11/s elapsed=3.33h block_eta=0.41h
k=384 t=1  79.64%  idx=2.215051e+15/2.781393e+15 surv=1 checked=4.9964e+15 rate=4.122e+11/s elapsed=3.37h block_eta=0.38h
k=384 t=1  81.41%  idx=2.264434e+15/2.781393e+15 surv=1 checked=5.0458e+15 rate=4.122e+11/s elapsed=3.40h block_eta=0.35h
k=384 t=1  83.19%  idx=2.313837e+15/2.781393e+15 surv=1 checked=5.0952e+15 rate=4.122e+11/s elapsed=3.43h block_eta=0.32h
k=384 t=1  84.97%  idx=2.363227e+15/2.781393e+15 surv=1 checked=5.1446e+15 rate=4.122e+11/s elapsed=3.47h block_eta=0.28h
k=384 t=1  86.74%  idx=2.412624e+15/2.781393e+15 surv=1 checked=5.1940e+15 rate=4.122e+11/s elapsed=3.50h block_eta=0.25h
k=384 t=1  88.52%  idx=2.462033e+15/2.781393e+15 surv=1 checked=5.2434e+15 rate=4.122e+11/s elapsed=3.53h block_eta=0.22h
k=384 t=1  90.29%  idx=2.511455e+15/2.781393e+15 surv=1 checked=5.2928e+15 rate=4.122e+11/s elapsed=3.57h block_eta=0.18h
k=384 t=1  92.07%  idx=2.560881e+15/2.781393e+15 surv=1 checked=5.3423e+15 rate=4.122e+11/s elapsed=3.60h block_eta=0.15h
k=384 t=1  93.85%  idx=2.610287e+15/2.781393e+15 surv=1 checked=5.3917e+15 rate=4.122e+11/s elapsed=3.63h block_eta=0.12h
k=384 t=1  95.62%  idx=2.659685e+15/2.781393e+15 surv=1 checked=5.4411e+15 rate=4.122e+11/s elapsed=3.67h block_eta=0.08h
k=384 t=1  97.40%  idx=2.709098e+15/2.781393e+15 surv=1 checked=5.4905e+15 rate=4.122e+11/s elapsed=3.70h block_eta=0.05h
k=384 t=1  99.18%  idx=2.758505e+15/2.781393e+15 surv=1 checked=5.5399e+15 rate=4.122e+11/s elapsed=3.73h block_eta=0.02h
{"k": 384, "status": "FOUND", "g": "347602760349418009297709548536219", "block": 1, "engine": "gpu_sieve_v8", "block_audit": [{"t": 0, "residues_enumerated": 2781393203635200, "kernel_survivors": 1, "after_n_gt_k_plus_1": 0, "passed_ref_is_good": 0, "survivors_n": ["384"], "sha256_survivors": "37b73510175057c633ebe4beb0a34917fa2a0696432db43a4eeb2c3ff83a4c3b"}, {"t": 1, "residues_enumerated": 2781393203635200, "kernel_survivors": 1, "after_n_gt_k_plus_1": 1, "passed_ref_is_good": 1, "survivors_n": ["347602760349418009297709548536219"], "sha256_survivors": "48ca0529f9c2bba9bf9ca8ccde876acea0f2cc3dc8052d4f56a7f7f9c2415951"}], "surv_hash_recipe": "sha256 of the UTF-8 bytes of '\\n'.join(decimal(n) for n in sorted(survivors)), no trailing newline; the empty list hashes to sha256(b'')", "blocks_scanned": 2, "survivors_in_block": 1, "all_good_in_block": ["347602760349418009297709548536219"], "residues_checked": 5562786407270400, "wall": 13495.74932551384, "restarts": 0, "plan": {"k": 384, "wheel": [[23, 2], [211, 1], [139, 1], [137, 1], [101, 1], [67, 1], [199, 1], [79, 1], [197, 1], [131, 1], [17, 1], [97, 1], [43, 1], [7, 2], [193, 1], [5, 1], [11, 1]], "wheel_primes": [23, 211, 139, 137, 101, 67, 199, 79, 197, 131, 17, 97, 43, 7, 193, 5, 11], "split_primes": [[211, 1, 2], [139, 1, 2], [137, 1, 2], [101, 1, 2], [67, 1, 2], [199, 1, 2], [79, 1, 2], [197, 1, 2], [131, 1, 2], [17, 1, 3], [97, 1, 2], [43, 1, 2], [7, 2, 4], [193, 1, 2], [5, 1, 4], [11, 1, 3]], "N_bits": 108, "M_bits": 108, "M": "215224917739259654540907501208685", "N": "215224917739259654540907501208685", "n_filters": 75, "residues_per_block": 2781393203635200, "density_wheel": 1.2923193247562524e-17, "density_rest": 8.835487446013919e-17, "expected_g": 8.757893249342474e+32, "E_g": 8.757893249342474e+32, "expected_blocks": 4.069181831423661, "N_over_E": 0.24574964733147248, "expected_residue_checks": 1.1317994690277608e+16, "expected_checks_true": 1.276559457413306e+16}, "engine_module": "gpu_sieve_v8", "engine_file": "sieve/gpu_sieve_v8.py", "engine_commit": "0be7e21", "tag": "confirm", "banned": "3"}
