k=395 t=0   0.56%  idx=6.040657e+13/1.080664e+16 surv=1 checked=6.0407e+13 rate=2.014e+11/s elapsed=0.08h block_eta=14.83h
k=395 t=0   1.10%  idx=1.185475e+14/1.080664e+16 surv=1 checked=1.1855e+14 rate=1.976e+11/s elapsed=0.17h block_eta=15.03h
k=395 t=0   1.65%  idx=1.784860e+14/1.080664e+16 surv=1 checked=1.7849e+14 rate=1.983e+11/s elapsed=0.25h block_eta=14.89h
k=395 t=0   2.18%  idx=2.359161e+14/1.080664e+16 surv=1 checked=2.3592e+14 rate=1.966e+11/s elapsed=0.33h block_eta=14.94h
k=395 t=0   2.71%  idx=2.929178e+14/1.080664e+16 surv=1 checked=2.9292e+14 rate=1.953e+11/s elapsed=0.42h block_eta=14.96h
k=395 t=0   3.23%  idx=3.493773e+14/1.080664e+16 surv=1 checked=3.4938e+14 rate=1.941e+11/s elapsed=0.50h block_eta=14.97h
k=395 t=0   3.77%  idx=4.071071e+14/1.080664e+16 surv=1 checked=4.0711e+14 rate=1.939e+11/s elapsed=0.58h block_eta=14.90h
k=395 t=0   4.31%  idx=4.659996e+14/1.080664e+16 surv=1 checked=4.6600e+14 rate=1.942e+11/s elapsed=0.67h block_eta=14.79h
k=395 t=0   4.84%  idx=5.231130e+14/1.080664e+16 surv=1 checked=5.2311e+14 rate=1.937e+11/s elapsed=0.75h block_eta=14.74h
k=395 t=0   5.39%  idx=5.827272e+14/1.080664e+16 surv=1 checked=5.8273e+14 rate=1.942e+11/s elapsed=0.83h block_eta=14.62h
k=395 t=0   5.91%  idx=6.390127e+14/1.080664e+16 surv=1 checked=6.3901e+14 rate=1.936e+11/s elapsed=0.92h block_eta=14.59h
k=395 t=0   6.45%  idx=6.971494e+14/1.080664e+16 surv=1 checked=6.9715e+14 rate=1.937e+11/s elapsed=1.00h block_eta=14.50h
k=395 t=0   7.02%  idx=7.584128e+14/1.080664e+16 surv=1 checked=7.5841e+14 rate=1.945e+11/s elapsed=1.08h block_eta=14.35h
k=395 t=0   7.54%  idx=8.147499e+14/1.080664e+16 surv=1 checked=8.1475e+14 rate=1.940e+11/s elapsed=1.17h block_eta=14.31h
k=395 t=0   8.07%  idx=8.716443e+14/1.080664e+16 surv=1 checked=8.7164e+14 rate=1.937e+11/s elapsed=1.25h block_eta=14.25h
k=395 t=0   8.62%  idx=9.316063e+14/1.080664e+16 surv=1 checked=9.3161e+14 rate=1.941e+11/s elapsed=1.33h block_eta=14.13h
k=395 t=0   9.16%  idx=9.897301e+14/1.080664e+16 surv=1 checked=9.8973e+14 rate=1.941e+11/s elapsed=1.42h block_eta=14.05h
k=395 t=0   9.68%  idx=1.045545e+15/1.080664e+16 surv=1 checked=1.0455e+15 rate=1.936e+11/s elapsed=1.50h block_eta=14.00h
k=395 t=0  10.21%  idx=1.103152e+15/1.080664e+16 surv=1 checked=1.1032e+15 rate=1.935e+11/s elapsed=1.58h block_eta=13.93h
k=395 t=0  10.78%  idx=1.165447e+15/1.080664e+16 surv=1 checked=1.1654e+15 rate=1.942e+11/s elapsed=1.67h block_eta=13.79h
k=395 t=0  11.34%  idx=1.225148e+15/1.080664e+16 surv=1 checked=1.2251e+15 rate=1.945e+11/s elapsed=1.75h block_eta=13.69h
k=395 t=0  11.89%  idx=1.284831e+15/1.080664e+16 surv=1 checked=1.2848e+15 rate=1.947e+11/s elapsed=1.83h block_eta=13.59h
k=395 t=0  12.43%  idx=1.343144e+15/1.080664e+16 surv=1 checked=1.3431e+15 rate=1.947e+11/s elapsed=1.92h block_eta=13.50h
k=395 t=0  12.98%  idx=1.402290e+15/1.080664e+16 surv=1 checked=1.4023e+15 rate=1.948e+11/s elapsed=2.00h block_eta=13.41h
k=395 t=0  13.57%  idx=1.465984e+15/1.080664e+16 surv=1 checked=1.4660e+15 rate=1.955e+11/s elapsed=2.08h block_eta=13.27h
k=395 t=0  14.12%  idx=1.525824e+15/1.080664e+16 surv=1 checked=1.5258e+15 rate=1.956e+11/s elapsed=2.17h block_eta=13.18h
k=395 t=0  14.64%  idx=1.582145e+15/1.080664e+16 surv=1 checked=1.5821e+15 rate=1.953e+11/s elapsed=2.25h block_eta=13.12h
k=395 t=0  15.19%  idx=1.641454e+15/1.080664e+16 surv=1 checked=1.6415e+15 rate=1.954e+11/s elapsed=2.33h block_eta=13.03h
k=395 t=0  15.71%  idx=1.697382e+15/1.080664e+16 surv=1 checked=1.6974e+15 rate=1.951e+11/s elapsed=2.42h block_eta=12.97h
k=395 t=0  16.25%  idx=1.756204e+15/1.080664e+16 surv=1 checked=1.7562e+15 rate=1.951e+11/s elapsed=2.50h block_eta=12.88h
k=395 t=0  16.79%  idx=1.814273e+15/1.080664e+16 surv=1 checked=1.8143e+15 rate=1.951e+11/s elapsed=2.58h block_eta=12.80h
k=395 t=0  17.37%  idx=1.876707e+15/1.080664e+16 surv=1 checked=1.8767e+15 rate=1.955e+11/s elapsed=2.67h block_eta=12.69h
k=395 t=0  17.89%  idx=1.933348e+15/1.080664e+16 surv=1 checked=1.9333e+15 rate=1.953e+11/s elapsed=2.75h block_eta=12.62h
k=395 t=0  18.40%  idx=1.988829e+15/1.080664e+16 surv=1 checked=1.9888e+15 rate=1.950e+11/s elapsed=2.83h block_eta=12.56h
k=395 t=0  18.95%  idx=2.047543e+15/1.080664e+16 surv=1 checked=2.0475e+15 rate=1.950e+11/s elapsed=2.92h block_eta=12.48h
k=395 t=0  19.48%  idx=2.105069e+15/1.080664e+16 surv=1 checked=2.1051e+15 rate=1.949e+11/s elapsed=3.00h block_eta=12.40h
k=395 t=0  20.03%  idx=2.164114e+15/1.080664e+16 surv=1 checked=2.1641e+15 rate=1.950e+11/s elapsed=3.08h block_eta=12.31h
k=395 t=0  20.59%  idx=2.224612e+15/1.080664e+16 surv=1 checked=2.2246e+15 rate=1.951e+11/s elapsed=3.17h block_eta=12.22h
k=395 t=0  21.11%  idx=2.281204e+15/1.080664e+16 surv=1 checked=2.2812e+15 rate=1.950e+11/s elapsed=3.25h block_eta=12.15h
k=395 t=0  21.64%  idx=2.338332e+15/1.080664e+16 surv=1 checked=2.3383e+15 rate=1.949e+11/s elapsed=3.33h block_eta=12.07h
k=395 t=0  22.18%  idx=2.396936e+15/1.080664e+16 surv=1 checked=2.3969e+15 rate=1.949e+11/s elapsed=3.42h block_eta=11.99h
k=395 t=0  22.73%  idx=2.455903e+15/1.080664e+16 surv=1 checked=2.4559e+15 rate=1.949e+11/s elapsed=3.50h block_eta=11.90h
k=395 t=0  23.25%  idx=2.512774e+15/1.080664e+16 surv=1 checked=2.5128e+15 rate=1.948e+11/s elapsed=3.58h block_eta=11.83h
k=395 t=0  23.79%  idx=2.570553e+15/1.080664e+16 surv=1 checked=2.5706e+15 rate=1.947e+11/s elapsed=3.67h block_eta=11.75h
k=395 t=0  24.36%  idx=2.632885e+15/1.080664e+16 surv=1 checked=2.6329e+15 rate=1.950e+11/s elapsed=3.75h block_eta=11.64h
k=395 t=0  24.92%  idx=2.692939e+15/1.080664e+16 surv=1 checked=2.6929e+15 rate=1.951e+11/s elapsed=3.83h block_eta=11.55h
k=395 t=0  25.47%  idx=2.752642e+15/1.080664e+16 surv=1 checked=2.7526e+15 rate=1.952e+11/s elapsed=3.92h block_eta=11.46h
k=395 t=0  25.95%  idx=2.804011e+15/1.080664e+16 surv=1 checked=2.8040e+15 rate=1.947e+11/s elapsed=4.00h block_eta=11.42h
k=395 t=0  26.53%  idx=2.866963e+15/1.080664e+16 surv=1 checked=2.8670e+15 rate=1.950e+11/s elapsed=4.08h block_eta=11.31h
k=395 t=0  27.04%  idx=2.921919e+15/1.080664e+16 surv=1 checked=2.9219e+15 rate=1.948e+11/s elapsed=4.17h block_eta=11.24h
k=395 t=0  27.57%  idx=2.979043e+15/1.080664e+16 surv=1 checked=2.9790e+15 rate=1.947e+11/s elapsed=4.25h block_eta=11.17h
k=395 t=0  28.09%  idx=3.035686e+15/1.080664e+16 surv=1 checked=3.0357e+15 rate=1.946e+11/s elapsed=4.33h block_eta=11.09h
k=395 t=0  28.63%  idx=3.094040e+15/1.080664e+16 surv=1 checked=3.0940e+15 rate=1.946e+11/s elapsed=4.42h block_eta=11.01h
k=395 t=0  29.14%  idx=3.148605e+15/1.080664e+16 surv=1 checked=3.1486e+15 rate=1.944e+11/s elapsed=4.50h block_eta=10.95h
k=395 t=0  29.68%  idx=3.206879e+15/1.080664e+16 surv=1 checked=3.2069e+15 rate=1.944e+11/s elapsed=4.58h block_eta=10.86h
k=395 t=0  30.29%  idx=3.272831e+15/1.080664e+16 surv=1 checked=3.2728e+15 rate=1.948e+11/s elapsed=4.67h block_eta=10.74h
k=395 t=0  30.85%  idx=3.333424e+15/1.080664e+16 surv=1 checked=3.3334e+15 rate=1.949e+11/s elapsed=4.75h block_eta=10.65h
k=395 t=0  31.42%  idx=3.394913e+15/1.080664e+16 surv=1 checked=3.3949e+15 rate=1.951e+11/s elapsed=4.83h block_eta=10.55h
k=395 t=0  31.93%  idx=3.450213e+15/1.080664e+16 surv=1 checked=3.4502e+15 rate=1.949e+11/s elapsed=4.92h block_eta=10.48h
k=395 t=0  32.46%  idx=3.508185e+15/1.080664e+16 surv=1 checked=3.5082e+15 rate=1.949e+11/s elapsed=5.00h block_eta=10.40h
k=395 t=0  32.96%  idx=3.562351e+15/1.080664e+16 surv=1 checked=3.5624e+15 rate=1.947e+11/s elapsed=5.08h block_eta=10.34h
k=395 t=0  33.53%  idx=3.623230e+15/1.080664e+16 surv=1 checked=3.6232e+15 rate=1.948e+11/s elapsed=5.17h block_eta=10.24h
k=395 t=0  34.09%  idx=3.684325e+15/1.080664e+16 surv=1 checked=3.6843e+15 rate=1.949e+11/s elapsed=5.25h block_eta=10.15h
k=395 t=0  34.64%  idx=3.743162e+15/1.080664e+16 surv=1 checked=3.7432e+15 rate=1.950e+11/s elapsed=5.33h block_eta=10.06h
k=395 t=0  35.19%  idx=3.802548e+15/1.080664e+16 surv=1 checked=3.8025e+15 rate=1.950e+11/s elapsed=5.42h block_eta=9.98h
k=395 t=0  35.75%  idx=3.862844e+15/1.080664e+16 surv=1 checked=3.8628e+15 rate=1.951e+11/s elapsed=5.50h block_eta=9.89h
k=395 t=0  36.31%  idx=3.924045e+15/1.080664e+16 surv=1 checked=3.9240e+15 rate=1.952e+11/s elapsed=5.58h block_eta=9.79h
k=395 t=0  36.88%  idx=3.985300e+15/1.080664e+16 surv=1 checked=3.9853e+15 rate=1.954e+11/s elapsed=5.67h block_eta=9.70h
k=395 t=0  37.45%  idx=4.046758e+15/1.080664e+16 surv=1 checked=4.0468e+15 rate=1.955e+11/s elapsed=5.75h block_eta=9.61h
k=395 t=0  37.95%  idx=4.100814e+15/1.080664e+16 surv=1 checked=4.1008e+15 rate=1.953e+11/s elapsed=5.83h block_eta=9.54h
k=395 t=0  38.51%  idx=4.161394e+15/1.080664e+16 surv=1 checked=4.1614e+15 rate=1.954e+11/s elapsed=5.92h block_eta=9.45h
k=395 t=0  39.07%  idx=4.222311e+15/1.080664e+16 surv=1 checked=4.2223e+15 rate=1.955e+11/s elapsed=6.00h block_eta=9.36h
k=395 t=0  39.61%  idx=4.280199e+15/1.080664e+16 surv=1 checked=4.2802e+15 rate=1.954e+11/s elapsed=6.08h block_eta=9.28h
k=395 t=0  40.18%  idx=4.342546e+15/1.080664e+16 surv=1 checked=4.3425e+15 rate=1.956e+11/s elapsed=6.17h block_eta=9.18h
k=395 t=0  40.74%  idx=4.402447e+15/1.080664e+16 surv=1 checked=4.4024e+15 rate=1.957e+11/s elapsed=6.25h block_eta=9.09h
k=395 t=0  41.30%  idx=4.463246e+15/1.080664e+16 surv=1 checked=4.4632e+15 rate=1.958e+11/s elapsed=6.33h block_eta=9.00h
k=395 t=0  41.89%  idx=4.527331e+15/1.080664e+16 surv=1 checked=4.5273e+15 rate=1.960e+11/s elapsed=6.42h block_eta=8.90h
k=395 t=0  42.44%  idx=4.585958e+15/1.080664e+16 surv=1 checked=4.5860e+15 rate=1.960e+11/s elapsed=6.50h block_eta=8.82h
k=395 t=0  42.99%  idx=4.645258e+15/1.080664e+16 surv=1 checked=4.6453e+15 rate=1.960e+11/s elapsed=6.58h block_eta=8.73h
k=395 t=0  43.51%  idx=4.701555e+15/1.080664e+16 surv=1 checked=4.7016e+15 rate=1.959e+11/s elapsed=6.67h block_eta=8.66h
k=395 t=0  44.05%  idx=4.760719e+15/1.080664e+16 surv=1 checked=4.7607e+15 rate=1.959e+11/s elapsed=6.75h block_eta=8.57h
k=395 t=0  44.61%  idx=4.821351e+15/1.080664e+16 surv=1 checked=4.8214e+15 rate=1.960e+11/s elapsed=6.83h block_eta=8.48h
k=395 t=0  45.13%  idx=4.877411e+15/1.080664e+16 surv=1 checked=4.8774e+15 rate=1.959e+11/s elapsed=6.92h block_eta=8.41h
k=395 t=0  45.68%  idx=4.936456e+15/1.080664e+16 surv=1 checked=4.9365e+15 rate=1.959e+11/s elapsed=7.00h block_eta=8.32h
k=395 t=0  46.25%  idx=4.998253e+15/1.080664e+16 surv=1 checked=4.9983e+15 rate=1.960e+11/s elapsed=7.08h block_eta=8.23h
k=395 t=0  46.82%  idx=5.060161e+15/1.080664e+16 surv=1 checked=5.0602e+15 rate=1.961e+11/s elapsed=7.17h block_eta=8.14h
k=395 t=0  47.40%  idx=5.122004e+15/1.080664e+16 surv=1 checked=5.1220e+15 rate=1.962e+11/s elapsed=7.25h block_eta=8.05h
k=395 t=0  47.93%  idx=5.179290e+15/1.080664e+16 surv=1 checked=5.1793e+15 rate=1.962e+11/s elapsed=7.33h block_eta=7.97h
k=395 t=0  48.48%  idx=5.238884e+15/1.080664e+16 surv=1 checked=5.2389e+15 rate=1.962e+11/s elapsed=7.42h block_eta=7.88h
k=395 t=0  49.06%  idx=5.301595e+15/1.080664e+16 surv=1 checked=5.3016e+15 rate=1.964e+11/s elapsed=7.50h block_eta=7.79h
k=395 t=0  49.58%  idx=5.357397e+15/1.080664e+16 surv=1 checked=5.3574e+15 rate=1.962e+11/s elapsed=7.58h block_eta=7.71h
k=395 t=0  50.10%  idx=5.414016e+15/1.080664e+16 surv=1 checked=5.4140e+15 rate=1.962e+11/s elapsed=7.67h block_eta=7.64h
k=395 t=0  50.67%  idx=5.476100e+15/1.080664e+16 surv=1 checked=5.4761e+15 rate=1.963e+11/s elapsed=7.75h block_eta=7.54h
k=395 t=0  51.20%  idx=5.533304e+15/1.080664e+16 surv=1 checked=5.5333e+15 rate=1.962e+11/s elapsed=7.83h block_eta=7.47h
k=395 t=0  51.75%  idx=5.592622e+15/1.080664e+16 surv=1 checked=5.5926e+15 rate=1.962e+11/s elapsed=7.92h block_eta=7.38h
k=395 t=0  52.29%  idx=5.650927e+15/1.080664e+16 surv=1 checked=5.6509e+15 rate=1.962e+11/s elapsed=8.00h block_eta=7.30h
k=395 t=0  52.84%  idx=5.709851e+15/1.080664e+16 surv=1 checked=5.7099e+15 rate=1.962e+11/s elapsed=8.08h block_eta=7.22h
k=395 t=0  53.38%  idx=5.768116e+15/1.080664e+16 surv=1 checked=5.7681e+15 rate=1.962e+11/s elapsed=8.17h block_eta=7.13h
k=395 t=0  53.91%  idx=5.826098e+15/1.080664e+16 surv=1 checked=5.8261e+15 rate=1.962e+11/s elapsed=8.25h block_eta=7.05h
k=395 t=0  54.47%  idx=5.886789e+15/1.080664e+16 surv=1 checked=5.8868e+15 rate=1.962e+11/s elapsed=8.33h block_eta=6.96h
k=395 t=0  55.01%  idx=5.944418e+15/1.080664e+16 surv=1 checked=5.9444e+15 rate=1.962e+11/s elapsed=8.42h block_eta=6.88h
k=395 t=0  55.60%  idx=6.008014e+15/1.080664e+16 surv=1 checked=6.0080e+15 rate=1.963e+11/s elapsed=8.50h block_eta=6.79h
k=395 t=0  56.15%  idx=6.067950e+15/1.080664e+16 surv=1 checked=6.0680e+15 rate=1.964e+11/s elapsed=8.58h block_eta=6.70h
k=395 t=0  56.68%  idx=6.125415e+15/1.080664e+16 surv=1 checked=6.1254e+15 rate=1.963e+11/s elapsed=8.67h block_eta=6.62h
k=395 t=0  57.24%  idx=6.185923e+15/1.080664e+16 surv=1 checked=6.1859e+15 rate=1.964e+11/s elapsed=8.75h block_eta=6.54h
k=395 t=0  57.77%  idx=6.242586e+15/1.080664e+16 surv=1 checked=6.2426e+15 rate=1.963e+11/s elapsed=8.83h block_eta=6.46h
k=395 t=0  58.34%  idx=6.304292e+15/1.080664e+16 surv=1 checked=6.3043e+15 rate=1.964e+11/s elapsed=8.92h block_eta=6.37h
k=395 t=0  58.87%  idx=6.361533e+15/1.080664e+16 surv=1 checked=6.3615e+15 rate=1.963e+11/s elapsed=9.00h block_eta=6.29h
k=395 t=0  59.41%  idx=6.420165e+15/1.080664e+16 surv=1 checked=6.4202e+15 rate=1.963e+11/s elapsed=9.08h block_eta=6.21h
k=395 t=0  59.98%  idx=6.482080e+15/1.080664e+16 surv=1 checked=6.4821e+15 rate=1.964e+11/s elapsed=9.17h block_eta=6.12h
k=395 t=0  60.55%  idx=6.543840e+15/1.080664e+16 surv=1 checked=6.5438e+15 rate=1.965e+11/s elapsed=9.25h block_eta=6.03h
k=395 t=0  61.13%  idx=6.605573e+15/1.080664e+16 surv=1 checked=6.6056e+15 rate=1.966e+11/s elapsed=9.33h block_eta=5.94h
k=395 t=0  61.65%  idx=6.662390e+15/1.080664e+16 surv=1 checked=6.6624e+15 rate=1.965e+11/s elapsed=9.42h block_eta=5.86h
k=395 t=0  62.17%  idx=6.718795e+15/1.080664e+16 surv=1 checked=6.7188e+15 rate=1.965e+11/s elapsed=9.50h block_eta=5.78h
k=395 t=0  62.76%  idx=6.782086e+15/1.080664e+16 surv=1 checked=6.7821e+15 rate=1.966e+11/s elapsed=9.58h block_eta=5.69h
k=395 t=0  63.28%  idx=6.838938e+15/1.080664e+16 surv=1 checked=6.8389e+15 rate=1.965e+11/s elapsed=9.67h block_eta=5.61h
k=395 t=0  63.83%  idx=6.897583e+15/1.080664e+16 surv=1 checked=6.8976e+15 rate=1.965e+11/s elapsed=9.75h block_eta=5.53h
k=395 t=0  64.36%  idx=6.955130e+15/1.080664e+16 surv=1 checked=6.9551e+15 rate=1.965e+11/s elapsed=9.83h block_eta=5.45h
k=395 t=0  64.88%  idx=7.010825e+15/1.080664e+16 surv=1 checked=7.0108e+15 rate=1.964e+11/s elapsed=9.92h block_eta=5.37h
k=395 t=0  65.40%  idx=7.067599e+15/1.080664e+16 surv=1 checked=7.0676e+15 rate=1.963e+11/s elapsed=10.00h block_eta=5.29h
k=395 t=0  65.93%  idx=7.125009e+15/1.080664e+16 surv=1 checked=7.1250e+15 rate=1.963e+11/s elapsed=10.08h block_eta=5.21h
k=395 t=0  66.52%  idx=7.188127e+15/1.080664e+16 surv=1 checked=7.1881e+15 rate=1.964e+11/s elapsed=10.17h block_eta=5.12h
k=395 t=0  67.10%  idx=7.251557e+15/1.080664e+16 surv=1 checked=7.2516e+15 rate=1.965e+11/s elapsed=10.25h block_eta=5.03h
k=395 t=0  67.64%  idx=7.310048e+15/1.080664e+16 surv=1 checked=7.3100e+15 rate=1.965e+11/s elapsed=10.33h block_eta=4.94h
k=395 t=0  68.18%  idx=7.368053e+15/1.080664e+16 surv=1 checked=7.3681e+15 rate=1.965e+11/s elapsed=10.42h block_eta=4.86h
k=395 t=0  68.77%  idx=7.431220e+15/1.080664e+16 surv=1 checked=7.4312e+15 rate=1.966e+11/s elapsed=10.50h block_eta=4.77h
k=395 t=0  69.32%  idx=7.491453e+15/1.080664e+16 surv=1 checked=7.4915e+15 rate=1.966e+11/s elapsed=10.58h block_eta=4.68h
k=395 t=0  69.88%  idx=7.551158e+15/1.080664e+16 surv=1 checked=7.5512e+15 rate=1.966e+11/s elapsed=10.67h block_eta=4.60h
k=395 t=0  70.39%  idx=7.607219e+15/1.080664e+16 surv=1 checked=7.6072e+15 rate=1.966e+11/s elapsed=10.75h block_eta=4.52h
k=395 t=0  70.95%  idx=7.667002e+15/1.080664e+16 surv=1 checked=7.6670e+15 rate=1.966e+11/s elapsed=10.83h block_eta=4.44h
k=395 t=0  71.48%  idx=7.724783e+15/1.080664e+16 surv=1 checked=7.7248e+15 rate=1.966e+11/s elapsed=10.92h block_eta=4.36h
k=395 t=0  72.01%  idx=7.781864e+15/1.080664e+16 surv=1 checked=7.7819e+15 rate=1.965e+11/s elapsed=11.00h block_eta=4.28h
k=395 t=0  72.57%  idx=7.842563e+15/1.080664e+16 surv=1 checked=7.8426e+15 rate=1.966e+11/s elapsed=11.08h block_eta=4.19h
k=395 t=0  73.10%  idx=7.899768e+15/1.080664e+16 surv=1 checked=7.8998e+15 rate=1.965e+11/s elapsed=11.17h block_eta=4.11h
k=395 t=0  73.65%  idx=7.959371e+15/1.080664e+16 surv=1 checked=7.9594e+15 rate=1.965e+11/s elapsed=11.25h block_eta=4.02h
k=395 t=0  74.23%  idx=8.021779e+15/1.080664e+16 surv=1 checked=8.0218e+15 rate=1.966e+11/s elapsed=11.33h block_eta=3.93h
k=395 t=0  74.77%  idx=8.080393e+15/1.080664e+16 surv=1 checked=8.0804e+15 rate=1.966e+11/s elapsed=11.42h block_eta=3.85h
k=395 t=0  75.29%  idx=8.136102e+15/1.080664e+16 surv=1 checked=8.1361e+15 rate=1.965e+11/s elapsed=11.50h block_eta=3.77h
k=395 t=0  75.85%  idx=8.196384e+15/1.080664e+16 surv=1 checked=8.1964e+15 rate=1.966e+11/s elapsed=11.58h block_eta=3.69h
k=395 t=0  76.41%  idx=8.257091e+15/1.080664e+16 surv=1 checked=8.2571e+15 rate=1.966e+11/s elapsed=11.67h block_eta=3.60h
# RESUME k=395 engine=gpu_sieve_v9 block t=0 residues_done=8305398230384025/10806643969228800 (76.85%) survivors=1 restarts=1
k=395 t=0  77.38%  idx=8.362369e+15/1.080664e+16 surv=1 checked=8.3624e+15 rate=1.899e+11/s elapsed=0.08h block_eta=3.58h
k=395 t=0  77.95%  idx=8.424250e+15/1.080664e+16 surv=1 checked=8.4242e+15 rate=1.981e+11/s elapsed=0.17h block_eta=3.34h
k=395 t=0  78.51%  idx=8.484709e+15/1.080664e+16 surv=1 checked=8.4847e+15 rate=1.992e+11/s elapsed=0.25h block_eta=3.24h
k=395 t=0  79.05%  idx=8.542344e+15/1.080664e+16 surv=1 checked=8.5423e+15 rate=1.975e+11/s elapsed=0.33h block_eta=3.19h
k=395 t=0  79.61%  idx=8.603602e+15/1.080664e+16 surv=1 checked=8.6036e+15 rate=1.988e+11/s elapsed=0.42h block_eta=3.08h
k=395 t=0  80.12%  idx=8.657748e+15/1.080664e+16 surv=1 checked=8.6577e+15 rate=1.957e+11/s elapsed=0.50h block_eta=3.05h
k=395 t=0  80.67%  idx=8.717657e+15/1.080664e+16 surv=1 checked=8.7177e+15 rate=1.963e+11/s elapsed=0.58h block_eta=2.96h
k=395 t=0  81.22%  idx=8.776916e+15/1.080664e+16 surv=1 checked=8.7769e+15 rate=1.965e+11/s elapsed=0.67h block_eta=2.87h
k=395 t=0  81.78%  idx=8.837196e+15/1.080664e+16 surv=1 checked=8.8372e+15 rate=1.970e+11/s elapsed=0.75h block_eta=2.78h
k=395 t=0  82.36%  idx=8.899905e+15/1.080664e+16 surv=1 checked=8.8999e+15 rate=1.982e+11/s elapsed=0.83h block_eta=2.67h
k=395 t=0  82.91%  idx=8.960024e+15/1.080664e+16 surv=1 checked=8.9600e+15 rate=1.984e+11/s elapsed=0.92h block_eta=2.59h
k=395 t=0  83.45%  idx=9.018268e+15/1.080664e+16 surv=1 checked=9.0183e+15 rate=1.980e+11/s elapsed=1.00h block_eta=2.51h
k=395 t=0  83.98%  idx=9.075674e+15/1.080664e+16 surv=1 checked=9.0757e+15 rate=1.975e+11/s elapsed=1.08h block_eta=2.43h
k=395 t=0  84.55%  idx=9.136954e+15/1.080664e+16 surv=1 checked=9.1370e+15 rate=1.980e+11/s elapsed=1.17h block_eta=2.34h
k=395 t=0  85.08%  idx=9.194048e+15/1.080664e+16 surv=1 checked=9.1940e+15 rate=1.975e+11/s elapsed=1.25h block_eta=2.27h
k=395 t=0  85.61%  idx=9.251815e+15/1.080664e+16 surv=1 checked=9.2518e+15 rate=1.972e+11/s elapsed=1.33h block_eta=2.19h
k=395 t=0  86.15%  idx=9.309606e+15/1.080664e+16 surv=1 checked=9.3096e+15 rate=1.969e+11/s elapsed=1.42h block_eta=2.11h
# RESUME k=395 engine=gpu_sieve_v9 block t=0 residues_done=9298588998914730/10806643969228800 (86.05%) survivors=1 restarts=2
k=395 t=0  86.58%  idx=9.356839e+15/1.080664e+16 surv=1 checked=9.3568e+15 rate=1.942e+11/s elapsed=0.08h block_eta=2.07h
k=395 t=0  87.13%  idx=9.415556e+15/1.080664e+16 surv=1 checked=9.4156e+15 rate=1.949e+11/s elapsed=0.17h block_eta=1.98h
k=395 t=0  87.66%  idx=9.473058e+15/1.080664e+16 surv=1 checked=9.4731e+15 rate=1.939e+11/s elapsed=0.25h block_eta=1.91h
k=395 t=0  88.20%  idx=9.531569e+15/1.080664e+16 surv=1 checked=9.5316e+15 rate=1.941e+11/s elapsed=0.33h block_eta=1.82h
k=395 t=0  88.76%  idx=9.591883e+15/1.080664e+16 surv=1 checked=9.5919e+15 rate=1.955e+11/s elapsed=0.42h block_eta=1.73h
k=395 t=0  89.32%  idx=9.652650e+15/1.080664e+16 surv=1 checked=9.6526e+15 rate=1.967e+11/s elapsed=0.50h block_eta=1.63h
k=395 t=0  89.87%  idx=9.712281e+15/1.080664e+16 surv=1 checked=9.7123e+15 rate=1.970e+11/s elapsed=0.58h block_eta=1.54h
k=395 t=0  90.41%  idx=9.769864e+15/1.080664e+16 surv=1 checked=9.7699e+15 rate=1.964e+11/s elapsed=0.67h block_eta=1.47h
k=395 t=0  90.97%  idx=9.831218e+15/1.080664e+16 surv=1 checked=9.8312e+15 rate=1.973e+11/s elapsed=0.75h block_eta=1.37h
k=395 t=0  91.51%  idx=9.888861e+15/1.080664e+16 surv=1 checked=9.8889e+15 rate=1.968e+11/s elapsed=0.83h block_eta=1.30h
k=395 t=0  92.11%  idx=9.953698e+15/1.080664e+16 surv=1 checked=9.9537e+15 rate=1.985e+11/s elapsed=0.92h block_eta=1.19h
k=395 t=0  92.66%  idx=1.001394e+16/1.080664e+16 surv=1 checked=1.0014e+16 rate=1.987e+11/s elapsed=1.00h block_eta=1.11h
k=395 t=0  93.21%  idx=1.007332e+16/1.080664e+16 surv=1 checked=1.0073e+16 rate=1.986e+11/s elapsed=1.08h block_eta=1.03h
k=395 t=0  93.74%  idx=1.012964e+16/1.080664e+16 surv=1 checked=1.0130e+16 rate=1.979e+11/s elapsed=1.17h block_eta=0.95h
k=395 t=0  94.29%  idx=1.018919e+16/1.080664e+16 surv=1 checked=1.0189e+16 rate=1.979e+11/s elapsed=1.25h block_eta=0.87h
k=395 t=0  94.82%  idx=1.024695e+16/1.080664e+16 surv=1 checked=1.0247e+16 rate=1.976e+11/s elapsed=1.33h block_eta=0.79h
k=395 t=0  95.37%  idx=1.030608e+16/1.080664e+16 surv=1 checked=1.0306e+16 rate=1.975e+11/s elapsed=1.42h block_eta=0.70h
k=395 t=0  95.92%  idx=1.036528e+16/1.080664e+16 surv=1 checked=1.0365e+16 rate=1.975e+11/s elapsed=1.50h block_eta=0.62h
k=395 t=0  96.46%  idx=1.042450e+16/1.080664e+16 surv=1 checked=1.0425e+16 rate=1.975e+11/s elapsed=1.58h block_eta=0.54h
k=395 t=0  96.99%  idx=1.048184e+16/1.080664e+16 surv=1 checked=1.0482e+16 rate=1.972e+11/s elapsed=1.67h block_eta=0.46h
k=395 t=0  97.59%  idx=1.054613e+16/1.080664e+16 surv=1 checked=1.0546e+16 rate=1.980e+11/s elapsed=1.75h block_eta=0.37h
k=395 t=0  98.15%  idx=1.060722e+16/1.080664e+16 surv=1 checked=1.0607e+16 rate=1.983e+11/s elapsed=1.83h block_eta=0.28h
k=395 t=0  98.70%  idx=1.066599e+16/1.080664e+16 surv=1 checked=1.0666e+16 rate=1.982e+11/s elapsed=1.92h block_eta=0.20h
k=395 t=0  99.25%  idx=1.072591e+16/1.080664e+16 surv=1 checked=1.0726e+16 rate=1.982e+11/s elapsed=2.00h block_eta=0.11h
k=395 t=0  99.77%  idx=1.078154e+16/1.080664e+16 surv=1 checked=1.0782e+16 rate=1.977e+11/s elapsed=2.08h block_eta=0.04h
k=395 block t=0 complete: no survivor passed the referee; advancing
k=395 t=1   0.33%  idx=3.588875e+13/1.080664e+16 surv=0 checked=1.0843e+16 rate=1.979e+11/s elapsed=2.17h block_eta=15.12h
k=395 t=1   0.89%  idx=9.628028e+13/1.080664e+16 surv=0 checked=1.0903e+16 rate=1.981e+11/s elapsed=2.25h block_eta=15.02h
k=395 t=1   1.48%  idx=1.603107e+14/1.080664e+16 surv=0 checked=1.0967e+16 rate=1.986e+11/s elapsed=2.33h block_eta=14.89h
k=395 t=1   2.00%  idx=2.165265e+14/1.080664e+16 surv=0 checked=1.1023e+16 rate=1.982e+11/s elapsed=2.42h block_eta=14.84h
k=395 t=1   2.56%  idx=2.764885e+14/1.080664e+16 surv=0 checked=1.1083e+16 rate=1.983e+11/s elapsed=2.50h block_eta=14.75h
k=395 t=1   3.11%  idx=3.366256e+14/1.080664e+16 surv=0 checked=1.1143e+16 rate=1.984e+11/s elapsed=2.58h block_eta=14.66h
k=395 t=1   3.68%  idx=3.971825e+14/1.080664e+16 surv=0 checked=1.1204e+16 rate=1.985e+11/s elapsed=2.67h block_eta=14.57h
k=395 t=1   4.25%  idx=4.593811e+14/1.080664e+16 surv=0 checked=1.1266e+16 rate=1.987e+11/s elapsed=2.75h block_eta=14.46h
k=395 t=1   4.81%  idx=5.194473e+14/1.080664e+16 surv=0 checked=1.1326e+16 rate=1.988e+11/s elapsed=2.83h block_eta=14.38h
k=395 t=1   5.30%  idx=5.732901e+14/1.080664e+16 surv=0 checked=1.1380e+16 rate=1.982e+11/s elapsed=2.92h block_eta=14.34h
k=395 t=1   5.75%  idx=6.218275e+14/1.080664e+16 surv=0 checked=1.1428e+16 rate=1.972e+11/s elapsed=3.00h block_eta=14.35h
k=395 t=1   6.34%  idx=6.848164e+14/1.080664e+16 surv=1 checked=1.1491e+16 rate=1.976e+11/s elapsed=3.08h block_eta=14.23h
# RESUME k=395 engine=gpu_sieve_v9 block t=1 residues_done=696261431001420/10806643969228800 (6.44%) survivors=1 restarts=3
k=395 t=1   7.00%  idx=7.561236e+14/1.080664e+16 surv=1 checked=1.1563e+16 rate=1.995e+11/s elapsed=0.08h block_eta=13.99h
k=395 t=1   7.58%  idx=8.189762e+14/1.080664e+16 surv=1 checked=1.1626e+16 rate=2.045e+11/s elapsed=0.17h block_eta=13.56h
k=395 t=1   8.10%  idx=8.753036e+14/1.080664e+16 surv=1 checked=1.1682e+16 rate=1.989e+11/s elapsed=0.25h block_eta=13.87h
k=395 t=1   8.67%  idx=9.367313e+14/1.080664e+16 surv=1 checked=1.1743e+16 rate=2.004e+11/s elapsed=0.33h block_eta=13.68h
k=395 t=1   9.26%  idx=1.000943e+15/1.080664e+16 surv=1 checked=1.1808e+16 rate=2.031e+11/s elapsed=0.42h block_eta=13.41h
k=395 t=1   9.76%  idx=1.054261e+15/1.080664e+16 surv=1 checked=1.1861e+16 rate=1.989e+11/s elapsed=0.50h block_eta=13.62h
k=395 t=1  10.24%  idx=1.106263e+15/1.080664e+16 surv=1 checked=1.1913e+16 rate=1.952e+11/s elapsed=0.58h block_eta=13.80h
k=395 t=1  10.68%  idx=1.154665e+15/1.080664e+16 surv=1 checked=1.1961e+16 rate=1.910e+11/s elapsed=0.67h block_eta=14.04h
k=395 t=1  11.15%  idx=1.205298e+15/1.080664e+16 surv=1 checked=1.2012e+16 rate=1.885e+11/s elapsed=0.75h block_eta=14.15h
k=395 t=1  11.64%  idx=1.257638e+15/1.080664e+16 surv=1 checked=1.2064e+16 rate=1.871e+11/s elapsed=0.83h block_eta=14.18h
k=395 t=1  12.09%  idx=1.306278e+15/1.080664e+16 surv=1 checked=1.2113e+16 rate=1.849e+11/s elapsed=0.92h block_eta=14.28h
k=395 t=1  12.59%  idx=1.360602e+15/1.080664e+16 surv=1 checked=1.2167e+16 rate=1.845e+11/s elapsed=1.00h block_eta=14.22h
k=395 t=1  13.17%  idx=1.423313e+15/1.080664e+16 surv=1 checked=1.2230e+16 rate=1.864e+11/s elapsed=1.08h block_eta=13.98h
k=395 t=1  13.74%  idx=1.484520e+15/1.080664e+16 surv=1 checked=1.2291e+16 rate=1.877e+11/s elapsed=1.17h block_eta=13.80h
k=395 t=1  14.31%  idx=1.546284e+15/1.080664e+16 surv=1 checked=1.2353e+16 rate=1.889e+11/s elapsed=1.25h block_eta=13.62h
k=395 t=1  14.92%  idx=1.612869e+15/1.080664e+16 surv=1 checked=1.2420e+16 rate=1.910e+11/s elapsed=1.33h block_eta=13.37h
k=395 t=1  15.52%  idx=1.677190e+15/1.080664e+16 surv=1 checked=1.2484e+16 rate=1.923e+11/s elapsed=1.42h block_eta=13.19h
k=395 t=1  16.17%  idx=1.746910e+15/1.080664e+16 surv=1 checked=1.2554e+16 rate=1.946e+11/s elapsed=1.50h block_eta=12.93h
k=395 t=1  16.77%  idx=1.812308e+15/1.080664e+16 surv=1 checked=1.2619e+16 rate=1.958e+11/s elapsed=1.58h block_eta=12.76h
k=395 t=1  17.37%  idx=1.877220e+15/1.080664e+16 surv=1 checked=1.2684e+16 rate=1.968e+11/s elapsed=1.67h block_eta=12.60h
k=395 t=1  17.96%  idx=1.940811e+15/1.080664e+16 surv=1 checked=1.2747e+16 rate=1.975e+11/s elapsed=1.75h block_eta=12.47h
k=395 t=1  18.58%  idx=2.007940e+15/1.080664e+16 surv=1 checked=1.2815e+16 rate=1.987e+11/s elapsed=1.83h block_eta=12.30h
k=395 t=1  19.16%  idx=2.070640e+15/1.080664e+16 surv=1 checked=1.2877e+16 rate=1.992e+11/s elapsed=1.92h block_eta=12.18h
k=395 t=1  19.71%  idx=2.130339e+15/1.080664e+16 surv=1 checked=1.2937e+16 rate=1.992e+11/s elapsed=2.00h block_eta=12.10h
k=395 t=1  20.30%  idx=2.193753e+15/1.080664e+16 surv=1 checked=1.3000e+16 rate=1.997e+11/s elapsed=2.08h block_eta=11.98h
k=395 t=1  20.85%  idx=2.253145e+15/1.080664e+16 surv=1 checked=1.3060e+16 rate=1.996e+11/s elapsed=2.17h block_eta=11.90h
k=395 t=1  21.41%  idx=2.314002e+15/1.080664e+16 surv=1 checked=1.3121e+16 rate=1.997e+11/s elapsed=2.25h block_eta=11.81h
k=395 t=1  21.97%  idx=2.373693e+15/1.080664e+16 surv=1 checked=1.3180e+16 rate=1.997e+11/s elapsed=2.33h block_eta=11.73h
k=395 t=1  22.54%  idx=2.435413e+15/1.080664e+16 surv=1 checked=1.3242e+16 rate=1.999e+11/s elapsed=2.42h block_eta=11.63h
k=395 t=1  23.07%  idx=2.492760e+15/1.080664e+16 surv=1 checked=1.3299e+16 rate=1.996e+11/s elapsed=2.50h block_eta=11.57h
k=395 t=1  23.61%  idx=2.551711e+15/1.080664e+16 surv=1 checked=1.3358e+16 rate=1.995e+11/s elapsed=2.58h block_eta=11.49h
k=395 t=1  24.19%  idx=2.613904e+15/1.080664e+16 surv=1 checked=1.3421e+16 rate=1.998e+11/s elapsed=2.67h block_eta=11.39h
k=395 t=1  24.72%  idx=2.671501e+15/1.080664e+16 surv=1 checked=1.3478e+16 rate=1.995e+11/s elapsed=2.75h block_eta=11.33h
k=395 t=1  25.28%  idx=2.732304e+15/1.080664e+16 surv=1 checked=1.3539e+16 rate=1.996e+11/s elapsed=2.83h block_eta=11.24h
k=395 t=1  25.81%  idx=2.788893e+15/1.080664e+16 surv=1 checked=1.3596e+16 rate=1.993e+11/s elapsed=2.92h block_eta=11.18h
k=395 t=1  26.35%  idx=2.848027e+15/1.080664e+16 surv=1 checked=1.3655e+16 rate=1.992e+11/s elapsed=3.00h block_eta=11.10h
k=395 t=1  26.89%  idx=2.906098e+15/1.080664e+16 surv=1 checked=1.3713e+16 rate=1.991e+11/s elapsed=3.08h block_eta=11.02h
k=395 t=1  27.46%  idx=2.967938e+15/1.080664e+16 surv=1 checked=1.3775e+16 rate=1.993e+11/s elapsed=3.17h block_eta=10.93h
k=395 t=1  28.01%  idx=3.027159e+15/1.080664e+16 surv=1 checked=1.3834e+16 rate=1.992e+11/s elapsed=3.25h block_eta=10.85h
k=395 t=1  28.64%  idx=3.094880e+15/1.080664e+16 surv=1 checked=1.3902e+16 rate=1.999e+11/s elapsed=3.33h block_eta=10.72h
k=395 t=1  29.18%  idx=3.153418e+15/1.080664e+16 surv=1 checked=1.3960e+16 rate=1.998e+11/s elapsed=3.42h block_eta=10.64h
k=395 t=1  29.74%  idx=3.213413e+15/1.080664e+16 surv=1 checked=1.4020e+16 rate=1.998e+11/s elapsed=3.50h block_eta=10.56h
k=395 t=1  30.27%  idx=3.271545e+15/1.080664e+16 surv=1 checked=1.4078e+16 rate=1.996e+11/s elapsed=3.58h block_eta=10.48h
k=395 t=1  30.83%  idx=3.331180e+15/1.080664e+16 surv=1 checked=1.4138e+16 rate=1.996e+11/s elapsed=3.67h block_eta=10.40h
k=395 t=1  31.40%  idx=3.393464e+15/1.080664e+16 surv=1 checked=1.4200e+16 rate=1.998e+11/s elapsed=3.75h block_eta=10.31h
k=395 t=1  31.96%  idx=3.454129e+15/1.080664e+16 surv=1 checked=1.4261e+16 rate=1.998e+11/s elapsed=3.83h block_eta=10.22h
k=395 t=1  32.51%  idx=3.513589e+15/1.080664e+16 surv=1 checked=1.4320e+16 rate=1.998e+11/s elapsed=3.92h block_eta=10.14h
k=395 t=1  33.09%  idx=3.576129e+15/1.080664e+16 surv=1 checked=1.4383e+16 rate=2.000e+11/s elapsed=4.00h block_eta=10.04h
k=395 t=1  33.63%  idx=3.634146e+15/1.080664e+16 surv=1 checked=1.4441e+16 rate=1.999e+11/s elapsed=4.08h block_eta=9.97h
k=395 t=1  34.23%  idx=3.699377e+15/1.080664e+16 surv=1 checked=1.4506e+16 rate=2.002e+11/s elapsed=4.17h block_eta=9.86h
k=395 t=1  34.74%  idx=3.754709e+15/1.080664e+16 surv=1 checked=1.4561e+16 rate=1.999e+11/s elapsed=4.25h block_eta=9.80h
k=395 t=1  35.28%  idx=3.812213e+15/1.080664e+16 surv=1 checked=1.4619e+16 rate=1.997e+11/s elapsed=4.33h block_eta=9.73h
k=395 t=1  35.85%  idx=3.873663e+15/1.080664e+16 surv=1 checked=1.4680e+16 rate=1.998e+11/s elapsed=4.42h block_eta=9.64h
k=395 t=1  36.36%  idx=3.929830e+15/1.080664e+16 surv=1 checked=1.4736e+16 rate=1.996e+11/s elapsed=4.50h block_eta=9.57h
k=395 t=1  36.88%  idx=3.985800e+15/1.080664e+16 surv=1 checked=1.4792e+16 rate=1.994e+11/s elapsed=4.58h block_eta=9.50h
k=395 t=1  37.42%  idx=4.044331e+15/1.080664e+16 surv=1 checked=1.4851e+16 rate=1.993e+11/s elapsed=4.67h block_eta=9.43h
k=395 t=1  38.00%  idx=4.106383e+15/1.080664e+16 surv=1 checked=1.4913e+16 rate=1.994e+11/s elapsed=4.75h block_eta=9.33h
k=395 t=1  38.54%  idx=4.165298e+15/1.080664e+16 surv=1 checked=1.4972e+16 rate=1.994e+11/s elapsed=4.83h block_eta=9.25h
k=395 t=1  39.07%  idx=4.222061e+15/1.080664e+16 surv=1 checked=1.5029e+16 rate=1.992e+11/s elapsed=4.92h block_eta=9.18h
k=395 t=1  39.63%  idx=4.283013e+15/1.080664e+16 surv=1 checked=1.5090e+16 rate=1.993e+11/s elapsed=5.00h block_eta=9.09h
k=395 t=1  40.16%  idx=4.339754e+15/1.080664e+16 surv=1 checked=1.5146e+16 rate=1.991e+11/s elapsed=5.08h block_eta=9.02h
k=395 t=1  40.73%  idx=4.401062e+15/1.080664e+16 surv=1 checked=1.5208e+16 rate=1.992e+11/s elapsed=5.17h block_eta=8.93h
k=395 t=1  41.30%  idx=4.463682e+15/1.080664e+16 surv=1 checked=1.5270e+16 rate=1.993e+11/s elapsed=5.25h block_eta=8.84h
k=395 t=1  41.81%  idx=4.518512e+15/1.080664e+16 surv=1 checked=1.5325e+16 rate=1.991e+11/s elapsed=5.33h block_eta=8.77h
k=395 t=1  42.37%  idx=4.579003e+15/1.080664e+16 surv=1 checked=1.5386e+16 rate=1.991e+11/s elapsed=5.42h block_eta=8.69h
k=395 t=1  42.93%  idx=4.639397e+15/1.080664e+16 surv=1 checked=1.5446e+16 rate=1.991e+11/s elapsed=5.50h block_eta=8.60h
k=395 t=1  43.46%  idx=4.696129e+15/1.080664e+16 surv=1 checked=1.5503e+16 rate=1.990e+11/s elapsed=5.58h block_eta=8.53h
k=395 t=1  44.03%  idx=4.758525e+15/1.080664e+16 surv=1 checked=1.5565e+16 rate=1.991e+11/s elapsed=5.67h block_eta=8.44h
k=395 t=1  44.59%  idx=4.818296e+15/1.080664e+16 surv=1 checked=1.5625e+16 rate=1.991e+11/s elapsed=5.75h block_eta=8.35h
k=395 t=1  45.10%  idx=4.873599e+15/1.080664e+16 surv=1 checked=1.5680e+16 rate=1.989e+11/s elapsed=5.83h block_eta=8.29h
k=395 t=1  45.65%  idx=4.933384e+15/1.080664e+16 surv=1 checked=1.5740e+16 rate=1.989e+11/s elapsed=5.92h block_eta=8.20h
k=395 t=1  46.19%  idx=4.992117e+15/1.080664e+16 surv=1 checked=1.5799e+16 rate=1.989e+11/s elapsed=6.00h block_eta=8.12h
k=395 t=1  46.75%  idx=5.051598e+15/1.080664e+16 surv=1 checked=1.5858e+16 rate=1.989e+11/s elapsed=6.08h block_eta=8.04h
k=395 t=1  47.31%  idx=5.112181e+15/1.080664e+16 surv=1 checked=1.5919e+16 rate=1.989e+11/s elapsed=6.17h block_eta=7.95h
k=395 t=1  47.86%  idx=5.171804e+15/1.080664e+16 surv=1 checked=1.5978e+16 rate=1.989e+11/s elapsed=6.25h block_eta=7.87h
k=395 t=1  48.45%  idx=5.235338e+15/1.080664e+16 surv=1 checked=1.6042e+16 rate=1.991e+11/s elapsed=6.33h block_eta=7.77h
k=395 t=1  48.97%  idx=5.292353e+15/1.080664e+16 surv=1 checked=1.6099e+16 rate=1.990e+11/s elapsed=6.42h block_eta=7.70h
k=395 t=1  49.51%  idx=5.350638e+15/1.080664e+16 surv=1 checked=1.6157e+16 rate=1.989e+11/s elapsed=6.50h block_eta=7.62h
k=395 t=1  50.06%  idx=5.409622e+15/1.080664e+16 surv=1 checked=1.6216e+16 rate=1.989e+11/s elapsed=6.58h block_eta=7.54h
k=395 t=1  50.59%  idx=5.466815e+15/1.080664e+16 surv=1 checked=1.6273e+16 rate=1.988e+11/s elapsed=6.67h block_eta=7.46h
k=395 t=1  51.10%  idx=5.522424e+15/1.080664e+16 surv=1 checked=1.6329e+16 rate=1.986e+11/s elapsed=6.75h block_eta=7.39h
k=395 t=1  51.65%  idx=5.581540e+15/1.080664e+16 surv=1 checked=1.6388e+16 rate=1.986e+11/s elapsed=6.83h block_eta=7.31h
k=395 t=1  52.20%  idx=5.640841e+15/1.080664e+16 surv=1 checked=1.6447e+16 rate=1.986e+11/s elapsed=6.92h block_eta=7.23h
k=395 t=1  52.73%  idx=5.698341e+15/1.080664e+16 surv=1 checked=1.6505e+16 rate=1.985e+11/s elapsed=7.00h block_eta=7.15h
k=395 t=1  53.28%  idx=5.758084e+15/1.080664e+16 surv=1 checked=1.6565e+16 rate=1.985e+11/s elapsed=7.08h block_eta=7.06h
k=395 t=1  53.82%  idx=5.816629e+15/1.080664e+16 surv=1 checked=1.6623e+16 rate=1.985e+11/s elapsed=7.17h block_eta=6.98h
k=395 t=1  54.39%  idx=5.878249e+15/1.080664e+16 surv=1 checked=1.6685e+16 rate=1.985e+11/s elapsed=7.25h block_eta=6.90h
k=395 t=1  54.90%  idx=5.932971e+15/1.080664e+16 surv=1 checked=1.6740e+16 rate=1.984e+11/s elapsed=7.33h block_eta=6.83h
k=395 t=1  55.45%  idx=5.992556e+15/1.080664e+16 surv=1 checked=1.6799e+16 rate=1.984e+11/s elapsed=7.42h block_eta=6.74h
k=395 t=1  55.96%  idx=6.047340e+15/1.080664e+16 surv=1 checked=1.6854e+16 rate=1.982e+11/s elapsed=7.50h block_eta=6.67h
k=395 t=1  56.50%  idx=6.105661e+15/1.080664e+16 surv=1 checked=1.6912e+16 rate=1.981e+11/s elapsed=7.58h block_eta=6.59h
k=395 t=1  57.08%  idx=6.167941e+15/1.080664e+16 surv=1 checked=1.6975e+16 rate=1.982e+11/s elapsed=7.67h block_eta=6.50h
k=395 t=1  57.60%  idx=6.224446e+15/1.080664e+16 surv=1 checked=1.7031e+16 rate=1.981e+11/s elapsed=7.75h block_eta=6.42h
k=395 t=1  58.12%  idx=6.280769e+15/1.080664e+16 surv=1 checked=1.7087e+16 rate=1.980e+11/s elapsed=7.83h block_eta=6.35h
k=395 t=1  58.68%  idx=6.341562e+15/1.080664e+16 surv=1 checked=1.7148e+16 rate=1.981e+11/s elapsed=7.92h block_eta=6.26h
k=395 t=1  59.25%  idx=6.402470e+15/1.080664e+16 surv=1 checked=1.7209e+16 rate=1.981e+11/s elapsed=8.00h block_eta=6.17h
k=395 t=1  59.76%  idx=6.458181e+15/1.080664e+16 surv=1 checked=1.7265e+16 rate=1.980e+11/s elapsed=8.08h block_eta=6.10h
k=395 t=1  60.29%  idx=6.515819e+15/1.080664e+16 surv=1 checked=1.7322e+16 rate=1.979e+11/s elapsed=8.17h block_eta=6.02h
k=395 t=1  60.83%  idx=6.573210e+15/1.080664e+16 surv=1 checked=1.7380e+16 rate=1.979e+11/s elapsed=8.25h block_eta=5.94h
k=395 t=1  61.41%  idx=6.636170e+15/1.080664e+16 surv=1 checked=1.7443e+16 rate=1.980e+11/s elapsed=8.33h block_eta=5.85h
k=395 t=1  61.94%  idx=6.693840e+15/1.080664e+16 surv=1 checked=1.7500e+16 rate=1.979e+11/s elapsed=8.42h block_eta=5.77h
k=395 t=1  62.51%  idx=6.754813e+15/1.080664e+16 surv=1 checked=1.7561e+16 rate=1.980e+11/s elapsed=8.50h block_eta=5.68h
k=395 t=1  63.04%  idx=6.812982e+15/1.080664e+16 surv=1 checked=1.7620e+16 rate=1.980e+11/s elapsed=8.58h block_eta=5.60h
k=395 t=1  63.63%  idx=6.876351e+15/1.080664e+16 surv=1 checked=1.7683e+16 rate=1.981e+11/s elapsed=8.67h block_eta=5.51h
k=395 t=1  64.16%  idx=6.933033e+15/1.080664e+16 surv=1 checked=1.7740e+16 rate=1.980e+11/s elapsed=8.75h block_eta=5.43h
k=395 t=1  64.70%  idx=6.992273e+15/1.080664e+16 surv=1 checked=1.7799e+16 rate=1.980e+11/s elapsed=8.83h block_eta=5.35h
k=395 t=1  65.26%  idx=7.052245e+15/1.080664e+16 surv=1 checked=1.7859e+16 rate=1.980e+11/s elapsed=8.92h block_eta=5.27h
k=395 t=1  65.81%  idx=7.111990e+15/1.080664e+16 surv=1 checked=1.7919e+16 rate=1.980e+11/s elapsed=9.00h block_eta=5.18h
k=395 t=1  66.35%  idx=7.169723e+15/1.080664e+16 surv=1 checked=1.7976e+16 rate=1.980e+11/s elapsed=9.08h block_eta=5.10h
k=395 t=1  66.90%  idx=7.229245e+15/1.080664e+16 surv=1 checked=1.8036e+16 rate=1.980e+11/s elapsed=9.17h block_eta=5.02h
k=395 t=1  67.41%  idx=7.284533e+15/1.080664e+16 surv=1 checked=1.8091e+16 rate=1.978e+11/s elapsed=9.25h block_eta=4.95h
k=395 t=1  67.95%  idx=7.342748e+15/1.080664e+16 surv=1 checked=1.8149e+16 rate=1.978e+11/s elapsed=9.33h block_eta=4.86h
k=395 t=1  68.49%  idx=7.401047e+15/1.080664e+16 surv=1 checked=1.8208e+16 rate=1.978e+11/s elapsed=9.42h block_eta=4.78h
k=395 t=1  69.01%  idx=7.457479e+15/1.080664e+16 surv=1 checked=1.8264e+16 rate=1.977e+11/s elapsed=9.50h block_eta=4.71h
k=395 t=1  69.55%  idx=7.515953e+15/1.080664e+16 surv=1 checked=1.8323e+16 rate=1.977e+11/s elapsed=9.58h block_eta=4.62h
k=395 t=1  70.12%  idx=7.577964e+15/1.080664e+16 surv=1 checked=1.8385e+16 rate=1.977e+11/s elapsed=9.67h block_eta=4.54h
k=395 t=1  70.63%  idx=7.632330e+15/1.080664e+16 surv=1 checked=1.8439e+16 rate=1.976e+11/s elapsed=9.75h block_eta=4.46h
k=395 t=1  71.21%  idx=7.695927e+15/1.080664e+16 surv=1 checked=1.8503e+16 rate=1.977e+11/s elapsed=9.83h block_eta=4.37h
k=395 t=1  71.78%  idx=7.756691e+15/1.080664e+16 surv=1 checked=1.8563e+16 rate=1.978e+11/s elapsed=9.92h block_eta=4.28h
k=395 t=1  72.33%  idx=7.816380e+15/1.080664e+16 surv=1 checked=1.8623e+16 rate=1.978e+11/s elapsed=10.00h block_eta=4.20h
k=395 t=1  72.85%  idx=7.872956e+15/1.080664e+16 surv=1 checked=1.8680e+16 rate=1.977e+11/s elapsed=10.08h block_eta=4.12h
k=395 t=1  73.37%  idx=7.929029e+15/1.080664e+16 surv=1 checked=1.8736e+16 rate=1.976e+11/s elapsed=10.17h block_eta=4.04h
k=395 t=1  73.93%  idx=7.989314e+15/1.080664e+16 surv=1 checked=1.8796e+16 rate=1.976e+11/s elapsed=10.25h block_eta=3.96h
k=395 t=1  74.49%  idx=8.049413e+15/1.080664e+16 surv=1 checked=1.8856e+16 rate=1.977e+11/s elapsed=10.33h block_eta=3.87h
k=395 t=1  75.02%  idx=8.107502e+15/1.080664e+16 surv=1 checked=1.8914e+16 rate=1.976e+11/s elapsed=10.42h block_eta=3.79h
k=395 t=1  75.56%  idx=8.165127e+15/1.080664e+16 surv=1 checked=1.8972e+16 rate=1.976e+11/s elapsed=10.50h block_eta=3.71h
k=395 t=1  76.10%  idx=8.224006e+15/1.080664e+16 surv=1 checked=1.9031e+16 rate=1.976e+11/s elapsed=10.58h block_eta=3.63h
k=395 t=1  76.66%  idx=8.284246e+15/1.080664e+16 surv=1 checked=1.9091e+16 rate=1.976e+11/s elapsed=10.67h block_eta=3.55h
k=395 t=1  77.23%  idx=8.345840e+15/1.080664e+16 surv=1 checked=1.9152e+16 rate=1.977e+11/s elapsed=10.75h block_eta=3.46h
k=395 t=1  77.76%  idx=8.403605e+15/1.080664e+16 surv=1 checked=1.9210e+16 rate=1.976e+11/s elapsed=10.83h block_eta=3.38h
k=395 t=1  78.31%  idx=8.462233e+15/1.080664e+16 surv=1 checked=1.9269e+16 rate=1.976e+11/s elapsed=10.92h block_eta=3.30h
k=395 t=1  78.84%  idx=8.519424e+15/1.080664e+16 surv=1 checked=1.9326e+16 rate=1.976e+11/s elapsed=11.00h block_eta=3.22h
k=395 t=1  79.35%  idx=8.575089e+15/1.080664e+16 surv=1 checked=1.9382e+16 rate=1.975e+11/s elapsed=11.08h block_eta=3.14h
k=395 t=1  79.90%  idx=8.634326e+15/1.080664e+16 surv=1 checked=1.9441e+16 rate=1.975e+11/s elapsed=11.17h block_eta=3.06h
k=395 t=1  80.42%  idx=8.690664e+15/1.080664e+16 surv=1 checked=1.9497e+16 rate=1.974e+11/s elapsed=11.25h block_eta=2.98h
k=395 t=1  80.96%  idx=8.749086e+15/1.080664e+16 surv=1 checked=1.9556e+16 rate=1.974e+11/s elapsed=11.33h block_eta=2.90h
k=395 t=1  81.50%  idx=8.807885e+15/1.080664e+16 surv=1 checked=1.9615e+16 rate=1.974e+11/s elapsed=11.42h block_eta=2.81h
k=395 t=1  82.08%  idx=8.870439e+15/1.080664e+16 surv=1 checked=1.9677e+16 rate=1.974e+11/s elapsed=11.50h block_eta=2.72h
k=395 t=1  82.67%  idx=8.933468e+15/1.080664e+16 surv=1 checked=1.9740e+16 rate=1.975e+11/s elapsed=11.58h block_eta=2.63h
k=395 t=1  83.19%  idx=8.989517e+15/1.080664e+16 surv=1 checked=1.9796e+16 rate=1.975e+11/s elapsed=11.67h block_eta=2.56h
k=395 t=1  83.73%  idx=9.048770e+15/1.080664e+16 surv=1 checked=1.9855e+16 rate=1.975e+11/s elapsed=11.75h block_eta=2.47h
k=395 t=1  84.26%  idx=9.105544e+15/1.080664e+16 surv=1 checked=1.9912e+16 rate=1.974e+11/s elapsed=11.83h block_eta=2.39h
k=395 t=1  84.80%  idx=9.163872e+15/1.080664e+16 surv=1 checked=1.9971e+16 rate=1.974e+11/s elapsed=11.92h block_eta=2.31h
{"k": 395, "status": "TIMEOUT", "block": 1, "idx_done": 9219505767492870, "block_audit": [{"t": 0, "residues_enumerated": 10806643969228800, "kernel_survivors": 1, "after_n_gt_k_plus_1": 0, "passed_ref_is_good": 0, "survivors_n": ["395"], "sha256_survivors": "a3af7b3808c4cf72478d05c9bab9c0d47e31c1d2cb3a29e7481669f7ea278c4e"}], "surv_hash_recipe": "sha256 of the UTF-8 bytes of '\\n'.join(decimal(n) for n in sorted(survivors)), no trailing newline; the empty list hashes to sha256(b'')", "unit_done": 341463176573810, "units_total": 400246072934400, "R": 10806643969228800, "residues_checked": 20026149736721670, "wall": 43199.445954322815, "wall_leg": 43199.446154117584, "restarts": 3, "checkpoint": "overnight/2026-09-01/checkpoints/k395_primary.json", "plan": {"k": 395, "wheel": [[211, 1], [139, 1], [83, 1], [59, 1], [103, 1], [2, 9], [137, 1], [37, 1], [101, 1], [3, 6], [31, 1], [67, 1], [5, 2], [7, 1], [19, 1], [199, 1], [11, 1]], "wheel_primes": [211, 139, 83, 59, 103, 2, 137, 37, 101, 3, 31, 67, 5, 7, 19, 199, 11], "split_primes": [[211, 1, 2], [139, 1, 2], [83, 1, 2], [59, 1, 2], [103, 1, 2], [137, 1, 2], [37, 1, 2], [101, 1, 2], [31, 1, 2], [67, 1, 2], [5, 2, 4], [7, 1, 4], [19, 1, 3], [199, 1, 2], [11, 1, 3]], "N_bits": 106, "M_bits": 106, "M": "42734600299280201463109967500800", "N": "42734600299280201463109967500800", "n_filters": 75, "residues_per_block": 10806643969228800, "density_wheel": 2.528780869259896e-16, "density_rest": 5.847628525428767e-17, "expected_g": 6.762527227800476e+31, "E_g": 6.762527227800476e+31, "expected_blocks": 1.5824477543819169, "N_over_E": 0.6319323953861509, "expected_residue_checks": 1.7100949481511e+16, "expected_checks_true": 2.3069608504360588e+16}, "engine_module": "gpu_sieve_v9", "engine_file": "sieve/gpu_sieve_v9.py", "engine_commit": "df0365a", "tag": "primary"}
# RESUME k=395 engine=gpu_sieve_v9 block t=1 residues_done=9219505767492870/10806643969228800 (85.31%) survivors=1 restarts=4
k=395 t=1  85.85%  idx=9.277458e+15/1.080664e+16 surv=1 checked=2.0084e+16 rate=1.932e+11/s elapsed=0.08h block_eta=2.20h
k=395 t=1  86.41%  idx=9.338455e+15/1.080664e+16 surv=1 checked=2.0145e+16 rate=1.982e+11/s elapsed=0.17h block_eta=2.06h
k=395 t=1  86.96%  idx=9.396935e+15/1.080664e+16 surv=1 checked=2.0204e+16 rate=1.971e+11/s elapsed=0.25h block_eta=1.99h
k=395 t=1  87.46%  idx=9.451724e+15/1.080664e+16 surv=1 checked=2.0258e+16 rate=1.935e+11/s elapsed=0.33h block_eta=1.94h
k=395 t=1  88.00%  idx=9.510072e+15/1.080664e+16 surv=1 checked=2.0317e+16 rate=1.937e+11/s elapsed=0.42h block_eta=1.86h
k=395 t=1  88.53%  idx=9.566699e+15/1.080664e+16 surv=1 checked=2.0373e+16 rate=1.929e+11/s elapsed=0.50h block_eta=1.79h
k=395 t=1  89.08%  idx=9.626738e+15/1.080664e+16 surv=1 checked=2.0433e+16 rate=1.939e+11/s elapsed=0.58h block_eta=1.69h
k=395 t=1  89.65%  idx=9.688236e+15/1.080664e+16 surv=1 checked=2.0495e+16 rate=1.953e+11/s elapsed=0.67h block_eta=1.59h
k=395 t=1  90.15%  idx=9.741970e+15/1.080664e+16 surv=1 checked=2.0549e+16 rate=1.935e+11/s elapsed=0.75h block_eta=1.53h
k=395 t=1  90.67%  idx=9.798441e+15/1.080664e+16 surv=1 checked=2.0605e+16 rate=1.930e+11/s elapsed=0.83h block_eta=1.45h
k=395 t=1  91.25%  idx=9.860646e+15/1.080664e+16 surv=1 checked=2.0667e+16 rate=1.943e+11/s elapsed=0.92h block_eta=1.35h
k=395 t=1  91.74%  idx=9.914402e+15/1.080664e+16 surv=1 checked=2.0721e+16 rate=1.930e+11/s elapsed=1.00h block_eta=1.28h
k=395 t=1  92.30%  idx=9.974388e+15/1.080664e+16 surv=1 checked=2.0781e+16 rate=1.936e+11/s elapsed=1.08h block_eta=1.19h
k=395 t=1  92.83%  idx=1.003222e+16/1.080664e+16 surv=1 checked=2.0839e+16 rate=1.935e+11/s elapsed=1.17h block_eta=1.11h
k=395 t=1  93.35%  idx=1.008811e+16/1.080664e+16 surv=1 checked=2.0895e+16 rate=1.930e+11/s elapsed=1.25h block_eta=1.03h
k=395 t=1  93.89%  idx=1.014657e+16/1.080664e+16 surv=1 checked=2.0953e+16 rate=1.931e+11/s elapsed=1.33h block_eta=0.95h
k=395 t=1  94.47%  idx=1.020886e+16/1.080664e+16 surv=1 checked=2.1016e+16 rate=1.940e+11/s elapsed=1.42h block_eta=0.86h
k=395 t=1  95.02%  idx=1.026901e+16/1.080664e+16 surv=1 checked=2.1076e+16 rate=1.944e+11/s elapsed=1.50h block_eta=0.77h
k=395 t=1  95.56%  idx=1.032700e+16/1.080664e+16 surv=1 checked=2.1134e+16 rate=1.943e+11/s elapsed=1.58h block_eta=0.69h
k=395 t=1  96.11%  idx=1.038626e+16/1.080664e+16 surv=1 checked=2.1193e+16 rate=1.945e+11/s elapsed=1.67h block_eta=0.60h
k=395 t=1  96.67%  idx=1.044680e+16/1.080664e+16 surv=1 checked=2.1253e+16 rate=1.948e+11/s elapsed=1.75h block_eta=0.51h
k=395 t=1  97.19%  idx=1.050245e+16/1.080664e+16 surv=1 checked=2.1309e+16 rate=1.944e+11/s elapsed=1.83h block_eta=0.43h
k=395 t=1  97.72%  idx=1.056076e+16/1.080664e+16 surv=1 checked=2.1367e+16 rate=1.944e+11/s elapsed=1.92h block_eta=0.35h
k=395 t=1  98.24%  idx=1.061613e+16/1.080664e+16 surv=1 checked=2.1423e+16 rate=1.940e+11/s elapsed=2.00h block_eta=0.27h
k=395 t=1  98.78%  idx=1.067481e+16/1.080664e+16 surv=1 checked=2.1481e+16 rate=1.940e+11/s elapsed=2.08h block_eta=0.19h
k=395 t=1  99.35%  idx=1.073610e+16/1.080664e+16 surv=1 checked=2.1543e+16 rate=1.944e+11/s elapsed=2.17h block_eta=0.10h
k=395 t=1  99.91%  idx=1.079700e+16/1.080664e+16 surv=1 checked=2.1604e+16 rate=1.947e+11/s elapsed=2.25h block_eta=0.01h
{"k": 395, "status": "FOUND", "g": "70422314661266035686410669061023", "block": 1, "engine": "gpu_sieve_v9", "block_audit": [{"t": 0, "residues_enumerated": 10806643969228800, "kernel_survivors": 1, "after_n_gt_k_plus_1": 0, "passed_ref_is_good": 0, "survivors_n": ["395"], "sha256_survivors": "a3af7b3808c4cf72478d05c9bab9c0d47e31c1d2cb3a29e7481669f7ea278c4e"}, {"t": 1, "residues_enumerated": 10806643969228800, "kernel_survivors": 1, "after_n_gt_k_plus_1": 1, "passed_ref_is_good": 1, "survivors_n": ["70422314661266035686410669061023"], "sha256_survivors": "ec0fa0a3ddae3e9567aaa9ee04cbad1173ffe49cc46d28c64bd46b179c572d0d"}], "surv_hash_recipe": "sha256 of the UTF-8 bytes of '\\n'.join(decimal(n) for n in sorted(survivors)), no trailing newline; the empty list hashes to sha256(b'')", "blocks_scanned": 2, "survivors_in_block": 1, "all_good_in_block": ["70422314661266035686410669061023"], "residues_checked": 21613287938457600, "wall": 51359.018550395966, "wall_leg": 8159.572596549988, "restarts": 4, "plan": {"k": 395, "wheel": [[211, 1], [139, 1], [83, 1], [59, 1], [103, 1], [2, 9], [137, 1], [37, 1], [101, 1], [3, 6], [31, 1], [67, 1], [5, 2], [7, 1], [19, 1], [199, 1], [11, 1]], "wheel_primes": [211, 139, 83, 59, 103, 2, 137, 37, 101, 3, 31, 67, 5, 7, 19, 199, 11], "split_primes": [[211, 1, 2], [139, 1, 2], [83, 1, 2], [59, 1, 2], [103, 1, 2], [137, 1, 2], [37, 1, 2], [101, 1, 2], [31, 1, 2], [67, 1, 2], [5, 2, 4], [7, 1, 4], [19, 1, 3], [199, 1, 2], [11, 1, 3]], "N_bits": 106, "M_bits": 106, "M": "42734600299280201463109967500800", "N": "42734600299280201463109967500800", "n_filters": 75, "residues_per_block": 10806643969228800, "density_wheel": 2.528780869259896e-16, "density_rest": 5.847628525428767e-17, "expected_g": 6.762527227800476e+31, "E_g": 6.762527227800476e+31, "expected_blocks": 1.5824477543819169, "N_over_E": 0.6319323953861509, "expected_residue_checks": 1.7100949481511e+16, "expected_checks_true": 2.3069608504360588e+16}, "engine_module": "gpu_sieve_v9", "engine_file": "sieve/gpu_sieve_v9.py", "engine_commit": "df0365a", "tag": "primary"}
