# banned [29] -> wheel [[2, 9], [3, 6], [5, 2], [7, 1], [19, 1], [31, 1], [37, 1], [59, 1], [67, 1], [83, 1], [101, 1], [103, 1], [137, 1], [139, 1], [199, 1], [211, 1]]
k=396 t=0   0.44%  idx=5.706616e+13/1.297548e+16 surv=1 checked=5.7066e+13 rate=1.902e+11/s elapsed=0.08h block_eta=18.86h
k=396 t=0   0.92%  idx=1.198017e+14/1.297548e+16 surv=1 checked=1.1980e+14 rate=1.997e+11/s elapsed=0.17h block_eta=17.88h
k=396 t=0   1.38%  idx=1.794190e+14/1.297548e+16 surv=1 checked=1.7942e+14 rate=1.994e+11/s elapsed=0.25h block_eta=17.83h
k=396 t=0   1.84%  idx=2.382461e+14/1.297548e+16 surv=1 checked=2.3825e+14 rate=1.985e+11/s elapsed=0.33h block_eta=17.82h
k=396 t=0   2.33%  idx=3.028521e+14/1.297548e+16 surv=1 checked=3.0285e+14 rate=2.019e+11/s elapsed=0.42h block_eta=17.44h
k=396 t=0   3.02%  idx=3.916849e+14/1.297548e+16 surv=1 checked=3.9168e+14 rate=2.176e+11/s elapsed=0.50h block_eta=16.06h
k=396 t=0   3.56%  idx=4.619441e+14/1.297548e+16 surv=1 checked=4.6194e+14 rate=2.200e+11/s elapsed=0.58h block_eta=15.80h
k=396 t=0   4.07%  idx=5.279127e+14/1.297548e+16 surv=1 checked=5.2791e+14 rate=2.200e+11/s elapsed=0.67h block_eta=15.72h
k=396 t=0   4.56%  idx=5.910734e+14/1.297548e+16 surv=1 checked=5.9107e+14 rate=2.189e+11/s elapsed=0.75h block_eta=15.71h
k=396 t=0   4.99%  idx=6.480000e+14/1.297548e+16 surv=1 checked=6.4800e+14 rate=2.160e+11/s elapsed=0.83h block_eta=15.85h
k=396 t=0   5.44%  idx=7.052186e+14/1.297548e+16 surv=1 checked=7.0522e+14 rate=2.137e+11/s elapsed=0.92h block_eta=15.95h
k=396 t=0   5.89%  idx=7.647135e+14/1.297548e+16 surv=1 checked=7.6471e+14 rate=2.124e+11/s elapsed=1.00h block_eta=15.97h
k=396 t=0   6.38%  idx=8.276949e+14/1.297548e+16 surv=1 checked=8.2769e+14 rate=2.122e+11/s elapsed=1.08h block_eta=15.90h
k=396 t=0   6.88%  idx=8.925232e+14/1.297548e+16 surv=1 checked=8.9252e+14 rate=2.125e+11/s elapsed=1.17h block_eta=15.79h
k=396 t=0   7.39%  idx=9.590941e+14/1.297548e+16 surv=1 checked=9.5909e+14 rate=2.131e+11/s elapsed=1.25h block_eta=15.66h
k=396 t=0   7.86%  idx=1.019626e+15/1.297548e+16 surv=1 checked=1.0196e+15 rate=2.124e+11/s elapsed=1.33h block_eta=15.63h
k=396 t=0   8.34%  idx=1.082363e+15/1.297548e+16 surv=1 checked=1.0824e+15 rate=2.122e+11/s elapsed=1.42h block_eta=15.57h
k=396 t=0   8.81%  idx=1.143241e+15/1.297548e+16 surv=1 checked=1.1432e+15 rate=2.117e+11/s elapsed=1.50h block_eta=15.52h
k=396 t=0   9.27%  idx=1.202747e+15/1.297548e+16 surv=1 checked=1.2027e+15 rate=2.110e+11/s elapsed=1.58h block_eta=15.50h
k=396 t=0   9.72%  idx=1.261304e+15/1.297548e+16 surv=1 checked=1.2613e+15 rate=2.102e+11/s elapsed=1.67h block_eta=15.48h
k=396 t=0  10.17%  idx=1.319410e+15/1.297548e+16 surv=1 checked=1.3194e+15 rate=2.094e+11/s elapsed=1.75h block_eta=15.46h
k=396 t=0  10.62%  idx=1.377988e+15/1.297548e+16 surv=1 checked=1.3780e+15 rate=2.088e+11/s elapsed=1.83h block_eta=15.43h
k=396 t=0  11.14%  idx=1.445325e+15/1.297548e+16 surv=1 checked=1.4453e+15 rate=2.095e+11/s elapsed=1.92h block_eta=15.29h
k=396 t=0  11.57%  idx=1.500667e+15/1.297548e+16 surv=1 checked=1.5007e+15 rate=2.084e+11/s elapsed=2.00h block_eta=15.29h
k=396 t=0  12.01%  idx=1.558266e+15/1.297548e+16 surv=1 checked=1.5583e+15 rate=2.078e+11/s elapsed=2.08h block_eta=15.26h
k=396 t=0  12.45%  idx=1.615082e+15/1.297548e+16 surv=1 checked=1.6151e+15 rate=2.071e+11/s elapsed=2.17h block_eta=15.24h
k=396 t=0  12.90%  idx=1.673315e+15/1.297548e+16 surv=1 checked=1.6733e+15 rate=2.066e+11/s elapsed=2.25h block_eta=15.20h
k=396 t=0  13.36%  idx=1.733829e+15/1.297548e+16 surv=1 checked=1.7338e+15 rate=2.064e+11/s elapsed=2.33h block_eta=15.13h
k=396 t=0  13.85%  idx=1.797413e+15/1.297548e+16 surv=1 checked=1.7974e+15 rate=2.066e+11/s elapsed=2.42h block_eta=15.03h
k=396 t=0  14.31%  idx=1.856829e+15/1.297548e+16 surv=1 checked=1.8568e+15 rate=2.063e+11/s elapsed=2.50h block_eta=14.97h
k=396 t=0  14.81%  idx=1.921453e+15/1.297548e+16 surv=1 checked=1.9215e+15 rate=2.066e+11/s elapsed=2.58h block_eta=14.86h
k=396 t=0  15.26%  idx=1.980210e+15/1.297548e+16 surv=1 checked=1.9802e+15 rate=2.063e+11/s elapsed=2.67h block_eta=14.81h
k=396 t=0  15.73%  idx=2.041354e+15/1.297548e+16 surv=1 checked=2.0414e+15 rate=2.062e+11/s elapsed=2.75h block_eta=14.73h
k=396 t=0  16.19%  idx=2.100299e+15/1.297548e+16 surv=1 checked=2.1003e+15 rate=2.059e+11/s elapsed=2.83h block_eta=14.67h
k=396 t=0  16.64%  idx=2.159308e+15/1.297548e+16 surv=1 checked=2.1593e+15 rate=2.056e+11/s elapsed=2.92h block_eta=14.61h
k=396 t=0  17.11%  idx=2.219606e+15/1.297548e+16 surv=1 checked=2.2196e+15 rate=2.055e+11/s elapsed=3.00h block_eta=14.54h
k=396 t=0  17.61%  idx=2.284395e+15/1.297548e+16 surv=1 checked=2.2844e+15 rate=2.058e+11/s elapsed=3.08h block_eta=14.43h
k=396 t=0  18.07%  idx=2.345313e+15/1.297548e+16 surv=1 checked=2.3453e+15 rate=2.057e+11/s elapsed=3.17h block_eta=14.35h
k=396 t=0  18.55%  idx=2.406832e+15/1.297548e+16 surv=1 checked=2.4068e+15 rate=2.057e+11/s elapsed=3.25h block_eta=14.27h
k=396 t=0  19.00%  idx=2.464897e+15/1.297548e+16 surv=1 checked=2.4649e+15 rate=2.054e+11/s elapsed=3.33h block_eta=14.21h
k=396 t=0  19.48%  idx=2.528012e+15/1.297548e+16 surv=1 checked=2.5280e+15 rate=2.055e+11/s elapsed=3.42h block_eta=14.12h
k=396 t=0  19.94%  idx=2.587756e+15/1.297548e+16 surv=1 checked=2.5878e+15 rate=2.054e+11/s elapsed=3.50h block_eta=14.05h
k=396 t=0  20.45%  idx=2.653855e+15/1.297548e+16 surv=1 checked=2.6539e+15 rate=2.057e+11/s elapsed=3.58h block_eta=13.94h
k=396 t=0  20.89%  idx=2.710603e+15/1.297548e+16 surv=1 checked=2.7106e+15 rate=2.053e+11/s elapsed=3.67h block_eta=13.89h
k=396 t=0  21.32%  idx=2.766284e+15/1.297548e+16 surv=1 checked=2.7663e+15 rate=2.049e+11/s elapsed=3.75h block_eta=13.84h
k=396 t=0  21.75%  idx=2.822080e+15/1.297548e+16 surv=1 checked=2.8221e+15 rate=2.045e+11/s elapsed=3.83h block_eta=13.79h
k=396 t=0  22.25%  idx=2.887031e+15/1.297548e+16 surv=1 checked=2.8870e+15 rate=2.048e+11/s elapsed=3.92h block_eta=13.69h
k=396 t=0  22.69%  idx=2.944728e+15/1.297548e+16 surv=1 checked=2.9447e+15 rate=2.045e+11/s elapsed=4.00h block_eta=13.63h
k=396 t=0  23.20%  idx=3.010269e+15/1.297548e+16 surv=1 checked=3.0103e+15 rate=2.048e+11/s elapsed=4.08h block_eta=13.52h
k=396 t=0  23.67%  idx=3.070895e+15/1.297548e+16 surv=1 checked=3.0709e+15 rate=2.047e+11/s elapsed=4.17h block_eta=13.44h
k=396 t=0  24.12%  idx=3.129563e+15/1.297548e+16 surv=1 checked=3.1296e+15 rate=2.045e+11/s elapsed=4.25h block_eta=13.37h
k=396 t=0  24.57%  idx=3.187712e+15/1.297548e+16 surv=1 checked=3.1877e+15 rate=2.043e+11/s elapsed=4.33h block_eta=13.31h
k=396 t=0  25.03%  idx=3.247482e+15/1.297548e+16 surv=1 checked=3.2475e+15 rate=2.042e+11/s elapsed=4.42h block_eta=13.23h
k=396 t=0  25.49%  idx=3.307699e+15/1.297548e+16 surv=1 checked=3.3077e+15 rate=2.042e+11/s elapsed=4.50h block_eta=13.15h
k=396 t=0  25.98%  idx=3.371636e+15/1.297548e+16 surv=1 checked=3.3716e+15 rate=2.043e+11/s elapsed=4.58h block_eta=13.06h
k=396 t=0  26.47%  idx=3.434836e+15/1.297548e+16 surv=1 checked=3.4348e+15 rate=2.045e+11/s elapsed=4.67h block_eta=12.96h
k=396 t=0  26.91%  idx=3.491902e+15/1.297548e+16 surv=1 checked=3.4919e+15 rate=2.042e+11/s elapsed=4.75h block_eta=12.90h
k=396 t=0  27.38%  idx=3.552475e+15/1.297548e+16 surv=1 checked=3.5525e+15 rate=2.042e+11/s elapsed=4.83h block_eta=12.82h
k=396 t=0  27.84%  idx=3.612324e+15/1.297548e+16 surv=1 checked=3.6123e+15 rate=2.041e+11/s elapsed=4.92h block_eta=12.74h
k=396 t=0  28.30%  idx=3.671536e+15/1.297548e+16 surv=1 checked=3.6715e+15 rate=2.040e+11/s elapsed=5.00h block_eta=12.67h
k=396 t=0  28.76%  idx=3.732237e+15/1.297548e+16 surv=1 checked=3.7322e+15 rate=2.039e+11/s elapsed=5.08h block_eta=12.59h
k=396 t=0  29.21%  idx=3.789542e+15/1.297548e+16 surv=1 checked=3.7895e+15 rate=2.037e+11/s elapsed=5.17h block_eta=12.52h
k=396 t=0  29.71%  idx=3.854618e+15/1.297548e+16 surv=1 checked=3.8546e+15 rate=2.039e+11/s elapsed=5.25h block_eta=12.42h
k=396 t=0  30.16%  idx=3.913375e+15/1.297548e+16 surv=1 checked=3.9134e+15 rate=2.038e+11/s elapsed=5.33h block_eta=12.35h
k=396 t=0  30.62%  idx=3.973311e+15/1.297548e+16 surv=1 checked=3.9733e+15 rate=2.038e+11/s elapsed=5.42h block_eta=12.27h
k=396 t=0  31.11%  idx=4.036629e+15/1.297548e+16 surv=1 checked=4.0366e+15 rate=2.039e+11/s elapsed=5.50h block_eta=12.18h
k=396 t=0  31.54%  idx=4.092808e+15/1.297548e+16 surv=1 checked=4.0928e+15 rate=2.036e+11/s elapsed=5.58h block_eta=12.12h
k=396 t=0  32.03%  idx=4.156009e+15/1.297548e+16 surv=1 checked=4.1560e+15 rate=2.037e+11/s elapsed=5.67h block_eta=12.03h
k=396 t=0  32.51%  idx=4.218549e+15/1.297548e+16 surv=1 checked=4.2185e+15 rate=2.038e+11/s elapsed=5.75h block_eta=11.94h
k=396 t=0  32.96%  idx=4.276143e+15/1.297548e+16 surv=1 checked=4.2761e+15 rate=2.036e+11/s elapsed=5.83h block_eta=11.87h
k=396 t=0  33.42%  idx=4.336009e+15/1.297548e+16 surv=1 checked=4.3360e+15 rate=2.036e+11/s elapsed=5.92h block_eta=11.79h
k=396 t=0  33.85%  idx=4.392572e+15/1.297548e+16 surv=1 checked=4.3926e+15 rate=2.034e+11/s elapsed=6.00h block_eta=11.72h
k=396 t=0  34.30%  idx=4.450420e+15/1.297548e+16 surv=1 checked=4.4504e+15 rate=2.032e+11/s elapsed=6.08h block_eta=11.65h
k=396 t=0  34.74%  idx=4.507687e+15/1.297548e+16 surv=1 checked=4.5077e+15 rate=2.030e+11/s elapsed=6.17h block_eta=11.58h
k=396 t=0  35.20%  idx=4.567986e+15/1.297548e+16 surv=1 checked=4.5680e+15 rate=2.030e+11/s elapsed=6.25h block_eta=11.50h
k=396 t=0  35.68%  idx=4.630167e+15/1.297548e+16 surv=1 checked=4.6302e+15 rate=2.031e+11/s elapsed=6.33h block_eta=11.42h
k=396 t=0  36.10%  idx=4.684795e+15/1.297548e+16 surv=1 checked=4.6848e+15 rate=2.028e+11/s elapsed=6.42h block_eta=11.36h
k=396 t=0  36.57%  idx=4.744933e+15/1.297548e+16 surv=1 checked=4.7449e+15 rate=2.028e+11/s elapsed=6.50h block_eta=11.27h
k=396 t=0  37.08%  idx=4.811280e+15/1.297548e+16 surv=1 checked=4.8113e+15 rate=2.030e+11/s elapsed=6.58h block_eta=11.17h
k=396 t=0  37.51%  idx=4.867734e+15/1.297548e+16 surv=1 checked=4.8677e+15 rate=2.028e+11/s elapsed=6.67h block_eta=11.10h
k=396 t=0  37.97%  idx=4.926335e+15/1.297548e+16 surv=1 checked=4.9263e+15 rate=2.027e+11/s elapsed=6.75h block_eta=11.03h
k=396 t=0  38.41%  idx=4.983668e+15/1.297548e+16 surv=1 checked=4.9837e+15 rate=2.026e+11/s elapsed=6.83h block_eta=10.96h
k=396 t=0  38.88%  idx=5.045191e+15/1.297548e+16 surv=1 checked=5.0452e+15 rate=2.026e+11/s elapsed=6.92h block_eta=10.87h
k=396 t=0  39.35%  idx=5.105342e+15/1.297548e+16 surv=1 checked=5.1053e+15 rate=2.026e+11/s elapsed=7.00h block_eta=10.79h
k=396 t=0  39.80%  idx=5.164007e+15/1.297548e+16 surv=1 checked=5.1640e+15 rate=2.025e+11/s elapsed=7.08h block_eta=10.71h
k=396 t=0  40.27%  idx=5.225131e+15/1.297548e+16 surv=1 checked=5.2251e+15 rate=2.025e+11/s elapsed=7.17h block_eta=10.63h
k=396 t=0  40.75%  idx=5.287943e+15/1.297548e+16 surv=1 checked=5.2879e+15 rate=2.026e+11/s elapsed=7.25h block_eta=10.54h
k=396 t=0  41.23%  idx=5.350074e+15/1.297548e+16 surv=1 checked=5.3501e+15 rate=2.027e+11/s elapsed=7.33h block_eta=10.45h
k=396 t=0  41.71%  idx=5.411673e+15/1.297548e+16 surv=1 checked=5.4117e+15 rate=2.027e+11/s elapsed=7.42h block_eta=10.37h
k=396 t=0  42.24%  idx=5.480451e+15/1.297548e+16 surv=1 checked=5.4805e+15 rate=2.030e+11/s elapsed=7.50h block_eta=10.26h
k=396 t=0  42.70%  idx=5.540120e+15/1.297548e+16 surv=1 checked=5.5401e+15 rate=2.029e+11/s elapsed=7.58h block_eta=10.18h
k=396 t=0  43.20%  idx=5.605332e+15/1.297548e+16 surv=1 checked=5.6053e+15 rate=2.031e+11/s elapsed=7.67h block_eta=10.08h
k=396 t=0  43.65%  idx=5.664061e+15/1.297548e+16 surv=1 checked=5.6641e+15 rate=2.030e+11/s elapsed=7.75h block_eta=10.00h
k=396 t=0  44.12%  idx=5.725252e+15/1.297548e+16 surv=1 checked=5.7253e+15 rate=2.030e+11/s elapsed=7.83h block_eta=9.92h
k=396 t=0  44.60%  idx=5.786460e+15/1.297548e+16 surv=1 checked=5.7865e+15 rate=2.030e+11/s elapsed=7.92h block_eta=9.84h
k=396 t=0  45.04%  idx=5.844546e+15/1.297548e+16 surv=1 checked=5.8445e+15 rate=2.029e+11/s elapsed=8.00h block_eta=9.76h
k=396 t=0  45.53%  idx=5.907227e+15/1.297548e+16 surv=1 checked=5.9072e+15 rate=2.030e+11/s elapsed=8.08h block_eta=9.67h
k=396 t=0  45.97%  idx=5.965389e+15/1.297548e+16 surv=1 checked=5.9654e+15 rate=2.029e+11/s elapsed=8.17h block_eta=9.60h
k=396 t=0  46.43%  idx=6.024569e+15/1.297548e+16 surv=1 checked=6.0246e+15 rate=2.028e+11/s elapsed=8.25h block_eta=9.52h
k=396 t=0  46.94%  idx=6.090957e+15/1.297548e+16 surv=1 checked=6.0910e+15 rate=2.030e+11/s elapsed=8.33h block_eta=9.42h
k=396 t=0  47.39%  idx=6.148859e+15/1.297548e+16 surv=1 checked=6.1489e+15 rate=2.029e+11/s elapsed=8.42h block_eta=9.34h
k=396 t=0  47.87%  idx=6.210882e+15/1.297548e+16 surv=1 checked=6.2109e+15 rate=2.030e+11/s elapsed=8.50h block_eta=9.26h
k=396 t=0  48.35%  idx=6.273169e+15/1.297548e+16 surv=1 checked=6.2732e+15 rate=2.030e+11/s elapsed=8.58h block_eta=9.17h
k=396 t=0  48.83%  idx=6.336395e+15/1.297548e+16 surv=1 checked=6.3364e+15 rate=2.031e+11/s elapsed=8.67h block_eta=9.08h
k=396 t=0  49.33%  idx=6.400819e+15/1.297548e+16 surv=1 checked=6.4008e+15 rate=2.032e+11/s elapsed=8.75h block_eta=8.99h
k=396 t=0  49.75%  idx=6.455829e+15/1.297548e+16 surv=1 checked=6.4558e+15 rate=2.030e+11/s elapsed=8.83h block_eta=8.92h
k=396 t=0  50.13%  idx=6.504974e+15/1.297548e+16 surv=1 checked=6.5050e+15 rate=2.026e+11/s elapsed=8.92h block_eta=8.87h
k=396 t=0  50.52%  idx=6.554790e+15/1.297548e+16 surv=1 checked=6.5548e+15 rate=2.023e+11/s elapsed=9.00h block_eta=8.82h
k=396 t=0  50.94%  idx=6.609872e+15/1.297548e+16 surv=1 checked=6.6099e+15 rate=2.021e+11/s elapsed=9.08h block_eta=8.75h
k=396 t=0  51.32%  idx=6.658916e+15/1.297548e+16 surv=1 checked=6.6589e+15 rate=2.018e+11/s elapsed=9.17h block_eta=8.70h
k=396 t=0  51.78%  idx=6.718740e+15/1.297548e+16 surv=1 checked=6.7187e+15 rate=2.018e+11/s elapsed=9.25h block_eta=8.61h
k=396 t=0  52.22%  idx=6.776128e+15/1.297548e+16 surv=1 checked=6.7761e+15 rate=2.017e+11/s elapsed=9.33h block_eta=8.54h
k=396 t=0  52.67%  idx=6.834784e+15/1.297548e+16 surv=1 checked=6.8348e+15 rate=2.016e+11/s elapsed=9.42h block_eta=8.46h
k=396 t=0  53.12%  idx=6.892925e+15/1.297548e+16 surv=1 checked=6.8929e+15 rate=2.015e+11/s elapsed=9.50h block_eta=8.38h
k=396 t=0  53.56%  idx=6.949146e+15/1.297548e+16 surv=1 checked=6.9491e+15 rate=2.014e+11/s elapsed=9.58h block_eta=8.31h
k=396 t=0  54.04%  idx=7.012397e+15/1.297548e+16 surv=1 checked=7.0124e+15 rate=2.015e+11/s elapsed=9.67h block_eta=8.22h
k=396 t=0  54.58%  idx=7.081471e+15/1.297548e+16 surv=1 checked=7.0815e+15 rate=2.017e+11/s elapsed=9.75h block_eta=8.12h
k=396 t=0  55.11%  idx=7.150867e+15/1.297548e+16 surv=1 checked=7.1509e+15 rate=2.020e+11/s elapsed=9.83h block_eta=8.01h
k=396 t=0  55.59%  idx=7.212551e+15/1.297548e+16 surv=1 checked=7.2126e+15 rate=2.020e+11/s elapsed=9.92h block_eta=7.92h
k=396 t=0  56.03%  idx=7.270185e+15/1.297548e+16 surv=1 checked=7.2702e+15 rate=2.019e+11/s elapsed=10.00h block_eta=7.85h
k=396 t=0  56.44%  idx=7.323429e+15/1.297548e+16 surv=1 checked=7.3234e+15 rate=2.017e+11/s elapsed=10.08h block_eta=7.78h
k=396 t=0  56.93%  idx=7.386314e+15/1.297548e+16 surv=1 checked=7.3863e+15 rate=2.018e+11/s elapsed=10.17h block_eta=7.69h
k=396 t=0  57.36%  idx=7.442322e+15/1.297548e+16 surv=1 checked=7.4423e+15 rate=2.017e+11/s elapsed=10.25h block_eta=7.62h
k=396 t=0  57.82%  idx=7.502684e+15/1.297548e+16 surv=1 checked=7.5027e+15 rate=2.017e+11/s elapsed=10.33h block_eta=7.54h
k=396 t=0  58.28%  idx=7.562007e+15/1.297548e+16 surv=1 checked=7.5620e+15 rate=2.017e+11/s elapsed=10.42h block_eta=7.46h
k=396 t=0  58.72%  idx=7.619597e+15/1.297548e+16 surv=1 checked=7.6196e+15 rate=2.016e+11/s elapsed=10.50h block_eta=7.38h
k=396 t=0  59.17%  idx=7.677193e+15/1.297548e+16 surv=1 checked=7.6772e+15 rate=2.015e+11/s elapsed=10.58h block_eta=7.30h
k=396 t=0  59.63%  idx=7.737082e+15/1.297548e+16 surv=1 checked=7.7371e+15 rate=2.015e+11/s elapsed=10.67h block_eta=7.22h
k=396 t=0  60.08%  idx=7.795297e+15/1.297548e+16 surv=1 checked=7.7953e+15 rate=2.014e+11/s elapsed=10.75h block_eta=7.14h
k=396 t=0  60.56%  idx=7.858132e+15/1.297548e+16 surv=1 checked=7.8581e+15 rate=2.015e+11/s elapsed=10.83h block_eta=7.05h
k=396 t=0  61.05%  idx=7.920891e+15/1.297548e+16 surv=1 checked=7.9209e+15 rate=2.015e+11/s elapsed=10.92h block_eta=6.97h
k=396 t=0  61.55%  idx=7.985897e+15/1.297548e+16 surv=1 checked=7.9859e+15 rate=2.017e+11/s elapsed=11.00h block_eta=6.87h
k=396 t=0  61.98%  idx=8.042683e+15/1.297548e+16 surv=1 checked=8.0427e+15 rate=2.016e+11/s elapsed=11.08h block_eta=6.80h
k=396 t=0  62.45%  idx=8.102960e+15/1.297548e+16 surv=1 checked=8.1030e+15 rate=2.016e+11/s elapsed=11.17h block_eta=6.71h
k=396 t=0  62.92%  idx=8.164477e+15/1.297548e+16 surv=1 checked=8.1645e+15 rate=2.016e+11/s elapsed=11.25h block_eta=6.63h
k=396 t=0  63.36%  idx=8.221519e+15/1.297548e+16 surv=1 checked=8.2215e+15 rate=2.015e+11/s elapsed=11.33h block_eta=6.55h
k=396 t=0  63.79%  idx=8.276826e+15/1.297548e+16 surv=1 checked=8.2768e+15 rate=2.014e+11/s elapsed=11.42h block_eta=6.48h
k=396 t=0  64.25%  idx=8.336328e+15/1.297548e+16 surv=1 checked=8.3363e+15 rate=2.014e+11/s elapsed=11.50h block_eta=6.40h
k=396 t=0  64.74%  idx=8.400801e+15/1.297548e+16 surv=1 checked=8.4008e+15 rate=2.015e+11/s elapsed=11.58h block_eta=6.31h
k=396 t=0  65.17%  idx=8.456531e+15/1.297548e+16 surv=1 checked=8.4565e+15 rate=2.013e+11/s elapsed=11.67h block_eta=6.23h
k=396 t=0  65.63%  idx=8.515815e+15/1.297548e+16 surv=1 checked=8.5158e+15 rate=2.013e+11/s elapsed=11.75h block_eta=6.15h
k=396 t=0  66.06%  idx=8.571398e+15/1.297548e+16 surv=1 checked=8.5714e+15 rate=2.012e+11/s elapsed=11.83h block_eta=6.08h
k=396 t=0  66.48%  idx=8.625601e+15/1.297548e+16 surv=1 checked=8.6256e+15 rate=2.011e+11/s elapsed=11.92h block_eta=6.01h
{"k": 396, "status": "TIMEOUT", "block": 0, "idx_done": 8686919021981904, "block_audit": [], "surv_hash_recipe": "sha256 of the UTF-8 bytes of '\\n'.join(decimal(n) for n in sorted(survivors)), no trailing newline; the empty list hashes to sha256(b'')", "unit_done": 241303306166164, "units_total": 360429927137280, "R": 12975477376942080, "residues_checked": 8686919021981904, "wall": 43198.433015823364, "wall_leg": 43198.43321323395, "restarts": 0, "checkpoint": "overnight/2026-09-06/checkpoints/k396_confirm.json", "plan": {"k": 396, "wheel": [[3, 6], [2, 9], [211, 1], [139, 1], [83, 1], [59, 1], [103, 1], [137, 1], [37, 1], [101, 1], [31, 1], [67, 1], [5, 2], [7, 1], [19, 1], [199, 1]], "wheel_primes": [3, 2, 211, 139, 83, 59, 103, 137, 37, 101, 31, 67, 5, 7, 19, 199], "split_primes": [[211, 1, 2], [139, 1, 2], [83, 1, 2], [59, 1, 2], [103, 1, 2], [137, 1, 2], [37, 1, 2], [101, 1, 2], [31, 1, 2], [67, 1, 2], [5, 2, 4], [7, 1, 4], [19, 1, 3], [199, 1, 2]], "N_bits": 102, "M_bits": 102, "M": "3884963663570927405737269772800", "N": "3884963663570927405737269772800", "n_filters": 75, "residues_per_block": 12975477376942080, "density_wheel": 3.3399224550315252e-15, "density_rest": 1.7864316273062405e-17, "expected_g": 1.676012361201633e+31, "E_g": 1.676012361201633e+31, "expected_blocks": 4.31410048160167, "N_over_E": 0.23179803165565951, "expected_residue_checks": 5.5977513200877416e+16, "expected_checks_true": 6.271566856883877e+16}, "engine_module": "gpu_sieve_v8", "engine_file": "sieve/gpu_sieve_v8.py", "engine_commit": "0be7e21", "tag": "confirm", "banned": "29"}
# banned [29] -> wheel [[2, 9], [3, 6], [5, 2], [7, 1], [19, 1], [31, 1], [37, 1], [59, 1], [67, 1], [83, 1], [101, 1], [103, 1], [137, 1], [139, 1], [199, 1], [211, 1]]
# RESUME k=396 engine=gpu_sieve_v8 block t=0 residues_done=8686919021981904/12975477376942080 (66.95%) survivors=1 restarts=1
k=396 t=0  67.41%  idx=8.746673e+15/1.297548e+16 surv=1 checked=8.7467e+15 rate=1.992e+11/s elapsed=0.08h block_eta=5.90h
k=396 t=0  67.83%  idx=8.801309e+15/1.297548e+16 surv=1 checked=8.8013e+15 rate=1.906e+11/s elapsed=0.17h block_eta=6.08h
k=396 t=0  68.33%  idx=8.865936e+15/1.297548e+16 surv=1 checked=8.8659e+15 rate=1.989e+11/s elapsed=0.25h block_eta=5.74h
k=396 t=0  68.78%  idx=8.924244e+15/1.297548e+16 surv=1 checked=8.9242e+15 rate=1.978e+11/s elapsed=0.33h block_eta=5.69h
k=396 t=0  69.24%  idx=8.983611e+15/1.297548e+16 surv=1 checked=8.9836e+15 rate=1.978e+11/s elapsed=0.42h block_eta=5.61h
k=396 t=0  69.67%  idx=9.039600e+15/1.297548e+16 surv=1 checked=9.0396e+15 rate=1.959e+11/s elapsed=0.50h block_eta=5.58h
k=396 t=0  70.12%  idx=9.098481e+15/1.297548e+16 surv=1 checked=9.0985e+15 rate=1.960e+11/s elapsed=0.58h block_eta=5.50h
k=396 t=0  70.60%  idx=9.160638e+15/1.297548e+16 surv=1 checked=9.1606e+15 rate=1.974e+11/s elapsed=0.67h block_eta=5.37h
k=396 t=0  71.05%  idx=9.218559e+15/1.297548e+16 surv=1 checked=9.2186e+15 rate=1.969e+11/s elapsed=0.75h block_eta=5.30h
k=396 t=0  71.51%  idx=9.278741e+15/1.297548e+16 surv=1 checked=9.2787e+15 rate=1.973e+11/s elapsed=0.83h block_eta=5.21h
k=396 t=0  71.96%  idx=9.337559e+15/1.297548e+16 surv=1 checked=9.3376e+15 rate=1.972e+11/s elapsed=0.92h block_eta=5.13h
k=396 t=0  72.42%  idx=9.396680e+15/1.297548e+16 surv=1 checked=9.3967e+15 rate=1.972e+11/s elapsed=1.00h block_eta=5.04h
k=396 t=0  72.86%  idx=9.453619e+15/1.297548e+16 surv=1 checked=9.4536e+15 rate=1.966e+11/s elapsed=1.08h block_eta=4.98h
k=396 t=0  73.30%  idx=9.511613e+15/1.297548e+16 surv=1 checked=9.5116e+15 rate=1.964e+11/s elapsed=1.17h block_eta=4.90h
k=396 t=0  73.75%  idx=9.569051e+15/1.297548e+16 surv=1 checked=9.5691e+15 rate=1.960e+11/s elapsed=1.25h block_eta=4.83h
k=396 t=0  74.18%  idx=9.625718e+15/1.297548e+16 surv=2 checked=9.6257e+15 rate=1.956e+11/s elapsed=1.33h block_eta=4.76h
k=396 t=0  74.63%  idx=9.683798e+15/1.297548e+16 surv=2 checked=9.6838e+15 rate=1.955e+11/s elapsed=1.42h block_eta=4.68h
k=396 t=0  75.07%  idx=9.740085e+15/1.297548e+16 surv=2 checked=9.7401e+15 rate=1.950e+11/s elapsed=1.50h block_eta=4.61h
k=396 t=0  75.49%  idx=9.795141e+15/1.297548e+16 surv=2 checked=9.7951e+15 rate=1.944e+11/s elapsed=1.58h block_eta=4.54h
k=396 t=0  75.95%  idx=9.855377e+15/1.297548e+16 surv=2 checked=9.8554e+15 rate=1.947e+11/s elapsed=1.67h block_eta=4.45h
k=396 t=0  76.38%  idx=9.911168e+15/1.297548e+16 surv=2 checked=9.9112e+15 rate=1.943e+11/s elapsed=1.75h block_eta=4.38h
k=396 t=0  76.84%  idx=9.970709e+15/1.297548e+16 surv=2 checked=9.9707e+15 rate=1.945e+11/s elapsed=1.83h block_eta=4.29h
k=396 t=0  77.28%  idx=1.002696e+16/1.297548e+16 surv=2 checked=1.0027e+16 rate=1.942e+11/s elapsed=1.92h block_eta=4.22h
k=396 t=0  77.71%  idx=1.008303e+16/1.297548e+16 surv=2 checked=1.0083e+16 rate=1.939e+11/s elapsed=2.00h block_eta=4.14h
k=396 t=0  78.16%  idx=1.014099e+16/1.297548e+16 surv=2 checked=1.0141e+16 rate=1.939e+11/s elapsed=2.08h block_eta=4.06h
k=396 t=0  78.59%  idx=1.019748e+16/1.297548e+16 surv=2 checked=1.0197e+16 rate=1.937e+11/s elapsed=2.17h block_eta=3.98h
k=396 t=0  79.03%  idx=1.025452e+16/1.297548e+16 surv=2 checked=1.0255e+16 rate=1.935e+11/s elapsed=2.25h block_eta=3.91h
k=396 t=0  79.45%  idx=1.030854e+16/1.297548e+16 surv=2 checked=1.0309e+16 rate=1.930e+11/s elapsed=2.33h block_eta=3.84h
k=396 t=0  79.90%  idx=1.036694e+16/1.297548e+16 surv=2 checked=1.0367e+16 rate=1.931e+11/s elapsed=2.42h block_eta=3.75h
k=396 t=0  80.34%  idx=1.042445e+16/1.297548e+16 surv=2 checked=1.0424e+16 rate=1.931e+11/s elapsed=2.50h block_eta=3.67h
k=396 t=0  80.80%  idx=1.048415e+16/1.297548e+16 surv=2 checked=1.0484e+16 rate=1.932e+11/s elapsed=2.58h block_eta=3.58h
k=396 t=0  81.23%  idx=1.053945e+16/1.297548e+16 surv=2 checked=1.0539e+16 rate=1.930e+11/s elapsed=2.67h block_eta=3.51h
k=396 t=0  81.67%  idx=1.059667e+16/1.297548e+16 surv=2 checked=1.0597e+16 rate=1.929e+11/s elapsed=2.75h block_eta=3.43h
k=396 t=0  82.12%  idx=1.065539e+16/1.297548e+16 surv=2 checked=1.0655e+16 rate=1.930e+11/s elapsed=2.83h block_eta=3.34h
k=396 t=0  82.59%  idx=1.071588e+16/1.297548e+16 surv=2 checked=1.0716e+16 rate=1.932e+11/s elapsed=2.92h block_eta=3.25h
k=396 t=0  83.04%  idx=1.077470e+16/1.297548e+16 surv=2 checked=1.0775e+16 rate=1.933e+11/s elapsed=3.00h block_eta=3.16h
k=396 t=0  83.48%  idx=1.083178e+16/1.297548e+16 surv=2 checked=1.0832e+16 rate=1.932e+11/s elapsed=3.08h block_eta=3.08h
k=396 t=0  83.94%  idx=1.089110e+16/1.297548e+16 surv=2 checked=1.0891e+16 rate=1.933e+11/s elapsed=3.17h block_eta=2.99h
k=396 t=0  84.40%  idx=1.095079e+16/1.297548e+16 surv=2 checked=1.0951e+16 rate=1.935e+11/s elapsed=3.25h block_eta=2.91h
k=396 t=0  84.82%  idx=1.100545e+16/1.297548e+16 surv=2 checked=1.1005e+16 rate=1.932e+11/s elapsed=3.33h block_eta=2.83h
k=396 t=0  85.25%  idx=1.106153e+16/1.297548e+16 surv=2 checked=1.1062e+16 rate=1.931e+11/s elapsed=3.42h block_eta=2.75h
k=396 t=0  85.69%  idx=1.111858e+16/1.297548e+16 surv=2 checked=1.1119e+16 rate=1.930e+11/s elapsed=3.50h block_eta=2.67h
k=396 t=0  86.12%  idx=1.117476e+16/1.297548e+16 surv=2 checked=1.1175e+16 rate=1.929e+11/s elapsed=3.58h block_eta=2.59h
k=396 t=0  86.59%  idx=1.123485e+16/1.297548e+16 surv=2 checked=1.1235e+16 rate=1.930e+11/s elapsed=3.67h block_eta=2.50h
k=396 t=0  87.01%  idx=1.129021e+16/1.297548e+16 surv=2 checked=1.1290e+16 rate=1.928e+11/s elapsed=3.75h block_eta=2.43h
k=396 t=0  87.46%  idx=1.134838e+16/1.297548e+16 surv=2 checked=1.1348e+16 rate=1.929e+11/s elapsed=3.83h block_eta=2.34h
k=396 t=0  87.90%  idx=1.140542e+16/1.297548e+16 surv=2 checked=1.1405e+16 rate=1.928e+11/s elapsed=3.92h block_eta=2.26h
k=396 t=0  88.35%  idx=1.146397e+16/1.297548e+16 surv=2 checked=1.1464e+16 rate=1.928e+11/s elapsed=4.00h block_eta=2.18h
k=396 t=0  88.79%  idx=1.152074e+16/1.297548e+16 surv=2 checked=1.1521e+16 rate=1.928e+11/s elapsed=4.08h block_eta=2.10h
k=396 t=0  89.21%  idx=1.157564e+16/1.297548e+16 surv=2 checked=1.1576e+16 rate=1.926e+11/s elapsed=4.17h block_eta=2.02h
k=396 t=0  89.65%  idx=1.163305e+16/1.297548e+16 surv=2 checked=1.1633e+16 rate=1.926e+11/s elapsed=4.25h block_eta=1.94h
k=396 t=0  90.14%  idx=1.169649e+16/1.297548e+16 surv=2 checked=1.1696e+16 rate=1.929e+11/s elapsed=4.33h block_eta=1.84h
k=396 t=0  90.58%  idx=1.175315e+16/1.297548e+16 surv=2 checked=1.1753e+16 rate=1.928e+11/s elapsed=4.42h block_eta=1.76h
k=396 t=0  91.00%  idx=1.180745e+16/1.297548e+16 surv=2 checked=1.1807e+16 rate=1.926e+11/s elapsed=4.50h block_eta=1.68h
k=396 t=0  91.47%  idx=1.186818e+16/1.297548e+16 surv=2 checked=1.1868e+16 rate=1.928e+11/s elapsed=4.58h block_eta=1.60h
k=396 t=0  91.91%  idx=1.192550e+16/1.297548e+16 surv=2 checked=1.1926e+16 rate=1.928e+11/s elapsed=4.67h block_eta=1.51h
k=396 t=0  92.35%  idx=1.198329e+16/1.297548e+16 surv=2 checked=1.1983e+16 rate=1.928e+11/s elapsed=4.75h block_eta=1.43h
k=396 t=0  92.80%  idx=1.204156e+16/1.297548e+16 surv=2 checked=1.2042e+16 rate=1.928e+11/s elapsed=4.83h block_eta=1.35h
k=396 t=0  93.25%  idx=1.210020e+16/1.297548e+16 surv=2 checked=1.2100e+16 rate=1.928e+11/s elapsed=4.92h block_eta=1.26h
k=396 t=0  93.68%  idx=1.215498e+16/1.297548e+16 surv=2 checked=1.2155e+16 rate=1.927e+11/s elapsed=5.00h block_eta=1.18h
k=396 t=0  94.11%  idx=1.221087e+16/1.297548e+16 surv=2 checked=1.2211e+16 rate=1.926e+11/s elapsed=5.08h block_eta=1.10h
k=396 t=0  94.54%  idx=1.226766e+16/1.297548e+16 surv=2 checked=1.2268e+16 rate=1.925e+11/s elapsed=5.17h block_eta=1.02h
k=396 t=0  95.03%  idx=1.233083e+16/1.297548e+16 surv=2 checked=1.2331e+16 rate=1.928e+11/s elapsed=5.25h block_eta=0.93h
k=396 t=0  95.46%  idx=1.238587e+16/1.297548e+16 surv=2 checked=1.2386e+16 rate=1.927e+11/s elapsed=5.33h block_eta=0.85h
k=396 t=0  95.89%  idx=1.244244e+16/1.297548e+16 surv=2 checked=1.2442e+16 rate=1.926e+11/s elapsed=5.42h block_eta=0.77h
k=396 t=0  96.34%  idx=1.250024e+16/1.297548e+16 surv=2 checked=1.2500e+16 rate=1.926e+11/s elapsed=5.50h block_eta=0.69h
k=396 t=0  96.82%  idx=1.256314e+16/1.297548e+16 surv=2 checked=1.2563e+16 rate=1.928e+11/s elapsed=5.58h block_eta=0.59h
k=396 t=0  97.26%  idx=1.262010e+16/1.297548e+16 surv=2 checked=1.2620e+16 rate=1.928e+11/s elapsed=5.67h block_eta=0.51h
k=396 t=0  97.73%  idx=1.268053e+16/1.297548e+16 surv=2 checked=1.2681e+16 rate=1.929e+11/s elapsed=5.75h block_eta=0.42h
k=396 t=0  98.15%  idx=1.273570e+16/1.297548e+16 surv=2 checked=1.2736e+16 rate=1.928e+11/s elapsed=5.83h block_eta=0.35h
k=396 t=0  98.59%  idx=1.279197e+16/1.297548e+16 surv=2 checked=1.2792e+16 rate=1.927e+11/s elapsed=5.92h block_eta=0.26h
k=396 t=0  99.05%  idx=1.285179e+16/1.297548e+16 surv=2 checked=1.2852e+16 rate=1.928e+11/s elapsed=6.00h block_eta=0.18h
k=396 t=0  99.50%  idx=1.291012e+16/1.297548e+16 surv=2 checked=1.2910e+16 rate=1.928e+11/s elapsed=6.08h block_eta=0.09h
k=396 t=0  99.93%  idx=1.296677e+16/1.297548e+16 surv=2 checked=1.2967e+16 rate=1.928e+11/s elapsed=6.17h block_eta=0.01h
k=396 block t=0 complete: no survivor passed the referee; advancing
k=396 t=1   0.40%  idx=5.194119e+13/1.297548e+16 surv=0 checked=1.3027e+16 rate=1.929e+11/s elapsed=6.25h block_eta=18.61h
k=396 t=1   0.86%  idx=1.111312e+14/1.297548e+16 surv=0 checked=1.3087e+16 rate=1.930e+11/s elapsed=6.33h block_eta=18.52h
k=396 t=1   1.28%  idx=1.655721e+14/1.297548e+16 surv=0 checked=1.3141e+16 rate=1.928e+11/s elapsed=6.42h block_eta=18.45h
k=396 t=1   1.71%  idx=2.217126e+14/1.297548e+16 surv=0 checked=1.3197e+16 rate=1.927e+11/s elapsed=6.50h block_eta=18.38h
k=396 t=1   2.14%  idx=2.779971e+14/1.297548e+16 surv=0 checked=1.3253e+16 rate=1.927e+11/s elapsed=6.58h block_eta=18.31h
k=396 t=1   2.57%  idx=3.333657e+14/1.297548e+16 surv=0 checked=1.3309e+16 rate=1.926e+11/s elapsed=6.67h block_eta=18.24h
k=396 t=1   3.04%  idx=3.943682e+14/1.297548e+16 surv=0 checked=1.3370e+16 rate=1.927e+11/s elapsed=6.75h block_eta=18.13h
k=396 t=1   3.49%  idx=4.530750e+14/1.297548e+16 surv=0 checked=1.3429e+16 rate=1.927e+11/s elapsed=6.83h block_eta=18.05h
k=396 t=1   3.91%  idx=5.075169e+14/1.297548e+16 surv=0 checked=1.3483e+16 rate=1.926e+11/s elapsed=6.92h block_eta=17.98h
k=396 t=1   4.35%  idx=5.640162e+14/1.297548e+16 surv=0 checked=1.3539e+16 rate=1.926e+11/s elapsed=7.00h block_eta=17.90h
k=396 t=1   4.84%  idx=6.278651e+14/1.297548e+16 surv=0 checked=1.3603e+16 rate=1.928e+11/s elapsed=7.08h block_eta=17.79h
k=396 t=1   5.27%  idx=6.837008e+14/1.297548e+16 surv=0 checked=1.3659e+16 rate=1.927e+11/s elapsed=7.17h block_eta=17.72h
k=396 t=1   5.69%  idx=7.381148e+14/1.297548e+16 surv=0 checked=1.3714e+16 rate=1.926e+11/s elapsed=7.25h block_eta=17.65h
k=396 t=1   6.14%  idx=7.965682e+14/1.297548e+16 surv=0 checked=1.3772e+16 rate=1.926e+11/s elapsed=7.33h block_eta=17.56h
k=396 t=1   6.59%  idx=8.552536e+14/1.297548e+16 surv=0 checked=1.3831e+16 rate=1.927e+11/s elapsed=7.42h block_eta=17.48h
k=396 t=1   7.06%  idx=9.155442e+14/1.297548e+16 surv=0 checked=1.3891e+16 rate=1.927e+11/s elapsed=7.50h block_eta=17.38h
k=396 t=1   7.53%  idx=9.768173e+14/1.297548e+16 surv=0 checked=1.3952e+16 rate=1.929e+11/s elapsed=7.58h block_eta=17.28h
k=396 t=1   7.98%  idx=1.035125e+15/1.297548e+16 surv=0 checked=1.4011e+16 rate=1.929e+11/s elapsed=7.67h block_eta=17.20h
k=396 t=1   8.42%  idx=1.092467e+15/1.297548e+16 surv=0 checked=1.4068e+16 rate=1.929e+11/s elapsed=7.75h block_eta=17.11h
k=396 t=1   8.85%  idx=1.148079e+15/1.297548e+16 surv=0 checked=1.4124e+16 rate=1.928e+11/s elapsed=7.83h block_eta=17.04h
k=396 t=1   9.27%  idx=1.203310e+15/1.297548e+16 surv=0 checked=1.4179e+16 rate=1.927e+11/s elapsed=7.92h block_eta=16.97h
k=396 t=1   9.73%  idx=1.262049e+15/1.297548e+16 surv=0 checked=1.4238e+16 rate=1.927e+11/s elapsed=8.00h block_eta=16.88h
k=396 t=1  10.15%  idx=1.316569e+15/1.297548e+16 surv=0 checked=1.4292e+16 rate=1.926e+11/s elapsed=8.08h block_eta=16.81h
k=396 t=1  10.60%  idx=1.375981e+15/1.297548e+16 surv=0 checked=1.4351e+16 rate=1.927e+11/s elapsed=8.17h block_eta=16.72h
k=396 t=1  11.06%  idx=1.435317e+15/1.297548e+16 surv=0 checked=1.4411e+16 rate=1.927e+11/s elapsed=8.25h block_eta=16.63h
k=396 t=1  11.51%  idx=1.493125e+15/1.297548e+16 surv=0 checked=1.4469e+16 rate=1.927e+11/s elapsed=8.33h block_eta=16.55h
k=396 t=1  11.94%  idx=1.549807e+15/1.297548e+16 surv=0 checked=1.4525e+16 rate=1.927e+11/s elapsed=8.42h block_eta=16.47h
k=396 t=1  12.40%  idx=1.608385e+15/1.297548e+16 surv=0 checked=1.4584e+16 rate=1.927e+11/s elapsed=8.50h block_eta=16.38h
k=396 t=1  12.85%  idx=1.666859e+15/1.297548e+16 surv=0 checked=1.4642e+16 rate=1.927e+11/s elapsed=8.58h block_eta=16.30h
k=396 t=1  13.30%  idx=1.725675e+15/1.297548e+16 surv=0 checked=1.4701e+16 rate=1.928e+11/s elapsed=8.67h block_eta=16.21h
k=396 t=1  13.74%  idx=1.782774e+15/1.297548e+16 surv=0 checked=1.4758e+16 rate=1.927e+11/s elapsed=8.75h block_eta=16.13h
k=396 t=1  14.20%  idx=1.842523e+15/1.297548e+16 surv=0 checked=1.4818e+16 rate=1.928e+11/s elapsed=8.83h block_eta=16.04h
k=396 t=1  14.66%  idx=1.901996e+15/1.297548e+16 surv=0 checked=1.4877e+16 rate=1.929e+11/s elapsed=8.92h block_eta=15.95h
k=396 t=1  15.10%  idx=1.958668e+15/1.297548e+16 surv=0 checked=1.4934e+16 rate=1.928e+11/s elapsed=9.00h block_eta=15.87h
k=396 t=1  15.55%  idx=2.017233e+15/1.297548e+16 surv=0 checked=1.4993e+16 rate=1.928e+11/s elapsed=9.08h block_eta=15.79h
k=396 t=1  15.99%  idx=2.074508e+15/1.297548e+16 surv=0 checked=1.5050e+16 rate=1.928e+11/s elapsed=9.17h block_eta=15.70h
k=396 t=1  16.43%  idx=2.131299e+15/1.297548e+16 surv=0 checked=1.5107e+16 rate=1.928e+11/s elapsed=9.25h block_eta=15.62h
k=396 t=1  16.84%  idx=2.185616e+15/1.297548e+16 surv=0 checked=1.5161e+16 rate=1.927e+11/s elapsed=9.33h block_eta=15.56h
k=396 t=1  17.29%  idx=2.243035e+15/1.297548e+16 surv=0 checked=1.5219e+16 rate=1.927e+11/s elapsed=9.42h block_eta=15.47h
k=396 t=1  17.75%  idx=2.303160e+15/1.297548e+16 surv=0 checked=1.5279e+16 rate=1.927e+11/s elapsed=9.50h block_eta=15.38h
k=396 t=1  18.20%  idx=2.360971e+15/1.297548e+16 surv=0 checked=1.5336e+16 rate=1.927e+11/s elapsed=9.58h block_eta=15.30h
k=396 t=1  18.61%  idx=2.415318e+15/1.297548e+16 surv=0 checked=1.5391e+16 rate=1.926e+11/s elapsed=9.67h block_eta=15.23h
k=396 t=1  19.05%  idx=2.471994e+15/1.297548e+16 surv=0 checked=1.5447e+16 rate=1.926e+11/s elapsed=9.75h block_eta=15.15h
k=396 t=1  19.50%  idx=2.530468e+15/1.297548e+16 surv=0 checked=1.5506e+16 rate=1.926e+11/s elapsed=9.83h block_eta=15.06h
k=396 t=1  19.97%  idx=2.590712e+15/1.297548e+16 surv=0 checked=1.5566e+16 rate=1.927e+11/s elapsed=9.92h block_eta=14.97h
k=396 t=1  20.43%  idx=2.651343e+15/1.297548e+16 surv=0 checked=1.5627e+16 rate=1.928e+11/s elapsed=10.00h block_eta=14.88h
k=396 t=1  20.88%  idx=2.709227e+15/1.297548e+16 surv=0 checked=1.5685e+16 rate=1.928e+11/s elapsed=10.08h block_eta=14.79h
k=396 t=1  21.33%  idx=2.767382e+15/1.297548e+16 surv=0 checked=1.5743e+16 rate=1.928e+11/s elapsed=10.17h block_eta=14.71h
k=396 t=1  21.77%  idx=2.825394e+15/1.297548e+16 surv=0 checked=1.5801e+16 rate=1.928e+11/s elapsed=10.25h block_eta=14.62h
k=396 t=1  22.21%  idx=2.881445e+15/1.297548e+16 surv=0 checked=1.5857e+16 rate=1.927e+11/s elapsed=10.33h block_eta=14.55h
k=396 t=1  22.69%  idx=2.943597e+15/1.297548e+16 surv=0 checked=1.5919e+16 rate=1.929e+11/s elapsed=10.42h block_eta=14.45h
k=396 t=1  23.11%  idx=2.998366e+15/1.297548e+16 surv=0 checked=1.5974e+16 rate=1.928e+11/s elapsed=10.50h block_eta=14.38h
k=396 t=1  23.54%  idx=3.054704e+15/1.297548e+16 surv=0 checked=1.6030e+16 rate=1.927e+11/s elapsed=10.58h block_eta=14.30h
k=396 t=1  24.03%  idx=3.118532e+15/1.297548e+16 surv=0 checked=1.6094e+16 rate=1.929e+11/s elapsed=10.67h block_eta=14.19h
k=396 t=1  24.45%  idx=3.172561e+15/1.297548e+16 surv=0 checked=1.6148e+16 rate=1.928e+11/s elapsed=10.75h block_eta=14.12h
k=396 t=1  24.89%  idx=3.229024e+15/1.297548e+16 surv=0 checked=1.6205e+16 rate=1.928e+11/s elapsed=10.83h block_eta=14.05h
k=396 t=1  25.35%  idx=3.289624e+15/1.297548e+16 surv=0 checked=1.6265e+16 rate=1.928e+11/s elapsed=10.92h block_eta=13.95h
k=396 t=1  25.81%  idx=3.348692e+15/1.297548e+16 surv=0 checked=1.6324e+16 rate=1.929e+11/s elapsed=11.00h block_eta=13.87h
k=396 t=1  26.30%  idx=3.412080e+15/1.297548e+16 surv=0 checked=1.6388e+16 rate=1.930e+11/s elapsed=11.08h block_eta=13.76h
k=396 t=1  26.72%  idx=3.466497e+15/1.297548e+16 surv=0 checked=1.6442e+16 rate=1.929e+11/s elapsed=11.17h block_eta=13.69h
k=396 t=1  27.15%  idx=3.523382e+15/1.297548e+16 surv=0 checked=1.6499e+16 rate=1.929e+11/s elapsed=11.25h block_eta=13.61h
k=396 t=1  27.61%  idx=3.582065e+15/1.297548e+16 surv=0 checked=1.6558e+16 rate=1.929e+11/s elapsed=11.33h block_eta=13.53h
k=396 t=1  28.04%  idx=3.638791e+15/1.297548e+16 surv=0 checked=1.6614e+16 rate=1.929e+11/s elapsed=11.42h block_eta=13.45h
k=396 t=1  28.48%  idx=3.694939e+15/1.297548e+16 surv=0 checked=1.6670e+16 rate=1.928e+11/s elapsed=11.50h block_eta=13.37h
k=396 t=1  28.91%  idx=3.750708e+15/1.297548e+16 surv=0 checked=1.6726e+16 rate=1.928e+11/s elapsed=11.58h block_eta=13.29h
k=396 t=1  29.35%  idx=3.807947e+15/1.297548e+16 surv=0 checked=1.6783e+16 rate=1.928e+11/s elapsed=11.67h block_eta=13.21h
k=396 t=1  29.80%  idx=3.867314e+15/1.297548e+16 surv=0 checked=1.6843e+16 rate=1.928e+11/s elapsed=11.75h block_eta=13.12h
k=396 t=1  30.26%  idx=3.926747e+15/1.297548e+16 surv=0 checked=1.6902e+16 rate=1.928e+11/s elapsed=11.83h block_eta=13.03h
k=396 t=1  30.71%  idx=3.984967e+15/1.297548e+16 surv=0 checked=1.6960e+16 rate=1.929e+11/s elapsed=11.92h block_eta=12.95h
{"k": 396, "status": "TIMEOUT", "block": 1, "idx_done": 4042194406578252, "block_audit": [{"t": 0, "residues_enumerated": 12975477376942080, "kernel_survivors": 2, "after_n_gt_k_plus_1": 0, "passed_ref_is_good": 0, "survivors_n": ["396", "397"], "sha256_survivors": "b7e74fe905174e6ab3bc0aaca17602f8144847dd611e3a935f9af87be158a719"}], "surv_hash_recipe": "sha256 of the UTF-8 bytes of '\\n'.join(decimal(n) for n in sorted(survivors)), no trailing newline; the empty list hashes to sha256(b'')", "unit_done": 112283177960507, "units_total": 360429927137280, "R": 12975477376942080, "residues_checked": 17017671783520332, "wall": 86396.97453832626, "wall_leg": 43198.54913520813, "restarts": 1, "checkpoint": "overnight/2026-09-06/checkpoints/k396_confirm.json", "plan": {"k": 396, "wheel": [[3, 6], [2, 9], [211, 1], [139, 1], [83, 1], [59, 1], [103, 1], [137, 1], [37, 1], [101, 1], [31, 1], [67, 1], [5, 2], [7, 1], [19, 1], [199, 1]], "wheel_primes": [3, 2, 211, 139, 83, 59, 103, 137, 37, 101, 31, 67, 5, 7, 19, 199], "split_primes": [[211, 1, 2], [139, 1, 2], [83, 1, 2], [59, 1, 2], [103, 1, 2], [137, 1, 2], [37, 1, 2], [101, 1, 2], [31, 1, 2], [67, 1, 2], [5, 2, 4], [7, 1, 4], [19, 1, 3], [199, 1, 2]], "N_bits": 102, "M_bits": 102, "M": "3884963663570927405737269772800", "N": "3884963663570927405737269772800", "n_filters": 75, "residues_per_block": 12975477376942080, "density_wheel": 3.3399224550315252e-15, "density_rest": 1.7864316273062405e-17, "expected_g": 1.676012361201633e+31, "E_g": 1.676012361201633e+31, "expected_blocks": 4.31410048160167, "N_over_E": 0.23179803165565951, "expected_residue_checks": 5.5977513200877416e+16, "expected_checks_true": 6.271566856883877e+16}, "engine_module": "gpu_sieve_v8", "engine_file": "sieve/gpu_sieve_v8.py", "engine_commit": "0be7e21", "tag": "confirm", "banned": "29"}
# banned [29] -> wheel [[2, 9], [3, 6], [5, 2], [7, 1], [19, 1], [31, 1], [37, 1], [59, 1], [67, 1], [83, 1], [101, 1], [103, 1], [137, 1], [139, 1], [199, 1], [211, 1]]
# RESUME k=396 engine=gpu_sieve_v8 block t=1 residues_done=4042194406578252/12975477376942080 (31.15%) survivors=0 restarts=2
k=396 t=1  31.64%  idx=4.105833e+15/1.297548e+16 surv=0 checked=1.7081e+16 rate=2.121e+11/s elapsed=0.08h block_eta=11.61h
k=396 t=1  32.08%  idx=4.162140e+15/1.297548e+16 surv=0 checked=1.7138e+16 rate=1.999e+11/s elapsed=0.17h block_eta=12.25h
k=396 t=1  32.53%  idx=4.220460e+15/1.297548e+16 surv=0 checked=1.7196e+16 rate=1.981e+11/s elapsed=0.25h block_eta=12.28h
k=396 t=1  32.97%  idx=4.277882e+15/1.297548e+16 surv=0 checked=1.7253e+16 rate=1.964e+11/s elapsed=0.33h block_eta=12.30h
k=396 t=1  33.41%  idx=4.335674e+15/1.297548e+16 surv=0 checked=1.7311e+16 rate=1.957e+11/s elapsed=0.42h block_eta=12.27h
k=396 t=1  33.87%  idx=4.394807e+15/1.297548e+16 surv=0 checked=1.7370e+16 rate=1.959e+11/s elapsed=0.50h block_eta=12.17h
k=396 t=1  34.28%  idx=4.448506e+15/1.297548e+16 surv=0 checked=1.7424e+16 rate=1.935e+11/s elapsed=0.58h block_eta=12.24h
k=396 t=1  34.72%  idx=4.505319e+15/1.297548e+16 surv=0 checked=1.7481e+16 rate=1.930e+11/s elapsed=0.67h block_eta=12.19h
k=396 t=1  35.18%  idx=4.565404e+15/1.297548e+16 surv=0 checked=1.7541e+16 rate=1.938e+11/s elapsed=0.75h block_eta=12.06h
k=396 t=1  35.63%  idx=4.623729e+15/1.297548e+16 surv=0 checked=1.7599e+16 rate=1.938e+11/s elapsed=0.83h block_eta=11.97h
k=396 t=1  36.08%  idx=4.681908e+15/1.297548e+16 surv=0 checked=1.7657e+16 rate=1.939e+11/s elapsed=0.92h block_eta=11.88h
k=396 t=1  36.54%  idx=4.741151e+15/1.297548e+16 surv=0 checked=1.7717e+16 rate=1.942e+11/s elapsed=1.00h block_eta=11.78h
k=396 t=1  36.96%  idx=4.795642e+15/1.297548e+16 surv=0 checked=1.7771e+16 rate=1.932e+11/s elapsed=1.08h block_eta=11.76h
k=396 t=1  37.41%  idx=4.853754e+15/1.297548e+16 surv=0 checked=1.7829e+16 rate=1.932e+11/s elapsed=1.17h block_eta=11.68h
k=396 t=1  37.84%  idx=4.909623e+15/1.297548e+16 surv=0 checked=1.7885e+16 rate=1.928e+11/s elapsed=1.25h block_eta=11.62h
k=396 t=1  38.26%  idx=4.965022e+15/1.297548e+16 surv=0 checked=1.7940e+16 rate=1.923e+11/s elapsed=1.33h block_eta=11.57h
k=396 t=1  38.70%  idx=5.021410e+15/1.297548e+16 surv=0 checked=1.7997e+16 rate=1.920e+11/s elapsed=1.42h block_eta=11.51h
k=396 t=1  39.16%  idx=5.080665e+15/1.297548e+16 surv=0 checked=1.8056e+16 rate=1.923e+11/s elapsed=1.50h block_eta=11.40h
k=396 t=1  39.62%  idx=5.141248e+15/1.297548e+16 surv=0 checked=1.8117e+16 rate=1.928e+11/s elapsed=1.58h block_eta=11.29h
k=396 t=1  40.04%  idx=5.195774e+15/1.297548e+16 surv=0 checked=1.8171e+16 rate=1.923e+11/s elapsed=1.67h block_eta=11.24h
k=396 t=1  40.50%  idx=5.255320e+15/1.297548e+16 surv=0 checked=1.8231e+16 rate=1.926e+11/s elapsed=1.75h block_eta=11.14h
k=396 t=1  40.96%  idx=5.315110e+15/1.297548e+16 surv=0 checked=1.8291e+16 rate=1.929e+11/s elapsed=1.83h block_eta=11.03h
k=396 t=1  41.38%  idx=5.369649e+15/1.297548e+16 surv=0 checked=1.8345e+16 rate=1.924e+11/s elapsed=1.92h block_eta=10.98h
k=396 t=1  41.83%  idx=5.427437e+15/1.297548e+16 surv=0 checked=1.8403e+16 rate=1.924e+11/s elapsed=2.00h block_eta=10.90h
k=396 t=1  42.30%  idx=5.488961e+15/1.297548e+16 surv=0 checked=1.8464e+16 rate=1.929e+11/s elapsed=2.08h block_eta=10.78h
k=396 t=1  42.71%  idx=5.542212e+15/1.297548e+16 surv=0 checked=1.8518e+16 rate=1.923e+11/s elapsed=2.17h block_eta=10.74h
k=396 t=1  43.16%  idx=5.600012e+15/1.297548e+16 surv=0 checked=1.8575e+16 rate=1.923e+11/s elapsed=2.25h block_eta=10.65h
k=396 t=1  43.61%  idx=5.659053e+15/1.297548e+16 surv=0 checked=1.8635e+16 rate=1.925e+11/s elapsed=2.33h block_eta=10.56h
k=396 t=1  44.12%  idx=5.724169e+15/1.297548e+16 surv=0 checked=1.8700e+16 rate=1.933e+11/s elapsed=2.42h block_eta=10.42h
k=396 t=1  44.56%  idx=5.782440e+15/1.297548e+16 surv=0 checked=1.8758e+16 rate=1.934e+11/s elapsed=2.50h block_eta=10.33h
k=396 t=1  45.01%  idx=5.840243e+15/1.297548e+16 surv=0 checked=1.8816e+16 rate=1.933e+11/s elapsed=2.58h block_eta=10.25h
k=396 t=1  45.45%  idx=5.897290e+15/1.297548e+16 surv=0 checked=1.8873e+16 rate=1.932e+11/s elapsed=2.67h block_eta=10.17h
k=396 t=1  45.89%  idx=5.954139e+15/1.297548e+16 surv=0 checked=1.8930e+16 rate=1.931e+11/s elapsed=2.75h block_eta=10.10h
k=396 t=1  46.34%  idx=6.012854e+15/1.297548e+16 surv=0 checked=1.8988e+16 rate=1.932e+11/s elapsed=2.83h block_eta=10.01h
k=396 t=1  46.78%  idx=6.069964e+15/1.297548e+16 surv=0 checked=1.9045e+16 rate=1.931e+11/s elapsed=2.92h block_eta=9.93h
k=396 t=1  47.21%  idx=6.126225e+15/1.297548e+16 surv=0 checked=1.9102e+16 rate=1.930e+11/s elapsed=3.00h block_eta=9.86h
k=396 t=1  47.66%  idx=6.183680e+15/1.297548e+16 surv=0 checked=1.9159e+16 rate=1.929e+11/s elapsed=3.08h block_eta=9.78h
k=396 t=1  48.11%  idx=6.241873e+15/1.297548e+16 surv=0 checked=1.9217e+16 rate=1.930e+11/s elapsed=3.17h block_eta=9.69h
k=396 t=1  48.56%  idx=6.300337e+15/1.297548e+16 surv=0 checked=1.9276e+16 rate=1.930e+11/s elapsed=3.25h block_eta=9.61h
k=396 t=1  48.99%  idx=6.357220e+15/1.297548e+16 surv=0 checked=1.9333e+16 rate=1.929e+11/s elapsed=3.33h block_eta=9.53h
k=396 t=1  49.44%  idx=6.414669e+15/1.297548e+16 surv=0 checked=1.9390e+16 rate=1.929e+11/s elapsed=3.42h block_eta=9.45h
k=396 t=1  49.90%  idx=6.474464e+15/1.297548e+16 surv=0 checked=1.9450e+16 rate=1.930e+11/s elapsed=3.50h block_eta=9.35h
k=396 t=1  50.33%  idx=6.531106e+15/1.297548e+16 surv=0 checked=1.9507e+16 rate=1.929e+11/s elapsed=3.58h block_eta=9.28h
k=396 t=1  50.83%  idx=6.595650e+15/1.297548e+16 surv=0 checked=1.9571e+16 rate=1.934e+11/s elapsed=3.67h block_eta=9.16h
k=396 t=1  51.29%  idx=6.655691e+15/1.297548e+16 surv=0 checked=1.9631e+16 rate=1.936e+11/s elapsed=3.75h block_eta=9.07h
k=396 t=1  51.75%  idx=6.714167e+15/1.297548e+16 surv=0 checked=1.9690e+16 rate=1.936e+11/s elapsed=3.83h block_eta=8.98h
k=396 t=1  52.22%  idx=6.775435e+15/1.297548e+16 surv=0 checked=1.9751e+16 rate=1.938e+11/s elapsed=3.92h block_eta=8.88h
k=396 t=1  52.66%  idx=6.832457e+15/1.297548e+16 surv=0 checked=1.9808e+16 rate=1.938e+11/s elapsed=4.00h block_eta=8.81h
k=396 t=1  53.14%  idx=6.895475e+15/1.297548e+16 surv=0 checked=1.9871e+16 rate=1.941e+11/s elapsed=4.08h block_eta=8.70h
k=396 t=1  53.58%  idx=6.952078e+15/1.297548e+16 surv=0 checked=1.9928e+16 rate=1.940e+11/s elapsed=4.17h block_eta=8.63h
k=396 t=1  54.05%  idx=7.012890e+15/1.297548e+16 surv=0 checked=1.9988e+16 rate=1.942e+11/s elapsed=4.25h block_eta=8.53h
k=396 t=1  54.47%  idx=7.067723e+15/1.297548e+16 surv=0 checked=2.0043e+16 rate=1.939e+11/s elapsed=4.33h block_eta=8.46h
k=396 t=1  54.96%  idx=7.131309e+15/1.297548e+16 surv=0 checked=2.0107e+16 rate=1.943e+11/s elapsed=4.42h block_eta=8.36h
k=396 t=1  55.41%  idx=7.189320e+15/1.297548e+16 surv=0 checked=2.0165e+16 rate=1.943e+11/s elapsed=4.50h block_eta=8.27h
k=396 t=1  55.87%  idx=7.249264e+15/1.297548e+16 surv=0 checked=2.0225e+16 rate=1.944e+11/s elapsed=4.58h block_eta=8.18h
k=396 t=1  56.33%  idx=7.308738e+15/1.297548e+16 surv=0 checked=2.0284e+16 rate=1.944e+11/s elapsed=4.67h block_eta=8.10h
k=396 t=1  56.77%  idx=7.366727e+15/1.297548e+16 surv=0 checked=2.0342e+16 rate=1.944e+11/s elapsed=4.75h block_eta=8.01h
k=396 t=1  57.21%  idx=7.423903e+15/1.297548e+16 surv=0 checked=2.0399e+16 rate=1.943e+11/s elapsed=4.83h block_eta=7.93h
k=396 t=1  57.64%  idx=7.479485e+15/1.297548e+16 surv=0 checked=2.0455e+16 rate=1.942e+11/s elapsed=4.92h block_eta=7.86h
k=396 t=1  58.09%  idx=7.536879e+15/1.297548e+16 surv=0 checked=2.0512e+16 rate=1.941e+11/s elapsed=5.00h block_eta=7.78h
k=396 t=1  58.53%  idx=7.594072e+15/1.297548e+16 surv=0 checked=2.0570e+16 rate=1.941e+11/s elapsed=5.08h block_eta=7.70h
k=396 t=1  58.97%  idx=7.651274e+15/1.297548e+16 surv=0 checked=2.0627e+16 rate=1.940e+11/s elapsed=5.17h block_eta=7.62h
k=396 t=1  59.41%  idx=7.709109e+15/1.297548e+16 surv=0 checked=2.0685e+16 rate=1.940e+11/s elapsed=5.25h block_eta=7.54h
k=396 t=1  59.84%  idx=7.765172e+15/1.297548e+16 surv=0 checked=2.0741e+16 rate=1.939e+11/s elapsed=5.33h block_eta=7.46h
k=396 t=1  60.30%  idx=7.824842e+15/1.297548e+16 surv=0 checked=2.0800e+16 rate=1.940e+11/s elapsed=5.42h block_eta=7.38h
k=396 t=1  60.77%  idx=7.885812e+15/1.297548e+16 surv=0 checked=2.0861e+16 rate=1.941e+11/s elapsed=5.50h block_eta=7.28h
k=396 t=1  61.22%  idx=7.943779e+15/1.297548e+16 surv=0 checked=2.0919e+16 rate=1.941e+11/s elapsed=5.58h block_eta=7.20h
k=396 t=1  61.66%  idx=8.001014e+15/1.297548e+16 surv=0 checked=2.0976e+16 rate=1.941e+11/s elapsed=5.67h block_eta=7.12h
k=396 t=1  62.13%  idx=8.061289e+15/1.297548e+16 surv=0 checked=2.1037e+16 rate=1.942e+11/s elapsed=5.75h block_eta=7.03h
k=396 t=1  62.58%  idx=8.119463e+15/1.297548e+16 surv=0 checked=2.1095e+16 rate=1.942e+11/s elapsed=5.83h block_eta=6.95h
k=396 t=1  63.04%  idx=8.180035e+15/1.297548e+16 surv=0 checked=2.1156e+16 rate=1.943e+11/s elapsed=5.92h block_eta=6.86h
k=396 t=1  63.48%  idx=8.236631e+15/1.297548e+16 surv=0 checked=2.1212e+16 rate=1.942e+11/s elapsed=6.00h block_eta=6.78h
k=396 t=1  63.92%  idx=8.294383e+15/1.297548e+16 surv=0 checked=2.1270e+16 rate=1.942e+11/s elapsed=6.08h block_eta=6.70h
k=396 t=1  64.36%  idx=8.350724e+15/1.297548e+16 surv=0 checked=2.1326e+16 rate=1.941e+11/s elapsed=6.17h block_eta=6.62h
k=396 t=1  64.85%  idx=8.414920e+15/1.297548e+16 surv=0 checked=2.1390e+16 rate=1.943e+11/s elapsed=6.25h block_eta=6.52h
k=396 t=1  65.29%  idx=8.472144e+15/1.297548e+16 surv=0 checked=2.1448e+16 rate=1.943e+11/s elapsed=6.33h block_eta=6.44h
k=396 t=1  65.73%  idx=8.528205e+15/1.297548e+16 surv=0 checked=2.1504e+16 rate=1.942e+11/s elapsed=6.42h block_eta=6.36h
k=396 t=1  66.15%  idx=8.583541e+15/1.297548e+16 surv=0 checked=2.1559e+16 rate=1.941e+11/s elapsed=6.50h block_eta=6.29h
k=396 t=1  66.58%  idx=8.638580e+15/1.297548e+16 surv=0 checked=2.1614e+16 rate=1.939e+11/s elapsed=6.58h block_eta=6.21h
k=396 t=1  67.05%  idx=8.699522e+15/1.297548e+16 surv=0 checked=2.1675e+16 rate=1.941e+11/s elapsed=6.67h block_eta=6.12h
k=396 t=1  67.47%  idx=8.754891e+15/1.297548e+16 surv=0 checked=2.1730e+16 rate=1.939e+11/s elapsed=6.75h block_eta=6.05h
k=396 t=1  67.95%  idx=8.816392e+15/1.297548e+16 surv=0 checked=2.1792e+16 rate=1.941e+11/s elapsed=6.83h block_eta=5.95h
k=396 t=1  68.41%  idx=8.875956e+15/1.297548e+16 surv=0 checked=2.1851e+16 rate=1.941e+11/s elapsed=6.92h block_eta=5.87h
k=396 t=1  68.87%  idx=8.936459e+15/1.297548e+16 surv=0 checked=2.1912e+16 rate=1.942e+11/s elapsed=7.00h block_eta=5.78h
k=396 t=1  69.29%  idx=8.990142e+15/1.297548e+16 surv=0 checked=2.1966e+16 rate=1.940e+11/s elapsed=7.08h block_eta=5.71h
k=396 t=1  69.71%  idx=9.044994e+15/1.297548e+16 surv=0 checked=2.2020e+16 rate=1.939e+11/s elapsed=7.17h block_eta=5.63h
k=396 t=1  70.14%  idx=9.100538e+15/1.297548e+16 surv=0 checked=2.2076e+16 rate=1.938e+11/s elapsed=7.25h block_eta=5.55h
k=396 t=1  70.59%  idx=9.160002e+15/1.297548e+16 surv=0 checked=2.2135e+16 rate=1.939e+11/s elapsed=7.33h block_eta=5.47h
k=396 t=1  71.08%  idx=9.222936e+15/1.297548e+16 surv=0 checked=2.2198e+16 rate=1.940e+11/s elapsed=7.42h block_eta=5.37h
k=396 t=1  71.51%  idx=9.278907e+15/1.297548e+16 surv=0 checked=2.2254e+16 rate=1.940e+11/s elapsed=7.50h block_eta=5.29h
k=396 t=1  71.97%  idx=9.338587e+15/1.297548e+16 surv=0 checked=2.2314e+16 rate=1.940e+11/s elapsed=7.58h block_eta=5.21h
k=396 t=1  72.41%  idx=9.395108e+15/1.297548e+16 surv=0 checked=2.2371e+16 rate=1.939e+11/s elapsed=7.67h block_eta=5.13h
k=396 t=1  72.87%  idx=9.455458e+15/1.297548e+16 surv=0 checked=2.2431e+16 rate=1.940e+11/s elapsed=7.75h block_eta=5.04h
k=396 t=1  73.31%  idx=9.511919e+15/1.297548e+16 surv=0 checked=2.2487e+16 rate=1.940e+11/s elapsed=7.83h block_eta=4.96h
k=396 t=1  73.74%  idx=9.568483e+15/1.297548e+16 surv=0 checked=2.2544e+16 rate=1.939e+11/s elapsed=7.92h block_eta=4.88h
k=396 t=1  74.20%  idx=9.627205e+15/1.297548e+16 surv=0 checked=2.2603e+16 rate=1.939e+11/s elapsed=8.00h block_eta=4.80h
k=396 t=1  74.62%  idx=9.682900e+15/1.297548e+16 surv=0 checked=2.2658e+16 rate=1.938e+11/s elapsed=8.08h block_eta=4.72h
k=396 t=1  75.08%  idx=9.742443e+15/1.297548e+16 surv=0 checked=2.2718e+16 rate=1.939e+11/s elapsed=8.17h block_eta=4.63h
k=396 t=1  75.55%  idx=9.802649e+15/1.297548e+16 surv=0 checked=2.2778e+16 rate=1.940e+11/s elapsed=8.25h block_eta=4.54h
k=396 t=1  75.97%  idx=9.857485e+15/1.297548e+16 surv=0 checked=2.2833e+16 rate=1.938e+11/s elapsed=8.33h block_eta=4.47h
k=396 t=1  76.44%  idx=9.918369e+15/1.297548e+16 surv=0 checked=2.2894e+16 rate=1.939e+11/s elapsed=8.42h block_eta=4.38h
k=396 t=1  76.89%  idx=9.976969e+15/1.297548e+16 surv=0 checked=2.2952e+16 rate=1.939e+11/s elapsed=8.50h block_eta=4.29h
k=396 t=1  77.33%  idx=1.003403e+16/1.297548e+16 surv=0 checked=2.3010e+16 rate=1.939e+11/s elapsed=8.58h block_eta=4.21h
k=396 t=1  77.77%  idx=1.009068e+16/1.297548e+16 surv=1 checked=2.3066e+16 rate=1.939e+11/s elapsed=8.67h block_eta=4.13h
k=396 t=1  78.21%  idx=1.014750e+16/1.297548e+16 surv=1 checked=2.3123e+16 rate=1.938e+11/s elapsed=8.75h block_eta=4.05h
k=396 t=1  78.65%  idx=1.020526e+16/1.297548e+16 surv=1 checked=2.3181e+16 rate=1.938e+11/s elapsed=8.83h block_eta=3.97h
k=396 t=1  79.10%  idx=1.026324e+16/1.297548e+16 surv=1 checked=2.3239e+16 rate=1.938e+11/s elapsed=8.92h block_eta=3.89h
k=396 t=1  79.57%  idx=1.032466e+16/1.297548e+16 surv=1 checked=2.3300e+16 rate=1.939e+11/s elapsed=9.00h block_eta=3.80h
k=396 t=1  80.00%  idx=1.038018e+16/1.297548e+16 surv=1 checked=2.3356e+16 rate=1.938e+11/s elapsed=9.08h block_eta=3.72h
k=396 t=1  80.46%  idx=1.044005e+16/1.297548e+16 surv=1 checked=2.3416e+16 rate=1.939e+11/s elapsed=9.17h block_eta=3.63h
k=396 t=1  80.92%  idx=1.049930e+16/1.297548e+16 surv=1 checked=2.3475e+16 rate=1.939e+11/s elapsed=9.25h block_eta=3.55h
k=396 t=1  81.40%  idx=1.056160e+16/1.297548e+16 surv=1 checked=2.3537e+16 rate=1.940e+11/s elapsed=9.33h block_eta=3.46h
k=396 t=1  81.84%  idx=1.061918e+16/1.297548e+16 surv=1 checked=2.3595e+16 rate=1.940e+11/s elapsed=9.42h block_eta=3.37h
k=396 t=1  82.27%  idx=1.067531e+16/1.297548e+16 surv=1 checked=2.3651e+16 rate=1.939e+11/s elapsed=9.50h block_eta=3.29h
k=396 t=1  82.73%  idx=1.073505e+16/1.297548e+16 surv=1 checked=2.3711e+16 rate=1.940e+11/s elapsed=9.58h block_eta=3.21h
k=396 t=1  83.20%  idx=1.079578e+16/1.297548e+16 surv=1 checked=2.3771e+16 rate=1.941e+11/s elapsed=9.67h block_eta=3.12h
k=396 t=1  83.63%  idx=1.085079e+16/1.297548e+16 surv=1 checked=2.3826e+16 rate=1.940e+11/s elapsed=9.75h block_eta=3.04h
k=396 t=1  84.01%  idx=1.090008e+16/1.297548e+16 surv=1 checked=2.3876e+16 rate=1.937e+11/s elapsed=9.83h block_eta=2.98h
k=396 t=1  84.43%  idx=1.095488e+16/1.297548e+16 surv=1 checked=2.3930e+16 rate=1.936e+11/s elapsed=9.92h block_eta=2.90h
k=396 t=1  84.81%  idx=1.100405e+16/1.297548e+16 surv=1 checked=2.3980e+16 rate=1.934e+11/s elapsed=10.00h block_eta=2.83h
k=396 t=1  85.19%  idx=1.105319e+16/1.297548e+16 surv=1 checked=2.4029e+16 rate=1.931e+11/s elapsed=10.08h block_eta=2.76h
k=396 t=1  85.59%  idx=1.110569e+16/1.297548e+16 surv=1 checked=2.4081e+16 rate=1.930e+11/s elapsed=10.17h block_eta=2.69h
k=396 t=1  86.01%  idx=1.116024e+16/1.297548e+16 surv=1 checked=2.4136e+16 rate=1.929e+11/s elapsed=10.25h block_eta=2.61h
k=396 t=1  86.45%  idx=1.121718e+16/1.297548e+16 surv=1 checked=2.4193e+16 rate=1.929e+11/s elapsed=10.33h block_eta=2.53h
k=396 t=1  86.93%  idx=1.127906e+16/1.297548e+16 surv=1 checked=2.4255e+16 rate=1.930e+11/s elapsed=10.42h block_eta=2.44h
k=396 t=1  87.37%  idx=1.133642e+16/1.297548e+16 surv=1 checked=2.4312e+16 rate=1.930e+11/s elapsed=10.50h block_eta=2.36h
k=396 t=1  87.82%  idx=1.139504e+16/1.297548e+16 surv=1 checked=2.4371e+16 rate=1.930e+11/s elapsed=10.58h block_eta=2.27h
k=396 t=1  88.28%  idx=1.145469e+16/1.297548e+16 surv=1 checked=2.4430e+16 rate=1.930e+11/s elapsed=10.67h block_eta=2.19h
k=396 t=1  88.71%  idx=1.151031e+16/1.297548e+16 surv=1 checked=2.4486e+16 rate=1.930e+11/s elapsed=10.75h block_eta=2.11h
k=396 t=1  89.18%  idx=1.157211e+16/1.297548e+16 surv=1 checked=2.4548e+16 rate=1.931e+11/s elapsed=10.83h block_eta=2.02h
k=396 t=1  89.64%  idx=1.163070e+16/1.297548e+16 surv=1 checked=2.4606e+16 rate=1.931e+11/s elapsed=10.92h block_eta=1.93h
k=396 t=1  90.07%  idx=1.168647e+16/1.297548e+16 surv=1 checked=2.4662e+16 rate=1.930e+11/s elapsed=11.00h block_eta=1.85h
k=396 t=1  90.51%  idx=1.174350e+16/1.297548e+16 surv=1 checked=2.4719e+16 rate=1.930e+11/s elapsed=11.08h block_eta=1.77h
k=396 t=1  90.98%  idx=1.180488e+16/1.297548e+16 surv=1 checked=2.4780e+16 rate=1.931e+11/s elapsed=11.17h block_eta=1.68h
k=396 t=1  91.43%  idx=1.186368e+16/1.297548e+16 surv=1 checked=2.4839e+16 rate=1.931e+11/s elapsed=11.25h block_eta=1.60h
k=396 t=1  91.90%  idx=1.192467e+16/1.297548e+16 surv=1 checked=2.4900e+16 rate=1.932e+11/s elapsed=11.33h block_eta=1.51h
k=396 t=1  92.35%  idx=1.198297e+16/1.297548e+16 surv=1 checked=2.4958e+16 rate=1.932e+11/s elapsed=11.42h block_eta=1.43h
k=396 t=1  92.79%  idx=1.203940e+16/1.297548e+16 surv=1 checked=2.5015e+16 rate=1.932e+11/s elapsed=11.50h block_eta=1.35h
k=396 t=1  93.22%  idx=1.209621e+16/1.297548e+16 surv=1 checked=2.5072e+16 rate=1.931e+11/s elapsed=11.58h block_eta=1.26h
k=396 t=1  93.66%  idx=1.215225e+16/1.297548e+16 surv=1 checked=2.5128e+16 rate=1.931e+11/s elapsed=11.67h block_eta=1.18h
k=396 t=1  94.11%  idx=1.221154e+16/1.297548e+16 surv=1 checked=2.5187e+16 rate=1.931e+11/s elapsed=11.75h block_eta=1.10h
k=396 t=1  94.54%  idx=1.226639e+16/1.297548e+16 surv=1 checked=2.5242e+16 rate=1.931e+11/s elapsed=11.83h block_eta=1.02h
k=396 t=1  94.99%  idx=1.232581e+16/1.297548e+16 surv=1 checked=2.5301e+16 rate=1.931e+11/s elapsed=11.92h block_eta=0.93h
{"k": 396, "status": "TIMEOUT", "block": 1, "idx_done": 12382059678998832, "block_audit": [{"t": 0, "residues_enumerated": 12975477376942080, "kernel_survivors": 2, "after_n_gt_k_plus_1": 0, "passed_ref_is_good": 0, "survivors_n": ["396", "397"], "sha256_survivors": "b7e74fe905174e6ab3bc0aaca17602f8144847dd611e3a935f9af87be158a719"}], "surv_hash_recipe": "sha256 of the UTF-8 bytes of '\\n'.join(decimal(n) for n in sorted(survivors)), no trailing newline; the empty list hashes to sha256(b'')", "unit_done": 343946102194412, "units_total": 360429927137280, "R": 12975477376942080, "residues_checked": 25357537055940912, "wall": 129595.47142529488, "wall_leg": 43198.497101306915, "restarts": 2, "checkpoint": "overnight/2026-09-06/checkpoints/k396_confirm.json", "plan": {"k": 396, "wheel": [[3, 6], [2, 9], [211, 1], [139, 1], [83, 1], [59, 1], [103, 1], [137, 1], [37, 1], [101, 1], [31, 1], [67, 1], [5, 2], [7, 1], [19, 1], [199, 1]], "wheel_primes": [3, 2, 211, 139, 83, 59, 103, 137, 37, 101, 31, 67, 5, 7, 19, 199], "split_primes": [[211, 1, 2], [139, 1, 2], [83, 1, 2], [59, 1, 2], [103, 1, 2], [137, 1, 2], [37, 1, 2], [101, 1, 2], [31, 1, 2], [67, 1, 2], [5, 2, 4], [7, 1, 4], [19, 1, 3], [199, 1, 2]], "N_bits": 102, "M_bits": 102, "M": "3884963663570927405737269772800", "N": "3884963663570927405737269772800", "n_filters": 75, "residues_per_block": 12975477376942080, "density_wheel": 3.3399224550315252e-15, "density_rest": 1.7864316273062405e-17, "expected_g": 1.676012361201633e+31, "E_g": 1.676012361201633e+31, "expected_blocks": 4.31410048160167, "N_over_E": 0.23179803165565951, "expected_residue_checks": 5.5977513200877416e+16, "expected_checks_true": 6.271566856883877e+16}, "engine_module": "gpu_sieve_v8", "engine_file": "sieve/gpu_sieve_v8.py", "engine_commit": "0be7e21", "tag": "confirm", "banned": "29"}
# banned [29] -> wheel [[2, 9], [3, 6], [5, 2], [7, 1], [19, 1], [31, 1], [37, 1], [59, 1], [67, 1], [83, 1], [101, 1], [103, 1], [137, 1], [139, 1], [199, 1], [211, 1]]
# RESUME k=396 engine=gpu_sieve_v8 block t=1 residues_done=12382059678998832/12975477376942080 (95.43%) survivors=1 restarts=3
k=396 t=1  95.88%  idx=1.244109e+16/1.297548e+16 surv=1 checked=2.5417e+16 rate=1.968e+11/s elapsed=0.08h block_eta=0.75h
k=396 t=1  96.33%  idx=1.249867e+16/1.297548e+16 surv=1 checked=2.5474e+16 rate=1.943e+11/s elapsed=0.17h block_eta=0.68h
k=396 t=1  96.77%  idx=1.255629e+16/1.297548e+16 surv=1 checked=2.5532e+16 rate=1.936e+11/s elapsed=0.25h block_eta=0.60h
k=396 t=1  97.23%  idx=1.261569e+16/1.297548e+16 surv=1 checked=2.5591e+16 rate=1.947e+11/s elapsed=0.33h block_eta=0.51h
k=396 t=1  97.69%  idx=1.267564e+16/1.297548e+16 surv=1 checked=2.5651e+16 rate=1.957e+11/s elapsed=0.42h block_eta=0.43h
k=396 t=1  98.15%  idx=1.273511e+16/1.297548e+16 surv=1 checked=2.5711e+16 rate=1.961e+11/s elapsed=0.50h block_eta=0.34h
k=396 t=1  98.63%  idx=1.279771e+16/1.297548e+16 surv=1 checked=2.5773e+16 rate=1.979e+11/s elapsed=0.58h block_eta=0.25h
k=396 t=1  99.08%  idx=1.285651e+16/1.297548e+16 surv=1 checked=2.5832e+16 rate=1.977e+11/s elapsed=0.67h block_eta=0.17h
k=396 t=1  99.57%  idx=1.291955e+16/1.297548e+16 surv=1 checked=2.5895e+16 rate=1.991e+11/s elapsed=0.75h block_eta=0.08h
k=396 t=1  99.99%  idx=1.297457e+16/1.297548e+16 surv=1 checked=2.5950e+16 rate=1.975e+11/s elapsed=0.83h block_eta=0.00h
{"k": 396, "status": "FOUND", "g": "7350984493848874781629926017999", "block": 1, "engine": "gpu_sieve_v8", "block_audit": [{"t": 0, "residues_enumerated": 12975477376942080, "kernel_survivors": 2, "after_n_gt_k_plus_1": 0, "passed_ref_is_good": 0, "survivors_n": ["396", "397"], "sha256_survivors": "b7e74fe905174e6ab3bc0aaca17602f8144847dd611e3a935f9af87be158a719"}, {"t": 1, "residues_enumerated": 12975477376942080, "kernel_survivors": 1, "after_n_gt_k_plus_1": 1, "passed_ref_is_good": 1, "survivors_n": ["7350984493848874781629926017999"], "sha256_survivors": "a640d2ae0b4feae344409fe04f428a40352e2a30a9f8e45331205efbd66cd0e4"}], "surv_hash_recipe": "sha256 of the UTF-8 bytes of '\\n'.join(decimal(n) for n in sorted(survivors)), no trailing newline; the empty list hashes to sha256(b'')", "blocks_scanned": 2, "survivors_in_block": 1, "all_good_in_block": ["7350984493848874781629926017999"], "residues_checked": 25950954753884160, "wall": 132601.0294201374, "wall_leg": 3005.5582020282745, "restarts": 3, "plan": {"k": 396, "wheel": [[3, 6], [2, 9], [211, 1], [139, 1], [83, 1], [59, 1], [103, 1], [137, 1], [37, 1], [101, 1], [31, 1], [67, 1], [5, 2], [7, 1], [19, 1], [199, 1]], "wheel_primes": [3, 2, 211, 139, 83, 59, 103, 137, 37, 101, 31, 67, 5, 7, 19, 199], "split_primes": [[211, 1, 2], [139, 1, 2], [83, 1, 2], [59, 1, 2], [103, 1, 2], [137, 1, 2], [37, 1, 2], [101, 1, 2], [31, 1, 2], [67, 1, 2], [5, 2, 4], [7, 1, 4], [19, 1, 3], [199, 1, 2]], "N_bits": 102, "M_bits": 102, "M": "3884963663570927405737269772800", "N": "3884963663570927405737269772800", "n_filters": 75, "residues_per_block": 12975477376942080, "density_wheel": 3.3399224550315252e-15, "density_rest": 1.7864316273062405e-17, "expected_g": 1.676012361201633e+31, "E_g": 1.676012361201633e+31, "expected_blocks": 4.31410048160167, "N_over_E": 0.23179803165565951, "expected_residue_checks": 5.5977513200877416e+16, "expected_checks_true": 6.271566856883877e+16}, "engine_module": "gpu_sieve_v8", "engine_file": "sieve/gpu_sieve_v8.py", "engine_commit": "0be7e21", "tag": "confirm", "banned": "29"}
