k=392 t=0   0.95%  idx=1.111742e+14/1.164932e+16 surv=1 checked=1.1117e+14 rate=3.706e+11/s elapsed=0.08h block_eta=8.65h
k=392 t=0   1.90%  idx=2.218136e+14/1.164932e+16 surv=1 checked=2.2181e+14 rate=3.697e+11/s elapsed=0.17h block_eta=8.59h
k=392 t=0   2.85%  idx=3.324627e+14/1.164932e+16 surv=1 checked=3.3246e+14 rate=3.694e+11/s elapsed=0.25h block_eta=8.51h
k=392 t=0   3.80%  idx=4.431300e+14/1.164932e+16 surv=1 checked=4.4313e+14 rate=3.693e+11/s elapsed=0.33h block_eta=8.43h
k=392 t=0   4.75%  idx=5.537673e+14/1.164932e+16 surv=1 checked=5.5377e+14 rate=3.692e+11/s elapsed=0.42h block_eta=8.35h
k=392 t=0   5.70%  idx=6.644110e+14/1.164932e+16 surv=1 checked=6.6441e+14 rate=3.691e+11/s elapsed=0.50h block_eta=8.27h
k=392 t=0   6.65%  idx=7.741732e+14/1.164932e+16 surv=1 checked=7.7417e+14 rate=3.687e+11/s elapsed=0.58h block_eta=8.19h
k=392 t=0   7.59%  idx=8.839107e+14/1.164932e+16 surv=1 checked=8.8391e+14 rate=3.683e+11/s elapsed=0.67h block_eta=8.12h
k=392 t=0   8.53%  idx=9.936428e+14/1.164932e+16 surv=1 checked=9.9364e+14 rate=3.680e+11/s elapsed=0.75h block_eta=8.04h
k=392 t=0   9.47%  idx=1.103357e+15/1.164932e+16 surv=1 checked=1.1034e+15 rate=3.678e+11/s elapsed=0.83h block_eta=7.97h
k=392 t=0  10.41%  idx=1.213086e+15/1.164932e+16 surv=1 checked=1.2131e+15 rate=3.676e+11/s elapsed=0.92h block_eta=7.89h
k=392 t=0  11.36%  idx=1.322833e+15/1.164932e+16 surv=1 checked=1.3228e+15 rate=3.675e+11/s elapsed=1.00h block_eta=7.81h
k=392 t=0  12.30%  idx=1.432593e+15/1.164932e+16 surv=1 checked=1.4326e+15 rate=3.673e+11/s elapsed=1.08h block_eta=7.73h
k=392 t=0  13.24%  idx=1.542345e+15/1.164932e+16 surv=1 checked=1.5423e+15 rate=3.672e+11/s elapsed=1.17h block_eta=7.65h
k=392 t=0  14.18%  idx=1.652116e+15/1.164932e+16 surv=1 checked=1.6521e+15 rate=3.671e+11/s elapsed=1.25h block_eta=7.56h
k=392 t=0  15.12%  idx=1.761873e+15/1.164932e+16 surv=1 checked=1.7619e+15 rate=3.671e+11/s elapsed=1.33h block_eta=7.48h
k=392 t=0  16.07%  idx=1.871648e+15/1.164932e+16 surv=1 checked=1.8716e+15 rate=3.670e+11/s elapsed=1.42h block_eta=7.40h
k=392 t=0  17.01%  idx=1.981406e+15/1.164932e+16 surv=1 checked=1.9814e+15 rate=3.669e+11/s elapsed=1.50h block_eta=7.32h
k=392 t=0  17.95%  idx=2.091151e+15/1.164932e+16 surv=1 checked=2.0912e+15 rate=3.669e+11/s elapsed=1.58h block_eta=7.24h
k=392 t=0  18.89%  idx=2.200882e+15/1.164932e+16 surv=1 checked=2.2009e+15 rate=3.668e+11/s elapsed=1.67h block_eta=7.16h
k=392 t=0  19.83%  idx=2.310615e+15/1.164932e+16 surv=1 checked=2.3106e+15 rate=3.668e+11/s elapsed=1.75h block_eta=7.07h
k=392 t=0  20.78%  idx=2.420379e+15/1.164932e+16 surv=1 checked=2.4204e+15 rate=3.667e+11/s elapsed=1.83h block_eta=6.99h
k=392 t=0  21.72%  idx=2.530149e+15/1.164932e+16 surv=1 checked=2.5301e+15 rate=3.667e+11/s elapsed=1.92h block_eta=6.91h
k=392 t=0  22.66%  idx=2.639879e+15/1.164932e+16 surv=1 checked=2.6399e+15 rate=3.666e+11/s elapsed=2.00h block_eta=6.83h
k=392 t=0  23.60%  idx=2.749605e+15/1.164932e+16 surv=1 checked=2.7496e+15 rate=3.666e+11/s elapsed=2.08h block_eta=6.74h
k=392 t=0  24.54%  idx=2.859313e+15/1.164932e+16 surv=1 checked=2.8593e+15 rate=3.666e+11/s elapsed=2.17h block_eta=6.66h
k=392 t=0  25.49%  idx=2.969020e+15/1.164932e+16 surv=1 checked=2.9690e+15 rate=3.665e+11/s elapsed=2.25h block_eta=6.58h
k=392 t=0  26.43%  idx=3.078731e+15/1.164932e+16 surv=1 checked=3.0787e+15 rate=3.665e+11/s elapsed=2.33h block_eta=6.50h
k=392 t=0  27.37%  idx=3.188436e+15/1.164932e+16 surv=1 checked=3.1884e+15 rate=3.665e+11/s elapsed=2.42h block_eta=6.41h
k=392 t=0  28.31%  idx=3.298142e+15/1.164932e+16 surv=1 checked=3.2981e+15 rate=3.665e+11/s elapsed=2.50h block_eta=6.33h
k=392 t=0  29.25%  idx=3.407839e+15/1.164932e+16 surv=1 checked=3.4078e+15 rate=3.664e+11/s elapsed=2.58h block_eta=6.25h
k=392 t=0  30.20%  idx=3.517571e+15/1.164932e+16 surv=1 checked=3.5176e+15 rate=3.664e+11/s elapsed=2.67h block_eta=6.16h
k=392 t=0  31.14%  idx=3.627277e+15/1.164932e+16 surv=1 checked=3.6273e+15 rate=3.664e+11/s elapsed=2.75h block_eta=6.08h
k=392 t=0  32.08%  idx=3.736987e+15/1.164932e+16 surv=1 checked=3.7370e+15 rate=3.664e+11/s elapsed=2.83h block_eta=6.00h
k=392 t=0  33.02%  idx=3.846682e+15/1.164932e+16 surv=1 checked=3.8467e+15 rate=3.663e+11/s elapsed=2.92h block_eta=5.92h
k=392 t=0  33.96%  idx=3.956394e+15/1.164932e+16 surv=1 checked=3.9564e+15 rate=3.663e+11/s elapsed=3.00h block_eta=5.83h
k=392 t=0  34.90%  idx=4.066104e+15/1.164932e+16 surv=1 checked=4.0661e+15 rate=3.663e+11/s elapsed=3.08h block_eta=5.75h
k=392 t=0  35.85%  idx=4.175780e+15/1.164932e+16 surv=1 checked=4.1758e+15 rate=3.663e+11/s elapsed=3.17h block_eta=5.67h
k=392 t=0  36.79%  idx=4.285444e+15/1.164932e+16 surv=1 checked=4.2854e+15 rate=3.663e+11/s elapsed=3.25h block_eta=5.58h
k=392 t=0  37.73%  idx=4.395099e+15/1.164932e+16 surv=1 checked=4.3951e+15 rate=3.663e+11/s elapsed=3.33h block_eta=5.50h
k=392 t=0  38.68%  idx=4.505674e+15/1.164932e+16 surv=1 checked=4.5057e+15 rate=3.663e+11/s elapsed=3.42h block_eta=5.42h
k=392 t=0  39.63%  idx=4.616235e+15/1.164932e+16 surv=1 checked=4.6162e+15 rate=3.664e+11/s elapsed=3.50h block_eta=5.33h
k=392 t=0  40.58%  idx=4.726776e+15/1.164932e+16 surv=1 checked=4.7268e+15 rate=3.664e+11/s elapsed=3.58h block_eta=5.25h
k=392 t=0  41.52%  idx=4.837257e+15/1.164932e+16 surv=1 checked=4.8373e+15 rate=3.665e+11/s elapsed=3.67h block_eta=5.16h
k=392 t=0  42.47%  idx=4.947780e+15/1.164932e+16 surv=1 checked=4.9478e+15 rate=3.665e+11/s elapsed=3.75h block_eta=5.08h
k=392 t=0  43.42%  idx=5.058301e+15/1.164932e+16 surv=1 checked=5.0583e+15 rate=3.665e+11/s elapsed=3.83h block_eta=4.99h
k=392 t=0  44.37%  idx=5.168836e+15/1.164932e+16 surv=1 checked=5.1688e+15 rate=3.666e+11/s elapsed=3.92h block_eta=4.91h
k=392 t=0  45.32%  idx=5.279308e+15/1.164932e+16 surv=1 checked=5.2793e+15 rate=3.666e+11/s elapsed=4.00h block_eta=4.83h
k=392 t=0  46.27%  idx=5.389790e+15/1.164932e+16 surv=1 checked=5.3898e+15 rate=3.667e+11/s elapsed=4.08h block_eta=4.74h
k=392 t=0  47.22%  idx=5.500343e+15/1.164932e+16 surv=1 checked=5.5003e+15 rate=3.667e+11/s elapsed=4.17h block_eta=4.66h
k=392 t=0  48.16%  idx=5.610887e+15/1.164932e+16 surv=1 checked=5.6109e+15 rate=3.667e+11/s elapsed=4.25h block_eta=4.57h
k=392 t=0  49.11%  idx=5.721426e+15/1.164932e+16 surv=1 checked=5.7214e+15 rate=3.668e+11/s elapsed=4.33h block_eta=4.49h
k=392 t=0  50.06%  idx=5.831964e+15/1.164932e+16 surv=1 checked=5.8320e+15 rate=3.668e+11/s elapsed=4.42h block_eta=4.41h
k=392 t=0  51.01%  idx=5.942509e+15/1.164932e+16 surv=1 checked=5.9425e+15 rate=3.668e+11/s elapsed=4.50h block_eta=4.32h
k=392 t=0  51.96%  idx=6.053045e+15/1.164932e+16 surv=1 checked=6.0530e+15 rate=3.668e+11/s elapsed=4.58h block_eta=4.24h
k=392 t=0  52.91%  idx=6.163551e+15/1.164932e+16 surv=1 checked=6.1636e+15 rate=3.669e+11/s elapsed=4.67h block_eta=4.15h
k=392 t=0  53.86%  idx=6.274042e+15/1.164932e+16 surv=1 checked=6.2740e+15 rate=3.669e+11/s elapsed=4.75h block_eta=4.07h
k=392 t=0  54.81%  idx=6.384581e+15/1.164932e+16 surv=1 checked=6.3846e+15 rate=3.669e+11/s elapsed=4.83h block_eta=3.99h
k=392 t=0  55.76%  idx=6.495139e+15/1.164932e+16 surv=1 checked=6.4951e+15 rate=3.670e+11/s elapsed=4.92h block_eta=3.90h
k=392 t=0  56.70%  idx=6.605699e+15/1.164932e+16 surv=1 checked=6.6057e+15 rate=3.670e+11/s elapsed=5.00h block_eta=3.82h
k=392 t=0  57.65%  idx=6.716215e+15/1.164932e+16 surv=1 checked=6.7162e+15 rate=3.670e+11/s elapsed=5.08h block_eta=3.73h
k=392 t=0  58.60%  idx=6.826770e+15/1.164932e+16 surv=1 checked=6.8268e+15 rate=3.670e+11/s elapsed=5.17h block_eta=3.65h
k=392 t=0  59.55%  idx=6.937331e+15/1.164932e+16 surv=1 checked=6.9373e+15 rate=3.671e+11/s elapsed=5.25h block_eta=3.57h
k=392 t=0  60.50%  idx=7.047904e+15/1.164932e+16 surv=1 checked=7.0479e+15 rate=3.671e+11/s elapsed=5.33h block_eta=3.48h
k=392 t=0  61.45%  idx=7.158507e+15/1.164932e+16 surv=1 checked=7.1585e+15 rate=3.671e+11/s elapsed=5.42h block_eta=3.40h
k=392 t=0  62.40%  idx=7.269117e+15/1.164932e+16 surv=1 checked=7.2691e+15 rate=3.671e+11/s elapsed=5.50h block_eta=3.31h
k=392 t=0  63.35%  idx=7.379738e+15/1.164932e+16 surv=1 checked=7.3797e+15 rate=3.671e+11/s elapsed=5.58h block_eta=3.23h
k=392 t=0  64.30%  idx=7.490333e+15/1.164932e+16 surv=1 checked=7.4903e+15 rate=3.672e+11/s elapsed=5.67h block_eta=3.15h
k=392 t=0  65.25%  idx=7.600911e+15/1.164932e+16 surv=1 checked=7.6009e+15 rate=3.672e+11/s elapsed=5.75h block_eta=3.06h
k=392 t=0  66.20%  idx=7.711476e+15/1.164932e+16 surv=1 checked=7.7115e+15 rate=3.672e+11/s elapsed=5.83h block_eta=2.98h
k=392 t=0  67.15%  idx=7.822042e+15/1.164932e+16 surv=1 checked=7.8220e+15 rate=3.672e+11/s elapsed=5.92h block_eta=2.90h
k=392 t=0  68.10%  idx=7.932649e+15/1.164932e+16 surv=1 checked=7.9326e+15 rate=3.673e+11/s elapsed=6.00h block_eta=2.81h
k=392 t=0  69.04%  idx=8.043237e+15/1.164932e+16 surv=1 checked=8.0432e+15 rate=3.673e+11/s elapsed=6.08h block_eta=2.73h
k=392 t=0  69.99%  idx=8.153795e+15/1.164932e+16 surv=1 checked=8.1538e+15 rate=3.673e+11/s elapsed=6.17h block_eta=2.64h
k=392 t=0  70.94%  idx=8.264361e+15/1.164932e+16 surv=1 checked=8.2644e+15 rate=3.673e+11/s elapsed=6.25h block_eta=2.56h
k=392 t=0  71.89%  idx=8.374896e+15/1.164932e+16 surv=1 checked=8.3749e+15 rate=3.673e+11/s elapsed=6.33h block_eta=2.48h
k=392 t=0  72.84%  idx=8.485435e+15/1.164932e+16 surv=1 checked=8.4854e+15 rate=3.673e+11/s elapsed=6.42h block_eta=2.39h
k=392 t=0  73.79%  idx=8.596009e+15/1.164932e+16 surv=1 checked=8.5960e+15 rate=3.673e+11/s elapsed=6.50h block_eta=2.31h
k=392 t=0  74.74%  idx=8.706569e+15/1.164932e+16 surv=1 checked=8.7066e+15 rate=3.674e+11/s elapsed=6.58h block_eta=2.23h
k=392 t=0  75.69%  idx=8.817163e+15/1.164932e+16 surv=1 checked=8.8172e+15 rate=3.674e+11/s elapsed=6.67h block_eta=2.14h
k=392 t=0  76.64%  idx=8.927778e+15/1.164932e+16 surv=1 checked=8.9278e+15 rate=3.674e+11/s elapsed=6.75h block_eta=2.06h
k=392 t=0  77.59%  idx=9.038395e+15/1.164932e+16 surv=1 checked=9.0384e+15 rate=3.674e+11/s elapsed=6.83h block_eta=1.97h
k=392 t=0  78.54%  idx=9.149045e+15/1.164932e+16 surv=1 checked=9.1490e+15 rate=3.674e+11/s elapsed=6.92h block_eta=1.89h
k=392 t=0  79.49%  idx=9.259671e+15/1.164932e+16 surv=1 checked=9.2597e+15 rate=3.674e+11/s elapsed=7.00h block_eta=1.81h
k=392 t=0  80.44%  idx=9.370309e+15/1.164932e+16 surv=1 checked=9.3703e+15 rate=3.675e+11/s elapsed=7.08h block_eta=1.72h
k=392 t=0  81.39%  idx=9.480946e+15/1.164932e+16 surv=1 checked=9.4809e+15 rate=3.675e+11/s elapsed=7.17h block_eta=1.64h
k=392 t=0  82.34%  idx=9.591586e+15/1.164932e+16 surv=1 checked=9.5916e+15 rate=3.675e+11/s elapsed=7.25h block_eta=1.56h
k=392 t=0  83.29%  idx=9.702178e+15/1.164932e+16 surv=1 checked=9.7022e+15 rate=3.675e+11/s elapsed=7.33h block_eta=1.47h
k=392 t=0  84.23%  idx=9.812781e+15/1.164932e+16 surv=1 checked=9.8128e+15 rate=3.675e+11/s elapsed=7.42h block_eta=1.39h
k=392 t=0  85.18%  idx=9.923398e+15/1.164932e+16 surv=1 checked=9.9234e+15 rate=3.675e+11/s elapsed=7.50h block_eta=1.30h
k=392 t=0  86.13%  idx=1.003406e+16/1.164932e+16 surv=1 checked=1.0034e+16 rate=3.675e+11/s elapsed=7.58h block_eta=1.22h
k=392 t=0  87.08%  idx=1.014472e+16/1.164932e+16 surv=1 checked=1.0145e+16 rate=3.676e+11/s elapsed=7.67h block_eta=1.14h
k=392 t=0  88.03%  idx=1.025540e+16/1.164932e+16 surv=1 checked=1.0255e+16 rate=3.676e+11/s elapsed=7.75h block_eta=1.05h
k=392 t=0  88.98%  idx=1.036607e+16/1.164932e+16 surv=1 checked=1.0366e+16 rate=3.676e+11/s elapsed=7.83h block_eta=0.97h
k=392 t=0  89.93%  idx=1.047672e+16/1.164932e+16 surv=1 checked=1.0477e+16 rate=3.676e+11/s elapsed=7.92h block_eta=0.89h
k=392 t=0  90.88%  idx=1.058738e+16/1.164932e+16 surv=1 checked=1.0587e+16 rate=3.676e+11/s elapsed=8.00h block_eta=0.80h
k=392 t=0  91.83%  idx=1.069804e+16/1.164932e+16 surv=1 checked=1.0698e+16 rate=3.676e+11/s elapsed=8.08h block_eta=0.72h
k=392 t=0  92.78%  idx=1.080869e+16/1.164932e+16 surv=1 checked=1.0809e+16 rate=3.676e+11/s elapsed=8.17h block_eta=0.64h
k=392 t=0  93.73%  idx=1.091936e+16/1.164932e+16 surv=1 checked=1.0919e+16 rate=3.677e+11/s elapsed=8.25h block_eta=0.55h
k=392 t=0  94.68%  idx=1.103002e+16/1.164932e+16 surv=1 checked=1.1030e+16 rate=3.677e+11/s elapsed=8.33h block_eta=0.47h
k=392 t=0  95.63%  idx=1.114064e+16/1.164932e+16 surv=1 checked=1.1141e+16 rate=3.677e+11/s elapsed=8.42h block_eta=0.38h
k=392 t=0  96.58%  idx=1.125127e+16/1.164932e+16 surv=1 checked=1.1251e+16 rate=3.677e+11/s elapsed=8.50h block_eta=0.30h
k=392 t=0  97.53%  idx=1.136192e+16/1.164932e+16 surv=1 checked=1.1362e+16 rate=3.677e+11/s elapsed=8.58h block_eta=0.22h
k=392 t=0  98.48%  idx=1.147256e+16/1.164932e+16 surv=1 checked=1.1473e+16 rate=3.677e+11/s elapsed=8.67h block_eta=0.13h
k=392 t=0  99.43%  idx=1.158320e+16/1.164932e+16 surv=1 checked=1.1583e+16 rate=3.677e+11/s elapsed=8.75h block_eta=0.05h
k=392 block t=0 complete: no survivor passed the referee; advancing
k=392 t=1   0.38%  idx=4.453344e+13/1.164932e+16 surv=0 checked=1.1694e+16 rate=3.677e+11/s elapsed=8.83h block_eta=8.77h
k=392 t=1   1.33%  idx=1.552019e+14/1.164932e+16 surv=0 checked=1.1805e+16 rate=3.677e+11/s elapsed=8.92h block_eta=8.68h
k=392 t=1   2.28%  idx=2.658391e+14/1.164932e+16 surv=0 checked=1.1915e+16 rate=3.677e+11/s elapsed=9.00h block_eta=8.60h
k=392 t=1   3.23%  idx=3.764936e+14/1.164932e+16 surv=0 checked=1.2026e+16 rate=3.678e+11/s elapsed=9.08h block_eta=8.51h
k=392 t=1   4.18%  idx=4.871889e+14/1.164932e+16 surv=0 checked=1.2137e+16 rate=3.678e+11/s elapsed=9.17h block_eta=8.43h
k=392 t=1   5.13%  idx=5.978884e+14/1.164932e+16 surv=0 checked=1.2247e+16 rate=3.678e+11/s elapsed=9.25h block_eta=8.35h
k=392 t=1   6.08%  idx=7.085644e+14/1.164932e+16 surv=0 checked=1.2358e+16 rate=3.678e+11/s elapsed=9.33h block_eta=8.26h
k=392 t=1   7.03%  idx=8.192296e+14/1.164932e+16 surv=0 checked=1.2469e+16 rate=3.678e+11/s elapsed=9.42h block_eta=8.18h
k=392 t=1   7.98%  idx=9.298926e+14/1.164932e+16 surv=0 checked=1.2579e+16 rate=3.678e+11/s elapsed=9.50h block_eta=8.10h
k=392 t=1   8.93%  idx=1.040563e+15/1.164932e+16 surv=0 checked=1.2690e+16 rate=3.678e+11/s elapsed=9.58h block_eta=8.01h
k=392 t=1   9.88%  idx=1.151245e+15/1.164932e+16 surv=0 checked=1.2801e+16 rate=3.678e+11/s elapsed=9.67h block_eta=7.93h
k=392 t=1  10.83%  idx=1.261943e+15/1.164932e+16 surv=0 checked=1.2911e+16 rate=3.678e+11/s elapsed=9.75h block_eta=7.84h
k=392 t=1  11.78%  idx=1.372635e+15/1.164932e+16 surv=0 checked=1.3022e+16 rate=3.679e+11/s elapsed=9.83h block_eta=7.76h
k=392 t=1  12.73%  idx=1.483336e+15/1.164932e+16 surv=0 checked=1.3133e+16 rate=3.679e+11/s elapsed=9.92h block_eta=7.68h
k=392 t=1  13.68%  idx=1.594018e+15/1.164932e+16 surv=0 checked=1.3243e+16 rate=3.679e+11/s elapsed=10.00h block_eta=7.59h
k=392 t=1  14.63%  idx=1.704693e+15/1.164932e+16 surv=0 checked=1.3354e+16 rate=3.679e+11/s elapsed=10.08h block_eta=7.51h
k=392 t=1  15.58%  idx=1.815367e+15/1.164932e+16 surv=0 checked=1.3465e+16 rate=3.679e+11/s elapsed=10.17h block_eta=7.43h
k=392 t=1  16.53%  idx=1.926023e+15/1.164932e+16 surv=0 checked=1.3575e+16 rate=3.679e+11/s elapsed=10.25h block_eta=7.34h
k=392 t=1  17.48%  idx=2.036738e+15/1.164932e+16 surv=0 checked=1.3686e+16 rate=3.679e+11/s elapsed=10.33h block_eta=7.26h
k=392 t=1  18.43%  idx=2.147479e+15/1.164932e+16 surv=0 checked=1.3797e+16 rate=3.679e+11/s elapsed=10.42h block_eta=7.17h
k=392 t=1  19.38%  idx=2.258203e+15/1.164932e+16 surv=0 checked=1.3908e+16 rate=3.679e+11/s elapsed=10.50h block_eta=7.09h
k=392 t=1  20.33%  idx=2.368888e+15/1.164932e+16 surv=0 checked=1.4018e+16 rate=3.679e+11/s elapsed=10.58h block_eta=7.01h
k=392 t=1  21.29%  idx=2.479575e+15/1.164932e+16 surv=0 checked=1.4129e+16 rate=3.679e+11/s elapsed=10.67h block_eta=6.92h
k=392 t=1  22.24%  idx=2.590292e+15/1.164932e+16 surv=0 checked=1.4240e+16 rate=3.679e+11/s elapsed=10.75h block_eta=6.84h
k=392 t=1  23.19%  idx=2.701003e+15/1.164932e+16 surv=0 checked=1.4350e+16 rate=3.680e+11/s elapsed=10.83h block_eta=6.76h
k=392 t=1  24.14%  idx=2.811693e+15/1.164932e+16 surv=0 checked=1.4461e+16 rate=3.680e+11/s elapsed=10.92h block_eta=6.67h
k=392 t=1  25.09%  idx=2.922378e+15/1.164932e+16 surv=0 checked=1.4572e+16 rate=3.680e+11/s elapsed=11.00h block_eta=6.59h
k=392 t=1  26.04%  idx=3.033051e+15/1.164932e+16 surv=0 checked=1.4682e+16 rate=3.680e+11/s elapsed=11.08h block_eta=6.50h
k=392 t=1  26.99%  idx=3.143726e+15/1.164932e+16 surv=0 checked=1.4793e+16 rate=3.680e+11/s elapsed=11.17h block_eta=6.42h
k=392 t=1  27.94%  idx=3.254389e+15/1.164932e+16 surv=0 checked=1.4904e+16 rate=3.680e+11/s elapsed=11.25h block_eta=6.34h
k=392 t=1  28.89%  idx=3.365047e+15/1.164932e+16 surv=0 checked=1.5014e+16 rate=3.680e+11/s elapsed=11.33h block_eta=6.25h
k=392 t=1  29.84%  idx=3.475703e+15/1.164932e+16 surv=0 checked=1.5125e+16 rate=3.680e+11/s elapsed=11.42h block_eta=6.17h
k=392 t=1  30.79%  idx=3.586372e+15/1.164932e+16 surv=0 checked=1.5236e+16 rate=3.680e+11/s elapsed=11.50h block_eta=6.09h
k=392 t=1  31.74%  idx=3.697040e+15/1.164932e+16 surv=0 checked=1.5346e+16 rate=3.680e+11/s elapsed=11.58h block_eta=6.00h
k=392 t=1  32.69%  idx=3.807737e+15/1.164932e+16 surv=0 checked=1.5457e+16 rate=3.680e+11/s elapsed=11.67h block_eta=5.92h
k=392 t=1  33.64%  idx=3.918419e+15/1.164932e+16 surv=0 checked=1.5568e+16 rate=3.680e+11/s elapsed=11.75h block_eta=5.84h
k=392 t=1  34.59%  idx=4.029124e+15/1.164932e+16 surv=0 checked=1.5678e+16 rate=3.680e+11/s elapsed=11.83h block_eta=5.75h
k=392 t=1  35.54%  idx=4.139817e+15/1.164932e+16 surv=0 checked=1.5789e+16 rate=3.680e+11/s elapsed=11.92h block_eta=5.67h
{"k": 392, "status": "TIMEOUT", "block": 1, "idx_done": 4250207294324736, "block_audit": [{"t": 0, "residues_enumerated": 11649318912000000, "kernel_survivors": 1, "after_n_gt_k_plus_1": 0, "passed_ref_is_good": 0, "survivors_n": ["392"], "sha256_survivors": "6ea2fdb3399f4d2e806beb01e9a3371bd622bed6a409acf3151818d738c370ec"}], "surv_hash_recipe": "sha256 of the UTF-8 bytes of '\\n'.join(decimal(n) for n in sorted(survivors)), no trailing newline; the empty list hashes to sha256(b'')", "unit_done": 66409488973824, "units_total": 182020608000000, "R": 11649318912000000, "residues_checked": 15899526206324736, "wall": 43199.39968037605, "checkpoint": "overnight/2026-08-28/checkpoints/k392_primary.json", "plan": {"k": 392, "wheel": [[2, 9], [5, 4], [211, 1], [139, 1], [103, 1], [137, 1], [101, 1], [31, 1], [67, 1], [3, 5], [19, 1], [199, 1], [11, 1], [79, 1], [197, 1], [131, 1]], "wheel_primes": [2, 5, 211, 139, 103, 137, 101, 31, 67, 3, 19, 199, 11, 79, 197, 131], "split_primes": [[211, 1, 2], [139, 1, 2], [103, 1, 2], [137, 1, 2], [101, 1, 2], [31, 1, 2], [67, 1, 2], [3, 5, 6], [19, 1, 3], [199, 1, 2], [11, 1, 3], [79, 1, 2], [197, 1, 2], [131, 1, 2]], "N_bits": 109, "M_bits": 109, "M": "572444181305803073385879330240000", "N": "572444181305803073385879330240000", "n_filters": 75, "residues_per_block": 11649318912000000, "density_wheel": 2.035013944141545e-17, "density_rest": 7.133287970131682e-17, "expected_g": 6.888788540814795e+32, "E_g": 6.888788540814795e+32, "expected_blocks": 1.2033991724923767, "N_over_E": 0.8309794645519708, "expected_residue_checks": 1.4018780738800594e+16, "expected_checks_true": 2.0641001564046316e+16}, "engine_module": "gpu_sieve_v9", "engine_file": "sieve/gpu_sieve_v9.py", "engine_commit": "df0365a", "tag": "primary"}
# RESUME k=392 engine=gpu_sieve_v9 block t=1 residues_done=4250207294324736/11649318912000000 (36.48%) survivors=0 restarts=1
k=392 t=1  37.44%  idx=4.361613e+15/1.164932e+16 surv=0 checked=1.6011e+16 rate=3.714e+11/s elapsed=0.08h block_eta=5.45h
k=392 t=1  38.39%  idx=4.472636e+15/1.164932e+16 surv=0 checked=1.6122e+16 rate=3.707e+11/s elapsed=0.17h block_eta=5.38h
k=392 t=1  39.35%  idx=4.583724e+15/1.164932e+16 surv=0 checked=1.6233e+16 rate=3.706e+11/s elapsed=0.25h block_eta=5.30h
k=392 t=1  40.30%  idx=4.694817e+15/1.164932e+16 surv=0 checked=1.6344e+16 rate=3.705e+11/s elapsed=0.33h block_eta=5.21h
k=392 t=1  41.25%  idx=4.805912e+15/1.164932e+16 surv=0 checked=1.6455e+16 rate=3.705e+11/s elapsed=0.42h block_eta=5.13h
k=392 t=1  42.21%  idx=4.917002e+15/1.164932e+16 surv=0 checked=1.6566e+16 rate=3.704e+11/s elapsed=0.50h block_eta=5.05h
k=392 t=1  43.16%  idx=5.028121e+15/1.164932e+16 surv=0 checked=1.6677e+16 rate=3.704e+11/s elapsed=0.58h block_eta=4.97h
k=392 t=1  44.12%  idx=5.139242e+15/1.164932e+16 surv=0 checked=1.6789e+16 rate=3.704e+11/s elapsed=0.67h block_eta=4.88h
k=392 t=1  45.07%  idx=5.250349e+15/1.164932e+16 surv=0 checked=1.6900e+16 rate=3.704e+11/s elapsed=0.75h block_eta=4.80h
k=392 t=1  46.02%  idx=5.361430e+15/1.164932e+16 surv=0 checked=1.7011e+16 rate=3.704e+11/s elapsed=0.83h block_eta=4.72h
k=392 t=1  46.98%  idx=5.472516e+15/1.164932e+16 surv=0 checked=1.7122e+16 rate=3.704e+11/s elapsed=0.92h block_eta=4.63h
k=392 t=1  47.93%  idx=5.583583e+15/1.164932e+16 surv=0 checked=1.7233e+16 rate=3.704e+11/s elapsed=1.00h block_eta=4.55h
k=392 t=1  48.88%  idx=5.694699e+15/1.164932e+16 surv=0 checked=1.7344e+16 rate=3.704e+11/s elapsed=1.08h block_eta=4.47h
k=392 t=1  49.84%  idx=5.805763e+15/1.164932e+16 surv=0 checked=1.7455e+16 rate=3.704e+11/s elapsed=1.17h block_eta=4.38h
k=392 t=1  50.79%  idx=5.916809e+15/1.164932e+16 surv=0 checked=1.7566e+16 rate=3.704e+11/s elapsed=1.25h block_eta=4.30h
k=392 t=1  51.74%  idx=6.027897e+15/1.164932e+16 surv=0 checked=1.7677e+16 rate=3.703e+11/s elapsed=1.33h block_eta=4.22h
k=392 t=1  52.70%  idx=6.138971e+15/1.164932e+16 surv=0 checked=1.7788e+16 rate=3.703e+11/s elapsed=1.42h block_eta=4.13h
k=392 t=1  53.65%  idx=6.250017e+15/1.164932e+16 surv=0 checked=1.7899e+16 rate=3.703e+11/s elapsed=1.50h block_eta=4.05h
k=392 t=1  54.60%  idx=6.361076e+15/1.164932e+16 surv=0 checked=1.8010e+16 rate=3.703e+11/s elapsed=1.58h block_eta=3.97h
k=392 t=1  55.56%  idx=6.472137e+15/1.164932e+16 surv=0 checked=1.8121e+16 rate=3.703e+11/s elapsed=1.67h block_eta=3.88h
k=392 t=1  56.51%  idx=6.583178e+15/1.164932e+16 surv=0 checked=1.8232e+16 rate=3.703e+11/s elapsed=1.75h block_eta=3.80h
k=392 t=1  57.46%  idx=6.694238e+15/1.164932e+16 surv=0 checked=1.8344e+16 rate=3.703e+11/s elapsed=1.83h block_eta=3.72h
k=392 t=1  58.42%  idx=6.805277e+15/1.164932e+16 surv=0 checked=1.8455e+16 rate=3.703e+11/s elapsed=1.92h block_eta=3.63h
k=392 t=1  59.37%  idx=6.916309e+15/1.164932e+16 surv=0 checked=1.8566e+16 rate=3.703e+11/s elapsed=2.00h block_eta=3.55h
k=392 t=1  60.32%  idx=7.027370e+15/1.164932e+16 surv=0 checked=1.8677e+16 rate=3.703e+11/s elapsed=2.08h block_eta=3.47h
k=392 t=1  61.28%  idx=7.138444e+15/1.164932e+16 surv=0 checked=1.8788e+16 rate=3.703e+11/s elapsed=2.17h block_eta=3.38h
k=392 t=1  62.23%  idx=7.249526e+15/1.164932e+16 surv=0 checked=1.8899e+16 rate=3.703e+11/s elapsed=2.25h block_eta=3.30h
k=392 t=1  63.18%  idx=7.360609e+15/1.164932e+16 surv=0 checked=1.9010e+16 rate=3.703e+11/s elapsed=2.33h block_eta=3.22h
k=392 t=1  64.14%  idx=7.471728e+15/1.164932e+16 surv=0 checked=1.9121e+16 rate=3.703e+11/s elapsed=2.42h block_eta=3.13h
k=392 t=1  65.09%  idx=7.582852e+15/1.164932e+16 surv=0 checked=1.9232e+16 rate=3.703e+11/s elapsed=2.50h block_eta=3.05h
k=392 t=1  66.05%  idx=7.693948e+15/1.164932e+16 surv=0 checked=1.9343e+16 rate=3.703e+11/s elapsed=2.58h block_eta=2.97h
k=392 t=1  67.00%  idx=7.805043e+15/1.164932e+16 surv=0 checked=1.9454e+16 rate=3.703e+11/s elapsed=2.67h block_eta=2.88h
k=392 t=1  67.95%  idx=7.916181e+15/1.164932e+16 surv=0 checked=1.9565e+16 rate=3.703e+11/s elapsed=2.75h block_eta=2.80h
k=392 t=1  68.91%  idx=8.027324e+15/1.164932e+16 surv=0 checked=1.9677e+16 rate=3.703e+11/s elapsed=2.83h block_eta=2.72h
k=392 t=1  69.86%  idx=8.138457e+15/1.164932e+16 surv=0 checked=1.9788e+16 rate=3.703e+11/s elapsed=2.92h block_eta=2.63h
k=392 t=1  70.82%  idx=8.249598e+15/1.164932e+16 surv=0 checked=1.9899e+16 rate=3.703e+11/s elapsed=3.00h block_eta=2.55h
k=392 t=1  71.77%  idx=8.360736e+15/1.164932e+16 surv=0 checked=2.0010e+16 rate=3.703e+11/s elapsed=3.08h block_eta=2.47h
k=392 t=1  72.72%  idx=8.471872e+15/1.164932e+16 surv=0 checked=2.0121e+16 rate=3.703e+11/s elapsed=3.17h block_eta=2.38h
k=392 t=1  73.68%  idx=8.583003e+15/1.164932e+16 surv=0 checked=2.0232e+16 rate=3.703e+11/s elapsed=3.25h block_eta=2.30h
k=392 t=1  74.63%  idx=8.694111e+15/1.164932e+16 surv=0 checked=2.0343e+16 rate=3.703e+11/s elapsed=3.33h block_eta=2.22h
k=392 t=1  75.59%  idx=8.805209e+15/1.164932e+16 surv=0 checked=2.0455e+16 rate=3.703e+11/s elapsed=3.42h block_eta=2.13h
k=392 t=1  76.54%  idx=8.916312e+15/1.164932e+16 surv=0 checked=2.0566e+16 rate=3.703e+11/s elapsed=3.50h block_eta=2.05h
k=392 t=1  77.49%  idx=9.027423e+15/1.164932e+16 surv=0 checked=2.0677e+16 rate=3.703e+11/s elapsed=3.58h block_eta=1.97h
k=392 t=1  78.45%  idx=9.138537e+15/1.164932e+16 surv=0 checked=2.0788e+16 rate=3.703e+11/s elapsed=3.67h block_eta=1.88h
k=392 t=1  79.40%  idx=9.249676e+15/1.164932e+16 surv=0 checked=2.0899e+16 rate=3.703e+11/s elapsed=3.75h block_eta=1.80h
k=392 t=1  80.36%  idx=9.360834e+15/1.164932e+16 surv=0 checked=2.1010e+16 rate=3.703e+11/s elapsed=3.83h block_eta=1.72h
k=392 t=1  81.31%  idx=9.471982e+15/1.164932e+16 surv=0 checked=2.1121e+16 rate=3.703e+11/s elapsed=3.92h block_eta=1.63h
k=392 t=1  82.26%  idx=9.583124e+15/1.164932e+16 surv=0 checked=2.1232e+16 rate=3.703e+11/s elapsed=4.00h block_eta=1.55h
k=392 t=1  83.22%  idx=9.694260e+15/1.164932e+16 surv=0 checked=2.1344e+16 rate=3.703e+11/s elapsed=4.08h block_eta=1.47h
k=392 t=1  84.17%  idx=9.805402e+15/1.164932e+16 surv=0 checked=2.1455e+16 rate=3.703e+11/s elapsed=4.17h block_eta=1.38h
k=392 t=1  85.13%  idx=9.916544e+15/1.164932e+16 surv=0 checked=2.1566e+16 rate=3.703e+11/s elapsed=4.25h block_eta=1.30h
k=392 t=1  86.08%  idx=1.002766e+16/1.164932e+16 surv=0 checked=2.1677e+16 rate=3.703e+11/s elapsed=4.33h block_eta=1.22h
k=392 t=1  87.03%  idx=1.013878e+16/1.164932e+16 surv=0 checked=2.1788e+16 rate=3.703e+11/s elapsed=4.42h block_eta=1.13h
k=392 t=1  87.99%  idx=1.024991e+16/1.164932e+16 surv=0 checked=2.1899e+16 rate=3.704e+11/s elapsed=4.50h block_eta=1.05h
k=392 t=1  88.94%  idx=1.036103e+16/1.164932e+16 surv=0 checked=2.2010e+16 rate=3.704e+11/s elapsed=4.58h block_eta=0.97h
k=392 t=1  89.89%  idx=1.047215e+16/1.164932e+16 surv=0 checked=2.2121e+16 rate=3.704e+11/s elapsed=4.67h block_eta=0.88h
k=392 t=1  90.85%  idx=1.058326e+16/1.164932e+16 surv=0 checked=2.2233e+16 rate=3.704e+11/s elapsed=4.75h block_eta=0.80h
k=392 t=1  91.80%  idx=1.069438e+16/1.164932e+16 surv=0 checked=2.2344e+16 rate=3.704e+11/s elapsed=4.83h block_eta=0.72h
k=392 t=1  92.76%  idx=1.080550e+16/1.164932e+16 surv=0 checked=2.2455e+16 rate=3.704e+11/s elapsed=4.92h block_eta=0.63h
k=392 t=1  93.71%  idx=1.091661e+16/1.164932e+16 surv=0 checked=2.2566e+16 rate=3.704e+11/s elapsed=5.00h block_eta=0.55h
k=392 t=1  94.66%  idx=1.102772e+16/1.164932e+16 surv=0 checked=2.2677e+16 rate=3.704e+11/s elapsed=5.08h block_eta=0.47h
k=392 t=1  95.62%  idx=1.113884e+16/1.164932e+16 surv=0 checked=2.2788e+16 rate=3.704e+11/s elapsed=5.17h block_eta=0.38h
k=392 t=1  96.57%  idx=1.124994e+16/1.164932e+16 surv=0 checked=2.2899e+16 rate=3.704e+11/s elapsed=5.25h block_eta=0.30h
k=392 t=1  97.53%  idx=1.136105e+16/1.164932e+16 surv=0 checked=2.3010e+16 rate=3.704e+11/s elapsed=5.33h block_eta=0.22h
k=392 t=1  98.48%  idx=1.147215e+16/1.164932e+16 surv=0 checked=2.3121e+16 rate=3.704e+11/s elapsed=5.42h block_eta=0.13h
k=392 t=1  99.43%  idx=1.158324e+16/1.164932e+16 surv=0 checked=2.3233e+16 rate=3.704e+11/s elapsed=5.50h block_eta=0.05h
k=392 block t=1 complete: no survivor passed the referee; advancing
k=392 t=2   0.39%  idx=4.504562e+13/1.164932e+16 surv=0 checked=2.3344e+16 rate=3.704e+11/s elapsed=5.58h block_eta=8.70h
k=392 t=2   1.34%  idx=1.561972e+14/1.164932e+16 surv=0 checked=2.3455e+16 rate=3.704e+11/s elapsed=5.67h block_eta=8.62h
k=392 t=2   2.29%  idx=2.673198e+14/1.164932e+16 surv=0 checked=2.3566e+16 rate=3.704e+11/s elapsed=5.75h block_eta=8.54h
k=392 t=2   3.25%  idx=3.784081e+14/1.164932e+16 surv=0 checked=2.3677e+16 rate=3.704e+11/s elapsed=5.83h block_eta=8.45h
k=392 t=2   4.20%  idx=4.894878e+14/1.164932e+16 surv=0 checked=2.3788e+16 rate=3.704e+11/s elapsed=5.92h block_eta=8.37h
k=392 t=2   5.16%  idx=6.005470e+14/1.164932e+16 surv=0 checked=2.3899e+16 rate=3.704e+11/s elapsed=6.00h block_eta=8.29h
k=392 t=2   6.11%  idx=7.115730e+14/1.164932e+16 surv=0 checked=2.4010e+16 rate=3.703e+11/s elapsed=6.08h block_eta=8.20h
k=392 t=2   7.06%  idx=8.226119e+14/1.164932e+16 surv=0 checked=2.4121e+16 rate=3.703e+11/s elapsed=6.17h block_eta=8.12h
k=392 t=2   8.01%  idx=9.336142e+14/1.164932e+16 surv=0 checked=2.4232e+16 rate=3.703e+11/s elapsed=6.25h block_eta=8.04h
k=392 t=2   8.97%  idx=1.044641e+15/1.164932e+16 surv=0 checked=2.4343e+16 rate=3.703e+11/s elapsed=6.33h block_eta=7.95h
k=392 t=2   9.92%  idx=1.155682e+15/1.164932e+16 surv=0 checked=2.4454e+16 rate=3.703e+11/s elapsed=6.42h block_eta=7.87h
k=392 t=2  10.87%  idx=1.266757e+15/1.164932e+16 surv=0 checked=2.4565e+16 rate=3.703e+11/s elapsed=6.50h block_eta=7.79h
k=392 t=2  11.83%  idx=1.377802e+15/1.164932e+16 surv=0 checked=2.4676e+16 rate=3.703e+11/s elapsed=6.58h block_eta=7.70h
k=392 t=2  12.78%  idx=1.488863e+15/1.164932e+16 surv=0 checked=2.4788e+16 rate=3.703e+11/s elapsed=6.67h block_eta=7.62h
k=392 t=2  13.73%  idx=1.599902e+15/1.164932e+16 surv=0 checked=2.4899e+16 rate=3.703e+11/s elapsed=6.75h block_eta=7.54h
k=392 t=2  14.69%  idx=1.710947e+15/1.164932e+16 surv=0 checked=2.5010e+16 rate=3.703e+11/s elapsed=6.83h block_eta=7.45h
k=392 t=2  15.64%  idx=1.822005e+15/1.164932e+16 surv=0 checked=2.5121e+16 rate=3.703e+11/s elapsed=6.92h block_eta=7.37h
k=392 t=2  16.59%  idx=1.932996e+15/1.164932e+16 surv=0 checked=2.5232e+16 rate=3.703e+11/s elapsed=7.00h block_eta=7.29h
k=392 t=2  17.55%  idx=2.044004e+15/1.164932e+16 surv=0 checked=2.5343e+16 rate=3.703e+11/s elapsed=7.08h block_eta=7.21h
k=392 t=2  18.50%  idx=2.155015e+15/1.164932e+16 surv=0 checked=2.5454e+16 rate=3.703e+11/s elapsed=7.17h block_eta=7.12h
k=392 t=2  19.45%  idx=2.266030e+15/1.164932e+16 surv=0 checked=2.5565e+16 rate=3.703e+11/s elapsed=7.25h block_eta=7.04h
k=392 t=2  20.41%  idx=2.377099e+15/1.164932e+16 surv=0 checked=2.5676e+16 rate=3.703e+11/s elapsed=7.33h block_eta=6.96h
k=392 t=2  21.36%  idx=2.488223e+15/1.164932e+16 surv=0 checked=2.5787e+16 rate=3.703e+11/s elapsed=7.42h block_eta=6.87h
k=392 t=2  22.31%  idx=2.599342e+15/1.164932e+16 surv=0 checked=2.5898e+16 rate=3.703e+11/s elapsed=7.50h block_eta=6.79h
k=392 t=2  23.27%  idx=2.710417e+15/1.164932e+16 surv=0 checked=2.6009e+16 rate=3.703e+11/s elapsed=7.58h block_eta=6.71h
k=392 t=2  24.22%  idx=2.821438e+15/1.164932e+16 surv=0 checked=2.6120e+16 rate=3.703e+11/s elapsed=7.67h block_eta=6.62h
k=392 t=2  25.17%  idx=2.932433e+15/1.164932e+16 surv=0 checked=2.6231e+16 rate=3.703e+11/s elapsed=7.75h block_eta=6.54h
k=392 t=2  26.13%  idx=3.043497e+15/1.164932e+16 surv=0 checked=2.6342e+16 rate=3.703e+11/s elapsed=7.83h block_eta=6.46h
k=392 t=2  27.08%  idx=3.154606e+15/1.164932e+16 surv=0 checked=2.6453e+16 rate=3.703e+11/s elapsed=7.92h block_eta=6.37h
k=392 t=2  28.03%  idx=3.265718e+15/1.164932e+16 surv=0 checked=2.6564e+16 rate=3.703e+11/s elapsed=8.00h block_eta=6.29h
k=392 t=2  28.99%  idx=3.376845e+15/1.164932e+16 surv=0 checked=2.6675e+16 rate=3.703e+11/s elapsed=8.08h block_eta=6.21h
k=392 t=2  29.94%  idx=3.487947e+15/1.164932e+16 surv=0 checked=2.6787e+16 rate=3.703e+11/s elapsed=8.17h block_eta=6.12h
k=392 t=2  30.89%  idx=3.599011e+15/1.164932e+16 surv=0 checked=2.6898e+16 rate=3.703e+11/s elapsed=8.25h block_eta=6.04h
k=392 t=2  31.85%  idx=3.709979e+15/1.164932e+16 surv=0 checked=2.7009e+16 rate=3.703e+11/s elapsed=8.33h block_eta=5.96h
k=392 t=2  32.80%  idx=3.820932e+15/1.164932e+16 surv=0 checked=2.7120e+16 rate=3.703e+11/s elapsed=8.42h block_eta=5.87h
k=392 t=2  33.75%  idx=3.931831e+15/1.164932e+16 surv=0 checked=2.7230e+16 rate=3.703e+11/s elapsed=8.50h block_eta=5.79h
k=392 t=2  34.70%  idx=4.042868e+15/1.164932e+16 surv=0 checked=2.7342e+16 rate=3.703e+11/s elapsed=8.58h block_eta=5.71h
k=392 t=2  35.66%  idx=4.153835e+15/1.164932e+16 surv=0 checked=2.7452e+16 rate=3.703e+11/s elapsed=8.67h block_eta=5.62h
k=392 t=2  36.61%  idx=4.264795e+15/1.164932e+16 surv=0 checked=2.7563e+16 rate=3.703e+11/s elapsed=8.75h block_eta=5.54h
k=392 t=2  37.56%  idx=4.375718e+15/1.164932e+16 surv=0 checked=2.7674e+16 rate=3.703e+11/s elapsed=8.83h block_eta=5.46h
k=392 t=2  38.51%  idx=4.486655e+15/1.164932e+16 surv=0 checked=2.7785e+16 rate=3.703e+11/s elapsed=8.92h block_eta=5.37h
k=392 t=2  39.47%  idx=4.597595e+15/1.164932e+16 surv=0 checked=2.7896e+16 rate=3.703e+11/s elapsed=9.00h block_eta=5.29h
k=392 t=2  40.42%  idx=4.708497e+15/1.164932e+16 surv=0 checked=2.8007e+16 rate=3.703e+11/s elapsed=9.08h block_eta=5.21h
k=392 t=2  41.37%  idx=4.819381e+15/1.164932e+16 surv=0 checked=2.8118e+16 rate=3.703e+11/s elapsed=9.17h block_eta=5.12h
k=392 t=2  42.32%  idx=4.930283e+15/1.164932e+16 surv=0 checked=2.8229e+16 rate=3.703e+11/s elapsed=9.25h block_eta=5.04h
k=392 t=2  43.27%  idx=5.041237e+15/1.164932e+16 surv=0 checked=2.8340e+16 rate=3.702e+11/s elapsed=9.33h block_eta=4.96h
k=392 t=2  44.23%  idx=5.152150e+15/1.164932e+16 surv=0 checked=2.8451e+16 rate=3.702e+11/s elapsed=9.42h block_eta=4.87h
k=392 t=2  45.18%  idx=5.263130e+15/1.164932e+16 surv=0 checked=2.8562e+16 rate=3.702e+11/s elapsed=9.50h block_eta=4.79h
k=392 t=2  46.13%  idx=5.374138e+15/1.164932e+16 surv=0 checked=2.8673e+16 rate=3.702e+11/s elapsed=9.58h block_eta=4.71h
k=392 t=2  47.09%  idx=5.485169e+15/1.164932e+16 surv=0 checked=2.8784e+16 rate=3.702e+11/s elapsed=9.67h block_eta=4.62h
k=392 t=2  48.04%  idx=5.596123e+15/1.164932e+16 surv=0 checked=2.8895e+16 rate=3.702e+11/s elapsed=9.75h block_eta=4.54h
k=392 t=2  48.99%  idx=5.707161e+15/1.164932e+16 surv=0 checked=2.9006e+16 rate=3.702e+11/s elapsed=9.83h block_eta=4.46h
k=392 t=2  49.94%  idx=5.818155e+15/1.164932e+16 surv=0 checked=2.9117e+16 rate=3.702e+11/s elapsed=9.92h block_eta=4.38h
k=392 t=2  50.90%  idx=5.929121e+15/1.164932e+16 surv=0 checked=2.9228e+16 rate=3.702e+11/s elapsed=10.00h block_eta=4.29h
k=392 t=2  51.85%  idx=6.040037e+15/1.164932e+16 surv=0 checked=2.9339e+16 rate=3.702e+11/s elapsed=10.08h block_eta=4.21h
k=392 t=2  52.80%  idx=6.150924e+15/1.164932e+16 surv=0 checked=2.9450e+16 rate=3.702e+11/s elapsed=10.17h block_eta=4.13h
k=392 t=2  53.75%  idx=6.261786e+15/1.164932e+16 surv=0 checked=2.9560e+16 rate=3.702e+11/s elapsed=10.25h block_eta=4.04h
k=392 t=2  54.70%  idx=6.372619e+15/1.164932e+16 surv=0 checked=2.9671e+16 rate=3.702e+11/s elapsed=10.33h block_eta=3.96h
k=392 t=2  55.66%  idx=6.483460e+15/1.164932e+16 surv=0 checked=2.9782e+16 rate=3.702e+11/s elapsed=10.42h block_eta=3.88h
k=392 t=2  56.61%  idx=6.594305e+15/1.164932e+16 surv=0 checked=2.9893e+16 rate=3.702e+11/s elapsed=10.50h block_eta=3.79h
k=392 t=2  57.56%  idx=6.705174e+15/1.164932e+16 surv=0 checked=3.0004e+16 rate=3.702e+11/s elapsed=10.58h block_eta=3.71h
k=392 t=2  58.51%  idx=6.816069e+15/1.164932e+16 surv=0 checked=3.0115e+16 rate=3.702e+11/s elapsed=10.67h block_eta=3.63h
k=392 t=2  59.46%  idx=6.927020e+15/1.164932e+16 surv=0 checked=3.0226e+16 rate=3.702e+11/s elapsed=10.75h block_eta=3.54h
k=392 t=2  60.42%  idx=7.038074e+15/1.164932e+16 surv=0 checked=3.0337e+16 rate=3.702e+11/s elapsed=10.83h block_eta=3.46h
k=392 t=2  61.37%  idx=7.149148e+15/1.164932e+16 surv=0 checked=3.0448e+16 rate=3.702e+11/s elapsed=10.92h block_eta=3.38h
k=392 t=2  62.32%  idx=7.260181e+15/1.164932e+16 surv=0 checked=3.0559e+16 rate=3.702e+11/s elapsed=11.00h block_eta=3.29h
k=392 t=2  63.28%  idx=7.371176e+15/1.164932e+16 surv=0 checked=3.0670e+16 rate=3.702e+11/s elapsed=11.08h block_eta=3.21h
k=392 t=2  64.23%  idx=7.482144e+15/1.164932e+16 surv=0 checked=3.0781e+16 rate=3.702e+11/s elapsed=11.17h block_eta=3.13h
k=392 t=2  65.18%  idx=7.593149e+15/1.164932e+16 surv=0 checked=3.0892e+16 rate=3.702e+11/s elapsed=11.25h block_eta=3.04h
k=392 t=2  66.13%  idx=7.704135e+15/1.164932e+16 surv=0 checked=3.1003e+16 rate=3.702e+11/s elapsed=11.33h block_eta=2.96h
k=392 t=2  67.09%  idx=7.815107e+15/1.164932e+16 surv=0 checked=3.1114e+16 rate=3.702e+11/s elapsed=11.42h block_eta=2.88h
k=392 t=2  68.04%  idx=7.926103e+15/1.164932e+16 surv=0 checked=3.1225e+16 rate=3.702e+11/s elapsed=11.50h block_eta=2.79h
k=392 t=2  68.99%  idx=8.037089e+15/1.164932e+16 surv=0 checked=3.1336e+16 rate=3.702e+11/s elapsed=11.58h block_eta=2.71h
k=392 t=2  69.94%  idx=8.148029e+15/1.164932e+16 surv=0 checked=3.1447e+16 rate=3.702e+11/s elapsed=11.67h block_eta=2.63h
k=392 t=2  70.90%  idx=8.258909e+15/1.164932e+16 surv=0 checked=3.1558e+16 rate=3.702e+11/s elapsed=11.75h block_eta=2.54h
k=392 t=2  71.85%  idx=8.369789e+15/1.164932e+16 surv=0 checked=3.1668e+16 rate=3.702e+11/s elapsed=11.83h block_eta=2.46h
k=392 t=2  72.80%  idx=8.480659e+15/1.164932e+16 surv=0 checked=3.1779e+16 rate=3.702e+11/s elapsed=11.92h block_eta=2.38h
{"k": 392, "status": "TIMEOUT", "block": 2, "idx_done": 8591347636240384, "block_audit": [{"t": 0, "residues_enumerated": 11649318912000000, "kernel_survivors": 1, "after_n_gt_k_plus_1": 0, "passed_ref_is_good": 0, "survivors_n": ["392"], "sha256_survivors": "6ea2fdb3399f4d2e806beb01e9a3371bd622bed6a409acf3151818d738c370ec"}, {"t": 1, "residues_enumerated": 11649318912000000, "kernel_survivors": 0, "after_n_gt_k_plus_1": 0, "passed_ref_is_good": 0, "survivors_n": [], "sha256_survivors": "e3b0c44298fc1c149afbf4c8996fb92427ae41e4649b934ca495991b7852b855"}], "surv_hash_recipe": "sha256 of the UTF-8 bytes of '\\n'.join(decimal(n) for n in sorted(survivors)), no trailing newline; the empty list hashes to sha256(b'')", "unit_done": 134239806816256, "units_total": 182020608000000, "R": 11649318912000000, "residues_checked": 31889985460240384, "wall": 43199.5697760582, "checkpoint": "overnight/2026-08-28/checkpoints/k392_primary.json", "plan": {"k": 392, "wheel": [[2, 9], [5, 4], [211, 1], [139, 1], [103, 1], [137, 1], [101, 1], [31, 1], [67, 1], [3, 5], [19, 1], [199, 1], [11, 1], [79, 1], [197, 1], [131, 1]], "wheel_primes": [2, 5, 211, 139, 103, 137, 101, 31, 67, 3, 19, 199, 11, 79, 197, 131], "split_primes": [[211, 1, 2], [139, 1, 2], [103, 1, 2], [137, 1, 2], [101, 1, 2], [31, 1, 2], [67, 1, 2], [3, 5, 6], [19, 1, 3], [199, 1, 2], [11, 1, 3], [79, 1, 2], [197, 1, 2], [131, 1, 2]], "N_bits": 109, "M_bits": 109, "M": "572444181305803073385879330240000", "N": "572444181305803073385879330240000", "n_filters": 75, "residues_per_block": 11649318912000000, "density_wheel": 2.035013944141545e-17, "density_rest": 7.133287970131682e-17, "expected_g": 6.888788540814795e+32, "E_g": 6.888788540814795e+32, "expected_blocks": 1.2033991724923767, "N_over_E": 0.8309794645519708, "expected_residue_checks": 1.4018780738800594e+16, "expected_checks_true": 2.0641001564046316e+16}, "engine_module": "gpu_sieve_v9", "engine_file": "sieve/gpu_sieve_v9.py", "engine_commit": "df0365a", "tag": "primary"}
# RESUME k=392 engine=gpu_sieve_v9 block t=2 residues_done=8591347636240384/11649318912000000 (73.75%) survivors=0 restarts=2
k=392 t=2  74.70%  idx=8.702466e+15/1.164932e+16 surv=0 checked=3.2001e+16 rate=3.704e+11/s elapsed=0.08h block_eta=2.21h
k=392 t=2  75.65%  idx=8.813168e+15/1.164932e+16 surv=0 checked=3.2112e+16 rate=3.697e+11/s elapsed=0.17h block_eta=2.13h
k=392 t=2  76.60%  idx=8.923859e+15/1.164932e+16 surv=0 checked=3.2222e+16 rate=3.695e+11/s elapsed=0.25h block_eta=2.05h
k=392 t=2  77.55%  idx=9.034544e+15/1.164932e+16 surv=0 checked=3.2333e+16 rate=3.693e+11/s elapsed=0.33h block_eta=1.97h
k=392 t=2  78.50%  idx=9.145257e+15/1.164932e+16 surv=0 checked=3.2444e+16 rate=3.693e+11/s elapsed=0.42h block_eta=1.88h
k=392 t=2  79.46%  idx=9.255969e+15/1.164932e+16 surv=0 checked=3.2555e+16 rate=3.692e+11/s elapsed=0.50h block_eta=1.80h
k=392 t=2  80.41%  idx=9.366672e+15/1.164932e+16 surv=0 checked=3.2665e+16 rate=3.692e+11/s elapsed=0.58h block_eta=1.72h
k=392 t=2  81.36%  idx=9.477382e+15/1.164932e+16 surv=0 checked=3.2776e+16 rate=3.692e+11/s elapsed=0.67h block_eta=1.63h
k=392 t=2  82.31%  idx=9.588091e+15/1.164932e+16 surv=0 checked=3.2887e+16 rate=3.692e+11/s elapsed=0.75h block_eta=1.55h
k=392 t=2  83.26%  idx=9.698782e+15/1.164932e+16 surv=0 checked=3.2997e+16 rate=3.691e+11/s elapsed=0.83h block_eta=1.47h
k=392 t=2  84.21%  idx=9.809473e+15/1.164932e+16 surv=0 checked=3.3108e+16 rate=3.691e+11/s elapsed=0.92h block_eta=1.38h
k=392 t=2  85.16%  idx=9.920265e+15/1.164932e+16 surv=0 checked=3.3219e+16 rate=3.691e+11/s elapsed=1.00h block_eta=1.30h
k=392 t=2  86.11%  idx=1.003110e+16/1.164932e+16 surv=0 checked=3.3330e+16 rate=3.692e+11/s elapsed=1.08h block_eta=1.22h
k=392 t=2  87.06%  idx=1.014184e+16/1.164932e+16 surv=0 checked=3.3440e+16 rate=3.692e+11/s elapsed=1.17h block_eta=1.13h
k=392 t=2  88.01%  idx=1.025265e+16/1.164932e+16 surv=0 checked=3.3551e+16 rate=3.692e+11/s elapsed=1.25h block_eta=1.05h
k=392 t=2  88.96%  idx=1.036346e+16/1.164932e+16 surv=0 checked=3.3662e+16 rate=3.692e+11/s elapsed=1.33h block_eta=0.97h
k=392 t=2  89.91%  idx=1.047421e+16/1.164932e+16 surv=0 checked=3.3773e+16 rate=3.692e+11/s elapsed=1.42h block_eta=0.88h
k=392 t=2  90.86%  idx=1.058496e+16/1.164932e+16 surv=0 checked=3.3884e+16 rate=3.692e+11/s elapsed=1.50h block_eta=0.80h
k=392 t=2  91.81%  idx=1.069568e+16/1.164932e+16 surv=0 checked=3.3994e+16 rate=3.692e+11/s elapsed=1.58h block_eta=0.72h
k=392 t=2  92.76%  idx=1.080642e+16/1.164932e+16 surv=0 checked=3.4105e+16 rate=3.692e+11/s elapsed=1.67h block_eta=0.63h
k=392 t=2  93.71%  idx=1.091716e+16/1.164932e+16 surv=0 checked=3.4216e+16 rate=3.692e+11/s elapsed=1.75h block_eta=0.55h
k=392 t=2  94.67%  idx=1.102790e+16/1.164932e+16 surv=0 checked=3.4327e+16 rate=3.692e+11/s elapsed=1.83h block_eta=0.47h
k=392 t=2  95.62%  idx=1.113863e+16/1.164932e+16 surv=0 checked=3.4437e+16 rate=3.692e+11/s elapsed=1.92h block_eta=0.38h
k=392 t=2  96.57%  idx=1.124933e+16/1.164932e+16 surv=0 checked=3.4548e+16 rate=3.692e+11/s elapsed=2.00h block_eta=0.30h
k=392 t=2  97.52%  idx=1.136008e+16/1.164932e+16 surv=0 checked=3.4659e+16 rate=3.692e+11/s elapsed=2.08h block_eta=0.22h
k=392 t=2  98.47%  idx=1.147087e+16/1.164932e+16 surv=0 checked=3.4770e+16 rate=3.692e+11/s elapsed=2.17h block_eta=0.13h
k=392 t=2  99.42%  idx=1.158165e+16/1.164932e+16 surv=0 checked=3.4880e+16 rate=3.692e+11/s elapsed=2.25h block_eta=0.05h
k=392 block t=2 complete: no survivor passed the referee; advancing
k=392 t=3   0.37%  idx=4.308282e+13/1.164932e+16 surv=0 checked=3.4991e+16 rate=3.692e+11/s elapsed=2.33h block_eta=8.73h
k=392 t=3   1.32%  idx=1.538275e+14/1.164932e+16 surv=0 checked=3.5102e+16 rate=3.692e+11/s elapsed=2.42h block_eta=8.65h
k=392 t=3   2.27%  idx=2.646001e+14/1.164932e+16 surv=0 checked=3.5213e+16 rate=3.692e+11/s elapsed=2.50h block_eta=8.57h
k=392 t=3   3.22%  idx=3.753726e+14/1.164932e+16 surv=0 checked=3.5323e+16 rate=3.692e+11/s elapsed=2.58h block_eta=8.48h
k=392 t=3   4.17%  idx=4.861667e+14/1.164932e+16 surv=0 checked=3.5434e+16 rate=3.692e+11/s elapsed=2.67h block_eta=8.40h
k=392 t=3   5.12%  idx=5.969446e+14/1.164932e+16 surv=0 checked=3.5545e+16 rate=3.692e+11/s elapsed=2.75h block_eta=8.32h
k=392 t=3   6.08%  idx=7.077236e+14/1.164932e+16 surv=0 checked=3.5656e+16 rate=3.692e+11/s elapsed=2.83h block_eta=8.23h
k=392 t=3   7.03%  idx=8.184769e+14/1.164932e+16 surv=0 checked=3.5766e+16 rate=3.692e+11/s elapsed=2.92h block_eta=8.15h
k=392 t=3   7.98%  idx=9.292140e+14/1.164932e+16 surv=0 checked=3.5877e+16 rate=3.692e+11/s elapsed=3.00h block_eta=8.07h
k=392 t=3   8.93%  idx=1.039921e+15/1.164932e+16 surv=0 checked=3.5988e+16 rate=3.692e+11/s elapsed=3.08h block_eta=7.98h
k=392 t=3   9.88%  idx=1.150627e+15/1.164932e+16 surv=0 checked=3.6099e+16 rate=3.692e+11/s elapsed=3.17h block_eta=7.90h
k=392 t=3  10.83%  idx=1.261328e+15/1.164932e+16 surv=0 checked=3.6209e+16 rate=3.692e+11/s elapsed=3.25h block_eta=7.82h
k=392 t=3  11.78%  idx=1.372021e+15/1.164932e+16 surv=0 checked=3.6320e+16 rate=3.692e+11/s elapsed=3.33h block_eta=7.73h
k=392 t=3  12.73%  idx=1.482762e+15/1.164932e+16 surv=0 checked=3.6431e+16 rate=3.692e+11/s elapsed=3.42h block_eta=7.65h
k=392 t=3  13.68%  idx=1.593535e+15/1.164932e+16 surv=0 checked=3.6541e+16 rate=3.692e+11/s elapsed=3.50h block_eta=7.57h
k=392 t=3  14.63%  idx=1.704330e+15/1.164932e+16 surv=0 checked=3.6652e+16 rate=3.692e+11/s elapsed=3.58h block_eta=7.48h
k=392 t=3  15.58%  idx=1.815121e+15/1.164932e+16 surv=0 checked=3.6763e+16 rate=3.692e+11/s elapsed=3.67h block_eta=7.40h
k=392 t=3  16.53%  idx=1.925849e+15/1.164932e+16 surv=0 checked=3.6874e+16 rate=3.692e+11/s elapsed=3.75h block_eta=7.32h
k=392 t=3  17.48%  idx=2.036567e+15/1.164932e+16 surv=0 checked=3.6985e+16 rate=3.692e+11/s elapsed=3.83h block_eta=7.23h
k=392 t=3  18.43%  idx=2.147293e+15/1.164932e+16 surv=0 checked=3.7095e+16 rate=3.692e+11/s elapsed=3.92h block_eta=7.15h
k=392 t=3  19.38%  idx=2.257989e+15/1.164932e+16 surv=0 checked=3.7206e+16 rate=3.692e+11/s elapsed=4.00h block_eta=7.07h
k=392 t=3  20.33%  idx=2.368724e+15/1.164932e+16 surv=0 checked=3.7317e+16 rate=3.692e+11/s elapsed=4.08h block_eta=6.98h
k=392 t=3  21.28%  idx=2.479466e+15/1.164932e+16 surv=0 checked=3.7427e+16 rate=3.692e+11/s elapsed=4.17h block_eta=6.90h
k=392 t=3  22.23%  idx=2.590204e+15/1.164932e+16 surv=0 checked=3.7538e+16 rate=3.692e+11/s elapsed=4.25h block_eta=6.82h
k=392 t=3  23.18%  idx=2.700893e+15/1.164932e+16 surv=0 checked=3.7649e+16 rate=3.692e+11/s elapsed=4.33h block_eta=6.73h
k=392 t=3  24.14%  idx=2.811622e+15/1.164932e+16 surv=0 checked=3.7760e+16 rate=3.692e+11/s elapsed=4.42h block_eta=6.65h
k=392 t=3  25.09%  idx=2.922331e+15/1.164932e+16 surv=0 checked=3.7870e+16 rate=3.692e+11/s elapsed=4.50h block_eta=6.57h
k=392 t=3  26.04%  idx=3.033028e+15/1.164932e+16 surv=0 checked=3.7981e+16 rate=3.691e+11/s elapsed=4.58h block_eta=6.48h
k=392 t=3  26.99%  idx=3.143726e+15/1.164932e+16 surv=0 checked=3.8092e+16 rate=3.691e+11/s elapsed=4.67h block_eta=6.40h
k=392 t=3  27.94%  idx=3.254428e+15/1.164932e+16 surv=0 checked=3.8202e+16 rate=3.691e+11/s elapsed=4.75h block_eta=6.32h
k=392 t=3  28.89%  idx=3.365123e+15/1.164932e+16 surv=0 checked=3.8313e+16 rate=3.691e+11/s elapsed=4.83h block_eta=6.23h
k=392 t=3  29.84%  idx=3.475845e+15/1.164932e+16 surv=0 checked=3.8424e+16 rate=3.691e+11/s elapsed=4.92h block_eta=6.15h
k=392 t=3  30.79%  idx=3.586584e+15/1.164932e+16 surv=0 checked=3.8535e+16 rate=3.691e+11/s elapsed=5.00h block_eta=6.07h
k=392 t=3  31.74%  idx=3.697306e+15/1.164932e+16 surv=0 checked=3.8645e+16 rate=3.691e+11/s elapsed=5.08h block_eta=5.98h
k=392 t=3  32.69%  idx=3.808004e+15/1.164932e+16 surv=0 checked=3.8756e+16 rate=3.691e+11/s elapsed=5.17h block_eta=5.90h
k=392 t=3  33.64%  idx=3.918707e+15/1.164932e+16 surv=0 checked=3.8867e+16 rate=3.691e+11/s elapsed=5.25h block_eta=5.82h
k=392 t=3  34.59%  idx=4.029443e+15/1.164932e+16 surv=0 checked=3.8977e+16 rate=3.691e+11/s elapsed=5.33h block_eta=5.73h
k=392 t=3  35.54%  idx=4.140154e+15/1.164932e+16 surv=0 checked=3.9088e+16 rate=3.691e+11/s elapsed=5.42h block_eta=5.65h
k=392 t=3  36.49%  idx=4.250855e+15/1.164932e+16 surv=0 checked=3.9199e+16 rate=3.691e+11/s elapsed=5.50h block_eta=5.57h
k=392 t=3  37.44%  idx=4.361579e+15/1.164932e+16 surv=0 checked=3.9310e+16 rate=3.691e+11/s elapsed=5.58h block_eta=5.48h
k=392 t=3  38.39%  idx=4.472305e+15/1.164932e+16 surv=0 checked=3.9420e+16 rate=3.691e+11/s elapsed=5.67h block_eta=5.40h
k=392 t=3  39.34%  idx=4.583050e+15/1.164932e+16 surv=0 checked=3.9531e+16 rate=3.691e+11/s elapsed=5.75h block_eta=5.32h
k=392 t=3  40.29%  idx=4.693785e+15/1.164932e+16 surv=0 checked=3.9642e+16 rate=3.691e+11/s elapsed=5.83h block_eta=5.23h
k=392 t=3  41.24%  idx=4.804528e+15/1.164932e+16 surv=0 checked=3.9752e+16 rate=3.691e+11/s elapsed=5.92h block_eta=5.15h
k=392 t=3  42.19%  idx=4.915307e+15/1.164932e+16 surv=0 checked=3.9863e+16 rate=3.691e+11/s elapsed=6.00h block_eta=5.07h
k=392 t=3  43.14%  idx=5.026077e+15/1.164932e+16 surv=0 checked=3.9974e+16 rate=3.691e+11/s elapsed=6.08h block_eta=4.98h
k=392 t=3  44.10%  idx=5.136791e+15/1.164932e+16 surv=0 checked=4.0085e+16 rate=3.691e+11/s elapsed=6.17h block_eta=4.90h
k=392 t=3  45.05%  idx=5.247479e+15/1.164932e+16 surv=0 checked=4.0195e+16 rate=3.691e+11/s elapsed=6.25h block_eta=4.82h
k=392 t=3  46.00%  idx=5.358197e+15/1.164932e+16 surv=0 checked=4.0306e+16 rate=3.691e+11/s elapsed=6.33h block_eta=4.73h
k=392 t=3  46.95%  idx=5.468903e+15/1.164932e+16 surv=0 checked=4.0417e+16 rate=3.691e+11/s elapsed=6.42h block_eta=4.65h
k=392 t=3  47.90%  idx=5.579633e+15/1.164932e+16 surv=0 checked=4.0528e+16 rate=3.691e+11/s elapsed=6.50h block_eta=4.57h
k=392 t=3  48.85%  idx=5.690371e+15/1.164932e+16 surv=0 checked=4.0638e+16 rate=3.691e+11/s elapsed=6.58h block_eta=4.48h
k=392 t=3  49.80%  idx=5.801135e+15/1.164932e+16 surv=0 checked=4.0749e+16 rate=3.691e+11/s elapsed=6.67h block_eta=4.40h
k=392 t=3  50.75%  idx=5.911884e+15/1.164932e+16 surv=0 checked=4.0860e+16 rate=3.691e+11/s elapsed=6.75h block_eta=4.32h
k=392 t=3  51.70%  idx=6.022661e+15/1.164932e+16 surv=1 checked=4.0971e+16 rate=3.691e+11/s elapsed=6.83h block_eta=4.23h
k=392 t=3  52.65%  idx=6.133412e+15/1.164932e+16 surv=1 checked=4.1081e+16 rate=3.691e+11/s elapsed=6.92h block_eta=4.15h
k=392 t=3  53.60%  idx=6.244135e+15/1.164932e+16 surv=1 checked=4.1192e+16 rate=3.691e+11/s elapsed=7.00h block_eta=4.07h
k=392 t=3  54.55%  idx=6.354853e+15/1.164932e+16 surv=1 checked=4.1303e+16 rate=3.691e+11/s elapsed=7.08h block_eta=3.98h
k=392 t=3  55.50%  idx=6.465575e+15/1.164932e+16 surv=1 checked=4.1414e+16 rate=3.691e+11/s elapsed=7.17h block_eta=3.90h
k=392 t=3  56.45%  idx=6.576287e+15/1.164932e+16 surv=2 checked=4.1524e+16 rate=3.691e+11/s elapsed=7.25h block_eta=3.82h
k=392 t=3  57.40%  idx=6.686992e+15/1.164932e+16 surv=2 checked=4.1635e+16 rate=3.691e+11/s elapsed=7.33h block_eta=3.73h
k=392 t=3  58.35%  idx=6.797702e+15/1.164932e+16 surv=2 checked=4.1746e+16 rate=3.691e+11/s elapsed=7.42h block_eta=3.65h
k=392 t=3  59.30%  idx=6.908460e+15/1.164932e+16 surv=2 checked=4.1856e+16 rate=3.691e+11/s elapsed=7.50h block_eta=3.57h
k=392 t=3  60.25%  idx=7.019287e+15/1.164932e+16 surv=2 checked=4.1967e+16 rate=3.691e+11/s elapsed=7.58h block_eta=3.48h
k=392 t=3  61.21%  idx=7.130136e+15/1.164932e+16 surv=2 checked=4.2078e+16 rate=3.691e+11/s elapsed=7.67h block_eta=3.40h
k=392 t=3  62.16%  idx=7.240884e+15/1.164932e+16 surv=2 checked=4.2189e+16 rate=3.691e+11/s elapsed=7.75h block_eta=3.32h
k=392 t=3  63.11%  idx=7.351603e+15/1.164932e+16 surv=2 checked=4.2300e+16 rate=3.691e+11/s elapsed=7.83h block_eta=3.23h
k=392 t=3  64.06%  idx=7.462345e+15/1.164932e+16 surv=2 checked=4.2410e+16 rate=3.691e+11/s elapsed=7.92h block_eta=3.15h
k=392 t=3  65.01%  idx=7.573065e+15/1.164932e+16 surv=2 checked=4.2521e+16 rate=3.691e+11/s elapsed=8.00h block_eta=3.07h
k=392 t=3  65.96%  idx=7.683771e+15/1.164932e+16 surv=2 checked=4.2632e+16 rate=3.691e+11/s elapsed=8.08h block_eta=2.98h
k=392 t=3  66.91%  idx=7.794525e+15/1.164932e+16 surv=2 checked=4.2742e+16 rate=3.691e+11/s elapsed=8.17h block_eta=2.90h
k=392 t=3  67.86%  idx=7.905334e+15/1.164932e+16 surv=2 checked=4.2853e+16 rate=3.691e+11/s elapsed=8.25h block_eta=2.82h
k=392 t=3  68.81%  idx=8.016148e+15/1.164932e+16 surv=2 checked=4.2964e+16 rate=3.691e+11/s elapsed=8.33h block_eta=2.73h
k=392 t=3  69.76%  idx=8.126946e+15/1.164932e+16 surv=2 checked=4.3075e+16 rate=3.691e+11/s elapsed=8.42h block_eta=2.65h
k=392 t=3  70.71%  idx=8.237689e+15/1.164932e+16 surv=2 checked=4.3186e+16 rate=3.691e+11/s elapsed=8.50h block_eta=2.57h
k=392 t=3  71.66%  idx=8.348445e+15/1.164932e+16 surv=2 checked=4.3296e+16 rate=3.691e+11/s elapsed=8.58h block_eta=2.48h
k=392 t=3  72.62%  idx=8.459219e+15/1.164932e+16 surv=2 checked=4.3407e+16 rate=3.691e+11/s elapsed=8.67h block_eta=2.40h
k=392 t=3  73.57%  idx=8.569967e+15/1.164932e+16 surv=2 checked=4.3518e+16 rate=3.691e+11/s elapsed=8.75h block_eta=2.32h
k=392 t=3  74.52%  idx=8.680685e+15/1.164932e+16 surv=2 checked=4.3629e+16 rate=3.691e+11/s elapsed=8.83h block_eta=2.23h
k=392 t=3  75.47%  idx=8.791419e+15/1.164932e+16 surv=2 checked=4.3739e+16 rate=3.691e+11/s elapsed=8.92h block_eta=2.15h
k=392 t=3  76.42%  idx=8.902158e+15/1.164932e+16 surv=2 checked=4.3850e+16 rate=3.691e+11/s elapsed=9.00h block_eta=2.07h
k=392 t=3  77.37%  idx=9.012877e+15/1.164932e+16 surv=2 checked=4.3961e+16 rate=3.691e+11/s elapsed=9.08h block_eta=1.98h
k=392 t=3  78.32%  idx=9.123659e+15/1.164932e+16 surv=2 checked=4.4072e+16 rate=3.691e+11/s elapsed=9.17h block_eta=1.90h
k=392 t=3  79.27%  idx=9.234415e+15/1.164932e+16 surv=2 checked=4.4182e+16 rate=3.691e+11/s elapsed=9.25h block_eta=1.82h
k=392 t=3  80.22%  idx=9.345151e+15/1.164932e+16 surv=2 checked=4.4293e+16 rate=3.691e+11/s elapsed=9.33h block_eta=1.73h
k=392 t=3  81.17%  idx=9.455879e+15/1.164932e+16 surv=2 checked=4.4404e+16 rate=3.691e+11/s elapsed=9.42h block_eta=1.65h
k=392 t=3  82.12%  idx=9.566584e+15/1.164932e+16 surv=2 checked=4.4515e+16 rate=3.691e+11/s elapsed=9.50h block_eta=1.57h
k=392 t=3  83.07%  idx=9.677304e+15/1.164932e+16 surv=2 checked=4.4625e+16 rate=3.691e+11/s elapsed=9.58h block_eta=1.48h
k=392 t=3  84.02%  idx=9.788052e+15/1.164932e+16 surv=2 checked=4.4736e+16 rate=3.691e+11/s elapsed=9.67h block_eta=1.40h
k=392 t=3  84.97%  idx=9.898844e+15/1.164932e+16 surv=2 checked=4.4847e+16 rate=3.691e+11/s elapsed=9.75h block_eta=1.32h
k=392 t=3  85.92%  idx=1.000964e+16/1.164932e+16 surv=2 checked=4.4958e+16 rate=3.691e+11/s elapsed=9.83h block_eta=1.23h
k=392 t=3  86.88%  idx=1.012047e+16/1.164932e+16 surv=2 checked=4.5068e+16 rate=3.691e+11/s elapsed=9.92h block_eta=1.15h
k=392 t=3  87.83%  idx=1.023130e+16/1.164932e+16 surv=2 checked=4.5179e+16 rate=3.691e+11/s elapsed=10.00h block_eta=1.07h
k=392 t=3  88.78%  idx=1.034220e+16/1.164932e+16 surv=2 checked=4.5290e+16 rate=3.691e+11/s elapsed=10.08h block_eta=0.98h
k=392 t=3  89.73%  idx=1.045311e+16/1.164932e+16 surv=2 checked=4.5401e+16 rate=3.692e+11/s elapsed=10.17h block_eta=0.90h
k=392 t=3  90.68%  idx=1.056401e+16/1.164932e+16 surv=2 checked=4.5512e+16 rate=3.692e+11/s elapsed=10.25h block_eta=0.82h
k=392 t=3  91.64%  idx=1.067489e+16/1.164932e+16 surv=2 checked=4.5623e+16 rate=3.692e+11/s elapsed=10.33h block_eta=0.73h
k=392 t=3  92.59%  idx=1.078578e+16/1.164932e+16 surv=2 checked=4.5734e+16 rate=3.692e+11/s elapsed=10.42h block_eta=0.65h
k=392 t=3  93.54%  idx=1.089669e+16/1.164932e+16 surv=2 checked=4.5845e+16 rate=3.692e+11/s elapsed=10.50h block_eta=0.57h
k=392 t=3  94.49%  idx=1.100761e+16/1.164932e+16 surv=2 checked=4.5956e+16 rate=3.692e+11/s elapsed=10.58h block_eta=0.48h
k=392 t=3  95.44%  idx=1.111846e+16/1.164932e+16 surv=2 checked=4.6066e+16 rate=3.692e+11/s elapsed=10.67h block_eta=0.40h
k=392 t=3  96.39%  idx=1.122935e+16/1.164932e+16 surv=2 checked=4.6177e+16 rate=3.692e+11/s elapsed=10.75h block_eta=0.32h
k=392 t=3  97.35%  idx=1.134023e+16/1.164932e+16 surv=2 checked=4.6288e+16 rate=3.692e+11/s elapsed=10.83h block_eta=0.23h
k=392 t=3  98.30%  idx=1.145113e+16/1.164932e+16 surv=2 checked=4.6399e+16 rate=3.692e+11/s elapsed=10.92h block_eta=0.15h
k=392 t=3  99.25%  idx=1.156198e+16/1.164932e+16 surv=2 checked=4.6510e+16 rate=3.692e+11/s elapsed=11.00h block_eta=0.07h
{"k": 392, "status": "FOUND", "g": "2149910863290282683111595748554173", "block": 3, "engine": "gpu_sieve_v9", "block_audit": [{"t": 0, "residues_enumerated": 11649318912000000, "kernel_survivors": 1, "after_n_gt_k_plus_1": 0, "passed_ref_is_good": 0, "survivors_n": ["392"], "sha256_survivors": "6ea2fdb3399f4d2e806beb01e9a3371bd622bed6a409acf3151818d738c370ec"}, {"t": 1, "residues_enumerated": 11649318912000000, "kernel_survivors": 0, "after_n_gt_k_plus_1": 0, "passed_ref_is_good": 0, "survivors_n": [], "sha256_survivors": "e3b0c44298fc1c149afbf4c8996fb92427ae41e4649b934ca495991b7852b855"}, {"t": 2, "residues_enumerated": 11649318912000000, "kernel_survivors": 0, "after_n_gt_k_plus_1": 0, "passed_ref_is_good": 0, "survivors_n": [], "sha256_survivors": "e3b0c44298fc1c149afbf4c8996fb92427ae41e4649b934ca495991b7852b855"}, {"t": 3, "residues_enumerated": 11649318912000000, "kernel_survivors": 2, "after_n_gt_k_plus_1": 2, "passed_ref_is_good": 2, "survivors_n": ["2149910863290282683111595748554173", "2250487814358833248009085000133548"], "sha256_survivors": "bc5dcaa1bcfea186facb42460150112d06ce80990787f90b079eeffc234ae8db"}], "surv_hash_recipe": "sha256 of the UTF-8 bytes of '\\n'.join(decimal(n) for n in sorted(survivors)), no trailing newline; the empty list hashes to sha256(b'')", "blocks_scanned": 4, "survivors_in_block": 2, "all_good_in_block": ["2149910863290282683111595748554173", "2250487814358833248009085000133548"], "residues_checked": 46597275648000000, "wall": 39836.62913775444, "restarts": 2, "plan": {"k": 392, "wheel": [[2, 9], [5, 4], [211, 1], [139, 1], [103, 1], [137, 1], [101, 1], [31, 1], [67, 1], [3, 5], [19, 1], [199, 1], [11, 1], [79, 1], [197, 1], [131, 1]], "wheel_primes": [2, 5, 211, 139, 103, 137, 101, 31, 67, 3, 19, 199, 11, 79, 197, 131], "split_primes": [[211, 1, 2], [139, 1, 2], [103, 1, 2], [137, 1, 2], [101, 1, 2], [31, 1, 2], [67, 1, 2], [3, 5, 6], [19, 1, 3], [199, 1, 2], [11, 1, 3], [79, 1, 2], [197, 1, 2], [131, 1, 2]], "N_bits": 109, "M_bits": 109, "M": "572444181305803073385879330240000", "N": "572444181305803073385879330240000", "n_filters": 75, "residues_per_block": 11649318912000000, "density_wheel": 2.035013944141545e-17, "density_rest": 7.133287970131682e-17, "expected_g": 6.888788540814795e+32, "E_g": 6.888788540814795e+32, "expected_blocks": 1.2033991724923767, "N_over_E": 0.8309794645519708, "expected_residue_checks": 1.4018780738800594e+16, "expected_checks_true": 2.0641001564046316e+16}, "engine_module": "gpu_sieve_v9", "engine_file": "sieve/gpu_sieve_v9.py", "engine_commit": "df0365a", "tag": "primary"}
