# banned [3] -> wheel [[2, 9], [5, 1], [7, 2], [19, 1], [23, 2], [43, 1], [79, 1], [97, 1], [127, 1], [131, 1], [191, 1], [193, 1], [197, 1], [199, 1], [211, 1]]
k=378 t=0   3.79%  idx=4.796082e+13/1.264666e+15 surv=1 checked=4.7961e+13 rate=3.997e+11/s elapsed=0.03h block_eta=0.85h
k=378 t=0   7.54%  idx=9.540732e+13/1.264666e+15 surv=1 checked=9.5407e+13 rate=3.975e+11/s elapsed=0.07h block_eta=0.82h
k=378 t=0  11.29%  idx=1.427615e+14/1.264666e+15 surv=1 checked=1.4276e+14 rate=3.966e+11/s elapsed=0.10h block_eta=0.79h
k=378 t=0  15.03%  idx=1.900791e+14/1.264666e+15 surv=1 checked=1.9008e+14 rate=3.960e+11/s elapsed=0.13h block_eta=0.75h
k=378 t=0  18.77%  idx=2.374011e+14/1.264666e+15 surv=1 checked=2.3740e+14 rate=3.957e+11/s elapsed=0.17h block_eta=0.72h
k=378 t=0  22.51%  idx=2.847273e+14/1.264666e+15 surv=1 checked=2.8473e+14 rate=3.954e+11/s elapsed=0.20h block_eta=0.69h
k=378 t=0  26.26%  idx=3.320428e+14/1.264666e+15 surv=1 checked=3.3204e+14 rate=3.953e+11/s elapsed=0.23h block_eta=0.66h
k=378 t=0  30.00%  idx=3.794024e+14/1.264666e+15 surv=1 checked=3.7940e+14 rate=3.952e+11/s elapsed=0.27h block_eta=0.62h
k=378 t=0  33.74%  idx=4.267404e+14/1.264666e+15 surv=1 checked=4.2674e+14 rate=3.951e+11/s elapsed=0.30h block_eta=0.59h
k=378 t=0  37.48%  idx=4.740570e+14/1.264666e+15 surv=1 checked=4.7406e+14 rate=3.950e+11/s elapsed=0.33h block_eta=0.56h
k=378 t=0  41.23%  idx=5.213650e+14/1.264666e+15 surv=1 checked=5.2136e+14 rate=3.950e+11/s elapsed=0.37h block_eta=0.52h
k=378 t=0  44.97%  idx=5.686869e+14/1.264666e+15 surv=1 checked=5.6869e+14 rate=3.949e+11/s elapsed=0.40h block_eta=0.49h
k=378 t=0  48.71%  idx=6.160132e+14/1.264666e+15 surv=1 checked=6.1601e+14 rate=3.949e+11/s elapsed=0.43h block_eta=0.46h
k=378 t=0  52.45%  idx=6.633297e+14/1.264666e+15 surv=1 checked=6.6333e+14 rate=3.948e+11/s elapsed=0.47h block_eta=0.42h
k=378 t=0  56.19%  idx=7.106517e+14/1.264666e+15 surv=1 checked=7.1065e+14 rate=3.948e+11/s elapsed=0.50h block_eta=0.39h
k=378 t=0  59.93%  idx=7.579522e+14/1.264666e+15 surv=1 checked=7.5795e+14 rate=3.948e+11/s elapsed=0.53h block_eta=0.36h
k=378 t=0  63.67%  idx=8.052580e+14/1.264666e+15 surv=1 checked=8.0526e+14 rate=3.947e+11/s elapsed=0.57h block_eta=0.32h
k=378 t=0  67.41%  idx=8.525681e+14/1.264666e+15 surv=1 checked=8.5257e+14 rate=3.947e+11/s elapsed=0.60h block_eta=0.29h
k=378 t=0  71.15%  idx=8.998675e+14/1.264666e+15 surv=1 checked=8.9987e+14 rate=3.947e+11/s elapsed=0.63h block_eta=0.26h
k=378 t=0  74.89%  idx=9.471712e+14/1.264666e+15 surv=1 checked=9.4717e+14 rate=3.946e+11/s elapsed=0.67h block_eta=0.22h
k=378 t=0  78.64%  idx=9.944749e+14/1.264666e+15 surv=1 checked=9.9447e+14 rate=3.946e+11/s elapsed=0.70h block_eta=0.19h
k=378 t=0  82.38%  idx=1.041797e+15/1.264666e+15 surv=1 checked=1.0418e+15 rate=3.946e+11/s elapsed=0.73h block_eta=0.16h
k=378 t=0  86.12%  idx=1.089099e+15/1.264666e+15 surv=2 checked=1.0891e+15 rate=3.946e+11/s elapsed=0.77h block_eta=0.12h
k=378 t=0  89.86%  idx=1.136396e+15/1.264666e+15 surv=2 checked=1.1364e+15 rate=3.946e+11/s elapsed=0.80h block_eta=0.09h
k=378 t=0  93.60%  idx=1.183692e+15/1.264666e+15 surv=2 checked=1.1837e+15 rate=3.946e+11/s elapsed=0.83h block_eta=0.06h
k=378 t=0  97.34%  idx=1.230969e+15/1.264666e+15 surv=2 checked=1.2310e+15 rate=3.945e+11/s elapsed=0.87h block_eta=0.02h
k=378 block t=0 complete: no survivor passed the referee; advancing
k=378 t=1   1.07%  idx=1.357424e+13/1.264666e+15 surv=0 checked=1.2782e+15 rate=3.945e+11/s elapsed=0.90h block_eta=0.88h
k=378 t=1   4.81%  idx=6.083284e+13/1.264666e+15 surv=0 checked=1.3255e+15 rate=3.945e+11/s elapsed=0.93h block_eta=0.85h
k=378 t=1   8.55%  idx=1.080786e+14/1.264666e+15 surv=0 checked=1.3727e+15 rate=3.945e+11/s elapsed=0.97h block_eta=0.81h
k=378 t=1  12.28%  idx=1.553339e+14/1.264666e+15 surv=0 checked=1.4200e+15 rate=3.944e+11/s elapsed=1.00h block_eta=0.78h
k=378 t=1  16.02%  idx=2.026054e+14/1.264666e+15 surv=0 checked=1.4673e+15 rate=3.944e+11/s elapsed=1.03h block_eta=0.75h
k=378 t=1  19.76%  idx=2.498812e+14/1.264666e+15 surv=0 checked=1.5145e+15 rate=3.944e+11/s elapsed=1.07h block_eta=0.71h
k=378 t=1  23.50%  idx=2.971559e+14/1.264666e+15 surv=0 checked=1.5618e+15 rate=3.944e+11/s elapsed=1.10h block_eta=0.68h
k=378 t=1  27.24%  idx=3.444392e+14/1.264666e+15 surv=0 checked=1.6091e+15 rate=3.944e+11/s elapsed=1.13h block_eta=0.65h
k=378 t=1  30.98%  idx=3.917311e+14/1.264666e+15 surv=0 checked=1.6564e+15 rate=3.944e+11/s elapsed=1.17h block_eta=0.61h
k=378 t=1  34.72%  idx=4.390380e+14/1.264666e+15 surv=0 checked=1.7037e+15 rate=3.944e+11/s elapsed=1.20h block_eta=0.58h
k=378 t=1  38.46%  idx=4.863492e+14/1.264666e+15 surv=0 checked=1.7510e+15 rate=3.944e+11/s elapsed=1.23h block_eta=0.55h
k=378 t=1  42.20%  idx=5.336582e+14/1.264666e+15 surv=0 checked=1.7983e+15 rate=3.944e+11/s elapsed=1.27h block_eta=0.51h
k=378 t=1  45.94%  idx=5.809662e+14/1.264666e+15 surv=0 checked=1.8456e+15 rate=3.944e+11/s elapsed=1.30h block_eta=0.48h
k=378 t=1  49.68%  idx=6.282807e+14/1.264666e+15 surv=0 checked=1.8929e+15 rate=3.944e+11/s elapsed=1.33h block_eta=0.45h
k=378 t=1  53.42%  idx=6.756080e+14/1.264666e+15 surv=0 checked=1.9403e+15 rate=3.944e+11/s elapsed=1.37h block_eta=0.41h
k=378 t=1  57.16%  idx=7.229278e+14/1.264666e+15 surv=0 checked=1.9876e+15 rate=3.944e+11/s elapsed=1.40h block_eta=0.38h
k=378 t=1  60.90%  idx=7.702358e+14/1.264666e+15 surv=0 checked=2.0349e+15 rate=3.944e+11/s elapsed=1.43h block_eta=0.35h
k=378 t=1  64.64%  idx=8.175373e+14/1.264666e+15 surv=0 checked=2.0822e+15 rate=3.944e+11/s elapsed=1.47h block_eta=0.31h
k=378 t=1  68.39%  idx=8.648711e+14/1.264666e+15 surv=0 checked=2.1295e+15 rate=3.944e+11/s elapsed=1.50h block_eta=0.28h
k=378 t=1  72.13%  idx=9.122123e+14/1.264666e+15 surv=0 checked=2.1769e+15 rate=3.944e+11/s elapsed=1.53h block_eta=0.25h
k=378 t=1  75.87%  idx=9.595461e+14/1.264666e+15 surv=0 checked=2.2242e+15 rate=3.944e+11/s elapsed=1.57h block_eta=0.21h
k=378 t=1  79.62%  idx=1.006880e+15/1.264666e+15 surv=0 checked=2.2715e+15 rate=3.944e+11/s elapsed=1.60h block_eta=0.18h
k=378 t=1  83.36%  idx=1.054210e+15/1.264666e+15 surv=0 checked=2.3189e+15 rate=3.944e+11/s elapsed=1.63h block_eta=0.15h
k=378 t=1  87.10%  idx=1.101506e+15/1.264666e+15 surv=0 checked=2.3662e+15 rate=3.944e+11/s elapsed=1.67h block_eta=0.11h
k=378 t=1  90.84%  idx=1.148793e+15/1.264666e+15 surv=0 checked=2.4135e+15 rate=3.944e+11/s elapsed=1.70h block_eta=0.08h
k=378 t=1  94.58%  idx=1.196071e+15/1.264666e+15 surv=0 checked=2.4607e+15 rate=3.943e+11/s elapsed=1.73h block_eta=0.05h
k=378 t=1  98.32%  idx=1.243366e+15/1.264666e+15 surv=0 checked=2.5080e+15 rate=3.943e+11/s elapsed=1.77h block_eta=0.02h
k=378 block t=1 complete: no survivor passed the referee; advancing
k=378 t=2   2.06%  idx=2.600388e+13/1.264666e+15 surv=0 checked=2.5553e+15 rate=3.943e+11/s elapsed=1.80h block_eta=0.87h
k=378 t=2   5.80%  idx=7.330972e+13/1.264666e+15 surv=0 checked=2.6026e+15 rate=3.943e+11/s elapsed=1.83h block_eta=0.84h
k=378 t=2   9.54%  idx=1.206080e+14/1.264666e+15 surv=0 checked=2.6499e+15 rate=3.943e+11/s elapsed=1.87h block_eta=0.81h
k=378 t=2  13.28%  idx=1.678935e+14/1.264666e+15 surv=0 checked=2.6972e+15 rate=3.943e+11/s elapsed=1.90h block_eta=0.77h
k=378 t=2  17.02%  idx=2.151832e+14/1.264666e+15 surv=0 checked=2.7445e+15 rate=3.943e+11/s elapsed=1.93h block_eta=0.74h
k=378 t=2  20.75%  idx=2.624697e+14/1.264666e+15 surv=0 checked=2.7918e+15 rate=3.943e+11/s elapsed=1.97h block_eta=0.71h
k=378 t=2  24.49%  idx=3.097724e+14/1.264666e+15 surv=0 checked=2.8391e+15 rate=3.943e+11/s elapsed=2.00h block_eta=0.67h
k=378 t=2  28.23%  idx=3.570728e+14/1.264666e+15 surv=0 checked=2.8864e+15 rate=3.943e+11/s elapsed=2.03h block_eta=0.64h
k=378 t=2  31.97%  idx=4.043647e+14/1.264666e+15 surv=0 checked=2.9337e+15 rate=3.943e+11/s elapsed=2.07h block_eta=0.61h
k=378 t=2  35.71%  idx=4.516512e+14/1.264666e+15 surv=0 checked=2.9810e+15 rate=3.943e+11/s elapsed=2.10h block_eta=0.57h
k=378 t=2  39.45%  idx=4.989388e+14/1.264666e+15 surv=0 checked=3.0283e+15 rate=3.943e+11/s elapsed=2.13h block_eta=0.54h
k=378 t=2  43.19%  idx=5.462189e+14/1.264666e+15 surv=0 checked=3.0756e+15 rate=3.943e+11/s elapsed=2.17h block_eta=0.51h
k=378 t=2  46.93%  idx=5.934936e+14/1.264666e+15 surv=0 checked=3.1228e+15 rate=3.943e+11/s elapsed=2.20h block_eta=0.47h
k=378 t=2  50.67%  idx=6.407769e+14/1.264666e+15 surv=0 checked=3.1701e+15 rate=3.943e+11/s elapsed=2.23h block_eta=0.44h
k=378 t=2  54.41%  idx=6.880451e+14/1.264666e+15 surv=0 checked=3.2174e+15 rate=3.943e+11/s elapsed=2.27h block_eta=0.41h
k=378 t=2  58.14%  idx=7.353188e+14/1.264666e+15 surv=0 checked=3.2647e+15 rate=3.943e+11/s elapsed=2.30h block_eta=0.37h
k=378 t=2  61.88%  idx=7.825881e+14/1.264666e+15 surv=0 checked=3.3119e+15 rate=3.943e+11/s elapsed=2.33h block_eta=0.34h
k=378 t=2  65.62%  idx=8.298639e+14/1.264666e+15 surv=0 checked=3.3592e+15 rate=3.943e+11/s elapsed=2.37h block_eta=0.31h
k=378 t=2  69.36%  idx=8.771579e+14/1.264666e+15 surv=0 checked=3.4065e+15 rate=3.943e+11/s elapsed=2.40h block_eta=0.27h
k=378 t=2  73.10%  idx=9.244315e+14/1.264666e+15 surv=0 checked=3.4538e+15 rate=3.943e+11/s elapsed=2.43h block_eta=0.24h
k=378 t=2  76.83%  idx=9.717041e+14/1.264666e+15 surv=0 checked=3.5010e+15 rate=3.943e+11/s elapsed=2.47h block_eta=0.21h
k=378 t=2  80.57%  idx=1.018973e+15/1.264666e+15 surv=0 checked=3.5483e+15 rate=3.943e+11/s elapsed=2.50h block_eta=0.17h
k=378 t=2  84.31%  idx=1.066242e+15/1.264666e+15 surv=0 checked=3.5956e+15 rate=3.942e+11/s elapsed=2.53h block_eta=0.14h
k=378 t=2  88.05%  idx=1.113500e+15/1.264666e+15 surv=0 checked=3.6428e+15 rate=3.942e+11/s elapsed=2.57h block_eta=0.11h
k=378 t=2  91.78%  idx=1.160765e+15/1.264666e+15 surv=0 checked=3.6901e+15 rate=3.942e+11/s elapsed=2.60h block_eta=0.07h
k=378 t=2  95.52%  idx=1.208030e+15/1.264666e+15 surv=0 checked=3.7374e+15 rate=3.942e+11/s elapsed=2.63h block_eta=0.04h
k=378 t=2  99.26%  idx=1.255309e+15/1.264666e+15 surv=0 checked=3.7846e+15 rate=3.942e+11/s elapsed=2.67h block_eta=0.01h
k=378 block t=2 complete: no survivor passed the referee; advancing
k=378 t=3   3.00%  idx=3.791704e+13/1.264666e+15 surv=0 checked=3.8319e+15 rate=3.942e+11/s elapsed=2.70h block_eta=0.86h
k=378 t=3   6.74%  idx=8.519497e+13/1.264666e+15 surv=0 checked=3.8792e+15 rate=3.942e+11/s elapsed=2.73h block_eta=0.83h
k=378 t=3  10.48%  idx=1.324750e+14/1.264666e+15 surv=0 checked=3.9265e+15 rate=3.942e+11/s elapsed=2.77h block_eta=0.80h
k=378 t=3  14.21%  idx=1.797433e+14/1.264666e+15 surv=0 checked=3.9737e+15 rate=3.942e+11/s elapsed=2.80h block_eta=0.76h
k=378 t=3  17.95%  idx=2.270051e+14/1.264666e+15 surv=0 checked=4.0210e+15 rate=3.942e+11/s elapsed=2.83h block_eta=0.73h
k=378 t=3  21.69%  idx=2.742712e+14/1.264666e+15 surv=0 checked=4.0683e+15 rate=3.942e+11/s elapsed=2.87h block_eta=0.70h
k=378 t=3  25.43%  idx=3.215438e+14/1.264666e+15 surv=0 checked=4.1155e+15 rate=3.942e+11/s elapsed=2.90h block_eta=0.66h
k=378 t=3  29.16%  idx=3.688153e+14/1.264666e+15 surv=0 checked=4.1628e+15 rate=3.942e+11/s elapsed=2.93h block_eta=0.63h
k=378 t=3  32.90%  idx=4.160986e+14/1.264666e+15 surv=0 checked=4.2101e+15 rate=3.942e+11/s elapsed=2.97h block_eta=0.60h
k=378 t=3  36.64%  idx=4.633947e+14/1.264666e+15 surv=0 checked=4.2574e+15 rate=3.942e+11/s elapsed=3.00h block_eta=0.56h
k=378 t=3  40.38%  idx=5.106877e+14/1.264666e+15 surv=0 checked=4.3047e+15 rate=3.942e+11/s elapsed=3.03h block_eta=0.53h
k=378 t=3  44.12%  idx=5.579914e+14/1.264666e+15 surv=0 checked=4.3520e+15 rate=3.942e+11/s elapsed=3.07h block_eta=0.50h
k=378 t=3  47.86%  idx=6.053004e+14/1.264666e+15 surv=0 checked=4.3993e+15 rate=3.942e+11/s elapsed=3.10h block_eta=0.46h
k=378 t=3  51.60%  idx=6.526138e+14/1.264666e+15 surv=0 checked=4.4466e+15 rate=3.942e+11/s elapsed=3.13h block_eta=0.43h
k=378 t=3  55.35%  idx=6.999443e+14/1.264666e+15 surv=0 checked=4.4939e+15 rate=3.942e+11/s elapsed=3.17h block_eta=0.40h
k=378 t=3  59.09%  idx=7.472427e+14/1.264666e+15 surv=0 checked=4.5412e+15 rate=3.942e+11/s elapsed=3.20h block_eta=0.36h
k=378 t=3  62.83%  idx=7.945281e+14/1.264666e+15 surv=0 checked=4.5885e+15 rate=3.942e+11/s elapsed=3.23h block_eta=0.33h
k=378 t=3  66.56%  idx=8.417996e+14/1.264666e+15 surv=0 checked=4.6358e+15 rate=3.942e+11/s elapsed=3.27h block_eta=0.30h
k=378 t=3  70.30%  idx=8.890711e+14/1.264666e+15 surv=0 checked=4.6831e+15 rate=3.942e+11/s elapsed=3.30h block_eta=0.26h
k=378 t=3  74.04%  idx=9.363490e+14/1.264666e+15 surv=0 checked=4.7303e+15 rate=3.942e+11/s elapsed=3.33h block_eta=0.23h
k=378 t=3  77.78%  idx=9.836248e+14/1.264666e+15 surv=0 checked=4.7776e+15 rate=3.942e+11/s elapsed=3.37h block_eta=0.20h
k=378 t=3  81.52%  idx=1.030901e+15/1.264666e+15 surv=0 checked=4.8249e+15 rate=3.942e+11/s elapsed=3.40h block_eta=0.16h
k=378 t=3  85.25%  idx=1.078173e+15/1.264666e+15 surv=0 checked=4.8722e+15 rate=3.942e+11/s elapsed=3.43h block_eta=0.13h
k=378 t=3  88.99%  idx=1.125455e+15/1.264666e+15 surv=0 checked=4.9195e+15 rate=3.942e+11/s elapsed=3.47h block_eta=0.10h
k=378 t=3  92.73%  idx=1.172733e+15/1.264666e+15 surv=0 checked=4.9667e+15 rate=3.942e+11/s elapsed=3.50h block_eta=0.06h
k=378 t=3  96.47%  idx=1.220005e+15/1.264666e+15 surv=0 checked=5.0140e+15 rate=3.942e+11/s elapsed=3.53h block_eta=0.03h
k=378 block t=3 complete: no survivor passed the referee; advancing
k=378 t=4   0.21%  idx=2.608119e+12/1.264666e+15 surv=0 checked=5.0613e+15 rate=3.942e+11/s elapsed=3.57h block_eta=0.89h
k=378 t=4   3.94%  idx=4.987853e+13/1.264666e+15 surv=0 checked=5.1085e+15 rate=3.942e+11/s elapsed=3.60h block_eta=0.86h
k=378 t=4   7.68%  idx=9.714142e+13/1.264666e+15 surv=0 checked=5.1558e+15 rate=3.942e+11/s elapsed=3.63h block_eta=0.82h
k=378 t=4  11.42%  idx=1.444054e+14/1.264666e+15 surv=0 checked=5.2031e+15 rate=3.942e+11/s elapsed=3.67h block_eta=0.79h
k=378 t=4  15.16%  idx=1.916683e+14/1.264666e+15 surv=0 checked=5.2503e+15 rate=3.942e+11/s elapsed=3.70h block_eta=0.76h
k=378 t=4  18.89%  idx=2.389462e+14/1.264666e+15 surv=0 checked=5.2976e+15 rate=3.942e+11/s elapsed=3.73h block_eta=0.72h
k=378 t=4  22.63%  idx=2.862273e+14/1.264666e+15 surv=0 checked=5.3449e+15 rate=3.942e+11/s elapsed=3.77h block_eta=0.69h
k=378 t=4  26.37%  idx=3.335214e+14/1.264666e+15 surv=0 checked=5.3922e+15 rate=3.942e+11/s elapsed=3.80h block_eta=0.66h
k=378 t=4  30.11%  idx=3.807993e+14/1.264666e+15 surv=0 checked=5.4395e+15 rate=3.942e+11/s elapsed=3.83h block_eta=0.62h
k=378 t=4  33.85%  idx=4.280922e+14/1.264666e+15 surv=0 checked=5.4868e+15 rate=3.942e+11/s elapsed=3.87h block_eta=0.59h
k=378 t=4  37.59%  idx=4.753831e+14/1.264666e+15 surv=0 checked=5.5340e+15 rate=3.942e+11/s elapsed=3.90h block_eta=0.56h
k=378 t=4  41.33%  idx=5.226728e+14/1.264666e+15 surv=0 checked=5.5813e+15 rate=3.942e+11/s elapsed=3.93h block_eta=0.52h
k=378 t=4  45.07%  idx=5.699593e+14/1.264666e+15 surv=0 checked=5.6286e+15 rate=3.942e+11/s elapsed=3.97h block_eta=0.49h
k=378 t=4  48.81%  idx=6.172630e+14/1.264666e+15 surv=0 checked=5.6759e+15 rate=3.942e+11/s elapsed=4.00h block_eta=0.46h
k=378 t=4  52.55%  idx=6.645656e+14/1.264666e+15 surv=0 checked=5.7232e+15 rate=3.942e+11/s elapsed=4.03h block_eta=0.42h
k=378 t=4  56.29%  idx=7.118747e+14/1.264666e+15 surv=0 checked=5.7705e+15 rate=3.942e+11/s elapsed=4.07h block_eta=0.39h
k=378 t=4  60.03%  idx=7.591773e+14/1.264666e+15 surv=0 checked=5.8178e+15 rate=3.942e+11/s elapsed=4.10h block_eta=0.36h
k=378 t=4  63.77%  idx=8.064842e+14/1.264666e+15 surv=0 checked=5.8651e+15 rate=3.942e+11/s elapsed=4.13h block_eta=0.32h
k=378 t=4  67.51%  idx=8.537804e+14/1.264666e+15 surv=0 checked=5.9124e+15 rate=3.942e+11/s elapsed=4.17h block_eta=0.29h
k=378 t=4  71.25%  idx=9.010766e+14/1.264666e+15 surv=0 checked=5.9597e+15 rate=3.942e+11/s elapsed=4.20h block_eta=0.26h
k=378 t=4  74.99%  idx=9.483599e+14/1.264666e+15 surv=0 checked=6.0070e+15 rate=3.942e+11/s elapsed=4.23h block_eta=0.22h
k=378 t=4  78.73%  idx=9.956453e+14/1.264666e+15 surv=0 checked=6.0543e+15 rate=3.942e+11/s elapsed=4.27h block_eta=0.19h
k=378 t=4  82.47%  idx=1.042910e+15/1.264666e+15 surv=0 checked=6.1016e+15 rate=3.942e+11/s elapsed=4.30h block_eta=0.16h
k=378 t=4  86.20%  idx=1.090178e+15/1.264666e+15 surv=0 checked=6.1488e+15 rate=3.942e+11/s elapsed=4.33h block_eta=0.12h
k=378 t=4  89.94%  idx=1.137447e+15/1.264666e+15 surv=0 checked=6.1961e+15 rate=3.942e+11/s elapsed=4.37h block_eta=0.09h
k=378 t=4  93.68%  idx=1.184716e+15/1.264666e+15 surv=0 checked=6.2434e+15 rate=3.941e+11/s elapsed=4.40h block_eta=0.06h
k=378 t=4  97.42%  idx=1.231981e+15/1.264666e+15 surv=0 checked=6.2906e+15 rate=3.941e+11/s elapsed=4.43h block_eta=0.02h
k=378 block t=4 complete: no survivor passed the referee; advancing
k=378 t=5   1.15%  idx=1.458141e+13/1.264666e+15 surv=0 checked=6.3379e+15 rate=3.941e+11/s elapsed=4.47h block_eta=0.88h
k=378 t=5   4.89%  idx=6.185826e+13/1.264666e+15 surv=0 checked=6.3852e+15 rate=3.941e+11/s elapsed=4.50h block_eta=0.85h
k=378 t=5   8.63%  idx=1.091254e+14/1.264666e+15 surv=0 checked=6.4325e+15 rate=3.941e+11/s elapsed=4.53h block_eta=0.81h
k=378 t=5  12.36%  idx=1.563755e+14/1.264666e+15 surv=0 checked=6.4797e+15 rate=3.941e+11/s elapsed=4.57h block_eta=0.78h
k=378 t=5  16.10%  idx=2.036287e+14/1.264666e+15 surv=0 checked=6.5270e+15 rate=3.941e+11/s elapsed=4.60h block_eta=0.75h
k=378 t=5  19.84%  idx=2.508969e+14/1.264666e+15 surv=0 checked=6.5742e+15 rate=3.941e+11/s elapsed=4.63h block_eta=0.71h
k=378 t=5  23.58%  idx=2.981631e+14/1.264666e+15 surv=0 checked=6.6215e+15 rate=3.941e+11/s elapsed=4.67h block_eta=0.68h
k=378 t=5  27.31%  idx=3.454292e+14/1.264666e+15 surv=0 checked=6.6688e+15 rate=3.941e+11/s elapsed=4.70h block_eta=0.65h
k=378 t=5  31.05%  idx=3.926899e+14/1.264666e+15 surv=0 checked=6.7160e+15 rate=3.941e+11/s elapsed=4.73h block_eta=0.61h
k=378 t=5  34.79%  idx=4.399378e+14/1.264666e+15 surv=0 checked=6.7633e+15 rate=3.941e+11/s elapsed=4.77h block_eta=0.58h
k=378 t=5  38.52%  idx=4.871878e+14/1.264666e+15 surv=0 checked=6.8105e+15 rate=3.941e+11/s elapsed=4.80h block_eta=0.55h
k=378 t=5  42.26%  idx=5.344389e+14/1.264666e+15 surv=0 checked=6.8578e+15 rate=3.941e+11/s elapsed=4.83h block_eta=0.51h
k=378 t=5  46.00%  idx=5.816942e+14/1.264666e+15 surv=0 checked=6.9050e+15 rate=3.941e+11/s elapsed=4.87h block_eta=0.48h
k=378 t=5  49.73%  idx=6.289389e+14/1.264666e+15 surv=1 checked=6.9523e+15 rate=3.941e+11/s elapsed=4.90h block_eta=0.45h
k=378 t=5  53.47%  idx=6.761921e+14/1.264666e+15 surv=1 checked=6.9995e+15 rate=3.941e+11/s elapsed=4.93h block_eta=0.41h
k=378 t=5  57.20%  idx=7.234485e+14/1.264666e+15 surv=1 checked=7.0468e+15 rate=3.941e+11/s elapsed=4.97h block_eta=0.38h
k=378 t=5  60.94%  idx=7.707104e+14/1.264666e+15 surv=1 checked=7.0940e+15 rate=3.941e+11/s elapsed=5.00h block_eta=0.35h
k=378 t=5  64.68%  idx=8.179593e+14/1.264666e+15 surv=1 checked=7.1413e+15 rate=3.941e+11/s elapsed=5.03h block_eta=0.31h
k=378 t=5  68.41%  idx=8.652179e+14/1.264666e+15 surv=1 checked=7.1885e+15 rate=3.941e+11/s elapsed=5.07h block_eta=0.28h
k=378 t=5  72.15%  idx=9.124829e+14/1.264666e+15 surv=1 checked=7.2358e+15 rate=3.941e+11/s elapsed=5.10h block_eta=0.25h
k=378 t=5  75.89%  idx=9.597587e+14/1.264666e+15 surv=1 checked=7.2831e+15 rate=3.941e+11/s elapsed=5.13h block_eta=0.21h
k=378 t=5  79.63%  idx=1.007040e+15/1.264666e+15 surv=1 checked=7.3304e+15 rate=3.941e+11/s elapsed=5.17h block_eta=0.18h
k=378 t=5  83.37%  idx=1.054319e+15/1.264666e+15 surv=1 checked=7.3777e+15 rate=3.941e+11/s elapsed=5.20h block_eta=0.15h
k=378 t=5  87.11%  idx=1.101596e+15/1.264666e+15 surv=1 checked=7.4249e+15 rate=3.941e+11/s elapsed=5.23h block_eta=0.11h
k=378 t=5  90.85%  idx=1.148892e+15/1.264666e+15 surv=1 checked=7.4722e+15 rate=3.941e+11/s elapsed=5.27h block_eta=0.08h
k=378 t=5  94.58%  idx=1.196182e+15/1.264666e+15 surv=1 checked=7.5195e+15 rate=3.941e+11/s elapsed=5.30h block_eta=0.05h
k=378 t=5  98.32%  idx=1.243463e+15/1.264666e+15 surv=1 checked=7.5668e+15 rate=3.941e+11/s elapsed=5.33h block_eta=0.01h
{"k": 378, "status": "FOUND", "g": "11243132307156301763663607287294", "block": 5, "engine": "gpu_sieve_v7", "block_audit": [{"t": 0, "residues_enumerated": 1264666411008000, "kernel_survivors": 2, "after_n_gt_k_plus_1": 0, "passed_ref_is_good": 0, "survivors_n": ["378", "379"], "sha256_survivors": "cf4c98846d083a163a00168221063550e48c3cc3d91ec79dc10cdf15dd63f10c"}, {"t": 1, "residues_enumerated": 1264666411008000, "kernel_survivors": 0, "after_n_gt_k_plus_1": 0, "passed_ref_is_good": 0, "survivors_n": [], "sha256_survivors": "e3b0c44298fc1c149afbf4c8996fb92427ae41e4649b934ca495991b7852b855"}, {"t": 2, "residues_enumerated": 1264666411008000, "kernel_survivors": 0, "after_n_gt_k_plus_1": 0, "passed_ref_is_good": 0, "survivors_n": [], "sha256_survivors": "e3b0c44298fc1c149afbf4c8996fb92427ae41e4649b934ca495991b7852b855"}, {"t": 3, "residues_enumerated": 1264666411008000, "kernel_survivors": 0, "after_n_gt_k_plus_1": 0, "passed_ref_is_good": 0, "survivors_n": [], "sha256_survivors": "e3b0c44298fc1c149afbf4c8996fb92427ae41e4649b934ca495991b7852b855"}, {"t": 4, "residues_enumerated": 1264666411008000, "kernel_survivors": 0, "after_n_gt_k_plus_1": 0, "passed_ref_is_good": 0, "survivors_n": [], "sha256_survivors": "e3b0c44298fc1c149afbf4c8996fb92427ae41e4649b934ca495991b7852b855"}, {"t": 5, "residues_enumerated": 1264666411008000, "kernel_survivors": 1, "after_n_gt_k_plus_1": 1, "passed_ref_is_good": 1, "survivors_n": ["11243132307156301763663607287294"], "sha256_survivors": "6bc2d169a52f5ab3e75dca1661f97f2cc6ac924091119002ffca0f56d988cea0"}], "surv_hash_recipe": "sha256 of the UTF-8 bytes of '\\n'.join(decimal(n) for n in sorted(survivors)), no trailing newline; the empty list hashes to sha256(b'')", "blocks_scanned": 6, "survivors_in_block": 1, "all_good_in_block": ["11243132307156301763663607287294"], "residues_checked": 7587998466048000, "wall": 19254.031216859818, "restarts": 0, "plan": {"k": 378, "wheel": [[23, 2], [211, 1], [199, 1], [79, 1], [197, 1], [131, 1], [7, 2], [97, 1], [43, 1], [2, 9], [193, 1], [191, 1], [127, 1], [5, 1], [19, 1]], "wheel_primes": [23, 211, 199, 79, 197, 131, 7, 97, 43, 2, 193, 191, 127, 5, 19], "split_primes": [[211, 1, 2], [199, 1, 2], [79, 1, 2], [197, 1, 2], [131, 1, 2], [7, 2, 4], [97, 1, 2], [43, 1, 2], [193, 1, 2], [191, 1, 2], [127, 1, 2], [5, 1, 4], [19, 1, 3]], "N_bits": 101, "M_bits": 101, "M": "2107560498989903673324279534080", "N": "2107560498989903673324279534080", "n_filters": 72, "residues_per_block": 1264666411008000, "density_wheel": 6.000617356484524e-16, "density_rest": 6.821898009287801e-16, "expected_g": 2.442861494159639e+30, "E_g": 2.442861494159639e+30, "expected_blocks": 1.1590943630469617, "N_over_E": 0.8627425271668622, "expected_residue_checks": 1465867708134204.5, "expected_checks_true": 2188016053033356.2}, "engine_module": "gpu_sieve_v7", "engine_file": "sieve/gpu_sieve_v7.py", "engine_commit": "f064db3", "tag": "confirm", "banned": "3"}
