MAX_M_BITS = 126   default m_cap_bits = 120
rate = 3.6e+11 residues/s   confirmation multiplier = 1.5

   k  log2 E[g]  log2 N       E/N  E[blocks]    prim h   +conf h    cum d
 387     105.68     106      0.98      0.978      5.42     13.55     0.56
 388     103.67     103      1.76      1.755      8.39     20.97     1.44
 389     112.19     112      1.46      1.459      3.58      8.94     1.81
 390     111.73     112      0.92      0.922      4.92     12.31     2.32
 391     110.20     110      1.65      1.653      8.50     21.25     3.21
 392     109.09     109      1.20      1.203     10.82     27.04     4.34
 393     108.00     109      0.90      0.895      9.90     24.75     5.37
 394     106.77     106      2.03      2.028     12.41     31.03     6.66
 395     105.74     106      1.58      1.582     13.20     32.99     8.03
 396     103.72     104      1.34      1.339     33.51     83.78    11.53
 397     110.96     111      1.73      1.726     21.04     52.61    13.72
 398     110.27     108      5.20      5.205     16.92     42.30    15.48
 399     108.28     108      1.63      1.627     14.95     37.38    17.04
 400     106.19     106      1.93      1.931     37.32     93.29    20.92
 401     114.27     114      2.34      2.338     32.62     81.55    24.32
 402     114.15     114      1.61      1.606     33.02     82.55    27.76
 403     112.91     111      3.77      3.765     24.45     61.12    30.31
 404     112.17     112      2.12      2.123     14.21     35.53    31.79

largest N the planner emitted in 387..404: 114 bits (k=401); hard limit MAX_M_BITS = 126
k with N > 2^124 (operator's stop rule): (none)

PROJECTION to k=400 at 3.6e+11/s: 20.9 days (502 GPU-h), primaries+confirmations, H1 means.
H1 means understate the tail: block counts are geometric, so budget the 5*E policy limit for any single k.
