# banned [3, 5] -> wheel [[2, 9], [7, 2], [11, 1], [23, 2], [43, 1], [67, 1], [79, 1], [97, 1], [101, 1], [131, 1], [137, 1], [193, 1], [197, 1], [199, 1], [211, 1]]
k=382 t=0   0.69%  idx=5.287105e+13/7.627851e+15 surv=1 checked=5.2871e+13 rate=4.406e+11/s elapsed=0.03h block_eta=4.78h
k=382 t=0   1.38%  idx=1.052170e+14/7.627851e+15 surv=1 checked=1.0522e+14 rate=4.384e+11/s elapsed=0.07h block_eta=4.77h
k=382 t=0   2.06%  idx=1.571367e+14/7.627851e+15 surv=1 checked=1.5714e+14 rate=4.365e+11/s elapsed=0.10h block_eta=4.75h
k=382 t=0   2.75%  idx=2.094280e+14/7.627851e+15 surv=1 checked=2.0943e+14 rate=4.363e+11/s elapsed=0.13h block_eta=4.72h
k=382 t=0   3.43%  idx=2.617020e+14/7.627851e+15 surv=1 checked=2.6170e+14 rate=4.362e+11/s elapsed=0.17h block_eta=4.69h
k=382 t=0   4.12%  idx=3.139900e+14/7.627851e+15 surv=1 checked=3.1399e+14 rate=4.361e+11/s elapsed=0.20h block_eta=4.66h
k=382 t=0   4.80%  idx=3.662394e+14/7.627851e+15 surv=1 checked=3.6624e+14 rate=4.360e+11/s elapsed=0.23h block_eta=4.63h
k=382 t=0   5.49%  idx=4.184919e+14/7.627851e+15 surv=1 checked=4.1849e+14 rate=4.359e+11/s elapsed=0.27h block_eta=4.59h
k=382 t=0   6.17%  idx=4.707424e+14/7.627851e+15 surv=1 checked=4.7074e+14 rate=4.359e+11/s elapsed=0.30h block_eta=4.56h
k=382 t=0   6.86%  idx=5.229864e+14/7.627851e+15 surv=1 checked=5.2299e+14 rate=4.358e+11/s elapsed=0.33h block_eta=4.53h
k=382 t=0   7.54%  idx=5.752411e+14/7.627851e+15 surv=1 checked=5.7524e+14 rate=4.358e+11/s elapsed=0.37h block_eta=4.50h
k=382 t=0   8.23%  idx=6.275098e+14/7.627851e+15 surv=1 checked=6.2751e+14 rate=4.358e+11/s elapsed=0.40h block_eta=4.46h
k=382 t=0   8.91%  idx=6.798182e+14/7.627851e+15 surv=1 checked=6.7982e+14 rate=4.358e+11/s elapsed=0.43h block_eta=4.43h
k=382 t=0   9.60%  idx=7.321534e+14/7.627851e+15 surv=1 checked=7.3215e+14 rate=4.358e+11/s elapsed=0.47h block_eta=4.40h
k=382 t=0  10.28%  idx=7.844962e+14/7.627851e+15 surv=1 checked=7.8450e+14 rate=4.358e+11/s elapsed=0.50h block_eta=4.36h
k=382 t=0  10.97%  idx=8.368669e+14/7.627851e+15 surv=1 checked=8.3687e+14 rate=4.359e+11/s elapsed=0.53h block_eta=4.33h
k=382 t=0  11.66%  idx=8.892354e+14/7.627851e+15 surv=1 checked=8.8924e+14 rate=4.359e+11/s elapsed=0.57h block_eta=4.29h
k=382 t=0  12.34%  idx=9.416147e+14/7.627851e+15 surv=1 checked=9.4161e+14 rate=4.359e+11/s elapsed=0.60h block_eta=4.26h
k=382 t=0  13.03%  idx=9.939596e+14/7.627851e+15 surv=1 checked=9.9396e+14 rate=4.359e+11/s elapsed=0.63h block_eta=4.23h
k=382 t=0  13.72%  idx=1.046306e+15/7.627851e+15 surv=1 checked=1.0463e+15 rate=4.360e+11/s elapsed=0.67h block_eta=4.19h
k=382 t=0  14.40%  idx=1.098647e+15/7.627851e+15 surv=1 checked=1.0986e+15 rate=4.360e+11/s elapsed=0.70h block_eta=4.16h
k=382 t=0  15.09%  idx=1.150975e+15/7.627851e+15 surv=1 checked=1.1510e+15 rate=4.360e+11/s elapsed=0.73h block_eta=4.13h
k=382 t=0  15.78%  idx=1.203322e+15/7.627851e+15 surv=1 checked=1.2033e+15 rate=4.360e+11/s elapsed=0.77h block_eta=4.09h
k=382 t=0  16.46%  idx=1.255670e+15/7.627851e+15 surv=1 checked=1.2557e+15 rate=4.360e+11/s elapsed=0.80h block_eta=4.06h
k=382 t=0  17.15%  idx=1.308017e+15/7.627851e+15 surv=1 checked=1.3080e+15 rate=4.360e+11/s elapsed=0.83h block_eta=4.03h
k=382 t=0  17.83%  idx=1.360354e+15/7.627851e+15 surv=1 checked=1.3604e+15 rate=4.360e+11/s elapsed=0.87h block_eta=3.99h
k=382 t=0  18.52%  idx=1.412682e+15/7.627851e+15 surv=1 checked=1.4127e+15 rate=4.360e+11/s elapsed=0.90h block_eta=3.96h
k=382 t=0  19.21%  idx=1.465015e+15/7.627851e+15 surv=1 checked=1.4650e+15 rate=4.360e+11/s elapsed=0.93h block_eta=3.93h
k=382 t=0  19.89%  idx=1.517355e+15/7.627851e+15 surv=1 checked=1.5174e+15 rate=4.360e+11/s elapsed=0.97h block_eta=3.89h
k=382 t=0  20.58%  idx=1.569695e+15/7.627851e+15 surv=1 checked=1.5697e+15 rate=4.360e+11/s elapsed=1.00h block_eta=3.86h
k=382 t=0  21.26%  idx=1.622020e+15/7.627851e+15 surv=1 checked=1.6220e+15 rate=4.360e+11/s elapsed=1.03h block_eta=3.83h
k=382 t=0  21.95%  idx=1.674339e+15/7.627851e+15 surv=1 checked=1.6743e+15 rate=4.360e+11/s elapsed=1.07h block_eta=3.79h
k=382 t=0  22.64%  idx=1.726635e+15/7.627851e+15 surv=1 checked=1.7266e+15 rate=4.360e+11/s elapsed=1.10h block_eta=3.76h
k=382 t=0  23.32%  idx=1.778917e+15/7.627851e+15 surv=1 checked=1.7789e+15 rate=4.360e+11/s elapsed=1.13h block_eta=3.73h
k=382 t=0  24.01%  idx=1.831222e+15/7.627851e+15 surv=1 checked=1.8312e+15 rate=4.360e+11/s elapsed=1.17h block_eta=3.69h
k=382 t=0  24.69%  idx=1.883514e+15/7.627851e+15 surv=1 checked=1.8835e+15 rate=4.360e+11/s elapsed=1.20h block_eta=3.66h
k=382 t=0  25.38%  idx=1.935807e+15/7.627851e+15 surv=1 checked=1.9358e+15 rate=4.360e+11/s elapsed=1.23h block_eta=3.63h
k=382 t=0  26.06%  idx=1.988102e+15/7.627851e+15 surv=1 checked=1.9881e+15 rate=4.360e+11/s elapsed=1.27h block_eta=3.59h
k=382 t=0  26.75%  idx=2.040423e+15/7.627851e+15 surv=1 checked=2.0404e+15 rate=4.360e+11/s elapsed=1.30h block_eta=3.56h
k=382 t=0  27.44%  idx=2.092740e+15/7.627851e+15 surv=1 checked=2.0927e+15 rate=4.360e+11/s elapsed=1.33h block_eta=3.53h
k=382 t=0  28.12%  idx=2.145074e+15/7.627851e+15 surv=1 checked=2.1451e+15 rate=4.360e+11/s elapsed=1.37h block_eta=3.49h
k=382 t=0  28.81%  idx=2.197400e+15/7.627851e+15 surv=1 checked=2.1974e+15 rate=4.360e+11/s elapsed=1.40h block_eta=3.46h
k=382 t=0  29.49%  idx=2.249776e+15/7.627851e+15 surv=1 checked=2.2498e+15 rate=4.360e+11/s elapsed=1.43h block_eta=3.43h
k=382 t=0  30.18%  idx=2.302150e+15/7.627851e+15 surv=1 checked=2.3021e+15 rate=4.360e+11/s elapsed=1.47h block_eta=3.39h
k=382 t=0  30.86%  idx=2.354200e+15/7.627851e+15 surv=1 checked=2.3542e+15 rate=4.360e+11/s elapsed=1.50h block_eta=3.36h
k=382 t=0  31.54%  idx=2.406162e+15/7.627851e+15 surv=1 checked=2.4062e+15 rate=4.359e+11/s elapsed=1.53h block_eta=3.33h
k=382 t=0  32.23%  idx=2.458113e+15/7.627851e+15 surv=1 checked=2.4581e+15 rate=4.358e+11/s elapsed=1.57h block_eta=3.29h
k=382 t=0  32.91%  idx=2.510063e+15/7.627851e+15 surv=1 checked=2.5101e+15 rate=4.358e+11/s elapsed=1.60h block_eta=3.26h
k=382 t=0  33.59%  idx=2.562010e+15/7.627851e+15 surv=1 checked=2.5620e+15 rate=4.357e+11/s elapsed=1.63h block_eta=3.23h
k=382 t=0  34.27%  idx=2.613955e+15/7.627851e+15 surv=1 checked=2.6140e+15 rate=4.357e+11/s elapsed=1.67h block_eta=3.20h
k=382 t=0  34.95%  idx=2.665911e+15/7.627851e+15 surv=1 checked=2.6659e+15 rate=4.356e+11/s elapsed=1.70h block_eta=3.16h
k=382 t=0  35.63%  idx=2.717861e+15/7.627851e+15 surv=1 checked=2.7179e+15 rate=4.356e+11/s elapsed=1.73h block_eta=3.13h
k=382 t=0  36.31%  idx=2.769818e+15/7.627851e+15 surv=1 checked=2.7698e+15 rate=4.355e+11/s elapsed=1.77h block_eta=3.10h
k=382 t=0  36.99%  idx=2.821777e+15/7.627851e+15 surv=1 checked=2.8218e+15 rate=4.355e+11/s elapsed=1.80h block_eta=3.07h
k=382 t=0  37.67%  idx=2.873738e+15/7.627851e+15 surv=1 checked=2.8737e+15 rate=4.354e+11/s elapsed=1.83h block_eta=3.03h
k=382 t=0  38.36%  idx=2.925692e+15/7.627851e+15 surv=1 checked=2.9257e+15 rate=4.354e+11/s elapsed=1.87h block_eta=3.00h
k=382 t=0  39.04%  idx=2.977637e+15/7.627851e+15 surv=1 checked=2.9776e+15 rate=4.353e+11/s elapsed=1.90h block_eta=2.97h
k=382 t=0  39.72%  idx=3.029585e+15/7.627851e+15 surv=1 checked=3.0296e+15 rate=4.353e+11/s elapsed=1.93h block_eta=2.93h
k=382 t=0  40.40%  idx=3.081520e+15/7.627851e+15 surv=1 checked=3.0815e+15 rate=4.352e+11/s elapsed=1.97h block_eta=2.90h
k=382 t=0  41.08%  idx=3.133443e+15/7.627851e+15 surv=1 checked=3.1334e+15 rate=4.352e+11/s elapsed=2.00h block_eta=2.87h
k=382 t=0  41.76%  idx=3.185361e+15/7.627851e+15 surv=1 checked=3.1854e+15 rate=4.352e+11/s elapsed=2.03h block_eta=2.84h
k=382 t=0  42.44%  idx=3.237286e+15/7.627851e+15 surv=1 checked=3.2373e+15 rate=4.351e+11/s elapsed=2.07h block_eta=2.80h
k=382 t=0  43.12%  idx=3.289411e+15/7.627851e+15 surv=1 checked=3.2894e+15 rate=4.351e+11/s elapsed=2.10h block_eta=2.77h
k=382 t=0  43.81%  idx=3.341743e+15/7.627851e+15 surv=1 checked=3.3417e+15 rate=4.351e+11/s elapsed=2.13h block_eta=2.74h
k=382 t=0  44.50%  idx=3.394089e+15/7.627851e+15 surv=2 checked=3.3941e+15 rate=4.351e+11/s elapsed=2.17h block_eta=2.70h
k=382 t=0  45.18%  idx=3.446402e+15/7.627851e+15 surv=2 checked=3.4464e+15 rate=4.351e+11/s elapsed=2.20h block_eta=2.67h
k=382 t=0  45.87%  idx=3.498695e+15/7.627851e+15 surv=2 checked=3.4987e+15 rate=4.352e+11/s elapsed=2.23h block_eta=2.64h
k=382 t=0  46.55%  idx=3.550984e+15/7.627851e+15 surv=2 checked=3.5510e+15 rate=4.352e+11/s elapsed=2.27h block_eta=2.60h
k=382 t=0  47.24%  idx=3.603281e+15/7.627851e+15 surv=2 checked=3.6033e+15 rate=4.352e+11/s elapsed=2.30h block_eta=2.57h
k=382 t=0  47.92%  idx=3.655625e+15/7.627851e+15 surv=2 checked=3.6556e+15 rate=4.352e+11/s elapsed=2.33h block_eta=2.54h
k=382 t=0  48.61%  idx=3.707973e+15/7.627851e+15 surv=2 checked=3.7080e+15 rate=4.352e+11/s elapsed=2.37h block_eta=2.50h
k=382 t=0  49.30%  idx=3.760307e+15/7.627851e+15 surv=2 checked=3.7603e+15 rate=4.352e+11/s elapsed=2.40h block_eta=2.47h
k=382 t=0  49.98%  idx=3.812660e+15/7.627851e+15 surv=2 checked=3.8127e+15 rate=4.352e+11/s elapsed=2.43h block_eta=2.43h
k=382 t=0  50.67%  idx=3.865044e+15/7.627851e+15 surv=2 checked=3.8650e+15 rate=4.352e+11/s elapsed=2.47h block_eta=2.40h
k=382 t=0  51.36%  idx=3.917412e+15/7.627851e+15 surv=2 checked=3.9174e+15 rate=4.353e+11/s elapsed=2.50h block_eta=2.37h
k=382 t=0  52.04%  idx=3.969767e+15/7.627851e+15 surv=2 checked=3.9698e+15 rate=4.353e+11/s elapsed=2.53h block_eta=2.33h
k=382 t=0  52.73%  idx=4.022145e+15/7.627851e+15 surv=2 checked=4.0221e+15 rate=4.353e+11/s elapsed=2.57h block_eta=2.30h
k=382 t=0  53.42%  idx=4.074547e+15/7.627851e+15 surv=2 checked=4.0745e+15 rate=4.353e+11/s elapsed=2.60h block_eta=2.27h
k=382 t=0  54.10%  idx=4.126940e+15/7.627851e+15 surv=2 checked=4.1269e+15 rate=4.353e+11/s elapsed=2.63h block_eta=2.23h
k=382 t=0  54.79%  idx=4.179306e+15/7.627851e+15 surv=2 checked=4.1793e+15 rate=4.353e+11/s elapsed=2.67h block_eta=2.20h
k=382 t=0  55.48%  idx=4.231643e+15/7.627851e+15 surv=2 checked=4.2316e+15 rate=4.354e+11/s elapsed=2.70h block_eta=2.17h
k=382 t=0  56.16%  idx=4.283959e+15/7.627851e+15 surv=2 checked=4.2840e+15 rate=4.354e+11/s elapsed=2.73h block_eta=2.13h
k=382 t=0  56.85%  idx=4.336280e+15/7.627851e+15 surv=2 checked=4.3363e+15 rate=4.354e+11/s elapsed=2.77h block_eta=2.10h
k=382 t=0  57.53%  idx=4.388606e+15/7.627851e+15 surv=2 checked=4.3886e+15 rate=4.354e+11/s elapsed=2.80h block_eta=2.07h
k=382 t=0  58.22%  idx=4.440929e+15/7.627851e+15 surv=2 checked=4.4409e+15 rate=4.354e+11/s elapsed=2.83h block_eta=2.03h
k=382 t=0  58.91%  idx=4.493275e+15/7.627851e+15 surv=2 checked=4.4933e+15 rate=4.354e+11/s elapsed=2.87h block_eta=2.00h
k=382 t=0  59.59%  idx=4.545618e+15/7.627851e+15 surv=2 checked=4.5456e+15 rate=4.354e+11/s elapsed=2.90h block_eta=1.97h
k=382 t=0  60.28%  idx=4.597979e+15/7.627851e+15 surv=2 checked=4.5980e+15 rate=4.354e+11/s elapsed=2.93h block_eta=1.93h
k=382 t=0  60.97%  idx=4.650362e+15/7.627851e+15 surv=2 checked=4.6504e+15 rate=4.354e+11/s elapsed=2.97h block_eta=1.90h
k=382 t=0  61.65%  idx=4.702724e+15/7.627851e+15 surv=2 checked=4.7027e+15 rate=4.354e+11/s elapsed=3.00h block_eta=1.87h
k=382 t=0  62.34%  idx=4.755079e+15/7.627851e+15 surv=2 checked=4.7551e+15 rate=4.354e+11/s elapsed=3.03h block_eta=1.83h
k=382 t=0  63.02%  idx=4.807389e+15/7.627851e+15 surv=2 checked=4.8074e+15 rate=4.354e+11/s elapsed=3.07h block_eta=1.80h
k=382 t=0  63.71%  idx=4.859701e+15/7.627851e+15 surv=2 checked=4.8597e+15 rate=4.355e+11/s elapsed=3.10h block_eta=1.77h
k=382 t=0  64.40%  idx=4.912004e+15/7.627851e+15 surv=2 checked=4.9120e+15 rate=4.355e+11/s elapsed=3.13h block_eta=1.73h
k=382 t=0  65.08%  idx=4.964309e+15/7.627851e+15 surv=2 checked=4.9643e+15 rate=4.355e+11/s elapsed=3.17h block_eta=1.70h
k=382 t=0  65.77%  idx=5.016578e+15/7.627851e+15 surv=2 checked=5.0166e+15 rate=4.355e+11/s elapsed=3.20h block_eta=1.67h
k=382 t=0  66.45%  idx=5.068848e+15/7.627851e+15 surv=2 checked=5.0688e+15 rate=4.355e+11/s elapsed=3.23h block_eta=1.63h
k=382 t=0  67.14%  idx=5.121117e+15/7.627851e+15 surv=2 checked=5.1211e+15 rate=4.355e+11/s elapsed=3.27h block_eta=1.60h
k=382 t=0  67.82%  idx=5.173416e+15/7.627851e+15 surv=2 checked=5.1734e+15 rate=4.355e+11/s elapsed=3.30h block_eta=1.57h
k=382 t=0  68.51%  idx=5.225724e+15/7.627851e+15 surv=2 checked=5.2257e+15 rate=4.355e+11/s elapsed=3.33h block_eta=1.53h
k=382 t=0  69.19%  idx=5.278060e+15/7.627851e+15 surv=2 checked=5.2781e+15 rate=4.355e+11/s elapsed=3.37h block_eta=1.50h
k=382 t=0  69.88%  idx=5.330415e+15/7.627851e+15 surv=2 checked=5.3304e+15 rate=4.355e+11/s elapsed=3.40h block_eta=1.47h
k=382 t=0  70.57%  idx=5.382792e+15/7.627851e+15 surv=2 checked=5.3828e+15 rate=4.355e+11/s elapsed=3.43h block_eta=1.43h
k=382 t=0  71.25%  idx=5.435152e+15/7.627851e+15 surv=2 checked=5.4352e+15 rate=4.355e+11/s elapsed=3.47h block_eta=1.40h
k=382 t=0  71.94%  idx=5.487524e+15/7.627851e+15 surv=2 checked=5.4875e+15 rate=4.355e+11/s elapsed=3.50h block_eta=1.37h
k=382 t=0  72.63%  idx=5.539872e+15/7.627851e+15 surv=2 checked=5.5399e+15 rate=4.355e+11/s elapsed=3.53h block_eta=1.33h
k=382 t=0  73.31%  idx=5.592203e+15/7.627851e+15 surv=2 checked=5.5922e+15 rate=4.355e+11/s elapsed=3.57h block_eta=1.30h
k=382 t=0  74.00%  idx=5.644509e+15/7.627851e+15 surv=2 checked=5.6445e+15 rate=4.355e+11/s elapsed=3.60h block_eta=1.26h
k=382 t=0  74.68%  idx=5.696822e+15/7.627851e+15 surv=2 checked=5.6968e+15 rate=4.355e+11/s elapsed=3.63h block_eta=1.23h
k=382 t=0  75.37%  idx=5.749167e+15/7.627851e+15 surv=2 checked=5.7492e+15 rate=4.355e+11/s elapsed=3.67h block_eta=1.20h
k=382 t=0  76.06%  idx=5.801500e+15/7.627851e+15 surv=2 checked=5.8015e+15 rate=4.355e+11/s elapsed=3.70h block_eta=1.16h
k=382 t=0  76.74%  idx=5.853869e+15/7.627851e+15 surv=2 checked=5.8539e+15 rate=4.356e+11/s elapsed=3.73h block_eta=1.13h
k=382 t=0  77.43%  idx=5.906237e+15/7.627851e+15 surv=2 checked=5.9062e+15 rate=4.356e+11/s elapsed=3.77h block_eta=1.10h
k=382 t=0  78.12%  idx=5.958591e+15/7.627851e+15 surv=2 checked=5.9586e+15 rate=4.356e+11/s elapsed=3.80h block_eta=1.06h
k=382 t=0  78.80%  idx=6.010932e+15/7.627851e+15 surv=2 checked=6.0109e+15 rate=4.356e+11/s elapsed=3.83h block_eta=1.03h
k=382 t=0  79.49%  idx=6.063254e+15/7.627851e+15 surv=2 checked=6.0633e+15 rate=4.356e+11/s elapsed=3.87h block_eta=1.00h
k=382 t=0  80.17%  idx=6.115558e+15/7.627851e+15 surv=2 checked=6.1156e+15 rate=4.356e+11/s elapsed=3.90h block_eta=0.96h
k=382 t=0  80.86%  idx=6.167866e+15/7.627851e+15 surv=2 checked=6.1679e+15 rate=4.356e+11/s elapsed=3.93h block_eta=0.93h
k=382 t=0  81.55%  idx=6.220155e+15/7.627851e+15 surv=2 checked=6.2202e+15 rate=4.356e+11/s elapsed=3.97h block_eta=0.90h
k=382 t=0  82.23%  idx=6.272431e+15/7.627851e+15 surv=2 checked=6.2724e+15 rate=4.356e+11/s elapsed=4.00h block_eta=0.86h
k=382 t=0  82.92%  idx=6.324725e+15/7.627851e+15 surv=2 checked=6.3247e+15 rate=4.356e+11/s elapsed=4.03h block_eta=0.83h
k=382 t=0  83.60%  idx=6.376985e+15/7.627851e+15 surv=2 checked=6.3770e+15 rate=4.356e+11/s elapsed=4.07h block_eta=0.80h
k=382 t=0  84.29%  idx=6.429261e+15/7.627851e+15 surv=2 checked=6.4293e+15 rate=4.356e+11/s elapsed=4.10h block_eta=0.76h
k=382 t=0  84.97%  idx=6.481510e+15/7.627851e+15 surv=2 checked=6.4815e+15 rate=4.356e+11/s elapsed=4.13h block_eta=0.73h
k=382 t=0  85.66%  idx=6.533789e+15/7.627851e+15 surv=2 checked=6.5338e+15 rate=4.356e+11/s elapsed=4.17h block_eta=0.70h
k=382 t=0  86.34%  idx=6.586094e+15/7.627851e+15 surv=2 checked=6.5861e+15 rate=4.356e+11/s elapsed=4.20h block_eta=0.66h
k=382 t=0  87.03%  idx=6.638458e+15/7.627851e+15 surv=2 checked=6.6385e+15 rate=4.356e+11/s elapsed=4.23h block_eta=0.63h
k=382 t=0  87.72%  idx=6.690816e+15/7.627851e+15 surv=2 checked=6.6908e+15 rate=4.356e+11/s elapsed=4.27h block_eta=0.60h
k=382 t=0  88.40%  idx=6.743158e+15/7.627851e+15 surv=2 checked=6.7432e+15 rate=4.356e+11/s elapsed=4.30h block_eta=0.56h
k=382 t=0  89.09%  idx=6.795523e+15/7.627851e+15 surv=2 checked=6.7955e+15 rate=4.356e+11/s elapsed=4.33h block_eta=0.53h
k=382 t=0  89.77%  idx=6.847884e+15/7.627851e+15 surv=2 checked=6.8479e+15 rate=4.356e+11/s elapsed=4.37h block_eta=0.50h
k=382 t=0  90.46%  idx=6.900234e+15/7.627851e+15 surv=2 checked=6.9002e+15 rate=4.356e+11/s elapsed=4.40h block_eta=0.46h
k=382 t=0  91.15%  idx=6.952563e+15/7.627851e+15 surv=2 checked=6.9526e+15 rate=4.356e+11/s elapsed=4.43h block_eta=0.43h
k=382 t=0  91.83%  idx=7.004906e+15/7.627851e+15 surv=2 checked=7.0049e+15 rate=4.356e+11/s elapsed=4.47h block_eta=0.40h
k=382 t=0  92.52%  idx=7.057287e+15/7.627851e+15 surv=2 checked=7.0573e+15 rate=4.356e+11/s elapsed=4.50h block_eta=0.36h
k=382 t=0  93.21%  idx=7.109599e+15/7.627851e+15 surv=2 checked=7.1096e+15 rate=4.356e+11/s elapsed=4.53h block_eta=0.33h
k=382 t=0  93.89%  idx=7.161954e+15/7.627851e+15 surv=2 checked=7.1620e+15 rate=4.356e+11/s elapsed=4.57h block_eta=0.30h
k=382 t=0  94.58%  idx=7.214284e+15/7.627851e+15 surv=2 checked=7.2143e+15 rate=4.356e+11/s elapsed=4.60h block_eta=0.26h
k=382 t=0  95.26%  idx=7.266634e+15/7.627851e+15 surv=2 checked=7.2666e+15 rate=4.356e+11/s elapsed=4.63h block_eta=0.23h
k=382 t=0  95.95%  idx=7.318995e+15/7.627851e+15 surv=2 checked=7.3190e+15 rate=4.357e+11/s elapsed=4.67h block_eta=0.20h
k=382 t=0  96.64%  idx=7.371363e+15/7.627851e+15 surv=2 checked=7.3714e+15 rate=4.357e+11/s elapsed=4.70h block_eta=0.16h
k=382 t=0  97.32%  idx=7.423732e+15/7.627851e+15 surv=2 checked=7.4237e+15 rate=4.357e+11/s elapsed=4.73h block_eta=0.13h
k=382 t=0  98.01%  idx=7.476060e+15/7.627851e+15 surv=2 checked=7.4761e+15 rate=4.357e+11/s elapsed=4.77h block_eta=0.10h
k=382 t=0  98.70%  idx=7.528382e+15/7.627851e+15 surv=2 checked=7.5284e+15 rate=4.357e+11/s elapsed=4.80h block_eta=0.06h
k=382 t=0  99.38%  idx=7.580711e+15/7.627851e+15 surv=2 checked=7.5807e+15 rate=4.357e+11/s elapsed=4.83h block_eta=0.03h
k=382 block t=0 complete: no survivor passed the referee; advancing
k=382 t=1   0.07%  idx=5.180804e+12/7.627851e+15 surv=0 checked=7.6330e+15 rate=4.357e+11/s elapsed=4.87h block_eta=4.86h
k=382 t=1   0.75%  idx=5.750317e+13/7.627851e+15 surv=0 checked=7.6854e+15 rate=4.357e+11/s elapsed=4.90h block_eta=4.83h
k=382 t=1   1.44%  idx=1.098202e+14/7.627851e+15 surv=0 checked=7.7377e+15 rate=4.357e+11/s elapsed=4.93h block_eta=4.79h
k=382 t=1   2.13%  idx=1.621082e+14/7.627851e+15 surv=0 checked=7.7900e+15 rate=4.357e+11/s elapsed=4.97h block_eta=4.76h
k=382 t=1   2.81%  idx=2.144144e+14/7.627851e+15 surv=0 checked=7.8423e+15 rate=4.357e+11/s elapsed=5.00h block_eta=4.73h
k=382 t=1   3.50%  idx=2.667357e+14/7.627851e+15 surv=0 checked=7.8946e+15 rate=4.357e+11/s elapsed=5.03h block_eta=4.69h
k=382 t=1   4.18%  idx=3.190345e+14/7.627851e+15 surv=0 checked=7.9469e+15 rate=4.357e+11/s elapsed=5.07h block_eta=4.66h
k=382 t=1   4.87%  idx=3.713117e+14/7.627851e+15 surv=0 checked=7.9992e+15 rate=4.357e+11/s elapsed=5.10h block_eta=4.63h
k=382 t=1   5.55%  idx=4.235783e+14/7.627851e+15 surv=0 checked=8.0514e+15 rate=4.357e+11/s elapsed=5.13h block_eta=4.59h
k=382 t=1   6.24%  idx=4.758298e+14/7.627851e+15 surv=0 checked=8.1037e+15 rate=4.357e+11/s elapsed=5.17h block_eta=4.56h
k=382 t=1   6.92%  idx=5.280899e+14/7.627851e+15 surv=0 checked=8.1559e+15 rate=4.357e+11/s elapsed=5.20h block_eta=4.53h
k=382 t=1   7.61%  idx=5.803864e+14/7.627851e+15 surv=0 checked=8.2082e+15 rate=4.357e+11/s elapsed=5.23h block_eta=4.49h
k=382 t=1   8.29%  idx=6.326991e+14/7.627851e+15 surv=0 checked=8.2606e+15 rate=4.357e+11/s elapsed=5.27h block_eta=4.46h
k=382 t=1   8.98%  idx=6.850505e+14/7.627851e+15 surv=0 checked=8.3129e+15 rate=4.357e+11/s elapsed=5.30h block_eta=4.43h
k=382 t=1   9.67%  idx=7.373954e+14/7.627851e+15 surv=0 checked=8.3652e+15 rate=4.357e+11/s elapsed=5.33h block_eta=4.39h
k=382 t=1  10.35%  idx=7.897285e+14/7.627851e+15 surv=0 checked=8.4176e+15 rate=4.357e+11/s elapsed=5.37h block_eta=4.36h
k=382 t=1  11.04%  idx=8.421164e+14/7.627851e+15 surv=0 checked=8.4700e+15 rate=4.357e+11/s elapsed=5.40h block_eta=4.33h
k=382 t=1  11.73%  idx=8.945000e+14/7.627851e+15 surv=0 checked=8.5224e+15 rate=4.357e+11/s elapsed=5.43h block_eta=4.29h
k=382 t=1  12.41%  idx=9.468739e+14/7.627851e+15 surv=0 checked=8.5747e+15 rate=4.357e+11/s elapsed=5.47h block_eta=4.26h
k=382 t=1  13.10%  idx=9.992080e+14/7.627851e+15 surv=0 checked=8.6271e+15 rate=4.357e+11/s elapsed=5.50h block_eta=4.23h
k=382 t=1  13.79%  idx=1.051502e+15/7.627851e+15 surv=0 checked=8.6794e+15 rate=4.357e+11/s elapsed=5.53h block_eta=4.19h
k=382 t=1  14.47%  idx=1.103813e+15/7.627851e+15 surv=0 checked=8.7317e+15 rate=4.357e+11/s elapsed=5.57h block_eta=4.16h
k=382 t=1  15.16%  idx=1.156129e+15/7.627851e+15 surv=0 checked=8.7840e+15 rate=4.357e+11/s elapsed=5.60h block_eta=4.13h
k=382 t=1  15.84%  idx=1.208453e+15/7.627851e+15 surv=0 checked=8.8363e+15 rate=4.357e+11/s elapsed=5.63h block_eta=4.09h
k=382 t=1  16.53%  idx=1.260761e+15/7.627851e+15 surv=0 checked=8.8886e+15 rate=4.357e+11/s elapsed=5.67h block_eta=4.06h
k=382 t=1  17.21%  idx=1.313043e+15/7.627851e+15 surv=0 checked=8.9409e+15 rate=4.357e+11/s elapsed=5.70h block_eta=4.03h
k=382 t=1  17.90%  idx=1.365342e+15/7.627851e+15 surv=0 checked=8.9932e+15 rate=4.357e+11/s elapsed=5.73h block_eta=3.99h
k=382 t=1  18.59%  idx=1.417641e+15/7.627851e+15 surv=0 checked=9.0455e+15 rate=4.357e+11/s elapsed=5.77h block_eta=3.96h
k=382 t=1  19.27%  idx=1.469939e+15/7.627851e+15 surv=0 checked=9.0978e+15 rate=4.357e+11/s elapsed=5.80h block_eta=3.93h
k=382 t=1  19.96%  idx=1.522233e+15/7.627851e+15 surv=0 checked=9.1501e+15 rate=4.357e+11/s elapsed=5.83h block_eta=3.89h
k=382 t=1  20.64%  idx=1.574525e+15/7.627851e+15 surv=0 checked=9.2024e+15 rate=4.357e+11/s elapsed=5.87h block_eta=3.86h
k=382 t=1  21.33%  idx=1.626789e+15/7.627851e+15 surv=0 checked=9.2546e+15 rate=4.357e+11/s elapsed=5.90h block_eta=3.83h
k=382 t=1  22.01%  idx=1.679051e+15/7.627851e+15 surv=0 checked=9.3069e+15 rate=4.357e+11/s elapsed=5.93h block_eta=3.79h
k=382 t=1  22.70%  idx=1.731336e+15/7.627851e+15 surv=0 checked=9.3592e+15 rate=4.357e+11/s elapsed=5.97h block_eta=3.76h
k=382 t=1  23.38%  idx=1.783625e+15/7.627851e+15 surv=0 checked=9.4115e+15 rate=4.357e+11/s elapsed=6.00h block_eta=3.73h
k=382 t=1  24.07%  idx=1.835928e+15/7.627851e+15 surv=0 checked=9.4638e+15 rate=4.357e+11/s elapsed=6.03h block_eta=3.69h
k=382 t=1  24.75%  idx=1.888222e+15/7.627851e+15 surv=0 checked=9.5161e+15 rate=4.357e+11/s elapsed=6.07h block_eta=3.66h
k=382 t=1  25.44%  idx=1.940536e+15/7.627851e+15 surv=0 checked=9.5684e+15 rate=4.357e+11/s elapsed=6.10h block_eta=3.63h
k=382 t=1  26.13%  idx=1.992849e+15/7.627851e+15 surv=0 checked=9.6207e+15 rate=4.357e+11/s elapsed=6.13h block_eta=3.59h
k=382 t=1  26.81%  idx=2.045167e+15/7.627851e+15 surv=0 checked=9.6730e+15 rate=4.357e+11/s elapsed=6.17h block_eta=3.56h
k=382 t=1  27.50%  idx=2.097479e+15/7.627851e+15 surv=0 checked=9.7253e+15 rate=4.357e+11/s elapsed=6.20h block_eta=3.53h
k=382 t=1  28.18%  idx=2.149785e+15/7.627851e+15 surv=0 checked=9.7776e+15 rate=4.357e+11/s elapsed=6.23h block_eta=3.49h
k=382 t=1  28.87%  idx=2.202120e+15/7.627851e+15 surv=0 checked=9.8300e+15 rate=4.357e+11/s elapsed=6.27h block_eta=3.46h
k=382 t=1  29.56%  idx=2.254446e+15/7.627851e+15 surv=0 checked=9.8823e+15 rate=4.357e+11/s elapsed=6.30h block_eta=3.43h
k=382 t=1  30.24%  idx=2.306800e+15/7.627851e+15 surv=0 checked=9.9347e+15 rate=4.357e+11/s elapsed=6.33h block_eta=3.39h
k=382 t=1  30.93%  idx=2.359141e+15/7.627851e+15 surv=0 checked=9.9870e+15 rate=4.357e+11/s elapsed=6.37h block_eta=3.36h
k=382 t=1  31.61%  idx=2.411472e+15/7.627851e+15 surv=0 checked=1.0039e+16 rate=4.357e+11/s elapsed=6.40h block_eta=3.33h
k=382 t=1  32.30%  idx=2.463794e+15/7.627851e+15 surv=0 checked=1.0092e+16 rate=4.357e+11/s elapsed=6.43h block_eta=3.29h
k=382 t=1  32.99%  idx=2.516100e+15/7.627851e+15 surv=0 checked=1.0144e+16 rate=4.357e+11/s elapsed=6.47h block_eta=3.26h
k=382 t=1  33.67%  idx=2.568425e+15/7.627851e+15 surv=0 checked=1.0196e+16 rate=4.357e+11/s elapsed=6.50h block_eta=3.23h
k=382 t=1  34.36%  idx=2.620753e+15/7.627851e+15 surv=0 checked=1.0249e+16 rate=4.357e+11/s elapsed=6.53h block_eta=3.19h
k=382 t=1  35.04%  idx=2.673077e+15/7.627851e+15 surv=0 checked=1.0301e+16 rate=4.357e+11/s elapsed=6.57h block_eta=3.16h
k=382 t=1  35.73%  idx=2.725416e+15/7.627851e+15 surv=0 checked=1.0353e+16 rate=4.357e+11/s elapsed=6.60h block_eta=3.13h
k=382 t=1  36.42%  idx=2.777754e+15/7.627851e+15 surv=0 checked=1.0406e+16 rate=4.357e+11/s elapsed=6.63h block_eta=3.09h
k=382 t=1  37.10%  idx=2.830074e+15/7.627851e+15 surv=0 checked=1.0458e+16 rate=4.357e+11/s elapsed=6.67h block_eta=3.06h
k=382 t=1  37.79%  idx=2.882409e+15/7.627851e+15 surv=0 checked=1.0510e+16 rate=4.357e+11/s elapsed=6.70h block_eta=3.03h
k=382 t=1  38.47%  idx=2.934719e+15/7.627851e+15 surv=0 checked=1.0563e+16 rate=4.357e+11/s elapsed=6.73h block_eta=2.99h
k=382 t=1  39.16%  idx=2.987001e+15/7.627851e+15 surv=0 checked=1.0615e+16 rate=4.357e+11/s elapsed=6.77h block_eta=2.96h
k=382 t=1  39.84%  idx=3.039292e+15/7.627851e+15 surv=0 checked=1.0667e+16 rate=4.357e+11/s elapsed=6.80h block_eta=2.93h
k=382 t=1  40.53%  idx=3.091584e+15/7.627851e+15 surv=0 checked=1.0719e+16 rate=4.357e+11/s elapsed=6.83h block_eta=2.89h
k=382 t=1  41.22%  idx=3.143853e+15/7.627851e+15 surv=0 checked=1.0772e+16 rate=4.357e+11/s elapsed=6.87h block_eta=2.86h
k=382 t=1  41.90%  idx=3.196129e+15/7.627851e+15 surv=0 checked=1.0824e+16 rate=4.357e+11/s elapsed=6.90h block_eta=2.83h
k=382 t=1  42.59%  idx=3.248447e+15/7.627851e+15 surv=0 checked=1.0876e+16 rate=4.357e+11/s elapsed=6.93h block_eta=2.79h
k=382 t=1  43.27%  idx=3.300765e+15/7.627851e+15 surv=0 checked=1.0929e+16 rate=4.357e+11/s elapsed=6.97h block_eta=2.76h
k=382 t=1  43.96%  idx=3.353110e+15/7.627851e+15 surv=0 checked=1.0981e+16 rate=4.357e+11/s elapsed=7.00h block_eta=2.73h
k=382 t=1  44.65%  idx=3.405486e+15/7.627851e+15 surv=0 checked=1.1033e+16 rate=4.358e+11/s elapsed=7.03h block_eta=2.69h
k=382 t=1  45.33%  idx=3.457838e+15/7.627851e+15 surv=0 checked=1.1086e+16 rate=4.358e+11/s elapsed=7.07h block_eta=2.66h
k=382 t=1  46.02%  idx=3.510195e+15/7.627851e+15 surv=0 checked=1.1138e+16 rate=4.358e+11/s elapsed=7.10h block_eta=2.62h
k=382 t=1  46.70%  idx=3.562529e+15/7.627851e+15 surv=0 checked=1.1190e+16 rate=4.358e+11/s elapsed=7.13h block_eta=2.59h
k=382 t=1  47.39%  idx=3.614841e+15/7.627851e+15 surv=0 checked=1.1243e+16 rate=4.358e+11/s elapsed=7.17h block_eta=2.56h
k=382 t=1  48.08%  idx=3.667194e+15/7.627851e+15 surv=0 checked=1.1295e+16 rate=4.358e+11/s elapsed=7.20h block_eta=2.52h
k=382 t=1  48.76%  idx=3.719533e+15/7.627851e+15 surv=0 checked=1.1347e+16 rate=4.358e+11/s elapsed=7.23h block_eta=2.49h
k=382 t=1  49.45%  idx=3.771899e+15/7.627851e+15 surv=0 checked=1.1400e+16 rate=4.358e+11/s elapsed=7.27h block_eta=2.46h
k=382 t=1  50.14%  idx=3.824260e+15/7.627851e+15 surv=0 checked=1.1452e+16 rate=4.358e+11/s elapsed=7.30h block_eta=2.42h
k=382 t=1  50.82%  idx=3.876611e+15/7.627851e+15 surv=0 checked=1.1504e+16 rate=4.358e+11/s elapsed=7.33h block_eta=2.39h
k=382 t=1  51.51%  idx=3.928973e+15/7.627851e+15 surv=0 checked=1.1557e+16 rate=4.358e+11/s elapsed=7.37h block_eta=2.36h
k=382 t=1  52.19%  idx=3.981313e+15/7.627851e+15 surv=0 checked=1.1609e+16 rate=4.358e+11/s elapsed=7.40h block_eta=2.32h
k=382 t=1  52.88%  idx=4.033685e+15/7.627851e+15 surv=0 checked=1.1662e+16 rate=4.358e+11/s elapsed=7.43h block_eta=2.29h
k=382 t=1  53.57%  idx=4.086046e+15/7.627851e+15 surv=0 checked=1.1714e+16 rate=4.358e+11/s elapsed=7.47h block_eta=2.26h
k=382 t=1  54.25%  idx=4.138392e+15/7.627851e+15 surv=0 checked=1.1766e+16 rate=4.358e+11/s elapsed=7.50h block_eta=2.22h
k=382 t=1  54.94%  idx=4.190721e+15/7.627851e+15 surv=0 checked=1.1819e+16 rate=4.358e+11/s elapsed=7.53h block_eta=2.19h
k=382 t=1  55.63%  idx=4.243037e+15/7.627851e+15 surv=0 checked=1.1871e+16 rate=4.358e+11/s elapsed=7.57h block_eta=2.16h
k=382 t=1  56.31%  idx=4.295336e+15/7.627851e+15 surv=0 checked=1.1923e+16 rate=4.358e+11/s elapsed=7.60h block_eta=2.12h
k=382 t=1  57.00%  idx=4.347612e+15/7.627851e+15 surv=0 checked=1.1975e+16 rate=4.358e+11/s elapsed=7.63h block_eta=2.09h
k=382 t=1  57.68%  idx=4.399877e+15/7.627851e+15 surv=0 checked=1.2028e+16 rate=4.358e+11/s elapsed=7.67h block_eta=2.06h
k=382 t=1  58.37%  idx=4.452148e+15/7.627851e+15 surv=0 checked=1.2080e+16 rate=4.358e+11/s elapsed=7.70h block_eta=2.02h
k=382 t=1  59.05%  idx=4.504447e+15/7.627851e+15 surv=0 checked=1.2132e+16 rate=4.358e+11/s elapsed=7.73h block_eta=1.99h
k=382 t=1  59.74%  idx=4.556777e+15/7.627851e+15 surv=0 checked=1.2185e+16 rate=4.358e+11/s elapsed=7.77h block_eta=1.96h
k=382 t=1  60.43%  idx=4.609134e+15/7.627851e+15 surv=0 checked=1.2237e+16 rate=4.358e+11/s elapsed=7.80h block_eta=1.92h
k=382 t=1  61.11%  idx=4.661503e+15/7.627851e+15 surv=0 checked=1.2289e+16 rate=4.358e+11/s elapsed=7.83h block_eta=1.89h
k=382 t=1  61.80%  idx=4.713858e+15/7.627851e+15 surv=0 checked=1.2342e+16 rate=4.358e+11/s elapsed=7.87h block_eta=1.86h
k=382 t=1  62.48%  idx=4.766221e+15/7.627851e+15 surv=0 checked=1.2394e+16 rate=4.358e+11/s elapsed=7.90h block_eta=1.82h
k=382 t=1  63.17%  idx=4.818555e+15/7.627851e+15 surv=0 checked=1.2446e+16 rate=4.358e+11/s elapsed=7.93h block_eta=1.79h
k=382 t=1  63.86%  idx=4.870860e+15/7.627851e+15 surv=0 checked=1.2499e+16 rate=4.358e+11/s elapsed=7.97h block_eta=1.76h
k=382 t=1  64.54%  idx=4.923199e+15/7.627851e+15 surv=0 checked=1.2551e+16 rate=4.358e+11/s elapsed=8.00h block_eta=1.72h
k=382 t=1  65.23%  idx=4.975492e+15/7.627851e+15 surv=0 checked=1.2603e+16 rate=4.358e+11/s elapsed=8.03h block_eta=1.69h
k=382 t=1  65.91%  idx=5.027781e+15/7.627851e+15 surv=0 checked=1.2656e+16 rate=4.358e+11/s elapsed=8.07h block_eta=1.66h
k=382 t=1  66.60%  idx=5.080066e+15/7.627851e+15 surv=0 checked=1.2708e+16 rate=4.358e+11/s elapsed=8.10h block_eta=1.62h
k=382 t=1  67.28%  idx=5.132355e+15/7.627851e+15 surv=0 checked=1.2760e+16 rate=4.358e+11/s elapsed=8.13h block_eta=1.59h
k=382 t=1  67.97%  idx=5.184640e+15/7.627851e+15 surv=0 checked=1.2812e+16 rate=4.358e+11/s elapsed=8.17h block_eta=1.56h
k=382 t=1  68.66%  idx=5.236934e+15/7.627851e+15 surv=0 checked=1.2865e+16 rate=4.358e+11/s elapsed=8.20h block_eta=1.52h
k=382 t=1  69.34%  idx=5.289230e+15/7.627851e+15 surv=0 checked=1.2917e+16 rate=4.358e+11/s elapsed=8.23h block_eta=1.49h
k=382 t=1  70.03%  idx=5.341518e+15/7.627851e+15 surv=0 checked=1.2969e+16 rate=4.358e+11/s elapsed=8.27h block_eta=1.46h
k=382 t=1  70.71%  idx=5.393817e+15/7.627851e+15 surv=0 checked=1.3022e+16 rate=4.358e+11/s elapsed=8.30h block_eta=1.42h
k=382 t=1  71.40%  idx=5.446115e+15/7.627851e+15 surv=0 checked=1.3074e+16 rate=4.358e+11/s elapsed=8.33h block_eta=1.39h
k=382 t=1  72.08%  idx=5.498383e+15/7.627851e+15 surv=0 checked=1.3126e+16 rate=4.358e+11/s elapsed=8.37h block_eta=1.36h
k=382 t=1  72.77%  idx=5.550651e+15/7.627851e+15 surv=0 checked=1.3179e+16 rate=4.358e+11/s elapsed=8.40h block_eta=1.32h
k=382 t=1  73.45%  idx=5.602972e+15/7.627851e+15 surv=0 checked=1.3231e+16 rate=4.358e+11/s elapsed=8.43h block_eta=1.29h
k=382 t=1  74.14%  idx=5.655284e+15/7.627851e+15 surv=0 checked=1.3283e+16 rate=4.358e+11/s elapsed=8.47h block_eta=1.26h
k=382 t=1  74.83%  idx=5.707628e+15/7.627851e+15 surv=0 checked=1.3335e+16 rate=4.358e+11/s elapsed=8.50h block_eta=1.22h
k=382 t=1  75.51%  idx=5.759984e+15/7.627851e+15 surv=0 checked=1.3388e+16 rate=4.358e+11/s elapsed=8.53h block_eta=1.19h
k=382 t=1  76.20%  idx=5.812331e+15/7.627851e+15 surv=0 checked=1.3440e+16 rate=4.358e+11/s elapsed=8.57h block_eta=1.16h
k=382 t=1  76.88%  idx=5.864673e+15/7.627851e+15 surv=0 checked=1.3493e+16 rate=4.358e+11/s elapsed=8.60h block_eta=1.12h
k=382 t=1  77.57%  idx=5.917040e+15/7.627851e+15 surv=0 checked=1.3545e+16 rate=4.358e+11/s elapsed=8.63h block_eta=1.09h
k=382 t=1  78.26%  idx=5.969418e+15/7.627851e+15 surv=0 checked=1.3597e+16 rate=4.358e+11/s elapsed=8.67h block_eta=1.06h
k=382 t=1  78.94%  idx=6.021762e+15/7.627851e+15 surv=0 checked=1.3650e+16 rate=4.358e+11/s elapsed=8.70h block_eta=1.02h
k=382 t=1  79.63%  idx=6.074079e+15/7.627851e+15 surv=0 checked=1.3702e+16 rate=4.358e+11/s elapsed=8.73h block_eta=0.99h
k=382 t=1  80.32%  idx=6.126414e+15/7.627851e+15 surv=0 checked=1.3754e+16 rate=4.358e+11/s elapsed=8.77h block_eta=0.96h
k=382 t=1  81.00%  idx=6.178734e+15/7.627851e+15 surv=0 checked=1.3807e+16 rate=4.358e+11/s elapsed=8.80h block_eta=0.92h
k=382 t=1  81.69%  idx=6.231051e+15/7.627851e+15 surv=0 checked=1.3859e+16 rate=4.358e+11/s elapsed=8.83h block_eta=0.89h
k=382 t=1  82.37%  idx=6.283384e+15/7.627851e+15 surv=0 checked=1.3911e+16 rate=4.358e+11/s elapsed=8.87h block_eta=0.86h
k=382 t=1  83.06%  idx=6.335720e+15/7.627851e+15 surv=0 checked=1.3964e+16 rate=4.358e+11/s elapsed=8.90h block_eta=0.82h
k=382 t=1  83.75%  idx=6.388049e+15/7.627851e+15 surv=0 checked=1.4016e+16 rate=4.358e+11/s elapsed=8.93h block_eta=0.79h
k=382 t=1  84.43%  idx=6.440390e+15/7.627851e+15 surv=0 checked=1.4068e+16 rate=4.358e+11/s elapsed=8.97h block_eta=0.76h
k=382 t=1  85.12%  idx=6.492753e+15/7.627851e+15 surv=0 checked=1.4121e+16 rate=4.358e+11/s elapsed=9.00h block_eta=0.72h
k=382 t=1  85.81%  idx=6.545121e+15/7.627851e+15 surv=0 checked=1.4173e+16 rate=4.358e+11/s elapsed=9.03h block_eta=0.69h
k=382 t=1  86.49%  idx=6.597508e+15/7.627851e+15 surv=0 checked=1.4225e+16 rate=4.358e+11/s elapsed=9.07h block_eta=0.66h
k=382 t=1  87.18%  idx=6.649882e+15/7.627851e+15 surv=0 checked=1.4278e+16 rate=4.358e+11/s elapsed=9.10h block_eta=0.62h
k=382 t=1  87.87%  idx=6.702244e+15/7.627851e+15 surv=0 checked=1.4330e+16 rate=4.358e+11/s elapsed=9.13h block_eta=0.59h
k=382 t=1  88.55%  idx=6.754605e+15/7.627851e+15 surv=0 checked=1.4382e+16 rate=4.358e+11/s elapsed=9.17h block_eta=0.56h
k=382 t=1  89.24%  idx=6.806984e+15/7.627851e+15 surv=0 checked=1.4435e+16 rate=4.358e+11/s elapsed=9.20h block_eta=0.52h
k=382 t=1  89.93%  idx=6.859355e+15/7.627851e+15 surv=0 checked=1.4487e+16 rate=4.358e+11/s elapsed=9.23h block_eta=0.49h
k=382 t=1  90.61%  idx=6.911735e+15/7.627851e+15 surv=0 checked=1.4540e+16 rate=4.358e+11/s elapsed=9.27h block_eta=0.46h
k=382 t=1  91.30%  idx=6.964109e+15/7.627851e+15 surv=0 checked=1.4592e+16 rate=4.358e+11/s elapsed=9.30h block_eta=0.42h
k=382 t=1  91.99%  idx=7.016487e+15/7.627851e+15 surv=0 checked=1.4644e+16 rate=4.358e+11/s elapsed=9.33h block_eta=0.39h
k=382 t=1  92.67%  idx=7.068882e+15/7.627851e+15 surv=0 checked=1.4697e+16 rate=4.358e+11/s elapsed=9.37h block_eta=0.36h
k=382 t=1  93.36%  idx=7.121255e+15/7.627851e+15 surv=0 checked=1.4749e+16 rate=4.358e+11/s elapsed=9.40h block_eta=0.32h
k=382 t=1  94.05%  idx=7.173640e+15/7.627851e+15 surv=0 checked=1.4801e+16 rate=4.358e+11/s elapsed=9.43h block_eta=0.29h
k=382 t=1  94.73%  idx=7.226022e+15/7.627851e+15 surv=0 checked=1.4854e+16 rate=4.358e+11/s elapsed=9.47h block_eta=0.26h
k=382 t=1  95.42%  idx=7.278410e+15/7.627851e+15 surv=0 checked=1.4906e+16 rate=4.359e+11/s elapsed=9.50h block_eta=0.22h
k=382 t=1  96.11%  idx=7.330813e+15/7.627851e+15 surv=0 checked=1.4959e+16 rate=4.359e+11/s elapsed=9.53h block_eta=0.19h
k=382 t=1  96.79%  idx=7.383210e+15/7.627851e+15 surv=0 checked=1.5011e+16 rate=4.359e+11/s elapsed=9.57h block_eta=0.16h
k=382 t=1  97.48%  idx=7.435567e+15/7.627851e+15 surv=0 checked=1.5063e+16 rate=4.359e+11/s elapsed=9.60h block_eta=0.12h
k=382 t=1  98.17%  idx=7.487939e+15/7.627851e+15 surv=0 checked=1.5116e+16 rate=4.359e+11/s elapsed=9.63h block_eta=0.09h
k=382 t=1  98.85%  idx=7.540294e+15/7.627851e+15 surv=0 checked=1.5168e+16 rate=4.359e+11/s elapsed=9.67h block_eta=0.06h
k=382 t=1  99.54%  idx=7.592645e+15/7.627851e+15 surv=0 checked=1.5220e+16 rate=4.359e+11/s elapsed=9.70h block_eta=0.02h
k=382 block t=1 complete: no survivor passed the referee; advancing
k=382 t=2   0.22%  idx=1.715303e+13/7.627851e+15 surv=0 checked=1.5273e+16 rate=4.359e+11/s elapsed=9.73h block_eta=4.85h
k=382 t=2   0.91%  idx=6.957525e+13/7.627851e+15 surv=0 checked=1.5325e+16 rate=4.359e+11/s elapsed=9.77h block_eta=4.82h
k=382 t=2   1.60%  idx=1.219728e+14/7.627851e+15 surv=0 checked=1.5378e+16 rate=4.359e+11/s elapsed=9.80h block_eta=4.78h
k=382 t=2   2.29%  idx=1.743606e+14/7.627851e+15 surv=0 checked=1.5430e+16 rate=4.359e+11/s elapsed=9.83h block_eta=4.75h
k=382 t=2   2.97%  idx=2.267893e+14/7.627851e+15 surv=0 checked=1.5482e+16 rate=4.359e+11/s elapsed=9.87h block_eta=4.72h
k=382 t=2   3.66%  idx=2.792169e+14/7.627851e+15 surv=0 checked=1.5535e+16 rate=4.359e+11/s elapsed=9.90h block_eta=4.68h
k=382 t=2   4.35%  idx=3.316327e+14/7.627851e+15 surv=0 checked=1.5587e+16 rate=4.359e+11/s elapsed=9.93h block_eta=4.65h
k=382 t=2   5.03%  idx=3.840205e+14/7.627851e+15 surv=0 checked=1.5640e+16 rate=4.359e+11/s elapsed=9.97h block_eta=4.62h
k=382 t=2   5.72%  idx=4.364052e+14/7.627851e+15 surv=0 checked=1.5692e+16 rate=4.359e+11/s elapsed=10.00h block_eta=4.58h
k=382 t=2   6.41%  idx=4.888070e+14/7.627851e+15 surv=0 checked=1.5745e+16 rate=4.359e+11/s elapsed=10.03h block_eta=4.55h
k=382 t=2   7.10%  idx=5.412013e+14/7.627851e+15 surv=0 checked=1.5797e+16 rate=4.359e+11/s elapsed=10.07h block_eta=4.52h
k=382 t=2   7.78%  idx=5.935913e+14/7.627851e+15 surv=0 checked=1.5849e+16 rate=4.359e+11/s elapsed=10.10h block_eta=4.48h
k=382 t=2   8.47%  idx=6.459835e+14/7.627851e+15 surv=0 checked=1.5902e+16 rate=4.359e+11/s elapsed=10.13h block_eta=4.45h
k=382 t=2   9.16%  idx=6.983885e+14/7.627851e+15 surv=0 checked=1.5954e+16 rate=4.359e+11/s elapsed=10.17h block_eta=4.42h
k=382 t=2   9.84%  idx=7.507367e+14/7.627851e+15 surv=0 checked=1.6006e+16 rate=4.359e+11/s elapsed=10.20h block_eta=4.38h
k=382 t=2  10.53%  idx=8.031138e+14/7.627851e+15 surv=0 checked=1.6059e+16 rate=4.359e+11/s elapsed=10.23h block_eta=4.35h
k=382 t=2  11.22%  idx=8.555199e+14/7.627851e+15 surv=0 checked=1.6111e+16 rate=4.359e+11/s elapsed=10.27h block_eta=4.32h
k=382 t=2  11.90%  idx=9.079325e+14/7.627851e+15 surv=0 checked=1.6164e+16 rate=4.359e+11/s elapsed=10.30h block_eta=4.28h
k=382 t=2  12.59%  idx=9.603214e+14/7.627851e+15 surv=0 checked=1.6216e+16 rate=4.359e+11/s elapsed=10.33h block_eta=4.25h
k=382 t=2  13.28%  idx=1.012693e+15/7.627851e+15 surv=0 checked=1.6268e+16 rate=4.359e+11/s elapsed=10.37h block_eta=4.22h
k=382 t=2  13.96%  idx=1.065058e+15/7.627851e+15 surv=0 checked=1.6321e+16 rate=4.359e+11/s elapsed=10.40h block_eta=4.18h
k=382 t=2  14.65%  idx=1.117460e+15/7.627851e+15 surv=0 checked=1.6373e+16 rate=4.359e+11/s elapsed=10.43h block_eta=4.15h
k=382 t=2  15.34%  idx=1.169845e+15/7.627851e+15 surv=0 checked=1.6426e+16 rate=4.359e+11/s elapsed=10.47h block_eta=4.12h
k=382 t=2  16.02%  idx=1.222184e+15/7.627851e+15 surv=0 checked=1.6478e+16 rate=4.359e+11/s elapsed=10.50h block_eta=4.08h
k=382 t=2  16.71%  idx=1.274510e+15/7.627851e+15 surv=0 checked=1.6530e+16 rate=4.359e+11/s elapsed=10.53h block_eta=4.05h
k=382 t=2  17.40%  idx=1.326870e+15/7.627851e+15 surv=0 checked=1.6583e+16 rate=4.359e+11/s elapsed=10.57h block_eta=4.02h
k=382 t=2  18.08%  idx=1.379202e+15/7.627851e+15 surv=0 checked=1.6635e+16 rate=4.359e+11/s elapsed=10.60h block_eta=3.98h
k=382 t=2  18.77%  idx=1.431523e+15/7.627851e+15 surv=0 checked=1.6687e+16 rate=4.359e+11/s elapsed=10.63h block_eta=3.95h
k=382 t=2  19.45%  idx=1.483875e+15/7.627851e+15 surv=0 checked=1.6740e+16 rate=4.359e+11/s elapsed=10.67h block_eta=3.92h
k=382 t=2  20.14%  idx=1.536223e+15/7.627851e+15 surv=0 checked=1.6792e+16 rate=4.359e+11/s elapsed=10.70h block_eta=3.88h
k=382 t=2  20.83%  idx=1.588556e+15/7.627851e+15 surv=0 checked=1.6844e+16 rate=4.359e+11/s elapsed=10.73h block_eta=3.85h
k=382 t=2  21.51%  idx=1.640868e+15/7.627851e+15 surv=0 checked=1.6897e+16 rate=4.359e+11/s elapsed=10.77h block_eta=3.82h
k=382 t=2  22.20%  idx=1.693166e+15/7.627851e+15 surv=0 checked=1.6949e+16 rate=4.359e+11/s elapsed=10.80h block_eta=3.78h
k=382 t=2  22.88%  idx=1.745468e+15/7.627851e+15 surv=0 checked=1.7001e+16 rate=4.359e+11/s elapsed=10.83h block_eta=3.75h
k=382 t=2  23.57%  idx=1.797753e+15/7.627851e+15 surv=0 checked=1.7053e+16 rate=4.359e+11/s elapsed=10.87h block_eta=3.72h
k=382 t=2  24.25%  idx=1.850017e+15/7.627851e+15 surv=0 checked=1.7106e+16 rate=4.359e+11/s elapsed=10.90h block_eta=3.68h
k=382 t=2  24.94%  idx=1.902283e+15/7.627851e+15 surv=0 checked=1.7158e+16 rate=4.359e+11/s elapsed=10.93h block_eta=3.65h
k=382 t=2  25.62%  idx=1.954576e+15/7.627851e+15 surv=0 checked=1.7210e+16 rate=4.359e+11/s elapsed=10.97h block_eta=3.62h
k=382 t=2  26.31%  idx=2.006843e+15/7.627851e+15 surv=0 checked=1.7263e+16 rate=4.359e+11/s elapsed=11.00h block_eta=3.58h
k=382 t=2  26.99%  idx=2.059118e+15/7.627851e+15 surv=0 checked=1.7315e+16 rate=4.359e+11/s elapsed=11.03h block_eta=3.55h
k=382 t=2  27.68%  idx=2.111382e+15/7.627851e+15 surv=0 checked=1.7367e+16 rate=4.359e+11/s elapsed=11.07h block_eta=3.52h
k=382 t=2  28.37%  idx=2.163663e+15/7.627851e+15 surv=0 checked=1.7419e+16 rate=4.359e+11/s elapsed=11.10h block_eta=3.48h
k=382 t=2  29.05%  idx=2.215988e+15/7.627851e+15 surv=0 checked=1.7472e+16 rate=4.359e+11/s elapsed=11.13h block_eta=3.45h
k=382 t=2  29.74%  idx=2.268328e+15/7.627851e+15 surv=0 checked=1.7524e+16 rate=4.359e+11/s elapsed=11.17h block_eta=3.42h
k=382 t=2  30.42%  idx=2.320665e+15/7.627851e+15 surv=0 checked=1.7576e+16 rate=4.359e+11/s elapsed=11.20h block_eta=3.38h
k=382 t=2  31.11%  idx=2.373025e+15/7.627851e+15 surv=0 checked=1.7629e+16 rate=4.359e+11/s elapsed=11.23h block_eta=3.35h
k=382 t=2  31.80%  idx=2.425356e+15/7.627851e+15 surv=0 checked=1.7681e+16 rate=4.359e+11/s elapsed=11.27h block_eta=3.32h
k=382 t=2  32.48%  idx=2.477676e+15/7.627851e+15 surv=0 checked=1.7733e+16 rate=4.359e+11/s elapsed=11.30h block_eta=3.28h
k=382 t=2  33.17%  idx=2.530002e+15/7.627851e+15 surv=0 checked=1.7786e+16 rate=4.359e+11/s elapsed=11.33h block_eta=3.25h
k=382 t=2  33.85%  idx=2.582329e+15/7.627851e+15 surv=0 checked=1.7838e+16 rate=4.359e+11/s elapsed=11.37h block_eta=3.22h
k=382 t=2  34.54%  idx=2.634630e+15/7.627851e+15 surv=0 checked=1.7890e+16 rate=4.359e+11/s elapsed=11.40h block_eta=3.18h
k=382 t=2  35.23%  idx=2.686965e+15/7.627851e+15 surv=0 checked=1.7943e+16 rate=4.359e+11/s elapsed=11.43h block_eta=3.15h
k=382 t=2  35.91%  idx=2.739288e+15/7.627851e+15 surv=0 checked=1.7995e+16 rate=4.359e+11/s elapsed=11.47h block_eta=3.12h
k=382 t=2  36.60%  idx=2.791641e+15/7.627851e+15 surv=0 checked=1.8047e+16 rate=4.359e+11/s elapsed=11.50h block_eta=3.08h
k=382 t=2  37.28%  idx=2.843987e+15/7.627851e+15 surv=0 checked=1.8100e+16 rate=4.359e+11/s elapsed=11.53h block_eta=3.05h
k=382 t=2  37.97%  idx=2.896332e+15/7.627851e+15 surv=0 checked=1.8152e+16 rate=4.359e+11/s elapsed=11.57h block_eta=3.02h
k=382 t=2  38.66%  idx=2.948650e+15/7.627851e+15 surv=0 checked=1.8204e+16 rate=4.359e+11/s elapsed=11.60h block_eta=2.98h
k=382 t=2  39.34%  idx=3.000978e+15/7.627851e+15 surv=0 checked=1.8257e+16 rate=4.359e+11/s elapsed=11.63h block_eta=2.95h
k=382 t=2  40.03%  idx=3.053290e+15/7.627851e+15 surv=0 checked=1.8309e+16 rate=4.359e+11/s elapsed=11.67h block_eta=2.91h
k=382 t=2  40.71%  idx=3.105560e+15/7.627851e+15 surv=0 checked=1.8361e+16 rate=4.359e+11/s elapsed=11.70h block_eta=2.88h
k=382 t=2  41.40%  idx=3.157777e+15/7.627851e+15 surv=0 checked=1.8413e+16 rate=4.359e+11/s elapsed=11.73h block_eta=2.85h
k=382 t=2  42.08%  idx=3.209977e+15/7.627851e+15 surv=0 checked=1.8466e+16 rate=4.359e+11/s elapsed=11.77h block_eta=2.82h
k=382 t=2  42.77%  idx=3.262176e+15/7.627851e+15 surv=0 checked=1.8518e+16 rate=4.359e+11/s elapsed=11.80h block_eta=2.78h
k=382 t=2  43.45%  idx=3.314389e+15/7.627851e+15 surv=0 checked=1.8570e+16 rate=4.359e+11/s elapsed=11.83h block_eta=2.75h
k=382 t=2  44.14%  idx=3.366610e+15/7.627851e+15 surv=0 checked=1.8622e+16 rate=4.359e+11/s elapsed=11.87h block_eta=2.72h
k=382 t=2  44.82%  idx=3.418848e+15/7.627851e+15 surv=0 checked=1.8675e+16 rate=4.359e+11/s elapsed=11.90h block_eta=2.68h
k=382 t=2  45.51%  idx=3.471093e+15/7.627851e+15 surv=0 checked=1.8727e+16 rate=4.359e+11/s elapsed=11.93h block_eta=2.65h
k=382 t=2  46.19%  idx=3.523333e+15/7.627851e+15 surv=0 checked=1.8779e+16 rate=4.359e+11/s elapsed=11.97h block_eta=2.62h
k=382 t=2  46.88%  idx=3.575563e+15/7.627851e+15 surv=0 checked=1.8831e+16 rate=4.359e+11/s elapsed=12.00h block_eta=2.58h
k=382 t=2  47.56%  idx=3.627792e+15/7.627851e+15 surv=0 checked=1.8883e+16 rate=4.359e+11/s elapsed=12.03h block_eta=2.55h
k=382 t=2  48.24%  idx=3.680031e+15/7.627851e+15 surv=0 checked=1.8936e+16 rate=4.359e+11/s elapsed=12.07h block_eta=2.52h
k=382 t=2  48.93%  idx=3.732268e+15/7.627851e+15 surv=0 checked=1.8988e+16 rate=4.359e+11/s elapsed=12.10h block_eta=2.48h
k=382 t=2  49.61%  idx=3.784490e+15/7.627851e+15 surv=0 checked=1.9040e+16 rate=4.359e+11/s elapsed=12.13h block_eta=2.45h
k=382 t=2  50.30%  idx=3.836706e+15/7.627851e+15 surv=0 checked=1.9092e+16 rate=4.359e+11/s elapsed=12.17h block_eta=2.42h
k=382 t=2  50.98%  idx=3.888930e+15/7.627851e+15 surv=0 checked=1.9145e+16 rate=4.359e+11/s elapsed=12.20h block_eta=2.38h
k=382 t=2  51.67%  idx=3.941144e+15/7.627851e+15 surv=0 checked=1.9197e+16 rate=4.359e+11/s elapsed=12.23h block_eta=2.35h
k=382 t=2  52.35%  idx=3.993378e+15/7.627851e+15 surv=0 checked=1.9249e+16 rate=4.359e+11/s elapsed=12.27h block_eta=2.32h
k=382 t=2  53.04%  idx=4.045613e+15/7.627851e+15 surv=0 checked=1.9301e+16 rate=4.359e+11/s elapsed=12.30h block_eta=2.28h
k=382 t=2  53.72%  idx=4.097837e+15/7.627851e+15 surv=0 checked=1.9354e+16 rate=4.359e+11/s elapsed=12.33h block_eta=2.25h
k=382 t=2  54.41%  idx=4.150064e+15/7.627851e+15 surv=0 checked=1.9406e+16 rate=4.359e+11/s elapsed=12.37h block_eta=2.22h
k=382 t=2  55.09%  idx=4.202289e+15/7.627851e+15 surv=0 checked=1.9458e+16 rate=4.359e+11/s elapsed=12.40h block_eta=2.18h
k=382 t=2  55.78%  idx=4.254499e+15/7.627851e+15 surv=0 checked=1.9510e+16 rate=4.359e+11/s elapsed=12.43h block_eta=2.15h
k=382 t=2  56.46%  idx=4.306714e+15/7.627851e+15 surv=0 checked=1.9562e+16 rate=4.359e+11/s elapsed=12.47h block_eta=2.12h
k=382 t=2  57.14%  idx=4.358929e+15/7.627851e+15 surv=0 checked=1.9615e+16 rate=4.359e+11/s elapsed=12.50h block_eta=2.08h
k=382 t=2  57.83%  idx=4.411131e+15/7.627851e+15 surv=0 checked=1.9667e+16 rate=4.359e+11/s elapsed=12.53h block_eta=2.05h
k=382 t=2  58.51%  idx=4.463342e+15/7.627851e+15 surv=0 checked=1.9719e+16 rate=4.359e+11/s elapsed=12.57h block_eta=2.02h
k=382 t=2  59.20%  idx=4.515573e+15/7.627851e+15 surv=0 checked=1.9771e+16 rate=4.359e+11/s elapsed=12.60h block_eta=1.98h
k=382 t=2  59.88%  idx=4.567787e+15/7.627851e+15 surv=0 checked=1.9823e+16 rate=4.359e+11/s elapsed=12.63h block_eta=1.95h
k=382 t=2  60.57%  idx=4.620008e+15/7.627851e+15 surv=0 checked=1.9876e+16 rate=4.359e+11/s elapsed=12.67h block_eta=1.92h
k=382 t=2  61.25%  idx=4.672234e+15/7.627851e+15 surv=0 checked=1.9928e+16 rate=4.359e+11/s elapsed=12.70h block_eta=1.88h
k=382 t=2  61.94%  idx=4.724454e+15/7.627851e+15 surv=0 checked=1.9980e+16 rate=4.359e+11/s elapsed=12.73h block_eta=1.85h
k=382 t=2  62.62%  idx=4.776670e+15/7.627851e+15 surv=0 checked=2.0032e+16 rate=4.359e+11/s elapsed=12.77h block_eta=1.82h
k=382 t=2  63.31%  idx=4.828836e+15/7.627851e+15 surv=0 checked=2.0085e+16 rate=4.359e+11/s elapsed=12.80h block_eta=1.78h
k=382 t=2  63.98%  idx=4.880623e+15/7.627851e+15 surv=0 checked=2.0136e+16 rate=4.358e+11/s elapsed=12.83h block_eta=1.75h
k=382 t=2  64.66%  idx=4.932409e+15/7.627851e+15 surv=0 checked=2.0188e+16 rate=4.358e+11/s elapsed=12.87h block_eta=1.72h
k=382 t=2  65.34%  idx=4.984175e+15/7.627851e+15 surv=0 checked=2.0240e+16 rate=4.358e+11/s elapsed=12.90h block_eta=1.68h
k=382 t=2  66.02%  idx=5.035941e+15/7.627851e+15 surv=0 checked=2.0292e+16 rate=4.358e+11/s elapsed=12.93h block_eta=1.65h
k=382 t=2  66.70%  idx=5.087684e+15/7.627851e+15 surv=0 checked=2.0343e+16 rate=4.358e+11/s elapsed=12.97h block_eta=1.62h
k=382 t=2  67.38%  idx=5.139421e+15/7.627851e+15 surv=0 checked=2.0395e+16 rate=4.358e+11/s elapsed=13.00h block_eta=1.59h
k=382 t=2  68.06%  idx=5.191181e+15/7.627851e+15 surv=0 checked=2.0447e+16 rate=4.358e+11/s elapsed=13.03h block_eta=1.55h
k=382 t=2  68.73%  idx=5.242965e+15/7.627851e+15 surv=0 checked=2.0499e+16 rate=4.358e+11/s elapsed=13.07h block_eta=1.52h
k=382 t=2  69.41%  idx=5.294795e+15/7.627851e+15 surv=0 checked=2.0550e+16 rate=4.358e+11/s elapsed=13.10h block_eta=1.49h
k=382 t=2  70.09%  idx=5.346719e+15/7.627851e+15 surv=0 checked=2.0602e+16 rate=4.357e+11/s elapsed=13.13h block_eta=1.45h
k=382 t=2  70.78%  idx=5.398982e+15/7.627851e+15 surv=0 checked=2.0655e+16 rate=4.357e+11/s elapsed=13.17h block_eta=1.42h
k=382 t=2  71.46%  idx=5.451224e+15/7.627851e+15 surv=0 checked=2.0707e+16 rate=4.357e+11/s elapsed=13.20h block_eta=1.39h
k=382 t=2  72.15%  idx=5.503476e+15/7.627851e+15 surv=0 checked=2.0759e+16 rate=4.357e+11/s elapsed=13.23h block_eta=1.35h
k=382 t=2  72.83%  idx=5.555714e+15/7.627851e+15 surv=0 checked=2.0811e+16 rate=4.357e+11/s elapsed=13.27h block_eta=1.32h
k=382 t=2  73.52%  idx=5.607955e+15/7.627851e+15 surv=0 checked=2.0864e+16 rate=4.357e+11/s elapsed=13.30h block_eta=1.29h
k=382 t=2  74.20%  idx=5.660194e+15/7.627851e+15 surv=0 checked=2.0916e+16 rate=4.357e+11/s elapsed=13.33h block_eta=1.25h
k=382 t=2  74.89%  idx=5.712421e+15/7.627851e+15 surv=0 checked=2.0968e+16 rate=4.357e+11/s elapsed=13.37h block_eta=1.22h
k=382 t=2  75.57%  idx=5.764656e+15/7.627851e+15 surv=0 checked=2.1020e+16 rate=4.357e+11/s elapsed=13.40h block_eta=1.19h
k=382 t=2  76.26%  idx=5.816906e+15/7.627851e+15 surv=0 checked=2.1073e+16 rate=4.357e+11/s elapsed=13.43h block_eta=1.15h
k=382 t=2  76.94%  idx=5.869149e+15/7.627851e+15 surv=0 checked=2.1125e+16 rate=4.357e+11/s elapsed=13.47h block_eta=1.12h
k=382 t=2  77.63%  idx=5.921390e+15/7.627851e+15 surv=0 checked=2.1177e+16 rate=4.357e+11/s elapsed=13.50h block_eta=1.09h
k=382 t=2  78.31%  idx=5.973640e+15/7.627851e+15 surv=0 checked=2.1229e+16 rate=4.357e+11/s elapsed=13.53h block_eta=1.05h
k=382 t=2  79.00%  idx=6.025887e+15/7.627851e+15 surv=0 checked=2.1282e+16 rate=4.357e+11/s elapsed=13.57h block_eta=1.02h
k=382 t=2  79.68%  idx=6.078121e+15/7.627851e+15 surv=0 checked=2.1334e+16 rate=4.357e+11/s elapsed=13.60h block_eta=0.99h
k=382 t=2  80.37%  idx=6.130366e+15/7.627851e+15 surv=0 checked=2.1386e+16 rate=4.357e+11/s elapsed=13.63h block_eta=0.95h
k=382 t=2  81.05%  idx=6.182609e+15/7.627851e+15 surv=0 checked=2.1438e+16 rate=4.357e+11/s elapsed=13.67h block_eta=0.92h
k=382 t=2  81.74%  idx=6.234840e+15/7.627851e+15 surv=0 checked=2.1491e+16 rate=4.357e+11/s elapsed=13.70h block_eta=0.89h
k=382 t=2  82.42%  idx=6.287071e+15/7.627851e+15 surv=0 checked=2.1543e+16 rate=4.357e+11/s elapsed=13.73h block_eta=0.85h
k=382 t=2  83.11%  idx=6.339311e+15/7.627851e+15 surv=0 checked=2.1595e+16 rate=4.357e+11/s elapsed=13.77h block_eta=0.82h
k=382 t=2  83.79%  idx=6.391550e+15/7.627851e+15 surv=0 checked=2.1647e+16 rate=4.357e+11/s elapsed=13.80h block_eta=0.79h
k=382 t=2  84.48%  idx=6.443802e+15/7.627851e+15 surv=0 checked=2.1700e+16 rate=4.357e+11/s elapsed=13.83h block_eta=0.75h
k=382 t=2  85.16%  idx=6.496037e+15/7.627851e+15 surv=0 checked=2.1752e+16 rate=4.357e+11/s elapsed=13.87h block_eta=0.72h
k=382 t=2  85.85%  idx=6.548285e+15/7.627851e+15 surv=0 checked=2.1804e+16 rate=4.357e+11/s elapsed=13.90h block_eta=0.69h
k=382 t=2  86.53%  idx=6.600535e+15/7.627851e+15 surv=0 checked=2.1856e+16 rate=4.357e+11/s elapsed=13.93h block_eta=0.65h
k=382 t=2  87.22%  idx=6.652786e+15/7.627851e+15 surv=0 checked=2.1908e+16 rate=4.357e+11/s elapsed=13.97h block_eta=0.62h
k=382 t=2  87.90%  idx=6.705026e+15/7.627851e+15 surv=0 checked=2.1961e+16 rate=4.357e+11/s elapsed=14.00h block_eta=0.59h
k=382 t=2  88.59%  idx=6.757266e+15/7.627851e+15 surv=0 checked=2.2013e+16 rate=4.357e+11/s elapsed=14.03h block_eta=0.56h
k=382 t=2  89.27%  idx=6.809496e+15/7.627851e+15 surv=0 checked=2.2065e+16 rate=4.357e+11/s elapsed=14.07h block_eta=0.52h
k=382 t=2  89.96%  idx=6.861721e+15/7.627851e+15 surv=0 checked=2.2117e+16 rate=4.357e+11/s elapsed=14.10h block_eta=0.49h
k=382 t=2  90.64%  idx=6.913934e+15/7.627851e+15 surv=0 checked=2.2170e+16 rate=4.357e+11/s elapsed=14.13h block_eta=0.46h
k=382 t=2  91.33%  idx=6.966162e+15/7.627851e+15 surv=0 checked=2.2222e+16 rate=4.357e+11/s elapsed=14.17h block_eta=0.42h
k=382 t=2  92.01%  idx=7.018380e+15/7.627851e+15 surv=0 checked=2.2274e+16 rate=4.357e+11/s elapsed=14.20h block_eta=0.39h
k=382 t=2  92.69%  idx=7.070606e+15/7.627851e+15 surv=0 checked=2.2326e+16 rate=4.357e+11/s elapsed=14.23h block_eta=0.36h
k=382 t=2  93.38%  idx=7.122827e+15/7.627851e+15 surv=0 checked=2.2379e+16 rate=4.357e+11/s elapsed=14.27h block_eta=0.32h
k=382 t=2  94.06%  idx=7.175065e+15/7.627851e+15 surv=0 checked=2.2431e+16 rate=4.357e+11/s elapsed=14.30h block_eta=0.29h
k=382 t=2  94.75%  idx=7.227294e+15/7.627851e+15 surv=0 checked=2.2483e+16 rate=4.357e+11/s elapsed=14.33h block_eta=0.26h
k=382 t=2  95.43%  idx=7.279518e+15/7.627851e+15 surv=0 checked=2.2535e+16 rate=4.357e+11/s elapsed=14.37h block_eta=0.22h
k=382 t=2  96.12%  idx=7.331735e+15/7.627851e+15 surv=0 checked=2.2587e+16 rate=4.357e+11/s elapsed=14.40h block_eta=0.19h
k=382 t=2  96.80%  idx=7.383949e+15/7.627851e+15 surv=0 checked=2.2640e+16 rate=4.357e+11/s elapsed=14.43h block_eta=0.16h
k=382 t=2  97.49%  idx=7.436162e+15/7.627851e+15 surv=0 checked=2.2692e+16 rate=4.357e+11/s elapsed=14.47h block_eta=0.12h
k=382 t=2  98.17%  idx=7.488376e+15/7.627851e+15 surv=0 checked=2.2744e+16 rate=4.357e+11/s elapsed=14.50h block_eta=0.09h
k=382 t=2  98.86%  idx=7.540585e+15/7.627851e+15 surv=0 checked=2.2796e+16 rate=4.357e+11/s elapsed=14.53h block_eta=0.06h
k=382 t=2  99.54%  idx=7.592795e+15/7.627851e+15 surv=0 checked=2.2848e+16 rate=4.357e+11/s elapsed=14.57h block_eta=0.02h
k=382 block t=2 complete: no survivor passed the referee; advancing
k=382 t=3   0.23%  idx=1.716269e+13/7.627851e+15 surv=0 checked=2.2901e+16 rate=4.357e+11/s elapsed=14.60h block_eta=4.85h
k=382 t=3   0.91%  idx=6.941097e+13/7.627851e+15 surv=0 checked=2.2953e+16 rate=4.357e+11/s elapsed=14.63h block_eta=4.82h
k=382 t=3   1.59%  idx=1.216635e+14/7.627851e+15 surv=0 checked=2.3005e+16 rate=4.357e+11/s elapsed=14.67h block_eta=4.79h
k=382 t=3   2.28%  idx=1.739365e+14/7.627851e+15 surv=0 checked=2.3057e+16 rate=4.357e+11/s elapsed=14.70h block_eta=4.75h
k=382 t=3   2.97%  idx=2.262234e+14/7.627851e+15 surv=0 checked=2.3110e+16 rate=4.357e+11/s elapsed=14.73h block_eta=4.72h
k=382 t=3   3.65%  idx=2.784803e+14/7.627851e+15 surv=0 checked=2.3162e+16 rate=4.357e+11/s elapsed=14.77h block_eta=4.69h
k=382 t=3   4.34%  idx=3.307458e+14/7.627851e+15 surv=0 checked=2.3214e+16 rate=4.357e+11/s elapsed=14.80h block_eta=4.65h
k=382 t=3   5.02%  idx=3.829994e+14/7.627851e+15 surv=0 checked=2.3267e+16 rate=4.357e+11/s elapsed=14.83h block_eta=4.62h
k=382 t=3   5.71%  idx=4.352455e+14/7.627851e+15 surv=1 checked=2.3319e+16 rate=4.357e+11/s elapsed=14.87h block_eta=4.59h
k=382 t=3   6.39%  idx=4.875121e+14/7.627851e+15 surv=1 checked=2.3371e+16 rate=4.357e+11/s elapsed=14.90h block_eta=4.55h
k=382 t=3   7.08%  idx=5.397571e+14/7.627851e+15 surv=1 checked=2.3423e+16 rate=4.357e+11/s elapsed=14.93h block_eta=4.52h
k=382 t=3   7.76%  idx=5.920140e+14/7.627851e+15 surv=1 checked=2.3476e+16 rate=4.357e+11/s elapsed=14.97h block_eta=4.49h
k=382 t=3   8.45%  idx=6.442591e+14/7.627851e+15 surv=1 checked=2.3528e+16 rate=4.357e+11/s elapsed=15.00h block_eta=4.45h
k=382 t=3   9.13%  idx=6.965524e+14/7.627851e+15 surv=1 checked=2.3580e+16 rate=4.357e+11/s elapsed=15.03h block_eta=4.42h
k=382 t=3   9.82%  idx=7.488297e+14/7.627851e+15 surv=1 checked=2.3632e+16 rate=4.357e+11/s elapsed=15.07h block_eta=4.39h
k=382 t=3  10.50%  idx=8.010737e+14/7.627851e+15 surv=1 checked=2.3685e+16 rate=4.357e+11/s elapsed=15.10h block_eta=4.35h
k=382 t=3  11.19%  idx=8.533424e+14/7.627851e+15 surv=1 checked=2.3737e+16 rate=4.357e+11/s elapsed=15.13h block_eta=4.32h
k=382 t=3  11.87%  idx=9.056121e+14/7.627851e+15 surv=1 checked=2.3789e+16 rate=4.357e+11/s elapsed=15.17h block_eta=4.29h
k=382 t=3  12.56%  idx=9.578733e+14/7.627851e+15 surv=1 checked=2.3841e+16 rate=4.357e+11/s elapsed=15.20h block_eta=4.25h
k=382 t=3  13.24%  idx=1.010112e+15/7.627851e+15 surv=1 checked=2.3894e+16 rate=4.357e+11/s elapsed=15.23h block_eta=4.22h
k=382 t=3  13.93%  idx=1.062333e+15/7.627851e+15 surv=1 checked=2.3946e+16 rate=4.357e+11/s elapsed=15.27h block_eta=4.19h
k=382 t=3  14.61%  idx=1.114561e+15/7.627851e+15 surv=1 checked=2.3998e+16 rate=4.357e+11/s elapsed=15.30h block_eta=4.15h
k=382 t=3  15.30%  idx=1.166804e+15/7.627851e+15 surv=1 checked=2.4050e+16 rate=4.357e+11/s elapsed=15.33h block_eta=4.12h
k=382 t=3  15.98%  idx=1.219032e+15/7.627851e+15 surv=1 checked=2.4103e+16 rate=4.357e+11/s elapsed=15.37h block_eta=4.09h
k=382 t=3  16.67%  idx=1.271260e+15/7.627851e+15 surv=1 checked=2.4155e+16 rate=4.357e+11/s elapsed=15.40h block_eta=4.05h
k=382 t=3  17.35%  idx=1.323518e+15/7.627851e+15 surv=1 checked=2.4207e+16 rate=4.357e+11/s elapsed=15.43h block_eta=4.02h
k=382 t=3  18.04%  idx=1.375788e+15/7.627851e+15 surv=1 checked=2.4259e+16 rate=4.357e+11/s elapsed=15.47h block_eta=3.99h
k=382 t=3  18.72%  idx=1.428063e+15/7.627851e+15 surv=1 checked=2.4312e+16 rate=4.357e+11/s elapsed=15.50h block_eta=3.95h
k=382 t=3  19.41%  idx=1.480325e+15/7.627851e+15 surv=1 checked=2.4364e+16 rate=4.357e+11/s elapsed=15.53h block_eta=3.92h
k=382 t=3  20.09%  idx=1.532585e+15/7.627851e+15 surv=1 checked=2.4416e+16 rate=4.357e+11/s elapsed=15.57h block_eta=3.89h
k=382 t=3  20.78%  idx=1.584871e+15/7.627851e+15 surv=1 checked=2.4468e+16 rate=4.357e+11/s elapsed=15.60h block_eta=3.85h
k=382 t=3  21.46%  idx=1.637132e+15/7.627851e+15 surv=1 checked=2.4521e+16 rate=4.357e+11/s elapsed=15.63h block_eta=3.82h
k=382 t=3  22.15%  idx=1.689391e+15/7.627851e+15 surv=1 checked=2.4573e+16 rate=4.357e+11/s elapsed=15.67h block_eta=3.79h
k=382 t=3  22.83%  idx=1.741649e+15/7.627851e+15 surv=1 checked=2.4625e+16 rate=4.357e+11/s elapsed=15.70h block_eta=3.75h
k=382 t=3  23.52%  idx=1.793910e+15/7.627851e+15 surv=1 checked=2.4677e+16 rate=4.357e+11/s elapsed=15.73h block_eta=3.72h
k=382 t=3  24.20%  idx=1.846154e+15/7.627851e+15 surv=1 checked=2.4730e+16 rate=4.357e+11/s elapsed=15.77h block_eta=3.69h
k=382 t=3  24.89%  idx=1.898381e+15/7.627851e+15 surv=1 checked=2.4782e+16 rate=4.357e+11/s elapsed=15.80h block_eta=3.65h
k=382 t=3  25.57%  idx=1.950647e+15/7.627851e+15 surv=1 checked=2.4834e+16 rate=4.357e+11/s elapsed=15.83h block_eta=3.62h
k=382 t=3  26.26%  idx=2.002890e+15/7.627851e+15 surv=1 checked=2.4886e+16 rate=4.357e+11/s elapsed=15.87h block_eta=3.59h
k=382 t=3  26.94%  idx=2.055146e+15/7.627851e+15 surv=1 checked=2.4939e+16 rate=4.357e+11/s elapsed=15.90h block_eta=3.55h
k=382 t=3  27.63%  idx=2.107426e+15/7.627851e+15 surv=1 checked=2.4991e+16 rate=4.357e+11/s elapsed=15.93h block_eta=3.52h
k=382 t=3  28.31%  idx=2.159673e+15/7.627851e+15 surv=1 checked=2.5043e+16 rate=4.357e+11/s elapsed=15.97h block_eta=3.49h
k=382 t=3  29.00%  idx=2.211935e+15/7.627851e+15 surv=1 checked=2.5095e+16 rate=4.357e+11/s elapsed=16.00h block_eta=3.45h
k=382 t=3  29.68%  idx=2.264194e+15/7.627851e+15 surv=1 checked=2.5148e+16 rate=4.357e+11/s elapsed=16.03h block_eta=3.42h
k=382 t=3  30.37%  idx=2.316444e+15/7.627851e+15 surv=1 checked=2.5200e+16 rate=4.357e+11/s elapsed=16.07h block_eta=3.39h
k=382 t=3  31.05%  idx=2.368695e+15/7.627851e+15 surv=1 checked=2.5252e+16 rate=4.357e+11/s elapsed=16.10h block_eta=3.35h
k=382 t=3  31.74%  idx=2.420938e+15/7.627851e+15 surv=1 checked=2.5304e+16 rate=4.357e+11/s elapsed=16.13h block_eta=3.32h
k=382 t=3  32.42%  idx=2.473183e+15/7.627851e+15 surv=1 checked=2.5357e+16 rate=4.357e+11/s elapsed=16.17h block_eta=3.29h
k=382 t=3  33.11%  idx=2.525439e+15/7.627851e+15 surv=1 checked=2.5409e+16 rate=4.357e+11/s elapsed=16.20h block_eta=3.25h
k=382 t=3  33.79%  idx=2.577692e+15/7.627851e+15 surv=1 checked=2.5461e+16 rate=4.357e+11/s elapsed=16.23h block_eta=3.22h
k=382 t=3  34.48%  idx=2.629945e+15/7.627851e+15 surv=1 checked=2.5513e+16 rate=4.357e+11/s elapsed=16.27h block_eta=3.19h
k=382 t=3  35.16%  idx=2.682193e+15/7.627851e+15 surv=1 checked=2.5566e+16 rate=4.357e+11/s elapsed=16.30h block_eta=3.15h
k=382 t=3  35.85%  idx=2.734453e+15/7.627851e+15 surv=1 checked=2.5618e+16 rate=4.357e+11/s elapsed=16.33h block_eta=3.12h
k=382 t=3  36.53%  idx=2.786730e+15/7.627851e+15 surv=1 checked=2.5670e+16 rate=4.357e+11/s elapsed=16.37h block_eta=3.09h
k=382 t=3  37.22%  idx=2.839027e+15/7.627851e+15 surv=1 checked=2.5723e+16 rate=4.357e+11/s elapsed=16.40h block_eta=3.05h
k=382 t=3  37.90%  idx=2.891328e+15/7.627851e+15 surv=1 checked=2.5775e+16 rate=4.357e+11/s elapsed=16.43h block_eta=3.02h
k=382 t=3  38.59%  idx=2.943610e+15/7.627851e+15 surv=1 checked=2.5827e+16 rate=4.357e+11/s elapsed=16.47h block_eta=2.99h
k=382 t=3  39.28%  idx=2.995875e+15/7.627851e+15 surv=1 checked=2.5879e+16 rate=4.357e+11/s elapsed=16.50h block_eta=2.95h
k=382 t=3  39.96%  idx=3.048121e+15/7.627851e+15 surv=1 checked=2.5932e+16 rate=4.357e+11/s elapsed=16.53h block_eta=2.92h
k=382 t=3  40.65%  idx=3.100353e+15/7.627851e+15 surv=1 checked=2.5984e+16 rate=4.357e+11/s elapsed=16.57h block_eta=2.89h
k=382 t=3  41.33%  idx=3.152577e+15/7.627851e+15 surv=1 checked=2.6036e+16 rate=4.357e+11/s elapsed=16.60h block_eta=2.85h
k=382 t=3  42.01%  idx=3.204820e+15/7.627851e+15 surv=1 checked=2.6088e+16 rate=4.357e+11/s elapsed=16.63h block_eta=2.82h
k=382 t=3  42.70%  idx=3.257070e+15/7.627851e+15 surv=1 checked=2.6141e+16 rate=4.357e+11/s elapsed=16.67h block_eta=2.79h
k=382 t=3  43.38%  idx=3.309298e+15/7.627851e+15 surv=1 checked=2.6193e+16 rate=4.357e+11/s elapsed=16.70h block_eta=2.75h
k=382 t=3  44.07%  idx=3.361527e+15/7.627851e+15 surv=1 checked=2.6245e+16 rate=4.357e+11/s elapsed=16.73h block_eta=2.72h
k=382 t=3  44.75%  idx=3.413788e+15/7.627851e+15 surv=1 checked=2.6297e+16 rate=4.357e+11/s elapsed=16.77h block_eta=2.69h
k=382 t=3  45.44%  idx=3.466030e+15/7.627851e+15 surv=1 checked=2.6350e+16 rate=4.357e+11/s elapsed=16.80h block_eta=2.65h
k=382 t=3  46.12%  idx=3.518280e+15/7.627851e+15 surv=1 checked=2.6402e+16 rate=4.357e+11/s elapsed=16.83h block_eta=2.62h
k=382 t=3  46.81%  idx=3.570525e+15/7.627851e+15 surv=1 checked=2.6454e+16 rate=4.357e+11/s elapsed=16.87h block_eta=2.59h
k=382 t=3  47.49%  idx=3.622771e+15/7.627851e+15 surv=1 checked=2.6506e+16 rate=4.357e+11/s elapsed=16.90h block_eta=2.55h
k=382 t=3  48.18%  idx=3.675023e+15/7.627851e+15 surv=1 checked=2.6559e+16 rate=4.357e+11/s elapsed=16.93h block_eta=2.52h
k=382 t=3  48.86%  idx=3.727264e+15/7.627851e+15 surv=1 checked=2.6611e+16 rate=4.357e+11/s elapsed=16.97h block_eta=2.49h
k=382 t=3  49.55%  idx=3.779498e+15/7.627851e+15 surv=1 checked=2.6663e+16 rate=4.357e+11/s elapsed=17.00h block_eta=2.45h
k=382 t=3  50.23%  idx=3.831730e+15/7.627851e+15 surv=1 checked=2.6715e+16 rate=4.357e+11/s elapsed=17.03h block_eta=2.42h
k=382 t=3  50.92%  idx=3.883966e+15/7.627851e+15 surv=1 checked=2.6768e+16 rate=4.357e+11/s elapsed=17.07h block_eta=2.39h
k=382 t=3  51.60%  idx=3.936209e+15/7.627851e+15 surv=1 checked=2.6820e+16 rate=4.357e+11/s elapsed=17.10h block_eta=2.35h
k=382 t=3  52.29%  idx=3.988457e+15/7.627851e+15 surv=1 checked=2.6872e+16 rate=4.357e+11/s elapsed=17.13h block_eta=2.32h
k=382 t=3  52.97%  idx=4.040725e+15/7.627851e+15 surv=1 checked=2.6924e+16 rate=4.357e+11/s elapsed=17.17h block_eta=2.29h
k=382 t=3  53.66%  idx=4.092998e+15/7.627851e+15 surv=1 checked=2.6977e+16 rate=4.357e+11/s elapsed=17.20h block_eta=2.25h
k=382 t=3  54.34%  idx=4.145279e+15/7.627851e+15 surv=1 checked=2.7029e+16 rate=4.357e+11/s elapsed=17.23h block_eta=2.22h
k=382 t=3  55.03%  idx=4.197550e+15/7.627851e+15 surv=1 checked=2.7081e+16 rate=4.357e+11/s elapsed=17.27h block_eta=2.19h
k=382 t=3  55.71%  idx=4.249801e+15/7.627851e+15 surv=1 checked=2.7133e+16 rate=4.357e+11/s elapsed=17.30h block_eta=2.15h
k=382 t=3  56.40%  idx=4.302082e+15/7.627851e+15 surv=1 checked=2.7186e+16 rate=4.357e+11/s elapsed=17.33h block_eta=2.12h
k=382 t=3  57.08%  idx=4.354332e+15/7.627851e+15 surv=1 checked=2.7238e+16 rate=4.357e+11/s elapsed=17.37h block_eta=2.09h
k=382 t=3  57.77%  idx=4.406572e+15/7.627851e+15 surv=1 checked=2.7290e+16 rate=4.357e+11/s elapsed=17.40h block_eta=2.05h
k=382 t=3  58.45%  idx=4.458810e+15/7.627851e+15 surv=1 checked=2.7342e+16 rate=4.357e+11/s elapsed=17.43h block_eta=2.02h
k=382 t=3  59.14%  idx=4.511075e+15/7.627851e+15 surv=1 checked=2.7395e+16 rate=4.357e+11/s elapsed=17.47h block_eta=1.99h
k=382 t=3  59.82%  idx=4.563343e+15/7.627851e+15 surv=1 checked=2.7447e+16 rate=4.357e+11/s elapsed=17.50h block_eta=1.95h
k=382 t=3  60.51%  idx=4.615628e+15/7.627851e+15 surv=1 checked=2.7499e+16 rate=4.357e+11/s elapsed=17.53h block_eta=1.92h
k=382 t=3  61.20%  idx=4.667930e+15/7.627851e+15 surv=1 checked=2.7551e+16 rate=4.357e+11/s elapsed=17.57h block_eta=1.89h
k=382 t=3  61.88%  idx=4.720191e+15/7.627851e+15 surv=1 checked=2.7604e+16 rate=4.357e+11/s elapsed=17.60h block_eta=1.85h
k=382 t=3  62.57%  idx=4.772447e+15/7.627851e+15 surv=1 checked=2.7656e+16 rate=4.357e+11/s elapsed=17.63h block_eta=1.82h
k=382 t=3  63.25%  idx=4.824681e+15/7.627851e+15 surv=1 checked=2.7708e+16 rate=4.357e+11/s elapsed=17.67h block_eta=1.79h
k=382 t=3  63.94%  idx=4.876920e+15/7.627851e+15 surv=1 checked=2.7760e+16 rate=4.357e+11/s elapsed=17.70h block_eta=1.75h
k=382 t=3  64.62%  idx=4.929154e+15/7.627851e+15 surv=1 checked=2.7813e+16 rate=4.357e+11/s elapsed=17.73h block_eta=1.72h
k=382 t=3  65.31%  idx=4.981389e+15/7.627851e+15 surv=1 checked=2.7865e+16 rate=4.357e+11/s elapsed=17.77h block_eta=1.69h
k=382 t=3  65.99%  idx=5.033628e+15/7.627851e+15 surv=1 checked=2.7917e+16 rate=4.357e+11/s elapsed=17.80h block_eta=1.65h
k=382 t=3  66.68%  idx=5.085882e+15/7.627851e+15 surv=1 checked=2.7969e+16 rate=4.357e+11/s elapsed=17.83h block_eta=1.62h
k=382 t=3  67.36%  idx=5.138133e+15/7.627851e+15 surv=1 checked=2.8022e+16 rate=4.357e+11/s elapsed=17.87h block_eta=1.59h
k=382 t=3  68.05%  idx=5.190379e+15/7.627851e+15 surv=1 checked=2.8074e+16 rate=4.357e+11/s elapsed=17.90h block_eta=1.55h
k=382 t=3  68.73%  idx=5.242658e+15/7.627851e+15 surv=1 checked=2.8126e+16 rate=4.357e+11/s elapsed=17.93h block_eta=1.52h
k=382 t=3  69.42%  idx=5.294938e+15/7.627851e+15 surv=1 checked=2.8178e+16 rate=4.357e+11/s elapsed=17.97h block_eta=1.49h
k=382 t=3  70.10%  idx=5.347199e+15/7.627851e+15 surv=1 checked=2.8231e+16 rate=4.357e+11/s elapsed=18.00h block_eta=1.45h
k=382 t=3  70.79%  idx=5.399494e+15/7.627851e+15 surv=1 checked=2.8283e+16 rate=4.357e+11/s elapsed=18.03h block_eta=1.42h
k=382 t=3  71.47%  idx=5.451759e+15/7.627851e+15 surv=1 checked=2.8335e+16 rate=4.357e+11/s elapsed=18.07h block_eta=1.39h
k=382 t=3  72.16%  idx=5.504022e+15/7.627851e+15 surv=1 checked=2.8388e+16 rate=4.357e+11/s elapsed=18.10h block_eta=1.35h
k=382 t=3  72.84%  idx=5.556278e+15/7.627851e+15 surv=1 checked=2.8440e+16 rate=4.357e+11/s elapsed=18.13h block_eta=1.32h
k=382 t=3  73.53%  idx=5.608524e+15/7.627851e+15 surv=1 checked=2.8492e+16 rate=4.357e+11/s elapsed=18.17h block_eta=1.29h
k=382 t=3  74.21%  idx=5.660762e+15/7.627851e+15 surv=1 checked=2.8544e+16 rate=4.357e+11/s elapsed=18.20h block_eta=1.25h
k=382 t=3  74.90%  idx=5.712994e+15/7.627851e+15 surv=1 checked=2.8597e+16 rate=4.357e+11/s elapsed=18.23h block_eta=1.22h
k=382 t=3  75.58%  idx=5.765248e+15/7.627851e+15 surv=1 checked=2.8649e+16 rate=4.357e+11/s elapsed=18.27h block_eta=1.19h
k=382 t=3  76.27%  idx=5.817488e+15/7.627851e+15 surv=1 checked=2.8701e+16 rate=4.357e+11/s elapsed=18.30h block_eta=1.15h
k=382 t=3  76.95%  idx=5.869729e+15/7.627851e+15 surv=1 checked=2.8753e+16 rate=4.357e+11/s elapsed=18.33h block_eta=1.12h
k=382 t=3  77.64%  idx=5.921989e+15/7.627851e+15 surv=1 checked=2.8806e+16 rate=4.357e+11/s elapsed=18.37h block_eta=1.09h
k=382 t=3  78.32%  idx=5.974246e+15/7.627851e+15 surv=1 checked=2.8858e+16 rate=4.357e+11/s elapsed=18.40h block_eta=1.05h
k=382 t=3  79.01%  idx=6.026512e+15/7.627851e+15 surv=1 checked=2.8910e+16 rate=4.357e+11/s elapsed=18.43h block_eta=1.02h
k=382 t=3  79.69%  idx=6.078761e+15/7.627851e+15 surv=1 checked=2.8962e+16 rate=4.357e+11/s elapsed=18.47h block_eta=0.99h
k=382 t=3  80.38%  idx=6.130983e+15/7.627851e+15 surv=1 checked=2.9015e+16 rate=4.356e+11/s elapsed=18.50h block_eta=0.95h
k=382 t=3  81.06%  idx=6.183203e+15/7.627851e+15 surv=1 checked=2.9067e+16 rate=4.356e+11/s elapsed=18.53h block_eta=0.92h
k=382 t=3  81.75%  idx=6.235445e+15/7.627851e+15 surv=1 checked=2.9119e+16 rate=4.356e+11/s elapsed=18.57h block_eta=0.89h
k=382 t=3  82.43%  idx=6.287684e+15/7.627851e+15 surv=1 checked=2.9171e+16 rate=4.356e+11/s elapsed=18.60h block_eta=0.85h
k=382 t=3  83.12%  idx=6.339911e+15/7.627851e+15 surv=1 checked=2.9223e+16 rate=4.356e+11/s elapsed=18.63h block_eta=0.82h
k=382 t=3  83.80%  idx=6.392143e+15/7.627851e+15 surv=1 checked=2.9276e+16 rate=4.356e+11/s elapsed=18.67h block_eta=0.79h
k=382 t=3  84.48%  idx=6.444390e+15/7.627851e+15 surv=1 checked=2.9328e+16 rate=4.356e+11/s elapsed=18.70h block_eta=0.75h
k=382 t=3  85.17%  idx=6.496645e+15/7.627851e+15 surv=1 checked=2.9380e+16 rate=4.356e+11/s elapsed=18.73h block_eta=0.72h
k=382 t=3  85.86%  idx=6.548910e+15/7.627851e+15 surv=1 checked=2.9432e+16 rate=4.356e+11/s elapsed=18.77h block_eta=0.69h
k=382 t=3  86.54%  idx=6.601174e+15/7.627851e+15 surv=1 checked=2.9485e+16 rate=4.356e+11/s elapsed=18.80h block_eta=0.65h
k=382 t=3  87.23%  idx=6.653440e+15/7.627851e+15 surv=1 checked=2.9537e+16 rate=4.356e+11/s elapsed=18.83h block_eta=0.62h
k=382 t=3  87.91%  idx=6.705701e+15/7.627851e+15 surv=1 checked=2.9589e+16 rate=4.356e+11/s elapsed=18.87h block_eta=0.59h
k=382 t=3  88.60%  idx=6.757964e+15/7.627851e+15 surv=1 checked=2.9642e+16 rate=4.356e+11/s elapsed=18.90h block_eta=0.55h
k=382 t=3  89.28%  idx=6.810205e+15/7.627851e+15 surv=1 checked=2.9694e+16 rate=4.356e+11/s elapsed=18.93h block_eta=0.52h
k=382 t=3  89.97%  idx=6.862438e+15/7.627851e+15 surv=1 checked=2.9746e+16 rate=4.356e+11/s elapsed=18.97h block_eta=0.49h
k=382 t=3  90.65%  idx=6.914686e+15/7.627851e+15 surv=1 checked=2.9798e+16 rate=4.356e+11/s elapsed=19.00h block_eta=0.45h
k=382 t=3  91.34%  idx=6.966935e+15/7.627851e+15 surv=1 checked=2.9850e+16 rate=4.356e+11/s elapsed=19.03h block_eta=0.42h
k=382 t=3  92.02%  idx=7.019198e+15/7.627851e+15 surv=1 checked=2.9903e+16 rate=4.356e+11/s elapsed=19.07h block_eta=0.39h
k=382 t=3  92.71%  idx=7.071464e+15/7.627851e+15 surv=1 checked=2.9955e+16 rate=4.356e+11/s elapsed=19.10h block_eta=0.35h
k=382 t=3  93.39%  idx=7.123719e+15/7.627851e+15 surv=1 checked=3.0007e+16 rate=4.356e+11/s elapsed=19.13h block_eta=0.32h
k=382 t=3  94.08%  idx=7.175986e+15/7.627851e+15 surv=1 checked=3.0060e+16 rate=4.356e+11/s elapsed=19.17h block_eta=0.29h
k=382 t=3  94.76%  idx=7.228243e+15/7.627851e+15 surv=1 checked=3.0112e+16 rate=4.356e+11/s elapsed=19.20h block_eta=0.25h
k=382 t=3  95.45%  idx=7.280498e+15/7.627851e+15 surv=1 checked=3.0164e+16 rate=4.356e+11/s elapsed=19.23h block_eta=0.22h
k=382 t=3  96.13%  idx=7.332739e+15/7.627851e+15 surv=1 checked=3.0216e+16 rate=4.356e+11/s elapsed=19.27h block_eta=0.19h
k=382 t=3  96.82%  idx=7.384990e+15/7.627851e+15 surv=1 checked=3.0269e+16 rate=4.356e+11/s elapsed=19.30h block_eta=0.15h
k=382 t=3  97.50%  idx=7.437233e+15/7.627851e+15 surv=1 checked=3.0321e+16 rate=4.356e+11/s elapsed=19.33h block_eta=0.12h
k=382 t=3  98.19%  idx=7.489469e+15/7.627851e+15 surv=1 checked=3.0373e+16 rate=4.356e+11/s elapsed=19.37h block_eta=0.09h
k=382 t=3  98.87%  idx=7.541693e+15/7.627851e+15 surv=1 checked=3.0425e+16 rate=4.356e+11/s elapsed=19.40h block_eta=0.05h
k=382 t=3  99.56%  idx=7.593931e+15/7.627851e+15 surv=1 checked=3.0477e+16 rate=4.356e+11/s elapsed=19.43h block_eta=0.02h
{"k": 382, "status": "FOUND", "g": "33595253716498387794413412981758", "block": 3, "engine": "gpu_sieve_v8", "block_audit": [{"t": 0, "residues_enumerated": 7627851399168000, "kernel_survivors": 2, "after_n_gt_k_plus_1": 0, "passed_ref_is_good": 0, "survivors_n": ["382", "383"], "sha256_survivors": "deb1b59a3d340c9dd3f19c7de464f4c66a133cd385b6c934641cc5baf2641711"}, {"t": 1, "residues_enumerated": 7627851399168000, "kernel_survivors": 0, "after_n_gt_k_plus_1": 0, "passed_ref_is_good": 0, "survivors_n": [], "sha256_survivors": "e3b0c44298fc1c149afbf4c8996fb92427ae41e4649b934ca495991b7852b855"}, {"t": 2, "residues_enumerated": 7627851399168000, "kernel_survivors": 0, "after_n_gt_k_plus_1": 0, "passed_ref_is_good": 0, "survivors_n": [], "sha256_survivors": "e3b0c44298fc1c149afbf4c8996fb92427ae41e4649b934ca495991b7852b855"}, {"t": 3, "residues_enumerated": 7627851399168000, "kernel_survivors": 1, "after_n_gt_k_plus_1": 1, "passed_ref_is_good": 1, "survivors_n": ["33595253716498387794413412981758"], "sha256_survivors": "f19c50ba46cc0af3b84e2aeb12264cebeff50f19bdd39300be46bf25dcbe1b4b"}], "surv_hash_recipe": "sha256 of the UTF-8 bytes of '\\n'.join(decimal(n) for n in sorted(survivors)), no trailing newline; the empty list hashes to sha256(b'')", "blocks_scanned": 4, "survivors_in_block": 1, "all_good_in_block": ["33595253716498387794413412981758"], "residues_checked": 30511405596672000, "wall": 70038.62247681618, "restarts": 0, "plan": {"k": 382, "wheel": [[23, 2], [211, 1], [137, 1], [101, 1], [67, 1], [199, 1], [79, 1], [197, 1], [131, 1], [7, 2], [97, 1], [43, 1], [2, 9], [193, 1], [11, 1]], "wheel_primes": [23, 211, 137, 101, 67, 199, 79, 197, 131, 7, 97, 43, 2, 193, 11], "split_primes": [[211, 1, 2], [137, 1, 2], [101, 1, 2], [67, 1, 2], [199, 1, 2], [79, 1, 2], [197, 1, 2], [131, 1, 2], [7, 2, 4], [97, 1, 2], [43, 1, 2], [193, 1, 2], [11, 1, 3]], "N_bits": 103, "M_bits": 103, "M": "9326716706094028195086300517888", "N": "9326716706094028195086300517888", "n_filters": 73, "residues_per_block": 7627851399168000, "density_wheel": 8.178495862519338e-16, "density_rest": 2.4513987360391395e-16, "expected_g": 4.987841035143708e+30, "E_g": 4.987841035143708e+30, "expected_blocks": 0.5347906656031141, "N_over_E": 1.8698905278614817, "expected_residue_checks": 4079303726882699.0, "expected_checks_true": 9017870833942384.0}, "engine_module": "gpu_sieve_v8", "engine_file": "sieve/gpu_sieve_v8.py", "engine_commit": "0be7e21", "tag": "confirm", "banned": "3,5"}
